[0.047s] Invoking command in '/home/airlab/seed25/build/mocap4r2_marker_viz_srvs': CMAKE_PREFIX_PATH=${CMAKE_PREFIX_PATH}:/home/airlab/seed25/ros_packages/seed_controller_ws/install/mocap_listener:/home/airlab/seed25/ros_packages/mocap4r2_ws/install/mocap4r2cli:/opt/ros/foxy /usr/bin/cmake /home/airlab/seed25/ros_packages/mocap4r2_ws/src/mocap4r2/mocap4r2_marker_viz/mocap4r2_marker_viz_srvs -DCMAKE_INSTALL_PREFIX=/home/airlab/seed25/install/mocap4r2_marker_viz_srvs
[0.177s] -- The C compiler identification is GNU 9.4.0
[0.289s] -- The CXX compiler identification is GNU 9.4.0
[0.299s] -- Check for working C compiler: /usr/bin/cc
[0.461s] -- Check for working C compiler: /usr/bin/cc -- works
[0.463s] -- Detecting C compiler ABI info
[0.614s] -- Detecting C compiler ABI info - done
[0.636s] -- Detecting C compile features
[0.637s] -- Detecting C compile features - done
[0.642s] -- Check for working CXX compiler: /usr/bin/c++
[0.817s] -- Check for working CXX compiler: /usr/bin/c++ -- works
[0.817s] -- Detecting CXX compiler ABI info
[1.000s] -- Detecting CXX compiler ABI info - done
[1.021s] -- Detecting CXX compile features
[1.022s] -- Detecting CXX compile features - done
[1.028s] -- Found ament_cmake: 0.9.12 (/opt/ros/foxy/share/ament_cmake/cmake)
[1.091s] -- Found PythonInterp: /usr/bin/python3 (found suitable version "3.8.10", minimum required is "3") 
[1.091s] -- Using PYTHON_EXECUTABLE: /usr/bin/python3
[1.656s] -- Found rosidl_default_generators: 1.0.1 (/opt/ros/foxy/share/rosidl_default_generators/cmake)
[1.666s] -- Using all available rosidl_typesupport_c: rosidl_typesupport_fastrtps_c;rosidl_typesupport_introspection_c
[1.687s] -- Found rosidl_adapter: 1.3.1 (/opt/ros/foxy/share/rosidl_adapter/cmake)
[1.897s] -- Found OpenSSL: /usr/lib/aarch64-linux-gnu/libcrypto.so (found version "1.1.1f")  
[1.959s] -- Found FastRTPS: /opt/ros/foxy/include  
[2.129s] -- Using all available rosidl_typesupport_cpp: rosidl_typesupport_fastrtps_cpp;rosidl_typesupport_introspection_cpp
[2.187s] -- Found std_msgs: 2.0.5 (/opt/ros/foxy/share/std_msgs/cmake)
[2.305s] -- Found PythonInterp: /usr/bin/python3 (found version "3.8.10") 
[2.694s] -- Found ament_cmake_cppcheck: 0.9.8 (/opt/ros/foxy/share/ament_cmake_cppcheck/cmake)
[2.700s] -- Found ament_cmake_cpplint: 0.9.8 (/opt/ros/foxy/share/ament_cmake_cpplint/cmake)
[2.707s] -- Found ament_cmake_uncrustify: 0.9.8 (/opt/ros/foxy/share/ament_cmake_uncrustify/cmake)
[2.715s] -- Found ament_cmake_ros: 0.9.2 (/opt/ros/foxy/share/ament_cmake_ros/cmake)
[3.099s] -- Using all available rosidl_typesupport_c: rosidl_typesupport_fastrtps_c;rosidl_typesupport_introspection_c
[3.231s] -- Using all available rosidl_typesupport_cpp: rosidl_typesupport_fastrtps_cpp;rosidl_typesupport_introspection_cpp
[3.299s] -- Found PythonInterp: /usr/bin/python3 (found suitable version "3.8.10", minimum required is "3.5") 
[3.299s] -- Found python_cmake_module: 0.8.1 (/opt/ros/foxy/share/python_cmake_module/cmake)
[3.383s] -- Found PythonLibs: /usr/lib/aarch64-linux-gnu/libpython3.8.so (found suitable version "3.8.10", minimum required is "3.5") 
[3.383s] -- Using PYTHON_EXECUTABLE: /usr/bin/python3
[3.384s] -- Using PYTHON_INCLUDE_DIRS: /usr/include/python3.8
[3.384s] -- Using PYTHON_LIBRARIES: /usr/lib/aarch64-linux-gnu/libpython3.8.so
[3.439s] -- Found PythonExtra: .so  
[3.577s] -- Found ament_cmake_flake8: 0.9.8 (/opt/ros/foxy/share/ament_cmake_flake8/cmake)
[3.583s] -- Found ament_cmake_pep257: 0.9.8 (/opt/ros/foxy/share/ament_cmake_pep257/cmake)
[3.609s] -- Configuring done
[3.719s] -- Generating done
[3.756s] -- Build files have been written to: /home/airlab/seed25/build/mocap4r2_marker_viz_srvs
[3.796s] Invoked command in '/home/airlab/seed25/build/mocap4r2_marker_viz_srvs' returned '0': CMAKE_PREFIX_PATH=${CMAKE_PREFIX_PATH}:/home/airlab/seed25/ros_packages/seed_controller_ws/install/mocap_listener:/home/airlab/seed25/ros_packages/mocap4r2_ws/install/mocap4r2cli:/opt/ros/foxy /usr/bin/cmake /home/airlab/seed25/ros_packages/mocap4r2_ws/src/mocap4r2/mocap4r2_marker_viz/mocap4r2_marker_viz_srvs -DCMAKE_INSTALL_PREFIX=/home/airlab/seed25/install/mocap4r2_marker_viz_srvs
[3.798s] Invoking command in '/home/airlab/seed25/build/mocap4r2_marker_viz_srvs': CMAKE_PREFIX_PATH=${CMAKE_PREFIX_PATH}:/home/airlab/seed25/ros_packages/seed_controller_ws/install/mocap_listener:/home/airlab/seed25/ros_packages/mocap4r2_ws/install/mocap4r2cli:/opt/ros/foxy /usr/bin/cmake --build /home/airlab/seed25/build/mocap4r2_marker_viz_srvs -- -j4 -l4
[3.911s] [35m[1mScanning dependencies of target mocap4r2_marker_viz_srvs__cpp[0m
[3.927s] [  2%] [34m[1mGenerating C code for ROS interfaces[0m
[3.998s] [  5%] [34m[1mGenerating C++ code for ROS interfaces[0m
[5.150s] [35m[1mScanning dependencies of target mocap4r2_marker_viz_srvs__rosidl_generator_c[0m
[5.264s] [  7%] [32mBuilding C object CMakeFiles/mocap4r2_marker_viz_srvs__rosidl_generator_c.dir/rosidl_generator_c/mocap4r2_marker_viz_srvs/srv/detail/set_marker_color__functions.c.o[0m
[5.277s] [ 10%] [32mBuilding C object CMakeFiles/mocap4r2_marker_viz_srvs__rosidl_generator_c.dir/rosidl_generator_c/mocap4r2_marker_viz_srvs/srv/detail/reset_marker_color__functions.c.o[0m
[5.439s] [ 10%] Built target mocap4r2_marker_viz_srvs__cpp
[5.549s] [ 12%] [34m[1mGenerating C++ type support dispatch for ROS interfaces[0m
[5.564s] [ 17%] [34m[1mGenerating C++ type support for eProsima Fast-RTPS[0m
[5.575s] [ 17%] [34m[1mGenerating C++ introspection for ROS interfaces[0m
[5.720s] [ 20%] [32m[1mLinking C shared library libmocap4r2_marker_viz_srvs__rosidl_generator_c.so[0m
[6.047s] [ 20%] Built target mocap4r2_marker_viz_srvs__rosidl_generator_c
[6.161s] [ 23%] [34m[1mGenerating C introspection for ROS interfaces[0m
[7.493s] [35m[1mScanning dependencies of target mocap4r2_marker_viz_srvs__rosidl_typesupport_introspection_cpp[0m
[7.563s] [35m[1mScanning dependencies of target mocap4r2_marker_viz_srvs__rosidl_typesupport_cpp[0m
[7.655s] [ 25%] [32mBuilding CXX object CMakeFiles/mocap4r2_marker_viz_srvs__rosidl_typesupport_introspection_cpp.dir/rosidl_typesupport_introspection_cpp/mocap4r2_marker_viz_srvs/srv/detail/set_marker_color__type_support.cpp.o[0m
[7.718s] [ 28%] [32mBuilding CXX object CMakeFiles/mocap4r2_marker_viz_srvs__rosidl_typesupport_cpp.dir/rosidl_typesupport_cpp/mocap4r2_marker_viz_srvs/srv/set_marker_color__type_support.cpp.o[0m
[8.403s] [35m[1mScanning dependencies of target mocap4r2_marker_viz_srvs__rosidl_typesupport_fastrtps_cpp[0m
[8.578s] [ 30%] [32mBuilding CXX object CMakeFiles/mocap4r2_marker_viz_srvs__rosidl_typesupport_fastrtps_cpp.dir/rosidl_typesupport_fastrtps_cpp/mocap4r2_marker_viz_srvs/srv/detail/dds_fastrtps/set_marker_color__type_support.cpp.o[0m
[9.181s] [35m[1mScanning dependencies of target mocap4r2_marker_viz_srvs__rosidl_typesupport_introspection_c[0m
[9.356s] [ 33%] [32mBuilding C object CMakeFiles/mocap4r2_marker_viz_srvs__rosidl_typesupport_introspection_c.dir/rosidl_typesupport_introspection_c/mocap4r2_marker_viz_srvs/srv/detail/set_marker_color__type_support.c.o[0m
[9.754s] [ 35%] [32mBuilding C object CMakeFiles/mocap4r2_marker_viz_srvs__rosidl_typesupport_introspection_c.dir/rosidl_typesupport_introspection_c/mocap4r2_marker_viz_srvs/srv/detail/reset_marker_color__type_support.c.o[0m
[10.130s] [ 38%] [32mBuilding CXX object CMakeFiles/mocap4r2_marker_viz_srvs__rosidl_typesupport_cpp.dir/rosidl_typesupport_cpp/mocap4r2_marker_viz_srvs/srv/reset_marker_color__type_support.cpp.o[0m
[10.161s] [ 41%] [32m[1mLinking C shared library libmocap4r2_marker_viz_srvs__rosidl_typesupport_introspection_c.so[0m
[10.499s] [ 41%] Built target mocap4r2_marker_viz_srvs__rosidl_typesupport_introspection_c
[10.604s] [ 43%] [34m[1mGenerating C type support dispatch for ROS interfaces[0m
[10.668s] [ 46%] [32mBuilding CXX object CMakeFiles/mocap4r2_marker_viz_srvs__rosidl_typesupport_introspection_cpp.dir/rosidl_typesupport_introspection_cpp/mocap4r2_marker_viz_srvs/srv/detail/reset_marker_color__type_support.cpp.o[0m
[12.791s] [ 48%] [32mBuilding CXX object CMakeFiles/mocap4r2_marker_viz_srvs__rosidl_typesupport_fastrtps_cpp.dir/rosidl_typesupport_fastrtps_cpp/mocap4r2_marker_viz_srvs/srv/detail/dds_fastrtps/reset_marker_color__type_support.cpp.o[0m
[13.011s] [ 51%] [32m[1mLinking CXX shared library libmocap4r2_marker_viz_srvs__rosidl_typesupport_cpp.so[0m
[13.082s] [35m[1mScanning dependencies of target mocap4r2_marker_viz_srvs__rosidl_typesupport_c[0m
[13.215s] [ 53%] [32mBuilding CXX object CMakeFiles/mocap4r2_marker_viz_srvs__rosidl_typesupport_c.dir/rosidl_typesupport_c/mocap4r2_marker_viz_srvs/srv/set_marker_color__type_support.cpp.o[0m
[13.235s] [ 56%] [32m[1mLinking CXX shared library libmocap4r2_marker_viz_srvs__rosidl_typesupport_introspection_cpp.so[0m
[13.319s] [ 56%] Built target mocap4r2_marker_viz_srvs__rosidl_typesupport_cpp
[13.430s] [ 58%] [32mBuilding CXX object CMakeFiles/mocap4r2_marker_viz_srvs__rosidl_typesupport_c.dir/rosidl_typesupport_c/mocap4r2_marker_viz_srvs/srv/reset_marker_color__type_support.cpp.o[0m
[13.706s] [ 61%] [32m[1mLinking CXX shared library libmocap4r2_marker_viz_srvs__rosidl_typesupport_c.so[0m
[13.810s] [ 61%] Built target mocap4r2_marker_viz_srvs__rosidl_typesupport_introspection_cpp
[14.051s] [ 61%] Built target mocap4r2_marker_viz_srvs__rosidl_typesupport_c
[15.717s] [ 64%] [32m[1mLinking CXX shared library libmocap4r2_marker_viz_srvs__rosidl_typesupport_fastrtps_cpp.so[0m
[16.227s] [ 64%] Built target mocap4r2_marker_viz_srvs__rosidl_typesupport_fastrtps_cpp
[16.303s] [ 66%] [34m[1mGenerating C type support for eProsima Fast-RTPS[0m
[17.594s] [35m[1mScanning dependencies of target mocap4r2_marker_viz_srvs__rosidl_typesupport_fastrtps_c[0m
[17.690s] [ 69%] [32mBuilding CXX object CMakeFiles/mocap4r2_marker_viz_srvs__rosidl_typesupport_fastrtps_c.dir/rosidl_typesupport_fastrtps_c/mocap4r2_marker_viz_srvs/srv/detail/set_marker_color__type_support_c.cpp.o[0m
[17.707s] [ 71%] [32mBuilding CXX object CMakeFiles/mocap4r2_marker_viz_srvs__rosidl_typesupport_fastrtps_c.dir/rosidl_typesupport_fastrtps_c/mocap4r2_marker_viz_srvs/srv/detail/reset_marker_color__type_support_c.cpp.o[0m
[19.553s] [ 74%] [32m[1mLinking CXX shared library libmocap4r2_marker_viz_srvs__rosidl_typesupport_fastrtps_c.so[0m
[20.083s] [ 74%] Built target mocap4r2_marker_viz_srvs__rosidl_typesupport_fastrtps_c
[20.171s] [35m[1mScanning dependencies of target mocap4r2_marker_viz_srvs[0m
[20.235s] [ 74%] Built target mocap4r2_marker_viz_srvs
[20.314s] [35m[1mScanning dependencies of target mocap4r2_marker_viz_srvs__py[0m
[20.381s] [ 76%] [34m[1mGenerating Python code for ROS interfaces[0m
[22.194s] [ 76%] Built target mocap4r2_marker_viz_srvs__py
[22.229s] [35m[1mScanning dependencies of target mocap4r2_marker_viz_srvs__python[0m
[22.314s] [ 79%] [32mBuilding C object CMakeFiles/mocap4r2_marker_viz_srvs__python.dir/rosidl_generator_py/mocap4r2_marker_viz_srvs/srv/_set_marker_color_s.c.o[0m
[22.322s] [ 82%] [32mBuilding C object CMakeFiles/mocap4r2_marker_viz_srvs__python.dir/rosidl_generator_py/mocap4r2_marker_viz_srvs/srv/_reset_marker_color_s.c.o[0m
[22.655s] [ 84%] [32m[1mLinking C shared library rosidl_generator_py/mocap4r2_marker_viz_srvs/libmocap4r2_marker_viz_srvs__python.so[0m
[22.832s] [ 84%] Built target mocap4r2_marker_viz_srvs__python
[22.906s] [35m[1mScanning dependencies of target mocap4r2_marker_viz_srvs__rosidl_typesupport_c__pyext[0m
[22.946s] [35m[1mScanning dependencies of target mocap4r2_marker_viz_srvs__rosidl_typesupport_fastrtps_c__pyext[0m
[22.978s] [35m[1mScanning dependencies of target mocap4r2_marker_viz_srvs__rosidl_typesupport_introspection_c__pyext[0m
[23.054s] [ 87%] [32mBuilding C object CMakeFiles/mocap4r2_marker_viz_srvs__rosidl_typesupport_c__pyext.dir/rosidl_generator_py/mocap4r2_marker_viz_srvs/_mocap4r2_marker_viz_srvs_s.ep.rosidl_typesupport_c.c.o[0m
[23.058s] [ 89%] [32mBuilding C object CMakeFiles/mocap4r2_marker_viz_srvs__rosidl_typesupport_fastrtps_c__pyext.dir/rosidl_generator_py/mocap4r2_marker_viz_srvs/_mocap4r2_marker_viz_srvs_s.ep.rosidl_typesupport_fastrtps_c.c.o[0m
[23.123s] [ 92%] [32mBuilding C object CMakeFiles/mocap4r2_marker_viz_srvs__rosidl_typesupport_introspection_c__pyext.dir/rosidl_generator_py/mocap4r2_marker_viz_srvs/_mocap4r2_marker_viz_srvs_s.ep.rosidl_typesupport_introspection_c.c.o[0m
[23.545s] [ 94%] [32m[1mLinking CXX shared library rosidl_generator_py/mocap4r2_marker_viz_srvs/mocap4r2_marker_viz_srvs_s__rosidl_typesupport_fastrtps_c.cpython-38-aarch64-linux-gnu.so[0m
[23.554s] [ 97%] [32m[1mLinking C shared library rosidl_generator_py/mocap4r2_marker_viz_srvs/mocap4r2_marker_viz_srvs_s__rosidl_typesupport_introspection_c.cpython-38-aarch64-linux-gnu.so[0m
[23.563s] [100%] [32m[1mLinking C shared library rosidl_generator_py/mocap4r2_marker_viz_srvs/mocap4r2_marker_viz_srvs_s__rosidl_typesupport_c.cpython-38-aarch64-linux-gnu.so[0m
[23.807s] [100%] Built target mocap4r2_marker_viz_srvs__rosidl_typesupport_c__pyext
[23.853s] [100%] Built target mocap4r2_marker_viz_srvs__rosidl_typesupport_introspection_c__pyext
[23.935s] [100%] Built target mocap4r2_marker_viz_srvs__rosidl_typesupport_fastrtps_c__pyext
[23.996s] Invoked command in '/home/airlab/seed25/build/mocap4r2_marker_viz_srvs' returned '0': CMAKE_PREFIX_PATH=${CMAKE_PREFIX_PATH}:/home/airlab/seed25/ros_packages/seed_controller_ws/install/mocap_listener:/home/airlab/seed25/ros_packages/mocap4r2_ws/install/mocap4r2cli:/opt/ros/foxy /usr/bin/cmake --build /home/airlab/seed25/build/mocap4r2_marker_viz_srvs -- -j4 -l4
[23.998s] Invoking command in '/home/airlab/seed25/build/mocap4r2_marker_viz_srvs': CMAKE_PREFIX_PATH=${CMAKE_PREFIX_PATH}:/home/airlab/seed25/ros_packages/seed_controller_ws/install/mocap_listener:/home/airlab/seed25/ros_packages/mocap4r2_ws/install/mocap4r2cli:/opt/ros/foxy /usr/bin/cmake --install /home/airlab/seed25/build/mocap4r2_marker_viz_srvs
[24.055s] -- Install configuration: ""
[24.057s] -- Installing: /home/airlab/seed25/install/mocap4r2_marker_viz_srvs/share/ament_index/resource_index/rosidl_interfaces/mocap4r2_marker_viz_srvs
[24.058s] -- Installing: /home/airlab/seed25/install/mocap4r2_marker_viz_srvs/include/mocap4r2_marker_viz_srvs
[24.059s] -- Installing: /home/airlab/seed25/install/mocap4r2_marker_viz_srvs/include/mocap4r2_marker_viz_srvs/msg
[24.059s] -- Installing: /home/airlab/seed25/install/mocap4r2_marker_viz_srvs/include/mocap4r2_marker_viz_srvs/msg/rosidl_generator_c__visibility_control.h
[24.063s] -- Installing: /home/airlab/seed25/install/mocap4r2_marker_viz_srvs/include/mocap4r2_marker_viz_srvs/srv
[24.064s] -- Installing: /home/airlab/seed25/install/mocap4r2_marker_viz_srvs/include/mocap4r2_marker_viz_srvs/srv/reset_marker_color.h
[24.064s] -- Installing: /home/airlab/seed25/install/mocap4r2_marker_viz_srvs/include/mocap4r2_marker_viz_srvs/srv/set_marker_color.h
[24.065s] -- Installing: /home/airlab/seed25/install/mocap4r2_marker_viz_srvs/include/mocap4r2_marker_viz_srvs/srv/detail
[24.066s] -- Installing: /home/airlab/seed25/install/mocap4r2_marker_viz_srvs/include/mocap4r2_marker_viz_srvs/srv/detail/set_marker_color__type_support.h
[24.066s] -- Installing: /home/airlab/seed25/install/mocap4r2_marker_viz_srvs/include/mocap4r2_marker_viz_srvs/srv/detail/set_marker_color__struct.h
[24.067s] -- Installing: /home/airlab/seed25/install/mocap4r2_marker_viz_srvs/include/mocap4r2_marker_viz_srvs/srv/detail/set_marker_color__functions.c
[24.068s] -- Installing: /home/airlab/seed25/install/mocap4r2_marker_viz_srvs/include/mocap4r2_marker_viz_srvs/srv/detail/reset_marker_color__functions.c
[24.080s] -- Installing: /home/airlab/seed25/install/mocap4r2_marker_viz_srvs/include/mocap4r2_marker_viz_srvs/srv/detail/reset_marker_color__struct.h
[24.081s] -- Installing: /home/airlab/seed25/install/mocap4r2_marker_viz_srvs/include/mocap4r2_marker_viz_srvs/srv/detail/reset_marker_color__functions.h
[24.081s] -- Installing: /home/airlab/seed25/install/mocap4r2_marker_viz_srvs/include/mocap4r2_marker_viz_srvs/srv/detail/reset_marker_color__type_support.h
[24.082s] -- Installing: /home/airlab/seed25/install/mocap4r2_marker_viz_srvs/include/mocap4r2_marker_viz_srvs/srv/detail/set_marker_color__functions.h
[24.083s] -- Installing: /home/airlab/seed25/install/mocap4r2_marker_viz_srvs/share/mocap4r2_marker_viz_srvs/environment/library_path.sh
[24.084s] -- Installing: /home/airlab/seed25/install/mocap4r2_marker_viz_srvs/share/mocap4r2_marker_viz_srvs/environment/library_path.dsv
[24.085s] -- Installing: /home/airlab/seed25/install/mocap4r2_marker_viz_srvs/lib/libmocap4r2_marker_viz_srvs__rosidl_generator_c.so
[24.086s] -- Set runtime path of "/home/airlab/seed25/install/mocap4r2_marker_viz_srvs/lib/libmocap4r2_marker_viz_srvs__rosidl_generator_c.so" to ""
[24.087s] -- Up-to-date: /home/airlab/seed25/install/mocap4r2_marker_viz_srvs/include/mocap4r2_marker_viz_srvs
[24.087s] -- Up-to-date: /home/airlab/seed25/install/mocap4r2_marker_viz_srvs/include/mocap4r2_marker_viz_srvs/msg
[24.088s] -- Installing: /home/airlab/seed25/install/mocap4r2_marker_viz_srvs/include/mocap4r2_marker_viz_srvs/msg/rosidl_typesupport_fastrtps_c__visibility_control.h
[24.089s] -- Up-to-date: /home/airlab/seed25/install/mocap4r2_marker_viz_srvs/include/mocap4r2_marker_viz_srvs/srv
[24.089s] -- Up-to-date: /home/airlab/seed25/install/mocap4r2_marker_viz_srvs/include/mocap4r2_marker_viz_srvs/srv/detail
[24.089s] -- Installing: /home/airlab/seed25/install/mocap4r2_marker_viz_srvs/include/mocap4r2_marker_viz_srvs/srv/detail/reset_marker_color__rosidl_typesupport_fastrtps_c.h
[24.090s] -- Installing: /home/airlab/seed25/install/mocap4r2_marker_viz_srvs/include/mocap4r2_marker_viz_srvs/srv/detail/set_marker_color__rosidl_typesupport_fastrtps_c.h
[24.091s] -- Installing: /home/airlab/seed25/install/mocap4r2_marker_viz_srvs/lib/libmocap4r2_marker_viz_srvs__rosidl_typesupport_fastrtps_c.so
[24.092s] -- Set runtime path of "/home/airlab/seed25/install/mocap4r2_marker_viz_srvs/lib/libmocap4r2_marker_viz_srvs__rosidl_typesupport_fastrtps_c.so" to ""
[24.093s] -- Up-to-date: /home/airlab/seed25/install/mocap4r2_marker_viz_srvs/include/mocap4r2_marker_viz_srvs
[24.093s] -- Up-to-date: /home/airlab/seed25/install/mocap4r2_marker_viz_srvs/include/mocap4r2_marker_viz_srvs/msg
[24.094s] -- Installing: /home/airlab/seed25/install/mocap4r2_marker_viz_srvs/include/mocap4r2_marker_viz_srvs/msg/rosidl_typesupport_fastrtps_cpp__visibility_control.h
[24.095s] -- Up-to-date: /home/airlab/seed25/install/mocap4r2_marker_viz_srvs/include/mocap4r2_marker_viz_srvs/srv
[24.095s] -- Up-to-date: /home/airlab/seed25/install/mocap4r2_marker_viz_srvs/include/mocap4r2_marker_viz_srvs/srv/detail
[24.095s] -- Installing: /home/airlab/seed25/install/mocap4r2_marker_viz_srvs/include/mocap4r2_marker_viz_srvs/srv/detail/set_marker_color__rosidl_typesupport_fastrtps_cpp.hpp
[24.096s] -- Installing: /home/airlab/seed25/install/mocap4r2_marker_viz_srvs/include/mocap4r2_marker_viz_srvs/srv/detail/dds_fastrtps
[24.097s] -- Installing: /home/airlab/seed25/install/mocap4r2_marker_viz_srvs/include/mocap4r2_marker_viz_srvs/srv/detail/reset_marker_color__rosidl_typesupport_fastrtps_cpp.hpp
[24.098s] -- Installing: /home/airlab/seed25/install/mocap4r2_marker_viz_srvs/lib/libmocap4r2_marker_viz_srvs__rosidl_typesupport_fastrtps_cpp.so
[24.112s] -- Set runtime path of "/home/airlab/seed25/install/mocap4r2_marker_viz_srvs/lib/libmocap4r2_marker_viz_srvs__rosidl_typesupport_fastrtps_cpp.so" to ""
[24.112s] -- Up-to-date: /home/airlab/seed25/install/mocap4r2_marker_viz_srvs/include/mocap4r2_marker_viz_srvs
[24.113s] -- Up-to-date: /home/airlab/seed25/install/mocap4r2_marker_viz_srvs/include/mocap4r2_marker_viz_srvs/msg
[24.113s] -- Installing: /home/airlab/seed25/install/mocap4r2_marker_viz_srvs/include/mocap4r2_marker_viz_srvs/msg/rosidl_typesupport_introspection_c__visibility_control.h
[24.114s] -- Up-to-date: /home/airlab/seed25/install/mocap4r2_marker_viz_srvs/include/mocap4r2_marker_viz_srvs/srv
[24.115s] -- Up-to-date: /home/airlab/seed25/install/mocap4r2_marker_viz_srvs/include/mocap4r2_marker_viz_srvs/srv/detail
[24.115s] -- Installing: /home/airlab/seed25/install/mocap4r2_marker_viz_srvs/include/mocap4r2_marker_viz_srvs/srv/detail/set_marker_color__type_support.c
[24.116s] -- Installing: /home/airlab/seed25/install/mocap4r2_marker_viz_srvs/include/mocap4r2_marker_viz_srvs/srv/detail/set_marker_color__rosidl_typesupport_introspection_c.h
[24.116s] -- Installing: /home/airlab/seed25/install/mocap4r2_marker_viz_srvs/include/mocap4r2_marker_viz_srvs/srv/detail/reset_marker_color__rosidl_typesupport_introspection_c.h
[24.117s] -- Installing: /home/airlab/seed25/install/mocap4r2_marker_viz_srvs/include/mocap4r2_marker_viz_srvs/srv/detail/reset_marker_color__type_support.c
[24.118s] -- Installing: /home/airlab/seed25/install/mocap4r2_marker_viz_srvs/lib/libmocap4r2_marker_viz_srvs__rosidl_typesupport_introspection_c.so
[24.120s] -- Set runtime path of "/home/airlab/seed25/install/mocap4r2_marker_viz_srvs/lib/libmocap4r2_marker_viz_srvs__rosidl_typesupport_introspection_c.so" to ""
[24.120s] -- Installing: /home/airlab/seed25/install/mocap4r2_marker_viz_srvs/lib/libmocap4r2_marker_viz_srvs__rosidl_typesupport_c.so
[24.121s] -- Set runtime path of "/home/airlab/seed25/install/mocap4r2_marker_viz_srvs/lib/libmocap4r2_marker_viz_srvs__rosidl_typesupport_c.so" to ""
[24.122s] -- Up-to-date: /home/airlab/seed25/install/mocap4r2_marker_viz_srvs/include/mocap4r2_marker_viz_srvs
[24.123s] -- Up-to-date: /home/airlab/seed25/install/mocap4r2_marker_viz_srvs/include/mocap4r2_marker_viz_srvs/msg
[24.123s] -- Installing: /home/airlab/seed25/install/mocap4r2_marker_viz_srvs/include/mocap4r2_marker_viz_srvs/msg/rosidl_generator_cpp__visibility_control.hpp
[24.124s] -- Up-to-date: /home/airlab/seed25/install/mocap4r2_marker_viz_srvs/include/mocap4r2_marker_viz_srvs/srv
[24.125s] -- Up-to-date: /home/airlab/seed25/install/mocap4r2_marker_viz_srvs/include/mocap4r2_marker_viz_srvs/srv/detail
[24.125s] -- Installing: /home/airlab/seed25/install/mocap4r2_marker_viz_srvs/include/mocap4r2_marker_viz_srvs/srv/detail/set_marker_color__struct.hpp
[24.126s] -- Installing: /home/airlab/seed25/install/mocap4r2_marker_viz_srvs/include/mocap4r2_marker_viz_srvs/srv/detail/reset_marker_color__builder.hpp
[24.127s] -- Installing: /home/airlab/seed25/install/mocap4r2_marker_viz_srvs/include/mocap4r2_marker_viz_srvs/srv/detail/reset_marker_color__traits.hpp
[24.128s] -- Installing: /home/airlab/seed25/install/mocap4r2_marker_viz_srvs/include/mocap4r2_marker_viz_srvs/srv/detail/reset_marker_color__struct.hpp
[24.128s] -- Installing: /home/airlab/seed25/install/mocap4r2_marker_viz_srvs/include/mocap4r2_marker_viz_srvs/srv/detail/set_marker_color__traits.hpp
[24.129s] -- Installing: /home/airlab/seed25/install/mocap4r2_marker_viz_srvs/include/mocap4r2_marker_viz_srvs/srv/detail/reset_marker_color__type_support.hpp
[24.130s] -- Installing: /home/airlab/seed25/install/mocap4r2_marker_viz_srvs/include/mocap4r2_marker_viz_srvs/srv/detail/set_marker_color__builder.hpp
[24.130s] -- Installing: /home/airlab/seed25/install/mocap4r2_marker_viz_srvs/include/mocap4r2_marker_viz_srvs/srv/detail/set_marker_color__type_support.hpp
[24.131s] -- Installing: /home/airlab/seed25/install/mocap4r2_marker_viz_srvs/include/mocap4r2_marker_viz_srvs/srv/set_marker_color.hpp
[24.132s] -- Installing: /home/airlab/seed25/install/mocap4r2_marker_viz_srvs/include/mocap4r2_marker_viz_srvs/srv/reset_marker_color.hpp
[24.132s] -- Up-to-date: /home/airlab/seed25/install/mocap4r2_marker_viz_srvs/include/mocap4r2_marker_viz_srvs
[24.133s] -- Up-to-date: /home/airlab/seed25/install/mocap4r2_marker_viz_srvs/include/mocap4r2_marker_viz_srvs/srv
[24.133s] -- Up-to-date: /home/airlab/seed25/install/mocap4r2_marker_viz_srvs/include/mocap4r2_marker_viz_srvs/srv/detail
[24.134s] -- Installing: /home/airlab/seed25/install/mocap4r2_marker_viz_srvs/include/mocap4r2_marker_viz_srvs/srv/detail/set_marker_color__rosidl_typesupport_introspection_cpp.hpp
[24.135s] -- Installing: /home/airlab/seed25/install/mocap4r2_marker_viz_srvs/include/mocap4r2_marker_viz_srvs/srv/detail/reset_marker_color__rosidl_typesupport_introspection_cpp.hpp
[24.143s] -- Installing: /home/airlab/seed25/install/mocap4r2_marker_viz_srvs/include/mocap4r2_marker_viz_srvs/srv/detail/reset_marker_color__type_support.cpp
[24.144s] -- Installing: /home/airlab/seed25/install/mocap4r2_marker_viz_srvs/include/mocap4r2_marker_viz_srvs/srv/detail/set_marker_color__type_support.cpp
[24.145s] -- Installing: /home/airlab/seed25/install/mocap4r2_marker_viz_srvs/lib/libmocap4r2_marker_viz_srvs__rosidl_typesupport_introspection_cpp.so
[24.147s] -- Set runtime path of "/home/airlab/seed25/install/mocap4r2_marker_viz_srvs/lib/libmocap4r2_marker_viz_srvs__rosidl_typesupport_introspection_cpp.so" to ""
[24.147s] -- Installing: /home/airlab/seed25/install/mocap4r2_marker_viz_srvs/lib/libmocap4r2_marker_viz_srvs__rosidl_typesupport_cpp.so
[24.149s] -- Set runtime path of "/home/airlab/seed25/install/mocap4r2_marker_viz_srvs/lib/libmocap4r2_marker_viz_srvs__rosidl_typesupport_cpp.so" to ""
[24.149s] -- Installing: /home/airlab/seed25/install/mocap4r2_marker_viz_srvs/share/mocap4r2_marker_viz_srvs/environment/pythonpath.sh
[24.150s] -- Installing: /home/airlab/seed25/install/mocap4r2_marker_viz_srvs/share/mocap4r2_marker_viz_srvs/environment/pythonpath.dsv
[24.151s] -- Installing: /home/airlab/seed25/install/mocap4r2_marker_viz_srvs/lib/python3.8/site-packages/mocap4r2_marker_viz_srvs/__init__.py
[24.274s] Compiling '/home/airlab/seed25/install/mocap4r2_marker_viz_srvs/lib/python3.8/site-packages/mocap4r2_marker_viz_srvs/__init__.py'...
[24.294s] -- Installing: /home/airlab/seed25/install/mocap4r2_marker_viz_srvs/lib/python3.8/site-packages/mocap4r2_marker_viz_srvs/srv
[24.294s] -- Installing: /home/airlab/seed25/install/mocap4r2_marker_viz_srvs/lib/python3.8/site-packages/mocap4r2_marker_viz_srvs/srv/_set_marker_color.py
[24.295s] -- Installing: /home/airlab/seed25/install/mocap4r2_marker_viz_srvs/lib/python3.8/site-packages/mocap4r2_marker_viz_srvs/srv/__init__.py
[24.295s] -- Installing: /home/airlab/seed25/install/mocap4r2_marker_viz_srvs/lib/python3.8/site-packages/mocap4r2_marker_viz_srvs/srv/_reset_marker_color_s.c
[24.296s] -- Installing: /home/airlab/seed25/install/mocap4r2_marker_viz_srvs/lib/python3.8/site-packages/mocap4r2_marker_viz_srvs/srv/_reset_marker_color.py
[24.296s] -- Installing: /home/airlab/seed25/install/mocap4r2_marker_viz_srvs/lib/python3.8/site-packages/mocap4r2_marker_viz_srvs/srv/_set_marker_color_s.c
[24.297s] -- Installing: /home/airlab/seed25/install/mocap4r2_marker_viz_srvs/lib/python3.8/site-packages/mocap4r2_marker_viz_srvs/mocap4r2_marker_viz_srvs_s__rosidl_typesupport_fastrtps_c.cpython-38-aarch64-linux-gnu.so
[24.299s] -- Set runtime path of "/home/airlab/seed25/install/mocap4r2_marker_viz_srvs/lib/python3.8/site-packages/mocap4r2_marker_viz_srvs/mocap4r2_marker_viz_srvs_s__rosidl_typesupport_fastrtps_c.cpython-38-aarch64-linux-gnu.so" to ""
[24.299s] -- Installing: /home/airlab/seed25/install/mocap4r2_marker_viz_srvs/lib/python3.8/site-packages/mocap4r2_marker_viz_srvs/mocap4r2_marker_viz_srvs_s__rosidl_typesupport_introspection_c.cpython-38-aarch64-linux-gnu.so
[24.301s] -- Set runtime path of "/home/airlab/seed25/install/mocap4r2_marker_viz_srvs/lib/python3.8/site-packages/mocap4r2_marker_viz_srvs/mocap4r2_marker_viz_srvs_s__rosidl_typesupport_introspection_c.cpython-38-aarch64-linux-gnu.so" to ""
[24.302s] -- Installing: /home/airlab/seed25/install/mocap4r2_marker_viz_srvs/lib/python3.8/site-packages/mocap4r2_marker_viz_srvs/mocap4r2_marker_viz_srvs_s__rosidl_typesupport_c.cpython-38-aarch64-linux-gnu.so
[24.304s] -- Set runtime path of "/home/airlab/seed25/install/mocap4r2_marker_viz_srvs/lib/python3.8/site-packages/mocap4r2_marker_viz_srvs/mocap4r2_marker_viz_srvs_s__rosidl_typesupport_c.cpython-38-aarch64-linux-gnu.so" to ""
[24.305s] -- Installing: /home/airlab/seed25/install/mocap4r2_marker_viz_srvs/lib/libmocap4r2_marker_viz_srvs__python.so
[24.306s] -- Set runtime path of "/home/airlab/seed25/install/mocap4r2_marker_viz_srvs/lib/libmocap4r2_marker_viz_srvs__python.so" to ""
[24.307s] -- Installing: /home/airlab/seed25/install/mocap4r2_marker_viz_srvs/share/mocap4r2_marker_viz_srvs/srv/SetMarkerColor.idl
[24.307s] -- Installing: /home/airlab/seed25/install/mocap4r2_marker_viz_srvs/share/mocap4r2_marker_viz_srvs/srv/ResetMarkerColor.idl
[24.308s] -- Installing: /home/airlab/seed25/install/mocap4r2_marker_viz_srvs/share/mocap4r2_marker_viz_srvs/srv/SetMarkerColor.srv
[24.309s] -- Installing: /home/airlab/seed25/install/mocap4r2_marker_viz_srvs/share/mocap4r2_marker_viz_srvs/srv/SetMarkerColor_Request.msg
[24.310s] -- Installing: /home/airlab/seed25/install/mocap4r2_marker_viz_srvs/share/mocap4r2_marker_viz_srvs/srv/SetMarkerColor_Response.msg
[24.311s] -- Installing: /home/airlab/seed25/install/mocap4r2_marker_viz_srvs/share/mocap4r2_marker_viz_srvs/srv/ResetMarkerColor.srv
[24.312s] -- Installing: /home/airlab/seed25/install/mocap4r2_marker_viz_srvs/share/mocap4r2_marker_viz_srvs/srv/ResetMarkerColor_Request.msg
[24.312s] -- Installing: /home/airlab/seed25/install/mocap4r2_marker_viz_srvs/share/mocap4r2_marker_viz_srvs/srv/ResetMarkerColor_Response.msg
[24.313s] -- Installing: /home/airlab/seed25/install/mocap4r2_marker_viz_srvs/share/ament_index/resource_index/package_run_dependencies/mocap4r2_marker_viz_srvs
[24.314s] -- Installing: /home/airlab/seed25/install/mocap4r2_marker_viz_srvs/share/ament_index/resource_index/parent_prefix_path/mocap4r2_marker_viz_srvs
[24.315s] -- Installing: /home/airlab/seed25/install/mocap4r2_marker_viz_srvs/share/mocap4r2_marker_viz_srvs/environment/ament_prefix_path.sh
[24.316s] -- Installing: /home/airlab/seed25/install/mocap4r2_marker_viz_srvs/share/mocap4r2_marker_viz_srvs/environment/ament_prefix_path.dsv
[24.317s] -- Installing: /home/airlab/seed25/install/mocap4r2_marker_viz_srvs/share/mocap4r2_marker_viz_srvs/environment/path.sh
[24.319s] -- Installing: /home/airlab/seed25/install/mocap4r2_marker_viz_srvs/share/mocap4r2_marker_viz_srvs/environment/path.dsv
[24.320s] -- Installing: /home/airlab/seed25/install/mocap4r2_marker_viz_srvs/share/mocap4r2_marker_viz_srvs/local_setup.bash
[24.321s] -- Installing: /home/airlab/seed25/install/mocap4r2_marker_viz_srvs/share/mocap4r2_marker_viz_srvs/local_setup.sh
[24.322s] -- Installing: /home/airlab/seed25/install/mocap4r2_marker_viz_srvs/share/mocap4r2_marker_viz_srvs/local_setup.zsh
[24.323s] -- Installing: /home/airlab/seed25/install/mocap4r2_marker_viz_srvs/share/mocap4r2_marker_viz_srvs/local_setup.dsv
[24.323s] -- Installing: /home/airlab/seed25/install/mocap4r2_marker_viz_srvs/share/mocap4r2_marker_viz_srvs/package.dsv
[24.324s] -- Installing: /home/airlab/seed25/install/mocap4r2_marker_viz_srvs/share/ament_index/resource_index/packages/mocap4r2_marker_viz_srvs
[24.325s] -- Installing: /home/airlab/seed25/install/mocap4r2_marker_viz_srvs/share/mocap4r2_marker_viz_srvs/cmake/mocap4r2_marker_viz_srvs__rosidl_generator_cExport.cmake
[24.326s] -- Installing: /home/airlab/seed25/install/mocap4r2_marker_viz_srvs/share/mocap4r2_marker_viz_srvs/cmake/mocap4r2_marker_viz_srvs__rosidl_generator_cExport-noconfig.cmake
[24.327s] -- Installing: /home/airlab/seed25/install/mocap4r2_marker_viz_srvs/share/mocap4r2_marker_viz_srvs/cmake/mocap4r2_marker_viz_srvs__rosidl_typesupport_introspection_cExport.cmake
[24.328s] -- Installing: /home/airlab/seed25/install/mocap4r2_marker_viz_srvs/share/mocap4r2_marker_viz_srvs/cmake/mocap4r2_marker_viz_srvs__rosidl_typesupport_introspection_cExport-noconfig.cmake
[24.329s] -- Installing: /home/airlab/seed25/install/mocap4r2_marker_viz_srvs/share/mocap4r2_marker_viz_srvs/cmake/mocap4r2_marker_viz_srvs__rosidl_typesupport_cExport.cmake
[24.330s] -- Installing: /home/airlab/seed25/install/mocap4r2_marker_viz_srvs/share/mocap4r2_marker_viz_srvs/cmake/mocap4r2_marker_viz_srvs__rosidl_typesupport_cExport-noconfig.cmake
[24.331s] -- Installing: /home/airlab/seed25/install/mocap4r2_marker_viz_srvs/share/mocap4r2_marker_viz_srvs/cmake/mocap4r2_marker_viz_srvs__rosidl_generator_cppExport.cmake
[24.332s] -- Installing: /home/airlab/seed25/install/mocap4r2_marker_viz_srvs/share/mocap4r2_marker_viz_srvs/cmake/mocap4r2_marker_viz_srvs__rosidl_typesupport_introspection_cppExport.cmake
[24.333s] -- Installing: /home/airlab/seed25/install/mocap4r2_marker_viz_srvs/share/mocap4r2_marker_viz_srvs/cmake/mocap4r2_marker_viz_srvs__rosidl_typesupport_introspection_cppExport-noconfig.cmake
[24.334s] -- Installing: /home/airlab/seed25/install/mocap4r2_marker_viz_srvs/share/mocap4r2_marker_viz_srvs/cmake/mocap4r2_marker_viz_srvs__rosidl_typesupport_cppExport.cmake
[24.335s] -- Installing: /home/airlab/seed25/install/mocap4r2_marker_viz_srvs/share/mocap4r2_marker_viz_srvs/cmake/mocap4r2_marker_viz_srvs__rosidl_typesupport_cppExport-noconfig.cmake
[24.335s] -- Installing: /home/airlab/seed25/install/mocap4r2_marker_viz_srvs/share/mocap4r2_marker_viz_srvs/cmake/rosidl_cmake-extras.cmake
[24.336s] -- Installing: /home/airlab/seed25/install/mocap4r2_marker_viz_srvs/share/mocap4r2_marker_viz_srvs/cmake/ament_cmake_export_dependencies-extras.cmake
[24.337s] -- Installing: /home/airlab/seed25/install/mocap4r2_marker_viz_srvs/share/mocap4r2_marker_viz_srvs/cmake/ament_cmake_export_libraries-extras.cmake
[24.338s] -- Installing: /home/airlab/seed25/install/mocap4r2_marker_viz_srvs/share/mocap4r2_marker_viz_srvs/cmake/ament_cmake_export_targets-extras.cmake
[24.339s] -- Installing: /home/airlab/seed25/install/mocap4r2_marker_viz_srvs/share/mocap4r2_marker_viz_srvs/cmake/ament_cmake_export_include_directories-extras.cmake
[24.340s] -- Installing: /home/airlab/seed25/install/mocap4r2_marker_viz_srvs/share/mocap4r2_marker_viz_srvs/cmake/rosidl_cmake_export_typesupport_libraries-extras.cmake
[24.340s] -- Installing: /home/airlab/seed25/install/mocap4r2_marker_viz_srvs/share/mocap4r2_marker_viz_srvs/cmake/rosidl_cmake_export_typesupport_targets-extras.cmake
[24.341s] -- Installing: /home/airlab/seed25/install/mocap4r2_marker_viz_srvs/share/mocap4r2_marker_viz_srvs/cmake/mocap4r2_marker_viz_srvsConfig.cmake
[24.342s] -- Installing: /home/airlab/seed25/install/mocap4r2_marker_viz_srvs/share/mocap4r2_marker_viz_srvs/cmake/mocap4r2_marker_viz_srvsConfig-version.cmake
[24.343s] -- Installing: /home/airlab/seed25/install/mocap4r2_marker_viz_srvs/share/mocap4r2_marker_viz_srvs/package.xml
[24.355s] Invoked command in '/home/airlab/seed25/build/mocap4r2_marker_viz_srvs' returned '0': CMAKE_PREFIX_PATH=${CMAKE_PREFIX_PATH}:/home/airlab/seed25/ros_packages/seed_controller_ws/install/mocap_listener:/home/airlab/seed25/ros_packages/mocap4r2_ws/install/mocap4r2cli:/opt/ros/foxy /usr/bin/cmake --install /home/airlab/seed25/build/mocap4r2_marker_viz_srvs
