[0.175s] Invoking command in '/home/airlab/seed25/ros_packages/mocap4r2_ws/build/mocap4r2_control': CMAKE_PREFIX_PATH=/home/airlab/seed25/ros_packages/mocap4r2_ws/install/mocap4r2_control_msgs:/home/airlab/seed25/ros_packages/mocap4r2_ws/install/mocap4r2_robot_gt_msgs:/home/airlab/seed25/ros_packages/mocap4r2_ws/install/mocap4r2_marker_viz:/home/airlab/seed25/ros_packages/mocap4r2_ws/install/mocap4r2_marker_publisher:/home/airlab/seed25/ros_packages/mocap4r2_ws/install/mocap4r2_msgs:/home/airlab/seed25/ros_packages/mocap4r2_ws/install/mocap4r2_marker_viz_srvs:/home/airlab/seed25/ros_packages/mocap4r2_ws/install/mocap4r2cli:/opt/ros/foxy LD_LIBRARY_PATH=/home/airlab/seed25/ros_packages/mocap4r2_ws/install/mocap4r2_control_msgs/lib:/home/airlab/seed25/ros_packages/mocap4r2_ws/install/mocap4r2_robot_gt_msgs/lib:/home/airlab/seed25/ros_packages/mocap4r2_ws/install/mocap4r2_msgs/lib:/home/airlab/seed25/ros_packages/mocap4r2_ws/install/mocap4r2_marker_viz_srvs/lib:/usr/local/cuda-11.4/lib64:/usr/local/cuda-11.4/lib64:/opt/ros/foxy/opt/yaml_cpp_vendor/lib:/opt/ros/foxy/opt/rviz_ogre_vendor/lib:/opt/ros/foxy/lib/aarch64-linux-gnu:/opt/ros/foxy/lib:/usr/local/cuda-11.4/lib64 PYTHONPATH=/home/airlab/seed25/ros_packages/mocap4r2_ws/install/mocap4r2_control_msgs/lib/python3.8/site-packages:/home/airlab/seed25/ros_packages/mocap4r2_ws/install/mocap4r2cli/lib/python3.8/site-packages:/home/airlab/seed25/ros_packages/mocap4r2_ws/install/mocap4r2_robot_gt_msgs/lib/python3.8/site-packages:/home/airlab/seed25/ros_packages/mocap4r2_ws/install/mocap4r2_msgs/lib/python3.8/site-packages:/home/airlab/seed25/ros_packages/mocap4r2_ws/install/mocap4r2_marker_viz_srvs/lib/python3.8/site-packages:/opt/ros/foxy/lib/python3.8/site-packages /usr/bin/cmake --build /home/airlab/seed25/ros_packages/mocap4r2_ws/build/mocap4r2_control -- -j4 -l4
[0.293s] [ 28%] Built target gtest_main
[0.293s] [ 28%] Built target gtest
[0.318s] [ 57%] Built target mocap4r2_control
[0.385s] [100%] Built target auxiliar_main
[0.385s] [100%] Built target test_control
[0.385s] [100%] Built target test_auxiliar
[0.764s] Invoked command in '/home/airlab/seed25/ros_packages/mocap4r2_ws/build/mocap4r2_control' returned '0': CMAKE_PREFIX_PATH=/home/airlab/seed25/ros_packages/mocap4r2_ws/install/mocap4r2_control_msgs:/home/airlab/seed25/ros_packages/mocap4r2_ws/install/mocap4r2_robot_gt_msgs:/home/airlab/seed25/ros_packages/mocap4r2_ws/install/mocap4r2_marker_viz:/home/airlab/seed25/ros_packages/mocap4r2_ws/install/mocap4r2_marker_publisher:/home/airlab/seed25/ros_packages/mocap4r2_ws/install/mocap4r2_msgs:/home/airlab/seed25/ros_packages/mocap4r2_ws/install/mocap4r2_marker_viz_srvs:/home/airlab/seed25/ros_packages/mocap4r2_ws/install/mocap4r2cli:/opt/ros/foxy LD_LIBRARY_PATH=/home/airlab/seed25/ros_packages/mocap4r2_ws/install/mocap4r2_control_msgs/lib:/home/airlab/seed25/ros_packages/mocap4r2_ws/install/mocap4r2_robot_gt_msgs/lib:/home/airlab/seed25/ros_packages/mocap4r2_ws/install/mocap4r2_msgs/lib:/home/airlab/seed25/ros_packages/mocap4r2_ws/install/mocap4r2_marker_viz_srvs/lib:/usr/local/cuda-11.4/lib64:/usr/local/cuda-11.4/lib64:/opt/ros/foxy/opt/yaml_cpp_vendor/lib:/opt/ros/foxy/opt/rviz_ogre_vendor/lib:/opt/ros/foxy/lib/aarch64-linux-gnu:/opt/ros/foxy/lib:/usr/local/cuda-11.4/lib64 PYTHONPATH=/home/airlab/seed25/ros_packages/mocap4r2_ws/install/mocap4r2_control_msgs/lib/python3.8/site-packages:/home/airlab/seed25/ros_packages/mocap4r2_ws/install/mocap4r2cli/lib/python3.8/site-packages:/home/airlab/seed25/ros_packages/mocap4r2_ws/install/mocap4r2_robot_gt_msgs/lib/python3.8/site-packages:/home/airlab/seed25/ros_packages/mocap4r2_ws/install/mocap4r2_msgs/lib/python3.8/site-packages:/home/airlab/seed25/ros_packages/mocap4r2_ws/install/mocap4r2_marker_viz_srvs/lib/python3.8/site-packages:/opt/ros/foxy/lib/python3.8/site-packages /usr/bin/cmake --build /home/airlab/seed25/ros_packages/mocap4r2_ws/build/mocap4r2_control -- -j4 -l4
[0.769s] Invoking command in '/home/airlab/seed25/ros_packages/mocap4r2_ws/build/mocap4r2_control': CMAKE_PREFIX_PATH=/home/airlab/seed25/ros_packages/mocap4r2_ws/install/mocap4r2_control_msgs:/home/airlab/seed25/ros_packages/mocap4r2_ws/install/mocap4r2_robot_gt_msgs:/home/airlab/seed25/ros_packages/mocap4r2_ws/install/mocap4r2_marker_viz:/home/airlab/seed25/ros_packages/mocap4r2_ws/install/mocap4r2_marker_publisher:/home/airlab/seed25/ros_packages/mocap4r2_ws/install/mocap4r2_msgs:/home/airlab/seed25/ros_packages/mocap4r2_ws/install/mocap4r2_marker_viz_srvs:/home/airlab/seed25/ros_packages/mocap4r2_ws/install/mocap4r2cli:/opt/ros/foxy LD_LIBRARY_PATH=/home/airlab/seed25/ros_packages/mocap4r2_ws/install/mocap4r2_control_msgs/lib:/home/airlab/seed25/ros_packages/mocap4r2_ws/install/mocap4r2_robot_gt_msgs/lib:/home/airlab/seed25/ros_packages/mocap4r2_ws/install/mocap4r2_msgs/lib:/home/airlab/seed25/ros_packages/mocap4r2_ws/install/mocap4r2_marker_viz_srvs/lib:/usr/local/cuda-11.4/lib64:/usr/local/cuda-11.4/lib64:/opt/ros/foxy/opt/yaml_cpp_vendor/lib:/opt/ros/foxy/opt/rviz_ogre_vendor/lib:/opt/ros/foxy/lib/aarch64-linux-gnu:/opt/ros/foxy/lib:/usr/local/cuda-11.4/lib64 PYTHONPATH=/home/airlab/seed25/ros_packages/mocap4r2_ws/install/mocap4r2_control_msgs/lib/python3.8/site-packages:/home/airlab/seed25/ros_packages/mocap4r2_ws/install/mocap4r2cli/lib/python3.8/site-packages:/home/airlab/seed25/ros_packages/mocap4r2_ws/install/mocap4r2_robot_gt_msgs/lib/python3.8/site-packages:/home/airlab/seed25/ros_packages/mocap4r2_ws/install/mocap4r2_msgs/lib/python3.8/site-packages:/home/airlab/seed25/ros_packages/mocap4r2_ws/install/mocap4r2_marker_viz_srvs/lib/python3.8/site-packages:/opt/ros/foxy/lib/python3.8/site-packages /usr/bin/cmake --install /home/airlab/seed25/ros_packages/mocap4r2_ws/build/mocap4r2_control
[0.792s] -- Install configuration: ""
[0.793s] -- Installing: /home/airlab/seed25/ros_packages/mocap4r2_ws/install/mocap4r2_control/include/
[0.793s] -- Installing: /home/airlab/seed25/ros_packages/mocap4r2_ws/install/mocap4r2_control/include//mocap4r2_control
[0.793s] -- Installing: /home/airlab/seed25/ros_packages/mocap4r2_ws/install/mocap4r2_control/include//mocap4r2_control/AuxiliarNode.hpp
[0.793s] -- Installing: /home/airlab/seed25/ros_packages/mocap4r2_ws/install/mocap4r2_control/include//mocap4r2_control/ControlledLifecycleNode.hpp
[0.794s] -- Installing: /home/airlab/seed25/ros_packages/mocap4r2_ws/install/mocap4r2_control/include//mocap4r2_control/ControllerNode.hpp
[0.794s] -- Installing: /home/airlab/seed25/ros_packages/mocap4r2_ws/install/mocap4r2_control/share/mocap4r2_control/config
[0.794s] -- Installing: /home/airlab/seed25/ros_packages/mocap4r2_ws/install/mocap4r2_control/share/mocap4r2_control/config/config_example.yaml
[0.794s] -- Installing: /home/airlab/seed25/ros_packages/mocap4r2_ws/install/mocap4r2_control/share/mocap4r2_control/launch
[0.794s] -- Installing: /home/airlab/seed25/ros_packages/mocap4r2_ws/install/mocap4r2_control/share/mocap4r2_control/launch/auxiliar.launch.py
[0.794s] -- Installing: /home/airlab/seed25/ros_packages/mocap4r2_ws/install/mocap4r2_control/lib/libmocap4r2_control.so
[0.802s] -- Set runtime path of "/home/airlab/seed25/ros_packages/mocap4r2_ws/install/mocap4r2_control/lib/libmocap4r2_control.so" to ""
[0.802s] -- Installing: /home/airlab/seed25/ros_packages/mocap4r2_ws/install/mocap4r2_control/lib/mocap4r2_control/auxiliar_main
[0.803s] -- Set runtime path of "/home/airlab/seed25/ros_packages/mocap4r2_ws/install/mocap4r2_control/lib/mocap4r2_control/auxiliar_main" to ""
[0.803s] -- Installing: /home/airlab/seed25/ros_packages/mocap4r2_ws/install/mocap4r2_control/share/mocap4r2_control/environment/library_path.sh
[0.804s] -- Installing: /home/airlab/seed25/ros_packages/mocap4r2_ws/install/mocap4r2_control/share/mocap4r2_control/environment/library_path.dsv
[0.804s] -- Installing: /home/airlab/seed25/ros_packages/mocap4r2_ws/install/mocap4r2_control/share/ament_index/resource_index/package_run_dependencies/mocap4r2_control
[0.804s] -- Installing: /home/airlab/seed25/ros_packages/mocap4r2_ws/install/mocap4r2_control/share/ament_index/resource_index/parent_prefix_path/mocap4r2_control
[0.805s] -- Installing: /home/airlab/seed25/ros_packages/mocap4r2_ws/install/mocap4r2_control/share/mocap4r2_control/environment/ament_prefix_path.sh
[0.805s] -- Installing: /home/airlab/seed25/ros_packages/mocap4r2_ws/install/mocap4r2_control/share/mocap4r2_control/environment/ament_prefix_path.dsv
[0.805s] -- Installing: /home/airlab/seed25/ros_packages/mocap4r2_ws/install/mocap4r2_control/share/mocap4r2_control/environment/path.sh
[0.806s] -- Installing: /home/airlab/seed25/ros_packages/mocap4r2_ws/install/mocap4r2_control/share/mocap4r2_control/environment/path.dsv
[0.806s] -- Installing: /home/airlab/seed25/ros_packages/mocap4r2_ws/install/mocap4r2_control/share/mocap4r2_control/local_setup.bash
[0.807s] -- Installing: /home/airlab/seed25/ros_packages/mocap4r2_ws/install/mocap4r2_control/share/mocap4r2_control/local_setup.sh
[0.808s] -- Installing: /home/airlab/seed25/ros_packages/mocap4r2_ws/install/mocap4r2_control/share/mocap4r2_control/local_setup.zsh
[0.808s] -- Installing: /home/airlab/seed25/ros_packages/mocap4r2_ws/install/mocap4r2_control/share/mocap4r2_control/local_setup.dsv
[0.809s] -- Installing: /home/airlab/seed25/ros_packages/mocap4r2_ws/install/mocap4r2_control/share/mocap4r2_control/package.dsv
[0.809s] -- Installing: /home/airlab/seed25/ros_packages/mocap4r2_ws/install/mocap4r2_control/share/ament_index/resource_index/packages/mocap4r2_control
[0.809s] -- Installing: /home/airlab/seed25/ros_packages/mocap4r2_ws/install/mocap4r2_control/share/mocap4r2_control/cmake/ament_cmake_export_include_directories-extras.cmake
[0.809s] -- Installing: /home/airlab/seed25/ros_packages/mocap4r2_ws/install/mocap4r2_control/share/mocap4r2_control/cmake/ament_cmake_export_libraries-extras.cmake
[0.810s] -- Installing: /home/airlab/seed25/ros_packages/mocap4r2_ws/install/mocap4r2_control/share/mocap4r2_control/cmake/ament_cmake_export_dependencies-extras.cmake
[0.810s] -- Installing: /home/airlab/seed25/ros_packages/mocap4r2_ws/install/mocap4r2_control/share/mocap4r2_control/cmake/mocap4r2_controlConfig.cmake
[0.810s] -- Installing: /home/airlab/seed25/ros_packages/mocap4r2_ws/install/mocap4r2_control/share/mocap4r2_control/cmake/mocap4r2_controlConfig-version.cmake
[0.810s] -- Installing: /home/airlab/seed25/ros_packages/mocap4r2_ws/install/mocap4r2_control/share/mocap4r2_control/package.xml
[0.823s] Invoked command in '/home/airlab/seed25/ros_packages/mocap4r2_ws/build/mocap4r2_control' returned '0': CMAKE_PREFIX_PATH=/home/airlab/seed25/ros_packages/mocap4r2_ws/install/mocap4r2_control_msgs:/home/airlab/seed25/ros_packages/mocap4r2_ws/install/mocap4r2_robot_gt_msgs:/home/airlab/seed25/ros_packages/mocap4r2_ws/install/mocap4r2_marker_viz:/home/airlab/seed25/ros_packages/mocap4r2_ws/install/mocap4r2_marker_publisher:/home/airlab/seed25/ros_packages/mocap4r2_ws/install/mocap4r2_msgs:/home/airlab/seed25/ros_packages/mocap4r2_ws/install/mocap4r2_marker_viz_srvs:/home/airlab/seed25/ros_packages/mocap4r2_ws/install/mocap4r2cli:/opt/ros/foxy LD_LIBRARY_PATH=/home/airlab/seed25/ros_packages/mocap4r2_ws/install/mocap4r2_control_msgs/lib:/home/airlab/seed25/ros_packages/mocap4r2_ws/install/mocap4r2_robot_gt_msgs/lib:/home/airlab/seed25/ros_packages/mocap4r2_ws/install/mocap4r2_msgs/lib:/home/airlab/seed25/ros_packages/mocap4r2_ws/install/mocap4r2_marker_viz_srvs/lib:/usr/local/cuda-11.4/lib64:/usr/local/cuda-11.4/lib64:/opt/ros/foxy/opt/yaml_cpp_vendor/lib:/opt/ros/foxy/opt/rviz_ogre_vendor/lib:/opt/ros/foxy/lib/aarch64-linux-gnu:/opt/ros/foxy/lib:/usr/local/cuda-11.4/lib64 PYTHONPATH=/home/airlab/seed25/ros_packages/mocap4r2_ws/install/mocap4r2_control_msgs/lib/python3.8/site-packages:/home/airlab/seed25/ros_packages/mocap4r2_ws/install/mocap4r2cli/lib/python3.8/site-packages:/home/airlab/seed25/ros_packages/mocap4r2_ws/install/mocap4r2_robot_gt_msgs/lib/python3.8/site-packages:/home/airlab/seed25/ros_packages/mocap4r2_ws/install/mocap4r2_msgs/lib/python3.8/site-packages:/home/airlab/seed25/ros_packages/mocap4r2_ws/install/mocap4r2_marker_viz_srvs/lib/python3.8/site-packages:/opt/ros/foxy/lib/python3.8/site-packages /usr/bin/cmake --install /home/airlab/seed25/ros_packages/mocap4r2_ws/build/mocap4r2_control
