[0.052s] Invoking command in '/home/airlab/seed25/build/mocap4r2_marker_viz': AMENT_PREFIX_PATH=/home/airlab/seed25/install/mocap4r2_msgs:/home/airlab/seed25/install/mocap4r2_marker_viz_srvs:${AMENT_PREFIX_PATH} CMAKE_PREFIX_PATH=/home/airlab/seed25/install/mocap4r2_msgs:/home/airlab/seed25/install/mocap4r2_marker_viz_srvs:/home/airlab/seed25/ros_packages/mocap4r2_ws/install/mocap4r2_robot_gt_msgs:/home/airlab/seed25/ros_packages/mocap4r2_ws/install/mocap4r2_marker_viz:/home/airlab/seed25/ros_packages/mocap4r2_ws/install/mocap4r2_marker_publisher:/home/airlab/seed25/ros_packages/mocap4r2_ws/install/mocap4r2_msgs:/home/airlab/seed25/ros_packages/mocap4r2_ws/install/mocap4r2_marker_viz_srvs:/home/airlab/seed25/ros_packages/mocap4r2_ws/install/mocap4r2_control:/home/airlab/seed25/ros_packages/mocap4r2_ws/install/mocap4r2_control_msgs:/home/airlab/seed25/ros_packages/seed_controller_ws/install/mocap_listener:/home/airlab/seed25/ros_packages/mocap4r2_ws/install/mocap4r2cli:/opt/ros/foxy LD_LIBRARY_PATH=/home/airlab/seed25/install/mocap4r2_msgs/lib:/home/airlab/seed25/install/mocap4r2_marker_viz_srvs/lib:/usr/local/cuda-11.4/lib64:/usr/local/cuda-11.4/lib64:/usr/local/cuda-11.4/lib64:/home/airlab/seed25/ros_packages/mocap4r2_ws/install/mocap4r2_robot_gt_msgs/lib:/home/airlab/seed25/ros_packages/mocap4r2_ws/install/mocap4r2_msgs/lib:/home/airlab/seed25/ros_packages/mocap4r2_ws/install/mocap4r2_marker_viz_srvs/lib:/home/airlab/seed25/ros_packages/mocap4r2_ws/install/mocap4r2_control/lib:/home/airlab/seed25/ros_packages/mocap4r2_ws/install/mocap4r2_control_msgs/lib:/opt/ros/foxy/opt/yaml_cpp_vendor/lib:/opt/ros/foxy/opt/rviz_ogre_vendor/lib:/opt/ros/foxy/lib/aarch64-linux-gnu:/opt/ros/foxy/lib:/usr/local/cuda-11.4/lib64 PYTHONPATH=/home/airlab/seed25/install/mocap4r2_msgs/lib/python3.8/site-packages:/home/airlab/seed25/install/mocap4r2_marker_viz_srvs/lib/python3.8/site-packages:${PYTHONPATH} /usr/bin/cmake /home/airlab/seed25/ros_packages/mocap4r2_ws/src/mocap4r2/mocap4r2_marker_viz/mocap4r2_marker_viz -DCMAKE_INSTALL_PREFIX=/home/airlab/seed25/install/mocap4r2_marker_viz
[0.221s] -- The C compiler identification is GNU 9.4.0
[0.389s] -- The CXX compiler identification is GNU 9.4.0
[0.399s] -- Check for working C compiler: /usr/bin/cc
[0.682s] -- Check for working C compiler: /usr/bin/cc -- works
[0.684s] -- Detecting C compiler ABI info
[1.060s] -- Detecting C compiler ABI info - done
[1.087s] -- Detecting C compile features
[1.088s] -- Detecting C compile features - done
[1.093s] -- Check for working CXX compiler: /usr/bin/c++
[1.511s] -- Check for working CXX compiler: /usr/bin/c++ -- works
[1.514s] -- Detecting CXX compiler ABI info
[1.869s] -- Detecting CXX compiler ABI info - done
[1.903s] -- Detecting CXX compile features
[1.904s] -- Detecting CXX compile features - done
[1.923s] -- Found ament_cmake: 0.9.12 (/opt/ros/foxy/share/ament_cmake/cmake)
[2.110s] -- Found PythonInterp: /usr/bin/python3 (found suitable version "3.8.10", minimum required is "3") 
[2.110s] -- Using PYTHON_EXECUTABLE: /usr/bin/python3
[2.925s] -- Found rclcpp: 2.4.3 (/opt/ros/foxy/share/rclcpp/cmake)
[3.156s] -- Using all available rosidl_typesupport_c: rosidl_typesupport_fastrtps_c;rosidl_typesupport_introspection_c
[3.199s] -- Found rosidl_adapter: 1.3.1 (/opt/ros/foxy/share/rosidl_adapter/cmake)
[3.679s] -- Found OpenSSL: /usr/lib/aarch64-linux-gnu/libcrypto.so (found version "1.1.1f")  
[3.823s] -- Found FastRTPS: /opt/ros/foxy/include  
[4.207s] -- Using all available rosidl_typesupport_cpp: rosidl_typesupport_fastrtps_cpp;rosidl_typesupport_introspection_cpp
[4.475s] -- Found rmw_implementation_cmake: 1.0.4 (/opt/ros/foxy/share/rmw_implementation_cmake/cmake)
[4.495s] -- Using RMW implementation 'rmw_fastrtps_cpp' as default
[4.497s] -- Looking for pthread.h
[4.920s] -- Looking for pthread.h - found
[4.921s] -- Performing Test CMAKE_HAVE_LIBC_PTHREAD
[5.336s] -- Performing Test CMAKE_HAVE_LIBC_PTHREAD - Failed
[5.338s] -- Looking for pthread_create in pthreads
[5.720s] -- Looking for pthread_create in pthreads - not found
[5.721s] -- Looking for pthread_create in pthread
[6.092s] -- Looking for pthread_create in pthread - found
[6.096s] -- Found Threads: TRUE  
[6.757s] -- Found mocap4r2_marker_viz_srvs: 0.0.7 (/home/airlab/seed25/install/mocap4r2_marker_viz_srvs/share/mocap4r2_marker_viz_srvs/cmake)
[6.909s] -- Found mocap4r2_msgs: 0.0.3 (/home/airlab/seed25/install/mocap4r2_msgs/share/mocap4r2_msgs/cmake)
[7.485s] -- Found visualization_msgs: 2.0.5 (/opt/ros/foxy/share/visualization_msgs/cmake)
[7.789s] -- Found ament_lint_auto: 0.9.8 (/opt/ros/foxy/share/ament_lint_auto/cmake)
[8.276s] -- Added test 'cppcheck' to perform static code analysis on C / C++ code
[8.277s] -- Configured cppcheck include dirs: $<BUILD_INTERFACE:/home/airlab/seed25/ros_packages/mocap4r2_ws/src/mocap4r2/mocap4r2_marker_viz/mocap4r2_marker_viz/include>
[8.277s] -- Configured cppcheck exclude dirs and/or files: 
[8.280s] -- Added test 'cpplint' to check C / C++ code against the Google style
[8.280s] -- Configured cpplint exclude dirs and/or files: 
[8.281s] -- Added test 'flake8' to check Python code syntax and style conventions
[8.288s] -- Added test 'lint_cmake' to check CMake code style
[8.289s] -- Added test 'pep257' to check Python code against some of the style conventions in PEP 257
[8.292s] -- Added test 'uncrustify' to check C / C++ code style
[8.292s] -- Configured uncrustify additional arguments: 
[8.304s] -- Added test 'xmllint' to check XML markup files
[8.317s] -- Configuring done
[8.373s] -- Generating done
[8.409s] -- Build files have been written to: /home/airlab/seed25/build/mocap4r2_marker_viz
[8.471s] Invoked command in '/home/airlab/seed25/build/mocap4r2_marker_viz' returned '0': AMENT_PREFIX_PATH=/home/airlab/seed25/install/mocap4r2_msgs:/home/airlab/seed25/install/mocap4r2_marker_viz_srvs:${AMENT_PREFIX_PATH} CMAKE_PREFIX_PATH=/home/airlab/seed25/install/mocap4r2_msgs:/home/airlab/seed25/install/mocap4r2_marker_viz_srvs:/home/airlab/seed25/ros_packages/mocap4r2_ws/install/mocap4r2_robot_gt_msgs:/home/airlab/seed25/ros_packages/mocap4r2_ws/install/mocap4r2_marker_viz:/home/airlab/seed25/ros_packages/mocap4r2_ws/install/mocap4r2_marker_publisher:/home/airlab/seed25/ros_packages/mocap4r2_ws/install/mocap4r2_msgs:/home/airlab/seed25/ros_packages/mocap4r2_ws/install/mocap4r2_marker_viz_srvs:/home/airlab/seed25/ros_packages/mocap4r2_ws/install/mocap4r2_control:/home/airlab/seed25/ros_packages/mocap4r2_ws/install/mocap4r2_control_msgs:/home/airlab/seed25/ros_packages/seed_controller_ws/install/mocap_listener:/home/airlab/seed25/ros_packages/mocap4r2_ws/install/mocap4r2cli:/opt/ros/foxy LD_LIBRARY_PATH=/home/airlab/seed25/install/mocap4r2_msgs/lib:/home/airlab/seed25/install/mocap4r2_marker_viz_srvs/lib:/usr/local/cuda-11.4/lib64:/usr/local/cuda-11.4/lib64:/usr/local/cuda-11.4/lib64:/home/airlab/seed25/ros_packages/mocap4r2_ws/install/mocap4r2_robot_gt_msgs/lib:/home/airlab/seed25/ros_packages/mocap4r2_ws/install/mocap4r2_msgs/lib:/home/airlab/seed25/ros_packages/mocap4r2_ws/install/mocap4r2_marker_viz_srvs/lib:/home/airlab/seed25/ros_packages/mocap4r2_ws/install/mocap4r2_control/lib:/home/airlab/seed25/ros_packages/mocap4r2_ws/install/mocap4r2_control_msgs/lib:/opt/ros/foxy/opt/yaml_cpp_vendor/lib:/opt/ros/foxy/opt/rviz_ogre_vendor/lib:/opt/ros/foxy/lib/aarch64-linux-gnu:/opt/ros/foxy/lib:/usr/local/cuda-11.4/lib64 PYTHONPATH=/home/airlab/seed25/install/mocap4r2_msgs/lib/python3.8/site-packages:/home/airlab/seed25/install/mocap4r2_marker_viz_srvs/lib/python3.8/site-packages:${PYTHONPATH} /usr/bin/cmake /home/airlab/seed25/ros_packages/mocap4r2_ws/src/mocap4r2/mocap4r2_marker_viz/mocap4r2_marker_viz -DCMAKE_INSTALL_PREFIX=/home/airlab/seed25/install/mocap4r2_marker_viz
[8.478s] Invoking command in '/home/airlab/seed25/build/mocap4r2_marker_viz': AMENT_PREFIX_PATH=/home/airlab/seed25/install/mocap4r2_msgs:/home/airlab/seed25/install/mocap4r2_marker_viz_srvs:${AMENT_PREFIX_PATH} CMAKE_PREFIX_PATH=/home/airlab/seed25/install/mocap4r2_msgs:/home/airlab/seed25/install/mocap4r2_marker_viz_srvs:/home/airlab/seed25/ros_packages/mocap4r2_ws/install/mocap4r2_robot_gt_msgs:/home/airlab/seed25/ros_packages/mocap4r2_ws/install/mocap4r2_marker_viz:/home/airlab/seed25/ros_packages/mocap4r2_ws/install/mocap4r2_marker_publisher:/home/airlab/seed25/ros_packages/mocap4r2_ws/install/mocap4r2_msgs:/home/airlab/seed25/ros_packages/mocap4r2_ws/install/mocap4r2_marker_viz_srvs:/home/airlab/seed25/ros_packages/mocap4r2_ws/install/mocap4r2_control:/home/airlab/seed25/ros_packages/mocap4r2_ws/install/mocap4r2_control_msgs:/home/airlab/seed25/ros_packages/seed_controller_ws/install/mocap_listener:/home/airlab/seed25/ros_packages/mocap4r2_ws/install/mocap4r2cli:/opt/ros/foxy LD_LIBRARY_PATH=/home/airlab/seed25/install/mocap4r2_msgs/lib:/home/airlab/seed25/install/mocap4r2_marker_viz_srvs/lib:/usr/local/cuda-11.4/lib64:/usr/local/cuda-11.4/lib64:/usr/local/cuda-11.4/lib64:/home/airlab/seed25/ros_packages/mocap4r2_ws/install/mocap4r2_robot_gt_msgs/lib:/home/airlab/seed25/ros_packages/mocap4r2_ws/install/mocap4r2_msgs/lib:/home/airlab/seed25/ros_packages/mocap4r2_ws/install/mocap4r2_marker_viz_srvs/lib:/home/airlab/seed25/ros_packages/mocap4r2_ws/install/mocap4r2_control/lib:/home/airlab/seed25/ros_packages/mocap4r2_ws/install/mocap4r2_control_msgs/lib:/opt/ros/foxy/opt/yaml_cpp_vendor/lib:/opt/ros/foxy/opt/rviz_ogre_vendor/lib:/opt/ros/foxy/lib/aarch64-linux-gnu:/opt/ros/foxy/lib:/usr/local/cuda-11.4/lib64 PYTHONPATH=/home/airlab/seed25/install/mocap4r2_msgs/lib/python3.8/site-packages:/home/airlab/seed25/install/mocap4r2_marker_viz_srvs/lib/python3.8/site-packages:${PYTHONPATH} /usr/bin/cmake --build /home/airlab/seed25/build/mocap4r2_marker_viz -- -j4 -l4
[8.741s] [35m[1mScanning dependencies of target mocap4r2_marker_viz_NODE[0m
[8.941s] [ 25%] [32mBuilding CXX object CMakeFiles/mocap4r2_marker_viz_NODE.dir/src/mocap4r2_marker_viz_node.cpp.o[0m
[28.368s] [ 50%] [32m[1mLinking CXX static library libmocap4r2_marker_viz_NODE.a[0m
[28.579s] [ 50%] Built target mocap4r2_marker_viz_NODE
[28.605s] [35m[1mScanning dependencies of target mocap4r2_marker_viz[0m
[28.690s] [ 75%] [32mBuilding CXX object CMakeFiles/mocap4r2_marker_viz.dir/src/mocap4r2_marker_viz_main.cpp.o[0m
[33.664s] [100%] [32m[1mLinking CXX executable mocap4r2_marker_viz[0m
[34.418s] [100%] Built target mocap4r2_marker_viz
