[0.061s] Invoking command in '/home/airlab/seed25/build/mocap4r2_msgs': CMAKE_PREFIX_PATH=${CMAKE_PREFIX_PATH}:/home/airlab/seed25/ros_packages/seed_controller_ws/install/mocap_listener:/home/airlab/seed25/ros_packages/mocap4r2_ws/install/mocap4r2cli:/opt/ros/foxy /usr/bin/cmake /home/airlab/seed25/ros_packages/mocap4r2_ws/src/mocap_msgs -DCMAKE_INSTALL_PREFIX=/home/airlab/seed25/install/mocap4r2_msgs
[0.197s] -- The C compiler identification is GNU 9.4.0
[0.310s] -- The CXX compiler identification is GNU 9.4.0
[0.323s] -- Check for working C compiler: /usr/bin/cc
[0.477s] -- Check for working C compiler: /usr/bin/cc -- works
[0.478s] -- Detecting C compiler ABI info
[0.657s] -- Detecting C compiler ABI info - done
[0.682s] -- Detecting C compile features
[0.683s] -- Detecting C compile features - done
[0.689s] -- Check for working CXX compiler: /usr/bin/c++
[0.866s] -- Check for working CXX compiler: /usr/bin/c++ -- works
[0.868s] -- Detecting CXX compiler ABI info
[1.045s] -- Detecting CXX compiler ABI info - done
[1.067s] -- Detecting CXX compile features
[1.068s] -- Detecting CXX compile features - done
[1.074s] -- Found ament_cmake: 0.9.12 (/opt/ros/foxy/share/ament_cmake/cmake)
[1.139s] -- Found PythonInterp: /usr/bin/python3 (found suitable version "3.8.10", minimum required is "3") 
[1.143s] -- Using PYTHON_EXECUTABLE: /usr/bin/python3
[1.670s] -- Found rosidl_default_generators: 1.0.1 (/opt/ros/foxy/share/rosidl_default_generators/cmake)
[1.680s] -- Using all available rosidl_typesupport_c: rosidl_typesupport_fastrtps_c;rosidl_typesupport_introspection_c
[1.696s] -- Found rosidl_adapter: 1.3.1 (/opt/ros/foxy/share/rosidl_adapter/cmake)
[1.917s] -- Found OpenSSL: /usr/lib/aarch64-linux-gnu/libcrypto.so (found version "1.1.1f")  
[1.983s] -- Found FastRTPS: /opt/ros/foxy/include  
[2.159s] -- Using all available rosidl_typesupport_cpp: rosidl_typesupport_fastrtps_cpp;rosidl_typesupport_introspection_cpp
[2.219s] -- Found builtin_interfaces: 1.0.0 (/opt/ros/foxy/share/builtin_interfaces/cmake)
[2.250s] -- Found std_msgs: 2.0.5 (/opt/ros/foxy/share/std_msgs/cmake)
[2.287s] -- Found geometry_msgs: 2.0.5 (/opt/ros/foxy/share/geometry_msgs/cmake)
[2.412s] -- Found PythonInterp: /usr/bin/python3 (found version "3.8.10") 
[2.882s] -- Found ament_cmake_ros: 0.9.2 (/opt/ros/foxy/share/ament_cmake_ros/cmake)
[3.382s] -- Using all available rosidl_typesupport_c: rosidl_typesupport_fastrtps_c;rosidl_typesupport_introspection_c
[3.601s] -- Using all available rosidl_typesupport_cpp: rosidl_typesupport_fastrtps_cpp;rosidl_typesupport_introspection_cpp
[3.673s] -- Found PythonInterp: /usr/bin/python3 (found suitable version "3.8.10", minimum required is "3.5") 
[3.673s] -- Found python_cmake_module: 0.8.1 (/opt/ros/foxy/share/python_cmake_module/cmake)
[3.749s] -- Found PythonLibs: /usr/lib/aarch64-linux-gnu/libpython3.8.so (found suitable version "3.8.10", minimum required is "3.5") 
[3.749s] -- Using PYTHON_EXECUTABLE: /usr/bin/python3
[3.749s] -- Using PYTHON_INCLUDE_DIRS: /usr/include/python3.8
[3.749s] -- Using PYTHON_LIBRARIES: /usr/lib/aarch64-linux-gnu/libpython3.8.so
[3.797s] -- Found PythonExtra: .so  
[3.999s] -- Configuring done
[4.172s] -- Generating done
[4.245s] -- Build files have been written to: /home/airlab/seed25/build/mocap4r2_msgs
[4.285s] Invoked command in '/home/airlab/seed25/build/mocap4r2_msgs' returned '0': CMAKE_PREFIX_PATH=${CMAKE_PREFIX_PATH}:/home/airlab/seed25/ros_packages/seed_controller_ws/install/mocap_listener:/home/airlab/seed25/ros_packages/mocap4r2_ws/install/mocap4r2cli:/opt/ros/foxy /usr/bin/cmake /home/airlab/seed25/ros_packages/mocap4r2_ws/src/mocap_msgs -DCMAKE_INSTALL_PREFIX=/home/airlab/seed25/install/mocap4r2_msgs
[4.287s] Invoking command in '/home/airlab/seed25/build/mocap4r2_msgs': CMAKE_PREFIX_PATH=${CMAKE_PREFIX_PATH}:/home/airlab/seed25/ros_packages/seed_controller_ws/install/mocap_listener:/home/airlab/seed25/ros_packages/mocap4r2_ws/install/mocap4r2cli:/opt/ros/foxy /usr/bin/cmake --build /home/airlab/seed25/build/mocap4r2_msgs -- -j4 -l4
[4.460s] [  1%] [34m[1mGenerating C code for ROS interfaces[0m
[4.477s] [35m[1mScanning dependencies of target mocap4r2_msgs__cpp[0m
[4.563s] [  3%] [34m[1mGenerating C++ code for ROS interfaces[0m
[7.685s] [  3%] Built target mocap4r2_msgs__cpp
[7.760s] [  4%] [34m[1mGenerating C++ introspection for ROS interfaces[0m
[7.936s] [  6%] [34m[1mGenerating C++ type support for eProsima Fast-RTPS[0m
[8.121s] [  7%] [34m[1mGenerating C++ type support dispatch for ROS interfaces[0m
[8.166s] [35m[1mScanning dependencies of target mocap4r2_msgs__rosidl_generator_c[0m
[8.345s] [  9%] [32mBuilding C object CMakeFiles/mocap4r2_msgs__rosidl_generator_c.dir/rosidl_generator_c/mocap4r2_msgs/msg/detail/marker__functions.c.o[0m
[8.810s] [ 11%] [32mBuilding C object CMakeFiles/mocap4r2_msgs__rosidl_generator_c.dir/rosidl_generator_c/mocap4r2_msgs/msg/detail/markers__functions.c.o[0m
[9.268s] [ 12%] [32mBuilding C object CMakeFiles/mocap4r2_msgs__rosidl_generator_c.dir/rosidl_generator_c/mocap4r2_msgs/msg/detail/imus_info__functions.c.o[0m
[9.676s] [ 14%] [32mBuilding C object CMakeFiles/mocap4r2_msgs__rosidl_generator_c.dir/rosidl_generator_c/mocap4r2_msgs/msg/detail/rigid_body__functions.c.o[0m
[10.184s] [ 15%] [32mBuilding C object CMakeFiles/mocap4r2_msgs__rosidl_generator_c.dir/rosidl_generator_c/mocap4r2_msgs/msg/detail/rigid_bodies__functions.c.o[0m
[10.686s] [ 17%] [32m[1mLinking C shared library libmocap4r2_msgs__rosidl_generator_c.so[0m
[11.125s] [ 17%] Built target mocap4r2_msgs__rosidl_generator_c
[11.372s] [ 19%] [34m[1mGenerating C introspection for ROS interfaces[0m
[11.404s] [35m[1mScanning dependencies of target mocap4r2_msgs__rosidl_typesupport_cpp[0m
[11.475s] [35m[1mScanning dependencies of target mocap4r2_msgs__rosidl_typesupport_introspection_cpp[0m
[11.576s] [ 20%] [32mBuilding CXX object CMakeFiles/mocap4r2_msgs__rosidl_typesupport_cpp.dir/rosidl_typesupport_cpp/mocap4r2_msgs/msg/marker__type_support.cpp.o[0m
[11.602s] [ 22%] [32mBuilding CXX object CMakeFiles/mocap4r2_msgs__rosidl_typesupport_introspection_cpp.dir/rosidl_typesupport_introspection_cpp/mocap4r2_msgs/msg/detail/marker__type_support.cpp.o[0m
[12.156s] [35m[1mScanning dependencies of target mocap4r2_msgs__rosidl_typesupport_fastrtps_cpp[0m
[12.303s] [ 23%] [32mBuilding CXX object CMakeFiles/mocap4r2_msgs__rosidl_typesupport_fastrtps_cpp.dir/rosidl_typesupport_fastrtps_cpp/mocap4r2_msgs/msg/detail/dds_fastrtps/marker__type_support.cpp.o[0m
[13.808s] [ 25%] [32mBuilding CXX object CMakeFiles/mocap4r2_msgs__rosidl_typesupport_cpp.dir/rosidl_typesupport_cpp/mocap4r2_msgs/msg/markers__type_support.cpp.o[0m
[13.895s] [ 26%] [32mBuilding CXX object CMakeFiles/mocap4r2_msgs__rosidl_typesupport_introspection_cpp.dir/rosidl_typesupport_introspection_cpp/mocap4r2_msgs/msg/detail/markers__type_support.cpp.o[0m
[14.298s] [35m[1mScanning dependencies of target mocap4r2_msgs__rosidl_typesupport_introspection_c[0m
[14.453s] [ 28%] [32mBuilding C object CMakeFiles/mocap4r2_msgs__rosidl_typesupport_introspection_c.dir/rosidl_typesupport_introspection_c/mocap4r2_msgs/msg/detail/marker__type_support.c.o[0m
[14.697s] [ 30%] [32mBuilding C object CMakeFiles/mocap4r2_msgs__rosidl_typesupport_introspection_c.dir/rosidl_typesupport_introspection_c/mocap4r2_msgs/msg/detail/markers__type_support.c.o[0m
[14.902s] [ 31%] [32mBuilding C object CMakeFiles/mocap4r2_msgs__rosidl_typesupport_introspection_c.dir/rosidl_typesupport_introspection_c/mocap4r2_msgs/msg/detail/imus_info__type_support.c.o[0m
[15.081s] [ 33%] [32mBuilding C object CMakeFiles/mocap4r2_msgs__rosidl_typesupport_introspection_c.dir/rosidl_typesupport_introspection_c/mocap4r2_msgs/msg/detail/rigid_body__type_support.c.o[0m
[15.351s] [ 34%] [32mBuilding C object CMakeFiles/mocap4r2_msgs__rosidl_typesupport_introspection_c.dir/rosidl_typesupport_introspection_c/mocap4r2_msgs/msg/detail/rigid_bodies__type_support.c.o[0m
[15.404s] [ 36%] [32mBuilding CXX object CMakeFiles/mocap4r2_msgs__rosidl_typesupport_cpp.dir/rosidl_typesupport_cpp/mocap4r2_msgs/msg/imus_info__type_support.cpp.o[0m
[15.433s] [ 38%] [32mBuilding CXX object CMakeFiles/mocap4r2_msgs__rosidl_typesupport_fastrtps_cpp.dir/rosidl_typesupport_fastrtps_cpp/mocap4r2_msgs/msg/detail/dds_fastrtps/markers__type_support.cpp.o[0m
[15.578s] [ 39%] [32m[1mLinking C shared library libmocap4r2_msgs__rosidl_typesupport_introspection_c.so[0m
[15.770s] [ 39%] Built target mocap4r2_msgs__rosidl_typesupport_introspection_c
[15.816s] [ 41%] [34m[1mGenerating C type support dispatch for ROS interfaces[0m
[16.153s] [ 42%] [32mBuilding CXX object CMakeFiles/mocap4r2_msgs__rosidl_typesupport_introspection_cpp.dir/rosidl_typesupport_introspection_cpp/mocap4r2_msgs/msg/detail/imus_info__type_support.cpp.o[0m
[16.787s] [ 44%] [32mBuilding CXX object CMakeFiles/mocap4r2_msgs__rosidl_typesupport_cpp.dir/rosidl_typesupport_cpp/mocap4r2_msgs/msg/rigid_body__type_support.cpp.o[0m
[17.206s] [35m[1mScanning dependencies of target mocap4r2_msgs__rosidl_typesupport_c[0m
[17.281s] [ 46%] [32mBuilding CXX object CMakeFiles/mocap4r2_msgs__rosidl_typesupport_fastrtps_cpp.dir/rosidl_typesupport_fastrtps_cpp/mocap4r2_msgs/msg/detail/dds_fastrtps/imus_info__type_support.cpp.o[0m
[17.310s] [ 47%] [32mBuilding CXX object CMakeFiles/mocap4r2_msgs__rosidl_typesupport_c.dir/rosidl_typesupport_c/mocap4r2_msgs/msg/marker__type_support.cpp.o[0m
[17.494s] [ 49%] [32mBuilding CXX object CMakeFiles/mocap4r2_msgs__rosidl_typesupport_c.dir/rosidl_typesupport_c/mocap4r2_msgs/msg/markers__type_support.cpp.o[0m
[17.692s] [ 50%] [32mBuilding CXX object CMakeFiles/mocap4r2_msgs__rosidl_typesupport_c.dir/rosidl_typesupport_c/mocap4r2_msgs/msg/imus_info__type_support.cpp.o[0m
[17.810s] [ 52%] [32mBuilding CXX object CMakeFiles/mocap4r2_msgs__rosidl_typesupport_introspection_cpp.dir/rosidl_typesupport_introspection_cpp/mocap4r2_msgs/msg/detail/rigid_body__type_support.cpp.o[0m
[17.917s] [ 53%] [32mBuilding CXX object CMakeFiles/mocap4r2_msgs__rosidl_typesupport_c.dir/rosidl_typesupport_c/mocap4r2_msgs/msg/rigid_body__type_support.cpp.o[0m
[18.112s] [ 55%] [32mBuilding CXX object CMakeFiles/mocap4r2_msgs__rosidl_typesupport_c.dir/rosidl_typesupport_c/mocap4r2_msgs/msg/rigid_bodies__type_support.cpp.o[0m
[18.297s] [ 57%] [32m[1mLinking CXX shared library libmocap4r2_msgs__rosidl_typesupport_c.so[0m
[18.371s] [ 58%] [32mBuilding CXX object CMakeFiles/mocap4r2_msgs__rosidl_typesupport_cpp.dir/rosidl_typesupport_cpp/mocap4r2_msgs/msg/rigid_bodies__type_support.cpp.o[0m
[18.538s] [ 58%] Built target mocap4r2_msgs__rosidl_typesupport_c
[18.655s] [ 60%] [32mBuilding CXX object CMakeFiles/mocap4r2_msgs__rosidl_typesupport_introspection_cpp.dir/rosidl_typesupport_introspection_cpp/mocap4r2_msgs/msg/detail/rigid_bodies__type_support.cpp.o[0m
[19.531s] [ 61%] [32mBuilding CXX object CMakeFiles/mocap4r2_msgs__rosidl_typesupport_fastrtps_cpp.dir/rosidl_typesupport_fastrtps_cpp/mocap4r2_msgs/msg/detail/dds_fastrtps/rigid_body__type_support.cpp.o[0m
[19.694s] [ 63%] [32mBuilding CXX object CMakeFiles/mocap4r2_msgs__rosidl_typesupport_fastrtps_cpp.dir/rosidl_typesupport_fastrtps_cpp/mocap4r2_msgs/msg/detail/dds_fastrtps/rigid_bodies__type_support.cpp.o[0m
[19.887s] [ 65%] [32m[1mLinking CXX shared library libmocap4r2_msgs__rosidl_typesupport_cpp.so[0m
[20.145s] [ 65%] Built target mocap4r2_msgs__rosidl_typesupport_cpp
[20.299s] [ 66%] [32m[1mLinking CXX shared library libmocap4r2_msgs__rosidl_typesupport_introspection_cpp.so[0m
[20.578s] [ 66%] Built target mocap4r2_msgs__rosidl_typesupport_introspection_cpp
[21.326s] [ 68%] [32m[1mLinking CXX shared library libmocap4r2_msgs__rosidl_typesupport_fastrtps_cpp.so[0m
[21.572s] [ 68%] Built target mocap4r2_msgs__rosidl_typesupport_fastrtps_cpp
[21.599s] [ 69%] [34m[1mGenerating C type support for eProsima Fast-RTPS[0m
[22.641s] [35m[1mScanning dependencies of target mocap4r2_msgs__rosidl_typesupport_fastrtps_c[0m
[22.688s] [ 73%] [32mBuilding CXX object CMakeFiles/mocap4r2_msgs__rosidl_typesupport_fastrtps_c.dir/rosidl_typesupport_fastrtps_c/mocap4r2_msgs/msg/detail/markers__type_support_c.cpp.o[0m
[22.688s] [ 73%] [32mBuilding CXX object CMakeFiles/mocap4r2_msgs__rosidl_typesupport_fastrtps_c.dir/rosidl_typesupport_fastrtps_c/mocap4r2_msgs/msg/detail/marker__type_support_c.cpp.o[0m
[22.707s] [ 74%] [32mBuilding CXX object CMakeFiles/mocap4r2_msgs__rosidl_typesupport_fastrtps_c.dir/rosidl_typesupport_fastrtps_c/mocap4r2_msgs/msg/detail/rigid_body__type_support_c.cpp.o[0m
[22.708s] [ 76%] [32mBuilding CXX object CMakeFiles/mocap4r2_msgs__rosidl_typesupport_fastrtps_c.dir/rosidl_typesupport_fastrtps_c/mocap4r2_msgs/msg/detail/imus_info__type_support_c.cpp.o[0m
[24.242s] [ 77%] [32mBuilding CXX object CMakeFiles/mocap4r2_msgs__rosidl_typesupport_fastrtps_c.dir/rosidl_typesupport_fastrtps_c/mocap4r2_msgs/msg/detail/rigid_bodies__type_support_c.cpp.o[0m
[25.168s] [ 79%] [32m[1mLinking CXX shared library libmocap4r2_msgs__rosidl_typesupport_fastrtps_c.so[0m
[25.361s] [ 79%] Built target mocap4r2_msgs__rosidl_typesupport_fastrtps_c
[25.387s] [35m[1mScanning dependencies of target mocap4r2_msgs[0m
[25.413s] [ 79%] Built target mocap4r2_msgs
[25.439s] [35m[1mScanning dependencies of target mocap4r2_msgs__py[0m
[25.467s] [ 80%] [34m[1mGenerating Python code for ROS interfaces[0m
[27.057s] [ 80%] Built target mocap4r2_msgs__py
[27.081s] [35m[1mScanning dependencies of target mocap4r2_msgs__python[0m
[27.135s] [ 82%] [32mBuilding C object CMakeFiles/mocap4r2_msgs__python.dir/rosidl_generator_py/mocap4r2_msgs/msg/_marker_s.c.o[0m
[27.136s] [ 84%] [32mBuilding C object CMakeFiles/mocap4r2_msgs__python.dir/rosidl_generator_py/mocap4r2_msgs/msg/_rigid_body_s.c.o[0m
[27.140s] [ 85%] [32mBuilding C object CMakeFiles/mocap4r2_msgs__python.dir/rosidl_generator_py/mocap4r2_msgs/msg/_markers_s.c.o[0m
[27.147s] [ 87%] [32mBuilding C object CMakeFiles/mocap4r2_msgs__python.dir/rosidl_generator_py/mocap4r2_msgs/msg/_imus_info_s.c.o[0m
[27.360s] [ 88%] [32mBuilding C object CMakeFiles/mocap4r2_msgs__python.dir/rosidl_generator_py/mocap4r2_msgs/msg/_rigid_bodies_s.c.o[0m
[27.556s] [ 90%] [32m[1mLinking C shared library rosidl_generator_py/mocap4r2_msgs/libmocap4r2_msgs__python.so[0m
[27.649s] [ 90%] Built target mocap4r2_msgs__python
[27.672s] [35m[1mScanning dependencies of target mocap4r2_msgs__rosidl_typesupport_introspection_c__pyext[0m
[27.673s] [35m[1mScanning dependencies of target mocap4r2_msgs__rosidl_typesupport_c__pyext[0m
[27.673s] [35m[1mScanning dependencies of target mocap4r2_msgs__rosidl_typesupport_fastrtps_c__pyext[0m
[27.720s] [ 93%] [32mBuilding C object CMakeFiles/mocap4r2_msgs__rosidl_typesupport_introspection_c__pyext.dir/rosidl_generator_py/mocap4r2_msgs/_mocap4r2_msgs_s.ep.rosidl_typesupport_introspection_c.c.o[0m
[27.720s] [ 93%] [32mBuilding C object CMakeFiles/mocap4r2_msgs__rosidl_typesupport_c__pyext.dir/rosidl_generator_py/mocap4r2_msgs/_mocap4r2_msgs_s.ep.rosidl_typesupport_c.c.o[0m
[27.723s] [ 95%] [32mBuilding C object CMakeFiles/mocap4r2_msgs__rosidl_typesupport_fastrtps_c__pyext.dir/rosidl_generator_py/mocap4r2_msgs/_mocap4r2_msgs_s.ep.rosidl_typesupport_fastrtps_c.c.o[0m
[27.924s] [ 96%] [32m[1mLinking C shared library rosidl_generator_py/mocap4r2_msgs/mocap4r2_msgs_s__rosidl_typesupport_introspection_c.cpython-38-aarch64-linux-gnu.so[0m
[27.930s] [ 98%] [32m[1mLinking C shared library rosidl_generator_py/mocap4r2_msgs/mocap4r2_msgs_s__rosidl_typesupport_c.cpython-38-aarch64-linux-gnu.so[0m
[27.933s] [100%] [32m[1mLinking CXX shared library rosidl_generator_py/mocap4r2_msgs/mocap4r2_msgs_s__rosidl_typesupport_fastrtps_c.cpython-38-aarch64-linux-gnu.so[0m
[28.012s] [100%] Built target mocap4r2_msgs__rosidl_typesupport_introspection_c__pyext
[28.017s] [100%] Built target mocap4r2_msgs__rosidl_typesupport_c__pyext
[28.077s] [100%] Built target mocap4r2_msgs__rosidl_typesupport_fastrtps_c__pyext
[28.103s] Invoked command in '/home/airlab/seed25/build/mocap4r2_msgs' returned '0': CMAKE_PREFIX_PATH=${CMAKE_PREFIX_PATH}:/home/airlab/seed25/ros_packages/seed_controller_ws/install/mocap_listener:/home/airlab/seed25/ros_packages/mocap4r2_ws/install/mocap4r2cli:/opt/ros/foxy /usr/bin/cmake --build /home/airlab/seed25/build/mocap4r2_msgs -- -j4 -l4
[28.108s] Invoking command in '/home/airlab/seed25/build/mocap4r2_msgs': CMAKE_PREFIX_PATH=${CMAKE_PREFIX_PATH}:/home/airlab/seed25/ros_packages/seed_controller_ws/install/mocap_listener:/home/airlab/seed25/ros_packages/mocap4r2_ws/install/mocap4r2cli:/opt/ros/foxy /usr/bin/cmake --install /home/airlab/seed25/build/mocap4r2_msgs
[28.132s] -- Install configuration: ""
[28.133s] -- Installing: /home/airlab/seed25/install/mocap4r2_msgs/share/ament_index/resource_index/rosidl_interfaces/mocap4r2_msgs
[28.133s] -- Installing: /home/airlab/seed25/install/mocap4r2_msgs/include/mocap4r2_msgs
[28.133s] -- Installing: /home/airlab/seed25/install/mocap4r2_msgs/include/mocap4r2_msgs/msg
[28.133s] -- Installing: /home/airlab/seed25/install/mocap4r2_msgs/include/mocap4r2_msgs/msg/markers.h
[28.134s] -- Installing: /home/airlab/seed25/install/mocap4r2_msgs/include/mocap4r2_msgs/msg/detail
[28.134s] -- Installing: /home/airlab/seed25/install/mocap4r2_msgs/include/mocap4r2_msgs/msg/detail/rigid_bodies__struct.h
[28.134s] -- Installing: /home/airlab/seed25/install/mocap4r2_msgs/include/mocap4r2_msgs/msg/detail/rigid_body__functions.c
[28.134s] -- Installing: /home/airlab/seed25/install/mocap4r2_msgs/include/mocap4r2_msgs/msg/detail/rigid_body__struct.h
[28.134s] -- Installing: /home/airlab/seed25/install/mocap4r2_msgs/include/mocap4r2_msgs/msg/detail/rigid_bodies__functions.h
[28.135s] -- Installing: /home/airlab/seed25/install/mocap4r2_msgs/include/mocap4r2_msgs/msg/detail/rigid_body__type_support.h
[28.135s] -- Installing: /home/airlab/seed25/install/mocap4r2_msgs/include/mocap4r2_msgs/msg/detail/imus_info__functions.c
[28.135s] -- Installing: /home/airlab/seed25/install/mocap4r2_msgs/include/mocap4r2_msgs/msg/detail/marker__functions.h
[28.135s] -- Installing: /home/airlab/seed25/install/mocap4r2_msgs/include/mocap4r2_msgs/msg/detail/markers__struct.h
[28.136s] -- Installing: /home/airlab/seed25/install/mocap4r2_msgs/include/mocap4r2_msgs/msg/detail/markers__functions.h
[28.136s] -- Installing: /home/airlab/seed25/install/mocap4r2_msgs/include/mocap4r2_msgs/msg/detail/rigid_body__functions.h
[28.136s] -- Installing: /home/airlab/seed25/install/mocap4r2_msgs/include/mocap4r2_msgs/msg/detail/marker__struct.h
[28.136s] -- Installing: /home/airlab/seed25/install/mocap4r2_msgs/include/mocap4r2_msgs/msg/detail/marker__functions.c
[28.136s] -- Installing: /home/airlab/seed25/install/mocap4r2_msgs/include/mocap4r2_msgs/msg/detail/rigid_bodies__type_support.h
[28.137s] -- Installing: /home/airlab/seed25/install/mocap4r2_msgs/include/mocap4r2_msgs/msg/detail/markers__functions.c
[28.137s] -- Installing: /home/airlab/seed25/install/mocap4r2_msgs/include/mocap4r2_msgs/msg/detail/imus_info__struct.h
[28.137s] -- Installing: /home/airlab/seed25/install/mocap4r2_msgs/include/mocap4r2_msgs/msg/detail/markers__type_support.h
[28.137s] -- Installing: /home/airlab/seed25/install/mocap4r2_msgs/include/mocap4r2_msgs/msg/detail/rigid_bodies__functions.c
[28.138s] -- Installing: /home/airlab/seed25/install/mocap4r2_msgs/include/mocap4r2_msgs/msg/detail/marker__type_support.h
[28.138s] -- Installing: /home/airlab/seed25/install/mocap4r2_msgs/include/mocap4r2_msgs/msg/detail/imus_info__functions.h
[28.138s] -- Installing: /home/airlab/seed25/install/mocap4r2_msgs/include/mocap4r2_msgs/msg/detail/imus_info__type_support.h
[28.138s] -- Installing: /home/airlab/seed25/install/mocap4r2_msgs/include/mocap4r2_msgs/msg/rosidl_generator_c__visibility_control.h
[28.138s] -- Installing: /home/airlab/seed25/install/mocap4r2_msgs/include/mocap4r2_msgs/msg/marker.h
[28.139s] -- Installing: /home/airlab/seed25/install/mocap4r2_msgs/include/mocap4r2_msgs/msg/rigid_body.h
[28.139s] -- Installing: /home/airlab/seed25/install/mocap4r2_msgs/include/mocap4r2_msgs/msg/rigid_bodies.h
[28.139s] -- Installing: /home/airlab/seed25/install/mocap4r2_msgs/include/mocap4r2_msgs/msg/imus_info.h
[28.139s] -- Installing: /home/airlab/seed25/install/mocap4r2_msgs/share/mocap4r2_msgs/environment/library_path.sh
[28.140s] -- Installing: /home/airlab/seed25/install/mocap4r2_msgs/share/mocap4r2_msgs/environment/library_path.dsv
[28.140s] -- Installing: /home/airlab/seed25/install/mocap4r2_msgs/lib/libmocap4r2_msgs__rosidl_generator_c.so
[28.141s] -- Set runtime path of "/home/airlab/seed25/install/mocap4r2_msgs/lib/libmocap4r2_msgs__rosidl_generator_c.so" to ""
[28.141s] -- Up-to-date: /home/airlab/seed25/install/mocap4r2_msgs/include/mocap4r2_msgs
[28.141s] -- Up-to-date: /home/airlab/seed25/install/mocap4r2_msgs/include/mocap4r2_msgs/msg
[28.142s] -- Up-to-date: /home/airlab/seed25/install/mocap4r2_msgs/include/mocap4r2_msgs/msg/detail
[28.142s] -- Installing: /home/airlab/seed25/install/mocap4r2_msgs/include/mocap4r2_msgs/msg/detail/imus_info__rosidl_typesupport_fastrtps_c.h
[28.142s] -- Installing: /home/airlab/seed25/install/mocap4r2_msgs/include/mocap4r2_msgs/msg/detail/rigid_bodies__rosidl_typesupport_fastrtps_c.h
[28.142s] -- Installing: /home/airlab/seed25/install/mocap4r2_msgs/include/mocap4r2_msgs/msg/detail/rigid_body__rosidl_typesupport_fastrtps_c.h
[28.142s] -- Installing: /home/airlab/seed25/install/mocap4r2_msgs/include/mocap4r2_msgs/msg/detail/marker__rosidl_typesupport_fastrtps_c.h
[28.142s] -- Installing: /home/airlab/seed25/install/mocap4r2_msgs/include/mocap4r2_msgs/msg/detail/markers__rosidl_typesupport_fastrtps_c.h
[28.143s] -- Installing: /home/airlab/seed25/install/mocap4r2_msgs/include/mocap4r2_msgs/msg/rosidl_typesupport_fastrtps_c__visibility_control.h
[28.143s] -- Installing: /home/airlab/seed25/install/mocap4r2_msgs/lib/libmocap4r2_msgs__rosidl_typesupport_fastrtps_c.so
[28.144s] -- Set runtime path of "/home/airlab/seed25/install/mocap4r2_msgs/lib/libmocap4r2_msgs__rosidl_typesupport_fastrtps_c.so" to ""
[28.144s] -- Up-to-date: /home/airlab/seed25/install/mocap4r2_msgs/include/mocap4r2_msgs
[28.144s] -- Up-to-date: /home/airlab/seed25/install/mocap4r2_msgs/include/mocap4r2_msgs/msg
[28.144s] -- Installing: /home/airlab/seed25/install/mocap4r2_msgs/include/mocap4r2_msgs/msg/rosidl_typesupport_fastrtps_cpp__visibility_control.h
[28.145s] -- Up-to-date: /home/airlab/seed25/install/mocap4r2_msgs/include/mocap4r2_msgs/msg/detail
[28.145s] -- Installing: /home/airlab/seed25/install/mocap4r2_msgs/include/mocap4r2_msgs/msg/detail/rigid_body__rosidl_typesupport_fastrtps_cpp.hpp
[28.145s] -- Installing: /home/airlab/seed25/install/mocap4r2_msgs/include/mocap4r2_msgs/msg/detail/dds_fastrtps
[28.145s] -- Installing: /home/airlab/seed25/install/mocap4r2_msgs/include/mocap4r2_msgs/msg/detail/rigid_bodies__rosidl_typesupport_fastrtps_cpp.hpp
[28.145s] -- Installing: /home/airlab/seed25/install/mocap4r2_msgs/include/mocap4r2_msgs/msg/detail/imus_info__rosidl_typesupport_fastrtps_cpp.hpp
[28.146s] -- Installing: /home/airlab/seed25/install/mocap4r2_msgs/include/mocap4r2_msgs/msg/detail/marker__rosidl_typesupport_fastrtps_cpp.hpp
[28.146s] -- Installing: /home/airlab/seed25/install/mocap4r2_msgs/include/mocap4r2_msgs/msg/detail/markers__rosidl_typesupport_fastrtps_cpp.hpp
[28.146s] -- Installing: /home/airlab/seed25/install/mocap4r2_msgs/lib/libmocap4r2_msgs__rosidl_typesupport_fastrtps_cpp.so
[28.147s] -- Set runtime path of "/home/airlab/seed25/install/mocap4r2_msgs/lib/libmocap4r2_msgs__rosidl_typesupport_fastrtps_cpp.so" to ""
[28.147s] -- Up-to-date: /home/airlab/seed25/install/mocap4r2_msgs/include/mocap4r2_msgs
[28.148s] -- Up-to-date: /home/airlab/seed25/install/mocap4r2_msgs/include/mocap4r2_msgs/msg
[28.148s] -- Up-to-date: /home/airlab/seed25/install/mocap4r2_msgs/include/mocap4r2_msgs/msg/detail
[28.148s] -- Installing: /home/airlab/seed25/install/mocap4r2_msgs/include/mocap4r2_msgs/msg/detail/rigid_bodies__type_support.c
[28.148s] -- Installing: /home/airlab/seed25/install/mocap4r2_msgs/include/mocap4r2_msgs/msg/detail/markers__rosidl_typesupport_introspection_c.h
[28.148s] -- Installing: /home/airlab/seed25/install/mocap4r2_msgs/include/mocap4r2_msgs/msg/detail/rigid_bodies__rosidl_typesupport_introspection_c.h
[28.148s] -- Installing: /home/airlab/seed25/install/mocap4r2_msgs/include/mocap4r2_msgs/msg/detail/rigid_body__type_support.c
[28.149s] -- Installing: /home/airlab/seed25/install/mocap4r2_msgs/include/mocap4r2_msgs/msg/detail/marker__type_support.c
[28.149s] -- Installing: /home/airlab/seed25/install/mocap4r2_msgs/include/mocap4r2_msgs/msg/detail/markers__type_support.c
[28.149s] -- Installing: /home/airlab/seed25/install/mocap4r2_msgs/include/mocap4r2_msgs/msg/detail/imus_info__type_support.c
[28.149s] -- Installing: /home/airlab/seed25/install/mocap4r2_msgs/include/mocap4r2_msgs/msg/detail/rigid_body__rosidl_typesupport_introspection_c.h
[28.149s] -- Installing: /home/airlab/seed25/install/mocap4r2_msgs/include/mocap4r2_msgs/msg/detail/imus_info__rosidl_typesupport_introspection_c.h
[28.150s] -- Installing: /home/airlab/seed25/install/mocap4r2_msgs/include/mocap4r2_msgs/msg/detail/marker__rosidl_typesupport_introspection_c.h
[28.150s] -- Installing: /home/airlab/seed25/install/mocap4r2_msgs/include/mocap4r2_msgs/msg/rosidl_typesupport_introspection_c__visibility_control.h
[28.150s] -- Installing: /home/airlab/seed25/install/mocap4r2_msgs/lib/libmocap4r2_msgs__rosidl_typesupport_introspection_c.so
[28.151s] -- Set runtime path of "/home/airlab/seed25/install/mocap4r2_msgs/lib/libmocap4r2_msgs__rosidl_typesupport_introspection_c.so" to ""
[28.151s] -- Installing: /home/airlab/seed25/install/mocap4r2_msgs/lib/libmocap4r2_msgs__rosidl_typesupport_c.so
[28.152s] -- Set runtime path of "/home/airlab/seed25/install/mocap4r2_msgs/lib/libmocap4r2_msgs__rosidl_typesupport_c.so" to ""
[28.152s] -- Up-to-date: /home/airlab/seed25/install/mocap4r2_msgs/include/mocap4r2_msgs
[28.152s] -- Up-to-date: /home/airlab/seed25/install/mocap4r2_msgs/include/mocap4r2_msgs/msg
[28.152s] -- Installing: /home/airlab/seed25/install/mocap4r2_msgs/include/mocap4r2_msgs/msg/rigid_bodies.hpp
[28.153s] -- Installing: /home/airlab/seed25/install/mocap4r2_msgs/include/mocap4r2_msgs/msg/rosidl_generator_cpp__visibility_control.hpp
[28.153s] -- Installing: /home/airlab/seed25/install/mocap4r2_msgs/include/mocap4r2_msgs/msg/markers.hpp
[28.153s] -- Up-to-date: /home/airlab/seed25/install/mocap4r2_msgs/include/mocap4r2_msgs/msg/detail
[28.153s] -- Installing: /home/airlab/seed25/install/mocap4r2_msgs/include/mocap4r2_msgs/msg/detail/imus_info__type_support.hpp
[28.153s] -- Installing: /home/airlab/seed25/install/mocap4r2_msgs/include/mocap4r2_msgs/msg/detail/rigid_body__builder.hpp
[28.154s] -- Installing: /home/airlab/seed25/install/mocap4r2_msgs/include/mocap4r2_msgs/msg/detail/rigid_body__traits.hpp
[28.154s] -- Installing: /home/airlab/seed25/install/mocap4r2_msgs/include/mocap4r2_msgs/msg/detail/rigid_body__struct.hpp
[28.154s] -- Installing: /home/airlab/seed25/install/mocap4r2_msgs/include/mocap4r2_msgs/msg/detail/marker__traits.hpp
[28.154s] -- Installing: /home/airlab/seed25/install/mocap4r2_msgs/include/mocap4r2_msgs/msg/detail/rigid_bodies__builder.hpp
[28.155s] -- Installing: /home/airlab/seed25/install/mocap4r2_msgs/include/mocap4r2_msgs/msg/detail/markers__builder.hpp
[28.155s] -- Installing: /home/airlab/seed25/install/mocap4r2_msgs/include/mocap4r2_msgs/msg/detail/markers__struct.hpp
[28.155s] -- Installing: /home/airlab/seed25/install/mocap4r2_msgs/include/mocap4r2_msgs/msg/detail/markers__type_support.hpp
[28.155s] -- Installing: /home/airlab/seed25/install/mocap4r2_msgs/include/mocap4r2_msgs/msg/detail/markers__traits.hpp
[28.155s] -- Installing: /home/airlab/seed25/install/mocap4r2_msgs/include/mocap4r2_msgs/msg/detail/rigid_bodies__struct.hpp
[28.156s] -- Installing: /home/airlab/seed25/install/mocap4r2_msgs/include/mocap4r2_msgs/msg/detail/rigid_bodies__type_support.hpp
[28.156s] -- Installing: /home/airlab/seed25/install/mocap4r2_msgs/include/mocap4r2_msgs/msg/detail/rigid_body__type_support.hpp
[28.156s] -- Installing: /home/airlab/seed25/install/mocap4r2_msgs/include/mocap4r2_msgs/msg/detail/imus_info__traits.hpp
[28.156s] -- Installing: /home/airlab/seed25/install/mocap4r2_msgs/include/mocap4r2_msgs/msg/detail/rigid_bodies__traits.hpp
[28.157s] -- Installing: /home/airlab/seed25/install/mocap4r2_msgs/include/mocap4r2_msgs/msg/detail/imus_info__builder.hpp
[28.157s] -- Installing: /home/airlab/seed25/install/mocap4r2_msgs/include/mocap4r2_msgs/msg/detail/marker__struct.hpp
[28.157s] -- Installing: /home/airlab/seed25/install/mocap4r2_msgs/include/mocap4r2_msgs/msg/detail/marker__builder.hpp
[28.157s] -- Installing: /home/airlab/seed25/install/mocap4r2_msgs/include/mocap4r2_msgs/msg/detail/marker__type_support.hpp
[28.158s] -- Installing: /home/airlab/seed25/install/mocap4r2_msgs/include/mocap4r2_msgs/msg/detail/imus_info__struct.hpp
[28.158s] -- Installing: /home/airlab/seed25/install/mocap4r2_msgs/include/mocap4r2_msgs/msg/rigid_body.hpp
[28.158s] -- Installing: /home/airlab/seed25/install/mocap4r2_msgs/include/mocap4r2_msgs/msg/marker.hpp
[28.158s] -- Installing: /home/airlab/seed25/install/mocap4r2_msgs/include/mocap4r2_msgs/msg/imus_info.hpp
[28.159s] -- Up-to-date: /home/airlab/seed25/install/mocap4r2_msgs/include/mocap4r2_msgs
[28.159s] -- Up-to-date: /home/airlab/seed25/install/mocap4r2_msgs/include/mocap4r2_msgs/msg
[28.159s] -- Up-to-date: /home/airlab/seed25/install/mocap4r2_msgs/include/mocap4r2_msgs/msg/detail
[28.159s] -- Installing: /home/airlab/seed25/install/mocap4r2_msgs/include/mocap4r2_msgs/msg/detail/rigid_bodies__rosidl_typesupport_introspection_cpp.hpp
[28.159s] -- Installing: /home/airlab/seed25/install/mocap4r2_msgs/include/mocap4r2_msgs/msg/detail/marker__type_support.cpp
[28.159s] -- Installing: /home/airlab/seed25/install/mocap4r2_msgs/include/mocap4r2_msgs/msg/detail/imus_info__type_support.cpp
[28.160s] -- Installing: /home/airlab/seed25/install/mocap4r2_msgs/include/mocap4r2_msgs/msg/detail/rigid_bodies__type_support.cpp
[28.160s] -- Installing: /home/airlab/seed25/install/mocap4r2_msgs/include/mocap4r2_msgs/msg/detail/markers__rosidl_typesupport_introspection_cpp.hpp
[28.160s] -- Installing: /home/airlab/seed25/install/mocap4r2_msgs/include/mocap4r2_msgs/msg/detail/imus_info__rosidl_typesupport_introspection_cpp.hpp
[28.160s] -- Installing: /home/airlab/seed25/install/mocap4r2_msgs/include/mocap4r2_msgs/msg/detail/markers__type_support.cpp
[28.160s] -- Installing: /home/airlab/seed25/install/mocap4r2_msgs/include/mocap4r2_msgs/msg/detail/rigid_body__type_support.cpp
[28.161s] -- Installing: /home/airlab/seed25/install/mocap4r2_msgs/include/mocap4r2_msgs/msg/detail/marker__rosidl_typesupport_introspection_cpp.hpp
[28.161s] -- Installing: /home/airlab/seed25/install/mocap4r2_msgs/include/mocap4r2_msgs/msg/detail/rigid_body__rosidl_typesupport_introspection_cpp.hpp
[28.161s] -- Installing: /home/airlab/seed25/install/mocap4r2_msgs/lib/libmocap4r2_msgs__rosidl_typesupport_introspection_cpp.so
[28.162s] -- Set runtime path of "/home/airlab/seed25/install/mocap4r2_msgs/lib/libmocap4r2_msgs__rosidl_typesupport_introspection_cpp.so" to ""
[28.162s] -- Installing: /home/airlab/seed25/install/mocap4r2_msgs/lib/libmocap4r2_msgs__rosidl_typesupport_cpp.so
[28.163s] -- Set runtime path of "/home/airlab/seed25/install/mocap4r2_msgs/lib/libmocap4r2_msgs__rosidl_typesupport_cpp.so" to ""
[28.163s] -- Installing: /home/airlab/seed25/install/mocap4r2_msgs/share/mocap4r2_msgs/environment/pythonpath.sh
[28.164s] -- Installing: /home/airlab/seed25/install/mocap4r2_msgs/share/mocap4r2_msgs/environment/pythonpath.dsv
[28.164s] -- Installing: /home/airlab/seed25/install/mocap4r2_msgs/lib/python3.8/site-packages/mocap4r2_msgs/__init__.py
[28.233s] Compiling '/home/airlab/seed25/install/mocap4r2_msgs/lib/python3.8/site-packages/mocap4r2_msgs/__init__.py'...
[28.245s] -- Installing: /home/airlab/seed25/install/mocap4r2_msgs/lib/python3.8/site-packages/mocap4r2_msgs/msg
[28.245s] -- Installing: /home/airlab/seed25/install/mocap4r2_msgs/lib/python3.8/site-packages/mocap4r2_msgs/msg/_rigid_bodies.py
[28.245s] -- Installing: /home/airlab/seed25/install/mocap4r2_msgs/lib/python3.8/site-packages/mocap4r2_msgs/msg/_markers_s.c
[28.245s] -- Installing: /home/airlab/seed25/install/mocap4r2_msgs/lib/python3.8/site-packages/mocap4r2_msgs/msg/_marker_s.c
[28.245s] -- Installing: /home/airlab/seed25/install/mocap4r2_msgs/lib/python3.8/site-packages/mocap4r2_msgs/msg/_imus_info.py
[28.246s] -- Installing: /home/airlab/seed25/install/mocap4r2_msgs/lib/python3.8/site-packages/mocap4r2_msgs/msg/__init__.py
[28.246s] -- Installing: /home/airlab/seed25/install/mocap4r2_msgs/lib/python3.8/site-packages/mocap4r2_msgs/msg/_rigid_bodies_s.c
[28.246s] -- Installing: /home/airlab/seed25/install/mocap4r2_msgs/lib/python3.8/site-packages/mocap4r2_msgs/msg/_imus_info_s.c
[28.246s] -- Installing: /home/airlab/seed25/install/mocap4r2_msgs/lib/python3.8/site-packages/mocap4r2_msgs/msg/_rigid_body_s.c
[28.246s] -- Installing: /home/airlab/seed25/install/mocap4r2_msgs/lib/python3.8/site-packages/mocap4r2_msgs/msg/_rigid_body.py
[28.247s] -- Installing: /home/airlab/seed25/install/mocap4r2_msgs/lib/python3.8/site-packages/mocap4r2_msgs/msg/_markers.py
[28.247s] -- Installing: /home/airlab/seed25/install/mocap4r2_msgs/lib/python3.8/site-packages/mocap4r2_msgs/msg/_marker.py
[28.248s] -- Installing: /home/airlab/seed25/install/mocap4r2_msgs/lib/python3.8/site-packages/mocap4r2_msgs/mocap4r2_msgs_s__rosidl_typesupport_fastrtps_c.cpython-38-aarch64-linux-gnu.so
[28.249s] -- Set runtime path of "/home/airlab/seed25/install/mocap4r2_msgs/lib/python3.8/site-packages/mocap4r2_msgs/mocap4r2_msgs_s__rosidl_typesupport_fastrtps_c.cpython-38-aarch64-linux-gnu.so" to ""
[28.249s] -- Installing: /home/airlab/seed25/install/mocap4r2_msgs/lib/python3.8/site-packages/mocap4r2_msgs/mocap4r2_msgs_s__rosidl_typesupport_introspection_c.cpython-38-aarch64-linux-gnu.so
[28.250s] -- Set runtime path of "/home/airlab/seed25/install/mocap4r2_msgs/lib/python3.8/site-packages/mocap4r2_msgs/mocap4r2_msgs_s__rosidl_typesupport_introspection_c.cpython-38-aarch64-linux-gnu.so" to ""
[28.250s] -- Installing: /home/airlab/seed25/install/mocap4r2_msgs/lib/python3.8/site-packages/mocap4r2_msgs/mocap4r2_msgs_s__rosidl_typesupport_c.cpython-38-aarch64-linux-gnu.so
[28.251s] -- Set runtime path of "/home/airlab/seed25/install/mocap4r2_msgs/lib/python3.8/site-packages/mocap4r2_msgs/mocap4r2_msgs_s__rosidl_typesupport_c.cpython-38-aarch64-linux-gnu.so" to ""
[28.252s] -- Installing: /home/airlab/seed25/install/mocap4r2_msgs/lib/libmocap4r2_msgs__python.so
[28.252s] -- Set runtime path of "/home/airlab/seed25/install/mocap4r2_msgs/lib/libmocap4r2_msgs__python.so" to ""
[28.253s] -- Installing: /home/airlab/seed25/install/mocap4r2_msgs/share/mocap4r2_msgs/msg/Marker.idl
[28.253s] -- Installing: /home/airlab/seed25/install/mocap4r2_msgs/share/mocap4r2_msgs/msg/Markers.idl
[28.253s] -- Installing: /home/airlab/seed25/install/mocap4r2_msgs/share/mocap4r2_msgs/msg/ImusInfo.idl
[28.254s] -- Installing: /home/airlab/seed25/install/mocap4r2_msgs/share/mocap4r2_msgs/msg/RigidBody.idl
[28.254s] -- Installing: /home/airlab/seed25/install/mocap4r2_msgs/share/mocap4r2_msgs/msg/RigidBodies.idl
[28.254s] -- Installing: /home/airlab/seed25/install/mocap4r2_msgs/share/mocap4r2_msgs/msg/Marker.msg
[28.254s] -- Installing: /home/airlab/seed25/install/mocap4r2_msgs/share/mocap4r2_msgs/msg/Markers.msg
[28.255s] -- Installing: /home/airlab/seed25/install/mocap4r2_msgs/share/mocap4r2_msgs/msg/ImusInfo.msg
[28.255s] -- Installing: /home/airlab/seed25/install/mocap4r2_msgs/share/mocap4r2_msgs/msg/RigidBody.msg
[28.255s] -- Installing: /home/airlab/seed25/install/mocap4r2_msgs/share/mocap4r2_msgs/msg/RigidBodies.msg
[28.256s] -- Installing: /home/airlab/seed25/install/mocap4r2_msgs/share/mocap4r2_msgs/mocap4r2_bridge_mapping_rule.yaml
[28.256s] -- Installing: /home/airlab/seed25/install/mocap4r2_msgs/share/ament_index/resource_index/package_run_dependencies/mocap4r2_msgs
[28.257s] -- Installing: /home/airlab/seed25/install/mocap4r2_msgs/share/ament_index/resource_index/parent_prefix_path/mocap4r2_msgs
[28.257s] -- Installing: /home/airlab/seed25/install/mocap4r2_msgs/share/mocap4r2_msgs/environment/ament_prefix_path.sh
[28.258s] -- Installing: /home/airlab/seed25/install/mocap4r2_msgs/share/mocap4r2_msgs/environment/ament_prefix_path.dsv
[28.258s] -- Installing: /home/airlab/seed25/install/mocap4r2_msgs/share/mocap4r2_msgs/environment/path.sh
[28.258s] -- Installing: /home/airlab/seed25/install/mocap4r2_msgs/share/mocap4r2_msgs/environment/path.dsv
[28.258s] -- Installing: /home/airlab/seed25/install/mocap4r2_msgs/share/mocap4r2_msgs/local_setup.bash
[28.259s] -- Installing: /home/airlab/seed25/install/mocap4r2_msgs/share/mocap4r2_msgs/local_setup.sh
[28.259s] -- Installing: /home/airlab/seed25/install/mocap4r2_msgs/share/mocap4r2_msgs/local_setup.zsh
[28.259s] -- Installing: /home/airlab/seed25/install/mocap4r2_msgs/share/mocap4r2_msgs/local_setup.dsv
[28.260s] -- Installing: /home/airlab/seed25/install/mocap4r2_msgs/share/mocap4r2_msgs/package.dsv
[28.260s] -- Installing: /home/airlab/seed25/install/mocap4r2_msgs/share/ament_index/resource_index/packages/mocap4r2_msgs
[28.260s] -- Installing: /home/airlab/seed25/install/mocap4r2_msgs/share/mocap4r2_msgs/cmake/mocap4r2_msgs__rosidl_generator_cExport.cmake
[28.261s] -- Installing: /home/airlab/seed25/install/mocap4r2_msgs/share/mocap4r2_msgs/cmake/mocap4r2_msgs__rosidl_generator_cExport-noconfig.cmake
[28.261s] -- Installing: /home/airlab/seed25/install/mocap4r2_msgs/share/mocap4r2_msgs/cmake/mocap4r2_msgs__rosidl_typesupport_introspection_cExport.cmake
[28.262s] -- Installing: /home/airlab/seed25/install/mocap4r2_msgs/share/mocap4r2_msgs/cmake/mocap4r2_msgs__rosidl_typesupport_introspection_cExport-noconfig.cmake
[28.262s] -- Installing: /home/airlab/seed25/install/mocap4r2_msgs/share/mocap4r2_msgs/cmake/mocap4r2_msgs__rosidl_typesupport_cExport.cmake
[28.262s] -- Installing: /home/airlab/seed25/install/mocap4r2_msgs/share/mocap4r2_msgs/cmake/mocap4r2_msgs__rosidl_typesupport_cExport-noconfig.cmake
[28.263s] -- Installing: /home/airlab/seed25/install/mocap4r2_msgs/share/mocap4r2_msgs/cmake/mocap4r2_msgs__rosidl_generator_cppExport.cmake
[28.263s] -- Installing: /home/airlab/seed25/install/mocap4r2_msgs/share/mocap4r2_msgs/cmake/mocap4r2_msgs__rosidl_typesupport_introspection_cppExport.cmake
[28.263s] -- Installing: /home/airlab/seed25/install/mocap4r2_msgs/share/mocap4r2_msgs/cmake/mocap4r2_msgs__rosidl_typesupport_introspection_cppExport-noconfig.cmake
[28.264s] -- Installing: /home/airlab/seed25/install/mocap4r2_msgs/share/mocap4r2_msgs/cmake/mocap4r2_msgs__rosidl_typesupport_cppExport.cmake
[28.264s] -- Installing: /home/airlab/seed25/install/mocap4r2_msgs/share/mocap4r2_msgs/cmake/mocap4r2_msgs__rosidl_typesupport_cppExport-noconfig.cmake
[28.265s] -- Installing: /home/airlab/seed25/install/mocap4r2_msgs/share/mocap4r2_msgs/cmake/rosidl_cmake-extras.cmake
[28.265s] -- Installing: /home/airlab/seed25/install/mocap4r2_msgs/share/mocap4r2_msgs/cmake/ament_cmake_export_dependencies-extras.cmake
[28.265s] -- Installing: /home/airlab/seed25/install/mocap4r2_msgs/share/mocap4r2_msgs/cmake/ament_cmake_export_libraries-extras.cmake
[28.265s] -- Installing: /home/airlab/seed25/install/mocap4r2_msgs/share/mocap4r2_msgs/cmake/ament_cmake_export_targets-extras.cmake
[28.266s] -- Installing: /home/airlab/seed25/install/mocap4r2_msgs/share/mocap4r2_msgs/cmake/ament_cmake_export_include_directories-extras.cmake
[28.266s] -- Installing: /home/airlab/seed25/install/mocap4r2_msgs/share/mocap4r2_msgs/cmake/rosidl_cmake_export_typesupport_libraries-extras.cmake
[28.266s] -- Installing: /home/airlab/seed25/install/mocap4r2_msgs/share/mocap4r2_msgs/cmake/rosidl_cmake_export_typesupport_targets-extras.cmake
[28.267s] -- Installing: /home/airlab/seed25/install/mocap4r2_msgs/share/mocap4r2_msgs/cmake/mocap4r2_msgsConfig.cmake
[28.267s] -- Installing: /home/airlab/seed25/install/mocap4r2_msgs/share/mocap4r2_msgs/cmake/mocap4r2_msgsConfig-version.cmake
[28.267s] -- Installing: /home/airlab/seed25/install/mocap4r2_msgs/share/mocap4r2_msgs/package.xml
[28.274s] Invoked command in '/home/airlab/seed25/build/mocap4r2_msgs' returned '0': CMAKE_PREFIX_PATH=${CMAKE_PREFIX_PATH}:/home/airlab/seed25/ros_packages/seed_controller_ws/install/mocap_listener:/home/airlab/seed25/ros_packages/mocap4r2_ws/install/mocap4r2cli:/opt/ros/foxy /usr/bin/cmake --install /home/airlab/seed25/build/mocap4r2_msgs
