/home/airlab/seed25/install/mocap4r2cli/lib/python3.8/site-packages/mocap4r2cli/__init__.py
/home/airlab/seed25/install/mocap4r2cli/lib/python3.8/site-packages/mocap4r2cli/verb/stop.py
/home/airlab/seed25/install/mocap4r2cli/lib/python3.8/site-packages/mocap4r2cli/verb/__init__.py
/home/airlab/seed25/install/mocap4r2cli/lib/python3.8/site-packages/mocap4r2cli/verb/start.py
/home/airlab/seed25/install/mocap4r2cli/lib/python3.8/site-packages/mocap4r2cli/verb/status.py
/home/airlab/seed25/install/mocap4r2cli/lib/python3.8/site-packages/mocap4r2cli/command/mocap4r2.py
/home/airlab/seed25/install/mocap4r2cli/lib/python3.8/site-packages/mocap4r2cli/command/__init__.py
/home/airlab/seed25/install/mocap4r2cli/lib/python3.8/site-packages/mocap4r2cli/api/__init__.py
/home/airlab/seed25/install/mocap4r2cli/lib/python3.8/site-packages/mocap4r2cli/__pycache__/__init__.cpython-38.pyc
/home/airlab/seed25/install/mocap4r2cli/lib/python3.8/site-packages/mocap4r2cli/verb/__pycache__/stop.cpython-38.pyc
/home/airlab/seed25/install/mocap4r2cli/lib/python3.8/site-packages/mocap4r2cli/verb/__pycache__/__init__.cpython-38.pyc
/home/airlab/seed25/install/mocap4r2cli/lib/python3.8/site-packages/mocap4r2cli/verb/__pycache__/start.cpython-38.pyc
/home/airlab/seed25/install/mocap4r2cli/lib/python3.8/site-packages/mocap4r2cli/verb/__pycache__/status.cpython-38.pyc
/home/airlab/seed25/install/mocap4r2cli/lib/python3.8/site-packages/mocap4r2cli/command/__pycache__/mocap4r2.cpython-38.pyc
/home/airlab/seed25/install/mocap4r2cli/lib/python3.8/site-packages/mocap4r2cli/command/__pycache__/__init__.cpython-38.pyc
/home/airlab/seed25/install/mocap4r2cli/lib/python3.8/site-packages/mocap4r2cli/api/__pycache__/__init__.cpython-38.pyc
/home/airlab/seed25/install/mocap4r2cli/share/mocap4r2cli/package.xml
/home/airlab/seed25/install/mocap4r2cli/share/ament_index/resource_index/packages/mocap4r2cli
/home/airlab/seed25/install/mocap4r2cli/lib/python3.8/site-packages/mocap4r2cli-0.0.1-py3.8.egg-info/dependency_links.txt
/home/airlab/seed25/install/mocap4r2cli/lib/python3.8/site-packages/mocap4r2cli-0.0.1-py3.8.egg-info/SOURCES.txt
/home/airlab/seed25/install/mocap4r2cli/lib/python3.8/site-packages/mocap4r2cli-0.0.1-py3.8.egg-info/requires.txt
/home/airlab/seed25/install/mocap4r2cli/lib/python3.8/site-packages/mocap4r2cli-0.0.1-py3.8.egg-info/entry_points.txt
/home/airlab/seed25/install/mocap4r2cli/lib/python3.8/site-packages/mocap4r2cli-0.0.1-py3.8.egg-info/top_level.txt
/home/airlab/seed25/install/mocap4r2cli/lib/python3.8/site-packages/mocap4r2cli-0.0.1-py3.8.egg-info/zip-safe
/home/airlab/seed25/install/mocap4r2cli/lib/python3.8/site-packages/mocap4r2cli-0.0.1-py3.8.egg-info/PKG-INFO
