[0.062s] Invoking command in '/home/airlab/seed25/ros_packages/mocap4r2_ws/build/mocap4r2_control_msgs': CMAKE_PREFIX_PATH=${CMAKE_PREFIX_PATH}:/home/airlab/seed25/ros_packages/mocap4r2_ws/install/mocap4r2cli:/opt/ros/foxy /usr/bin/cmake --build /home/airlab/seed25/ros_packages/mocap4r2_ws/build/mocap4r2_control_msgs -- -j4 -l4
[0.243s] [  2%] Built target mocap4r2_control_msgs__cpp
[0.256s] [ 12%] Built target mocap4r2_control_msgs__rosidl_generator_c
[0.403s] [ 23%] Built target mocap4r2_control_msgs__rosidl_typesupport_introspection_cpp
[0.441s] [ 33%] Built target mocap4r2_control_msgs__rosidl_typesupport_cpp
[0.443s] [ 43%] Built target mocap4r2_control_msgs__rosidl_typesupport_fastrtps_cpp
[0.512s] [ 53%] Built target mocap4r2_control_msgs__rosidl_typesupport_introspection_c
[0.558s] [ 64%] Built target mocap4r2_control_msgs__rosidl_typesupport_c
[0.603s] [ 74%] Built target mocap4r2_control_msgs__rosidl_typesupport_fastrtps_c
[0.659s] [ 74%] Built target mocap4r2_control_msgs
[0.710s] [ 76%] Built target mocap4r2_control_msgs__py
[0.783s] [ 84%] Built target mocap4r2_control_msgs__python
[0.935s] [ 89%] Built target mocap4r2_control_msgs__rosidl_typesupport_introspection_c__pyext
[0.948s] [ 94%] Built target mocap4r2_control_msgs__rosidl_typesupport_c__pyext
[0.956s] [100%] Built target mocap4r2_control_msgs__rosidl_typesupport_fastrtps_c__pyext
[0.990s] Invoked command in '/home/airlab/seed25/ros_packages/mocap4r2_ws/build/mocap4r2_control_msgs' returned '0': CMAKE_PREFIX_PATH=${CMAKE_PREFIX_PATH}:/home/airlab/seed25/ros_packages/mocap4r2_ws/install/mocap4r2cli:/opt/ros/foxy /usr/bin/cmake --build /home/airlab/seed25/ros_packages/mocap4r2_ws/build/mocap4r2_control_msgs -- -j4 -l4
[0.997s] Invoking command in '/home/airlab/seed25/ros_packages/mocap4r2_ws/build/mocap4r2_control_msgs': CMAKE_PREFIX_PATH=${CMAKE_PREFIX_PATH}:/home/airlab/seed25/ros_packages/mocap4r2_ws/install/mocap4r2cli:/opt/ros/foxy /usr/bin/cmake --install /home/airlab/seed25/ros_packages/mocap4r2_ws/build/mocap4r2_control_msgs
[1.039s] -- Install configuration: ""
[1.039s] -- Up-to-date: /home/airlab/seed25/ros_packages/mocap4r2_ws/install/mocap4r2_control_msgs/share/ament_index/resource_index/rosidl_interfaces/mocap4r2_control_msgs
[1.039s] -- Up-to-date: /home/airlab/seed25/ros_packages/mocap4r2_ws/install/mocap4r2_control_msgs/include/mocap4r2_control_msgs
[1.040s] -- Up-to-date: /home/airlab/seed25/ros_packages/mocap4r2_ws/install/mocap4r2_control_msgs/include/mocap4r2_control_msgs/msg
[1.040s] -- Up-to-date: /home/airlab/seed25/ros_packages/mocap4r2_ws/install/mocap4r2_control_msgs/include/mocap4r2_control_msgs/msg/control.h
[1.040s] -- Up-to-date: /home/airlab/seed25/ros_packages/mocap4r2_ws/install/mocap4r2_control_msgs/include/mocap4r2_control_msgs/msg/detail
[1.040s] -- Up-to-date: /home/airlab/seed25/ros_packages/mocap4r2_ws/install/mocap4r2_control_msgs/include/mocap4r2_control_msgs/msg/detail/mocap_info__functions.c
[1.041s] -- Up-to-date: /home/airlab/seed25/ros_packages/mocap4r2_ws/install/mocap4r2_control_msgs/include/mocap4r2_control_msgs/msg/detail/control__struct.h
[1.041s] -- Up-to-date: /home/airlab/seed25/ros_packages/mocap4r2_ws/install/mocap4r2_control_msgs/include/mocap4r2_control_msgs/msg/detail/mocap_info__functions.h
[1.041s] -- Up-to-date: /home/airlab/seed25/ros_packages/mocap4r2_ws/install/mocap4r2_control_msgs/include/mocap4r2_control_msgs/msg/detail/control__type_support.h
[1.041s] -- Up-to-date: /home/airlab/seed25/ros_packages/mocap4r2_ws/install/mocap4r2_control_msgs/include/mocap4r2_control_msgs/msg/detail/mocap_info__struct.h
[1.041s] -- Up-to-date: /home/airlab/seed25/ros_packages/mocap4r2_ws/install/mocap4r2_control_msgs/include/mocap4r2_control_msgs/msg/detail/control__functions.h
[1.043s] -- Up-to-date: /home/airlab/seed25/ros_packages/mocap4r2_ws/install/mocap4r2_control_msgs/include/mocap4r2_control_msgs/msg/detail/mocap_info__type_support.h
[1.044s] -- Up-to-date: /home/airlab/seed25/ros_packages/mocap4r2_ws/install/mocap4r2_control_msgs/include/mocap4r2_control_msgs/msg/detail/control__functions.c
[1.046s] -- Up-to-date: /home/airlab/seed25/ros_packages/mocap4r2_ws/install/mocap4r2_control_msgs/include/mocap4r2_control_msgs/msg/rosidl_generator_c__visibility_control.h
[1.046s] -- Up-to-date: /home/airlab/seed25/ros_packages/mocap4r2_ws/install/mocap4r2_control_msgs/include/mocap4r2_control_msgs/msg/mocap_info.h
[1.046s] -- Up-to-date: /home/airlab/seed25/ros_packages/mocap4r2_ws/install/mocap4r2_control_msgs/share/mocap4r2_control_msgs/environment/library_path.sh
[1.047s] -- Up-to-date: /home/airlab/seed25/ros_packages/mocap4r2_ws/install/mocap4r2_control_msgs/share/mocap4r2_control_msgs/environment/library_path.dsv
[1.048s] -- Up-to-date: /home/airlab/seed25/ros_packages/mocap4r2_ws/install/mocap4r2_control_msgs/lib/libmocap4r2_control_msgs__rosidl_generator_c.so
[1.048s] -- Up-to-date: /home/airlab/seed25/ros_packages/mocap4r2_ws/install/mocap4r2_control_msgs/include/mocap4r2_control_msgs
[1.048s] -- Up-to-date: /home/airlab/seed25/ros_packages/mocap4r2_ws/install/mocap4r2_control_msgs/include/mocap4r2_control_msgs/msg
[1.048s] -- Up-to-date: /home/airlab/seed25/ros_packages/mocap4r2_ws/install/mocap4r2_control_msgs/include/mocap4r2_control_msgs/msg/detail
[1.049s] -- Up-to-date: /home/airlab/seed25/ros_packages/mocap4r2_ws/install/mocap4r2_control_msgs/include/mocap4r2_control_msgs/msg/detail/control__rosidl_typesupport_fastrtps_c.h
[1.055s] -- Up-to-date: /home/airlab/seed25/ros_packages/mocap4r2_ws/install/mocap4r2_control_msgs/include/mocap4r2_control_msgs/msg/detail/mocap_info__rosidl_typesupport_fastrtps_c.h
[1.055s] -- Up-to-date: /home/airlab/seed25/ros_packages/mocap4r2_ws/install/mocap4r2_control_msgs/include/mocap4r2_control_msgs/msg/rosidl_typesupport_fastrtps_c__visibility_control.h
[1.056s] -- Up-to-date: /home/airlab/seed25/ros_packages/mocap4r2_ws/install/mocap4r2_control_msgs/lib/libmocap4r2_control_msgs__rosidl_typesupport_fastrtps_c.so
[1.056s] -- Up-to-date: /home/airlab/seed25/ros_packages/mocap4r2_ws/install/mocap4r2_control_msgs/include/mocap4r2_control_msgs
[1.056s] -- Up-to-date: /home/airlab/seed25/ros_packages/mocap4r2_ws/install/mocap4r2_control_msgs/include/mocap4r2_control_msgs/msg
[1.056s] -- Up-to-date: /home/airlab/seed25/ros_packages/mocap4r2_ws/install/mocap4r2_control_msgs/include/mocap4r2_control_msgs/msg/rosidl_typesupport_fastrtps_cpp__visibility_control.h
[1.056s] -- Up-to-date: /home/airlab/seed25/ros_packages/mocap4r2_ws/install/mocap4r2_control_msgs/include/mocap4r2_control_msgs/msg/detail
[1.056s] -- Up-to-date: /home/airlab/seed25/ros_packages/mocap4r2_ws/install/mocap4r2_control_msgs/include/mocap4r2_control_msgs/msg/detail/mocap_info__rosidl_typesupport_fastrtps_cpp.hpp
[1.057s] -- Up-to-date: /home/airlab/seed25/ros_packages/mocap4r2_ws/install/mocap4r2_control_msgs/include/mocap4r2_control_msgs/msg/detail/control__rosidl_typesupport_fastrtps_cpp.hpp
[1.057s] -- Up-to-date: /home/airlab/seed25/ros_packages/mocap4r2_ws/install/mocap4r2_control_msgs/include/mocap4r2_control_msgs/msg/detail/dds_fastrtps
[1.057s] -- Up-to-date: /home/airlab/seed25/ros_packages/mocap4r2_ws/install/mocap4r2_control_msgs/lib/libmocap4r2_control_msgs__rosidl_typesupport_fastrtps_cpp.so
[1.057s] -- Up-to-date: /home/airlab/seed25/ros_packages/mocap4r2_ws/install/mocap4r2_control_msgs/include/mocap4r2_control_msgs
[1.057s] -- Up-to-date: /home/airlab/seed25/ros_packages/mocap4r2_ws/install/mocap4r2_control_msgs/include/mocap4r2_control_msgs/msg
[1.057s] -- Up-to-date: /home/airlab/seed25/ros_packages/mocap4r2_ws/install/mocap4r2_control_msgs/include/mocap4r2_control_msgs/msg/detail
[1.057s] -- Up-to-date: /home/airlab/seed25/ros_packages/mocap4r2_ws/install/mocap4r2_control_msgs/include/mocap4r2_control_msgs/msg/detail/mocap_info__rosidl_typesupport_introspection_c.h
[1.057s] -- Up-to-date: /home/airlab/seed25/ros_packages/mocap4r2_ws/install/mocap4r2_control_msgs/include/mocap4r2_control_msgs/msg/detail/control__rosidl_typesupport_introspection_c.h
[1.058s] -- Up-to-date: /home/airlab/seed25/ros_packages/mocap4r2_ws/install/mocap4r2_control_msgs/include/mocap4r2_control_msgs/msg/detail/mocap_info__type_support.c
[1.058s] -- Up-to-date: /home/airlab/seed25/ros_packages/mocap4r2_ws/install/mocap4r2_control_msgs/include/mocap4r2_control_msgs/msg/detail/control__type_support.c
[1.058s] -- Up-to-date: /home/airlab/seed25/ros_packages/mocap4r2_ws/install/mocap4r2_control_msgs/include/mocap4r2_control_msgs/msg/rosidl_typesupport_introspection_c__visibility_control.h
[1.058s] -- Up-to-date: /home/airlab/seed25/ros_packages/mocap4r2_ws/install/mocap4r2_control_msgs/lib/libmocap4r2_control_msgs__rosidl_typesupport_introspection_c.so
[1.058s] -- Up-to-date: /home/airlab/seed25/ros_packages/mocap4r2_ws/install/mocap4r2_control_msgs/lib/libmocap4r2_control_msgs__rosidl_typesupport_c.so
[1.058s] -- Up-to-date: /home/airlab/seed25/ros_packages/mocap4r2_ws/install/mocap4r2_control_msgs/include/mocap4r2_control_msgs
[1.058s] -- Up-to-date: /home/airlab/seed25/ros_packages/mocap4r2_ws/install/mocap4r2_control_msgs/include/mocap4r2_control_msgs/msg
[1.059s] -- Up-to-date: /home/airlab/seed25/ros_packages/mocap4r2_ws/install/mocap4r2_control_msgs/include/mocap4r2_control_msgs/msg/rosidl_generator_cpp__visibility_control.hpp
[1.059s] -- Up-to-date: /home/airlab/seed25/ros_packages/mocap4r2_ws/install/mocap4r2_control_msgs/include/mocap4r2_control_msgs/msg/control.hpp
[1.059s] -- Up-to-date: /home/airlab/seed25/ros_packages/mocap4r2_ws/install/mocap4r2_control_msgs/include/mocap4r2_control_msgs/msg/detail
[1.059s] -- Up-to-date: /home/airlab/seed25/ros_packages/mocap4r2_ws/install/mocap4r2_control_msgs/include/mocap4r2_control_msgs/msg/detail/control__type_support.hpp
[1.059s] -- Up-to-date: /home/airlab/seed25/ros_packages/mocap4r2_ws/install/mocap4r2_control_msgs/include/mocap4r2_control_msgs/msg/detail/mocap_info__type_support.hpp
[1.059s] -- Up-to-date: /home/airlab/seed25/ros_packages/mocap4r2_ws/install/mocap4r2_control_msgs/include/mocap4r2_control_msgs/msg/detail/mocap_info__builder.hpp
[1.059s] -- Up-to-date: /home/airlab/seed25/ros_packages/mocap4r2_ws/install/mocap4r2_control_msgs/include/mocap4r2_control_msgs/msg/detail/control__builder.hpp
[1.060s] -- Up-to-date: /home/airlab/seed25/ros_packages/mocap4r2_ws/install/mocap4r2_control_msgs/include/mocap4r2_control_msgs/msg/detail/mocap_info__traits.hpp
[1.060s] -- Up-to-date: /home/airlab/seed25/ros_packages/mocap4r2_ws/install/mocap4r2_control_msgs/include/mocap4r2_control_msgs/msg/detail/control__struct.hpp
[1.060s] -- Up-to-date: /home/airlab/seed25/ros_packages/mocap4r2_ws/install/mocap4r2_control_msgs/include/mocap4r2_control_msgs/msg/detail/mocap_info__struct.hpp
[1.060s] -- Up-to-date: /home/airlab/seed25/ros_packages/mocap4r2_ws/install/mocap4r2_control_msgs/include/mocap4r2_control_msgs/msg/detail/control__traits.hpp
[1.060s] -- Up-to-date: /home/airlab/seed25/ros_packages/mocap4r2_ws/install/mocap4r2_control_msgs/include/mocap4r2_control_msgs/msg/mocap_info.hpp
[1.060s] -- Up-to-date: /home/airlab/seed25/ros_packages/mocap4r2_ws/install/mocap4r2_control_msgs/include/mocap4r2_control_msgs
[1.060s] -- Up-to-date: /home/airlab/seed25/ros_packages/mocap4r2_ws/install/mocap4r2_control_msgs/include/mocap4r2_control_msgs/msg
[1.060s] -- Up-to-date: /home/airlab/seed25/ros_packages/mocap4r2_ws/install/mocap4r2_control_msgs/include/mocap4r2_control_msgs/msg/detail
[1.061s] -- Up-to-date: /home/airlab/seed25/ros_packages/mocap4r2_ws/install/mocap4r2_control_msgs/include/mocap4r2_control_msgs/msg/detail/control__rosidl_typesupport_introspection_cpp.hpp
[1.061s] -- Up-to-date: /home/airlab/seed25/ros_packages/mocap4r2_ws/install/mocap4r2_control_msgs/include/mocap4r2_control_msgs/msg/detail/mocap_info__rosidl_typesupport_introspection_cpp.hpp
[1.061s] -- Up-to-date: /home/airlab/seed25/ros_packages/mocap4r2_ws/install/mocap4r2_control_msgs/include/mocap4r2_control_msgs/msg/detail/control__type_support.cpp
[1.061s] -- Up-to-date: /home/airlab/seed25/ros_packages/mocap4r2_ws/install/mocap4r2_control_msgs/include/mocap4r2_control_msgs/msg/detail/mocap_info__type_support.cpp
[1.061s] -- Up-to-date: /home/airlab/seed25/ros_packages/mocap4r2_ws/install/mocap4r2_control_msgs/lib/libmocap4r2_control_msgs__rosidl_typesupport_introspection_cpp.so
[1.061s] -- Up-to-date: /home/airlab/seed25/ros_packages/mocap4r2_ws/install/mocap4r2_control_msgs/lib/libmocap4r2_control_msgs__rosidl_typesupport_cpp.so
[1.061s] -- Up-to-date: /home/airlab/seed25/ros_packages/mocap4r2_ws/install/mocap4r2_control_msgs/share/mocap4r2_control_msgs/environment/pythonpath.sh
[1.062s] -- Up-to-date: /home/airlab/seed25/ros_packages/mocap4r2_ws/install/mocap4r2_control_msgs/share/mocap4r2_control_msgs/environment/pythonpath.dsv
[1.062s] -- Up-to-date: /home/airlab/seed25/ros_packages/mocap4r2_ws/install/mocap4r2_control_msgs/lib/python3.8/site-packages/mocap4r2_control_msgs/__init__.py
[1.141s] -- Up-to-date: /home/airlab/seed25/ros_packages/mocap4r2_ws/install/mocap4r2_control_msgs/lib/python3.8/site-packages/mocap4r2_control_msgs/msg
[1.141s] -- Up-to-date: /home/airlab/seed25/ros_packages/mocap4r2_ws/install/mocap4r2_control_msgs/lib/python3.8/site-packages/mocap4r2_control_msgs/msg/_control.py
[1.141s] -- Up-to-date: /home/airlab/seed25/ros_packages/mocap4r2_ws/install/mocap4r2_control_msgs/lib/python3.8/site-packages/mocap4r2_control_msgs/msg/_control_s.c
[1.141s] -- Up-to-date: /home/airlab/seed25/ros_packages/mocap4r2_ws/install/mocap4r2_control_msgs/lib/python3.8/site-packages/mocap4r2_control_msgs/msg/_mocap_info_s.c
[1.142s] -- Up-to-date: /home/airlab/seed25/ros_packages/mocap4r2_ws/install/mocap4r2_control_msgs/lib/python3.8/site-packages/mocap4r2_control_msgs/msg/__init__.py
[1.142s] -- Up-to-date: /home/airlab/seed25/ros_packages/mocap4r2_ws/install/mocap4r2_control_msgs/lib/python3.8/site-packages/mocap4r2_control_msgs/msg/_mocap_info.py
[1.144s] -- Up-to-date: /home/airlab/seed25/ros_packages/mocap4r2_ws/install/mocap4r2_control_msgs/lib/python3.8/site-packages/mocap4r2_control_msgs/mocap4r2_control_msgs_s__rosidl_typesupport_fastrtps_c.cpython-38-aarch64-linux-gnu.so
[1.146s] -- Up-to-date: /home/airlab/seed25/ros_packages/mocap4r2_ws/install/mocap4r2_control_msgs/lib/python3.8/site-packages/mocap4r2_control_msgs/mocap4r2_control_msgs_s__rosidl_typesupport_introspection_c.cpython-38-aarch64-linux-gnu.so
[1.154s] -- Up-to-date: /home/airlab/seed25/ros_packages/mocap4r2_ws/install/mocap4r2_control_msgs/lib/python3.8/site-packages/mocap4r2_control_msgs/mocap4r2_control_msgs_s__rosidl_typesupport_c.cpython-38-aarch64-linux-gnu.so
[1.155s] -- Up-to-date: /home/airlab/seed25/ros_packages/mocap4r2_ws/install/mocap4r2_control_msgs/lib/libmocap4r2_control_msgs__python.so
[1.156s] -- Up-to-date: /home/airlab/seed25/ros_packages/mocap4r2_ws/install/mocap4r2_control_msgs/share/mocap4r2_control_msgs/msg/Control.idl
[1.156s] -- Up-to-date: /home/airlab/seed25/ros_packages/mocap4r2_ws/install/mocap4r2_control_msgs/share/mocap4r2_control_msgs/msg/MocapInfo.idl
[1.157s] -- Up-to-date: /home/airlab/seed25/ros_packages/mocap4r2_ws/install/mocap4r2_control_msgs/share/mocap4r2_control_msgs/msg/Control.msg
[1.158s] -- Up-to-date: /home/airlab/seed25/ros_packages/mocap4r2_ws/install/mocap4r2_control_msgs/share/mocap4r2_control_msgs/msg/MocapInfo.msg
[1.158s] -- Up-to-date: /home/airlab/seed25/ros_packages/mocap4r2_ws/install/mocap4r2_control_msgs/share/mocap4r2_control_msgs/mocap4r2_control_bridge_mapping_rule.yaml
[1.158s] -- Up-to-date: /home/airlab/seed25/ros_packages/mocap4r2_ws/install/mocap4r2_control_msgs/share/ament_index/resource_index/package_run_dependencies/mocap4r2_control_msgs
[1.159s] -- Up-to-date: /home/airlab/seed25/ros_packages/mocap4r2_ws/install/mocap4r2_control_msgs/share/ament_index/resource_index/parent_prefix_path/mocap4r2_control_msgs
[1.159s] -- Up-to-date: /home/airlab/seed25/ros_packages/mocap4r2_ws/install/mocap4r2_control_msgs/share/mocap4r2_control_msgs/environment/ament_prefix_path.sh
[1.159s] -- Up-to-date: /home/airlab/seed25/ros_packages/mocap4r2_ws/install/mocap4r2_control_msgs/share/mocap4r2_control_msgs/environment/ament_prefix_path.dsv
[1.160s] -- Up-to-date: /home/airlab/seed25/ros_packages/mocap4r2_ws/install/mocap4r2_control_msgs/share/mocap4r2_control_msgs/environment/path.sh
[1.160s] -- Up-to-date: /home/airlab/seed25/ros_packages/mocap4r2_ws/install/mocap4r2_control_msgs/share/mocap4r2_control_msgs/environment/path.dsv
[1.161s] -- Up-to-date: /home/airlab/seed25/ros_packages/mocap4r2_ws/install/mocap4r2_control_msgs/share/mocap4r2_control_msgs/local_setup.bash
[1.161s] -- Up-to-date: /home/airlab/seed25/ros_packages/mocap4r2_ws/install/mocap4r2_control_msgs/share/mocap4r2_control_msgs/local_setup.sh
[1.161s] -- Up-to-date: /home/airlab/seed25/ros_packages/mocap4r2_ws/install/mocap4r2_control_msgs/share/mocap4r2_control_msgs/local_setup.zsh
[1.162s] -- Up-to-date: /home/airlab/seed25/ros_packages/mocap4r2_ws/install/mocap4r2_control_msgs/share/mocap4r2_control_msgs/local_setup.dsv
[1.163s] -- Installing: /home/airlab/seed25/ros_packages/mocap4r2_ws/install/mocap4r2_control_msgs/share/mocap4r2_control_msgs/package.dsv
[1.164s] -- Up-to-date: /home/airlab/seed25/ros_packages/mocap4r2_ws/install/mocap4r2_control_msgs/share/ament_index/resource_index/packages/mocap4r2_control_msgs
[1.165s] -- Up-to-date: /home/airlab/seed25/ros_packages/mocap4r2_ws/install/mocap4r2_control_msgs/share/mocap4r2_control_msgs/cmake/mocap4r2_control_msgs__rosidl_generator_cExport.cmake
[1.165s] -- Up-to-date: /home/airlab/seed25/ros_packages/mocap4r2_ws/install/mocap4r2_control_msgs/share/mocap4r2_control_msgs/cmake/mocap4r2_control_msgs__rosidl_generator_cExport-noconfig.cmake
[1.166s] -- Up-to-date: /home/airlab/seed25/ros_packages/mocap4r2_ws/install/mocap4r2_control_msgs/share/mocap4r2_control_msgs/cmake/mocap4r2_control_msgs__rosidl_typesupport_introspection_cExport.cmake
[1.166s] -- Up-to-date: /home/airlab/seed25/ros_packages/mocap4r2_ws/install/mocap4r2_control_msgs/share/mocap4r2_control_msgs/cmake/mocap4r2_control_msgs__rosidl_typesupport_introspection_cExport-noconfig.cmake
[1.166s] -- Up-to-date: /home/airlab/seed25/ros_packages/mocap4r2_ws/install/mocap4r2_control_msgs/share/mocap4r2_control_msgs/cmake/mocap4r2_control_msgs__rosidl_typesupport_cExport.cmake
[1.167s] -- Up-to-date: /home/airlab/seed25/ros_packages/mocap4r2_ws/install/mocap4r2_control_msgs/share/mocap4r2_control_msgs/cmake/mocap4r2_control_msgs__rosidl_typesupport_cExport-noconfig.cmake
[1.167s] -- Up-to-date: /home/airlab/seed25/ros_packages/mocap4r2_ws/install/mocap4r2_control_msgs/share/mocap4r2_control_msgs/cmake/mocap4r2_control_msgs__rosidl_generator_cppExport.cmake
[1.167s] -- Up-to-date: /home/airlab/seed25/ros_packages/mocap4r2_ws/install/mocap4r2_control_msgs/share/mocap4r2_control_msgs/cmake/mocap4r2_control_msgs__rosidl_typesupport_introspection_cppExport.cmake
[1.168s] -- Up-to-date: /home/airlab/seed25/ros_packages/mocap4r2_ws/install/mocap4r2_control_msgs/share/mocap4r2_control_msgs/cmake/mocap4r2_control_msgs__rosidl_typesupport_introspection_cppExport-noconfig.cmake
[1.169s] -- Up-to-date: /home/airlab/seed25/ros_packages/mocap4r2_ws/install/mocap4r2_control_msgs/share/mocap4r2_control_msgs/cmake/mocap4r2_control_msgs__rosidl_typesupport_cppExport.cmake
[1.171s] -- Up-to-date: /home/airlab/seed25/ros_packages/mocap4r2_ws/install/mocap4r2_control_msgs/share/mocap4r2_control_msgs/cmake/mocap4r2_control_msgs__rosidl_typesupport_cppExport-noconfig.cmake
[1.171s] -- Up-to-date: /home/airlab/seed25/ros_packages/mocap4r2_ws/install/mocap4r2_control_msgs/share/mocap4r2_control_msgs/cmake/rosidl_cmake-extras.cmake
[1.171s] -- Up-to-date: /home/airlab/seed25/ros_packages/mocap4r2_ws/install/mocap4r2_control_msgs/share/mocap4r2_control_msgs/cmake/ament_cmake_export_dependencies-extras.cmake
[1.172s] -- Up-to-date: /home/airlab/seed25/ros_packages/mocap4r2_ws/install/mocap4r2_control_msgs/share/mocap4r2_control_msgs/cmake/ament_cmake_export_libraries-extras.cmake
[1.172s] -- Up-to-date: /home/airlab/seed25/ros_packages/mocap4r2_ws/install/mocap4r2_control_msgs/share/mocap4r2_control_msgs/cmake/ament_cmake_export_targets-extras.cmake
[1.173s] -- Up-to-date: /home/airlab/seed25/ros_packages/mocap4r2_ws/install/mocap4r2_control_msgs/share/mocap4r2_control_msgs/cmake/ament_cmake_export_include_directories-extras.cmake
[1.173s] -- Up-to-date: /home/airlab/seed25/ros_packages/mocap4r2_ws/install/mocap4r2_control_msgs/share/mocap4r2_control_msgs/cmake/rosidl_cmake_export_typesupport_libraries-extras.cmake
[1.174s] -- Up-to-date: /home/airlab/seed25/ros_packages/mocap4r2_ws/install/mocap4r2_control_msgs/share/mocap4r2_control_msgs/cmake/rosidl_cmake_export_typesupport_targets-extras.cmake
[1.174s] -- Up-to-date: /home/airlab/seed25/ros_packages/mocap4r2_ws/install/mocap4r2_control_msgs/share/mocap4r2_control_msgs/cmake/mocap4r2_control_msgsConfig.cmake
[1.175s] -- Up-to-date: /home/airlab/seed25/ros_packages/mocap4r2_ws/install/mocap4r2_control_msgs/share/mocap4r2_control_msgs/cmake/mocap4r2_control_msgsConfig-version.cmake
[1.176s] -- Up-to-date: /home/airlab/seed25/ros_packages/mocap4r2_ws/install/mocap4r2_control_msgs/share/mocap4r2_control_msgs/package.xml
[1.227s] Invoked command in '/home/airlab/seed25/ros_packages/mocap4r2_ws/build/mocap4r2_control_msgs' returned '0': CMAKE_PREFIX_PATH=${CMAKE_PREFIX_PATH}:/home/airlab/seed25/ros_packages/mocap4r2_ws/install/mocap4r2cli:/opt/ros/foxy /usr/bin/cmake --install /home/airlab/seed25/ros_packages/mocap4r2_ws/build/mocap4r2_control_msgs
