[0.548s] DEBUG:colcon:Command line arguments: ['/usr/bin/colcon', 'build']
[0.548s] DEBUG:colcon:Parsed command line arguments: Namespace(allow_overriding=[], ament_cmake_args=None, base_paths=['.'], build_base='build', catkin_cmake_args=None, catkin_skip_building_tests=False, cmake_args=None, cmake_clean_cache=False, cmake_clean_first=False, cmake_force_configure=False, cmake_target=None, cmake_target_skip_unavailable=False, continue_on_error=False, event_handlers=None, executor='parallel', ignore_user_meta=False, install_base='install', log_base=None, log_level=None, main=<bound method BuildVerb.main of <colcon_core.verb.build.BuildVerb object at 0xffffba26ebe0>>, merge_install=False, metas=['./colcon.meta'], mixin=None, mixin_files=None, mixin_verb=('build',), packages_above=None, packages_above_and_dependencies=None, packages_above_depth=None, packages_end=None, packages_ignore=None, packages_ignore_regex=None, packages_select=None, packages_select_build_failed=False, packages_select_by_dep=None, packages_select_regex=None, packages_select_test_failures=False, packages_skip=None, packages_skip_build_finished=False, packages_skip_by_dep=None, packages_skip_regex=None, packages_skip_test_passed=False, packages_skip_up_to=None, packages_start=None, packages_up_to=None, packages_up_to_regex=None, parallel_workers=4, paths=None, symlink_install=False, test_result_base=None, verb_extension=<colcon_core.verb.build.BuildVerb object at 0xffffba26ebe0>, verb_name='build', verb_parser=<colcon_mixin.mixin.mixin_argument.MixinArgumentDecorator object at 0xffffba27d580>)
[0.920s] Level 1:colcon.colcon_core.package_discovery:discover_packages(colcon_meta) check parameters
[0.920s] Level 1:colcon.colcon_core.package_discovery:discover_packages(recursive) check parameters
[0.920s] Level 1:colcon.colcon_core.package_discovery:discover_packages(ignore) check parameters
[0.920s] Level 1:colcon.colcon_core.package_discovery:discover_packages(path) check parameters
[0.920s] Level 1:colcon.colcon_core.package_discovery:discover_packages(colcon_meta) discover
[0.920s] Level 1:colcon.colcon_core.package_discovery:discover_packages(recursive) discover
[0.921s] INFO:colcon.colcon_core.package_discovery:Crawling recursively for packages in '/home/airlab/seed25/ros_packages/seed_controller_ws'
[0.921s] Level 1:colcon.colcon_core.package_identification:_identify(.) by extensions ['ignore', 'ignore_ament_install']
[0.921s] Level 1:colcon.colcon_core.package_identification:_identify(.) by extension 'ignore'
[0.922s] Level 1:colcon.colcon_core.package_identification:_identify(.) by extension 'ignore_ament_install'
[0.922s] Level 1:colcon.colcon_core.package_identification:_identify(.) by extensions ['colcon_pkg']
[0.922s] Level 1:colcon.colcon_core.package_identification:_identify(.) by extension 'colcon_pkg'
[0.922s] Level 1:colcon.colcon_core.package_identification:_identify(.) by extensions ['colcon_meta']
[0.922s] Level 1:colcon.colcon_core.package_identification:_identify(.) by extension 'colcon_meta'
[0.922s] Level 1:colcon.colcon_core.package_identification:_identify(.) by extensions ['ros']
[0.922s] Level 1:colcon.colcon_core.package_identification:_identify(.) by extension 'ros'
[0.949s] Level 1:colcon.colcon_core.package_identification:_identify(.) by extensions ['cmake', 'python']
[0.949s] Level 1:colcon.colcon_core.package_identification:_identify(.) by extension 'cmake'
[0.949s] Level 1:colcon.colcon_core.package_identification:_identify(.) by extension 'python'
[0.949s] Level 1:colcon.colcon_core.package_identification:_identify(.) by extensions ['python_setup_py']
[0.950s] Level 1:colcon.colcon_core.package_identification:_identify(.) by extension 'python_setup_py'
[0.950s] Level 1:colcon.colcon_core.package_identification:_identify(build) by extensions ['ignore', 'ignore_ament_install']
[0.950s] Level 1:colcon.colcon_core.package_identification:_identify(build) by extension 'ignore'
[0.950s] Level 1:colcon.colcon_core.package_identification:_identify(build) ignored
[0.951s] Level 1:colcon.colcon_core.package_identification:_identify(install) by extensions ['ignore', 'ignore_ament_install']
[0.951s] Level 1:colcon.colcon_core.package_identification:_identify(install) by extension 'ignore'
[0.951s] Level 1:colcon.colcon_core.package_identification:_identify(install) ignored
[0.951s] Level 1:colcon.colcon_core.package_identification:_identify(log) by extensions ['ignore', 'ignore_ament_install']
[0.951s] Level 1:colcon.colcon_core.package_identification:_identify(log) by extension 'ignore'
[0.951s] Level 1:colcon.colcon_core.package_identification:_identify(log) ignored
[0.952s] Level 1:colcon.colcon_core.package_identification:_identify(src) by extensions ['ignore', 'ignore_ament_install']
[0.952s] Level 1:colcon.colcon_core.package_identification:_identify(src) by extension 'ignore'
[0.952s] Level 1:colcon.colcon_core.package_identification:_identify(src) by extension 'ignore_ament_install'
[0.952s] Level 1:colcon.colcon_core.package_identification:_identify(src) by extensions ['colcon_pkg']
[0.952s] Level 1:colcon.colcon_core.package_identification:_identify(src) by extension 'colcon_pkg'
[0.952s] Level 1:colcon.colcon_core.package_identification:_identify(src) by extensions ['colcon_meta']
[0.952s] Level 1:colcon.colcon_core.package_identification:_identify(src) by extension 'colcon_meta'
[0.952s] Level 1:colcon.colcon_core.package_identification:_identify(src) by extensions ['ros']
[0.953s] Level 1:colcon.colcon_core.package_identification:_identify(src) by extension 'ros'
[0.953s] Level 1:colcon.colcon_core.package_identification:_identify(src) by extensions ['cmake', 'python']
[0.953s] Level 1:colcon.colcon_core.package_identification:_identify(src) by extension 'cmake'
[0.953s] Level 1:colcon.colcon_core.package_identification:_identify(src) by extension 'python'
[0.953s] Level 1:colcon.colcon_core.package_identification:_identify(src) by extensions ['python_setup_py']
[0.953s] Level 1:colcon.colcon_core.package_identification:_identify(src) by extension 'python_setup_py'
[0.953s] Level 1:colcon.colcon_core.package_identification:_identify(src/mocap_listener) by extensions ['ignore', 'ignore_ament_install']
[0.954s] Level 1:colcon.colcon_core.package_identification:_identify(src/mocap_listener) by extension 'ignore'
[0.954s] Level 1:colcon.colcon_core.package_identification:_identify(src/mocap_listener) by extension 'ignore_ament_install'
[0.954s] Level 1:colcon.colcon_core.package_identification:_identify(src/mocap_listener) by extensions ['colcon_pkg']
[0.954s] Level 1:colcon.colcon_core.package_identification:_identify(src/mocap_listener) by extension 'colcon_pkg'
[0.954s] Level 1:colcon.colcon_core.package_identification:_identify(src/mocap_listener) by extensions ['colcon_meta']
[0.954s] Level 1:colcon.colcon_core.package_identification:_identify(src/mocap_listener) by extension 'colcon_meta'
[0.954s] Level 1:colcon.colcon_core.package_identification:_identify(src/mocap_listener) by extensions ['ros']
[0.954s] Level 1:colcon.colcon_core.package_identification:_identify(src/mocap_listener) by extension 'ros'
[0.960s] DEBUG:colcon.colcon_core.package_identification:Package 'src/mocap_listener' with type 'ros.ament_python' and name 'mocap_listener'
[0.961s] Level 1:colcon.colcon_core.package_discovery:discover_packages(recursive) using defaults
[0.961s] Level 1:colcon.colcon_core.package_discovery:discover_packages(ignore) discover
[0.961s] Level 1:colcon.colcon_core.package_discovery:discover_packages(ignore) using defaults
[0.961s] Level 1:colcon.colcon_core.package_discovery:discover_packages(path) discover
[0.961s] Level 1:colcon.colcon_core.package_discovery:discover_packages(path) using defaults
[1.006s] Level 1:colcon.colcon_core.package_discovery:discover_packages(prefix_path) check parameters
[1.006s] Level 1:colcon.colcon_core.package_discovery:discover_packages(prefix_path) discover
[1.013s] DEBUG:colcon.colcon_installed_package_information.package_discovery:Found 10 installed packages in /home/airlab/seed25/ros_packages/mocap4r2_ws/install
[1.040s] DEBUG:colcon.colcon_installed_package_information.package_discovery:Found 1 installed packages in /home/airlab/seed25/ros_packages/seed_controller_ws/install
[1.043s] DEBUG:colcon.colcon_installed_package_information.package_discovery:Found 259 installed packages in /opt/ros/foxy
[1.046s] Level 1:colcon.colcon_core.package_discovery:discover_packages(prefix_path) using defaults
[1.188s] Level 5:colcon.colcon_core.verb:set package 'mocap_listener' build argument 'cmake_args' from command line to 'None'
[1.188s] Level 5:colcon.colcon_core.verb:set package 'mocap_listener' build argument 'cmake_target' from command line to 'None'
[1.188s] Level 5:colcon.colcon_core.verb:set package 'mocap_listener' build argument 'cmake_target_skip_unavailable' from command line to 'False'
[1.188s] Level 5:colcon.colcon_core.verb:set package 'mocap_listener' build argument 'cmake_clean_cache' from command line to 'False'
[1.188s] Level 5:colcon.colcon_core.verb:set package 'mocap_listener' build argument 'cmake_clean_first' from command line to 'False'
[1.188s] Level 5:colcon.colcon_core.verb:set package 'mocap_listener' build argument 'cmake_force_configure' from command line to 'False'
[1.188s] Level 5:colcon.colcon_core.verb:set package 'mocap_listener' build argument 'ament_cmake_args' from command line to 'None'
[1.188s] Level 5:colcon.colcon_core.verb:set package 'mocap_listener' build argument 'catkin_cmake_args' from command line to 'None'
[1.188s] Level 5:colcon.colcon_core.verb:set package 'mocap_listener' build argument 'catkin_skip_building_tests' from command line to 'False'
[1.188s] DEBUG:colcon.colcon_core.verb:Building package 'mocap_listener' with the following arguments: {'ament_cmake_args': None, 'build_base': '/home/airlab/seed25/ros_packages/seed_controller_ws/build/mocap_listener', 'catkin_cmake_args': None, 'catkin_skip_building_tests': False, 'cmake_args': None, 'cmake_clean_cache': False, 'cmake_clean_first': False, 'cmake_force_configure': False, 'cmake_target': None, 'cmake_target_skip_unavailable': False, 'install_base': '/home/airlab/seed25/ros_packages/seed_controller_ws/install/mocap_listener', 'merge_install': False, 'path': '/home/airlab/seed25/ros_packages/seed_controller_ws/src/mocap_listener', 'symlink_install': False, 'test_result_base': None}
[1.189s] INFO:colcon.colcon_core.executor:Executing jobs using 'parallel' executor
[1.191s] DEBUG:colcon.colcon_parallel_executor.executor.parallel:run_until_complete
[1.192s] INFO:colcon.colcon_ros.task.ament_python.build:Building ROS package in '/home/airlab/seed25/ros_packages/seed_controller_ws/src/mocap_listener' with build type 'ament_python'
[1.192s] Level 1:colcon.colcon_core.shell:create_environment_hook('mocap_listener', 'ament_prefix_path')
[1.200s] INFO:colcon.colcon_core.plugin_system:Skipping extension 'colcon_core.shell.bat': Not used on non-Windows systems
[1.200s] INFO:colcon.colcon_core.shell:Creating environment hook '/home/airlab/seed25/ros_packages/seed_controller_ws/install/mocap_listener/share/mocap_listener/hook/ament_prefix_path.ps1'
[1.202s] INFO:colcon.colcon_core.shell:Creating environment descriptor '/home/airlab/seed25/ros_packages/seed_controller_ws/install/mocap_listener/share/mocap_listener/hook/ament_prefix_path.dsv'
[1.204s] INFO:colcon.colcon_core.shell:Creating environment hook '/home/airlab/seed25/ros_packages/seed_controller_ws/install/mocap_listener/share/mocap_listener/hook/ament_prefix_path.sh'
[1.206s] INFO:colcon.colcon_core.shell:Skip shell extension 'powershell' for command environment: Not usable outside of PowerShell
[1.206s] DEBUG:colcon.colcon_core.shell:Skip shell extension 'dsv' for command environment
[1.733s] INFO:colcon.colcon_core.task.python.build:Building Python package in '/home/airlab/seed25/ros_packages/seed_controller_ws/src/mocap_listener'
[1.734s] INFO:colcon.colcon_core.shell:Skip shell extension 'powershell' for command environment: Not usable outside of PowerShell
[1.734s] DEBUG:colcon.colcon_core.shell:Skip shell extension 'dsv' for command environment
[2.665s] DEBUG:colcon.colcon_core.event_handler.log_command:Invoking command in '/home/airlab/seed25/ros_packages/seed_controller_ws/src/mocap_listener': PYTHONPATH=/home/airlab/seed25/ros_packages/seed_controller_ws/build/mocap_listener/prefix_override:/usr/lib/python3/dist-packages/colcon_core/task/python/colcon_distutils_commands:/home/airlab/seed25/ros_packages/seed_controller_ws/install/mocap_listener/lib/python3.8/site-packages:${PYTHONPATH} /usr/bin/python3 -W ignore:setup.py install is deprecated -W ignore:easy_install command is deprecated setup.py egg_info --egg-base ../../build/mocap_listener build --build-base /home/airlab/seed25/ros_packages/seed_controller_ws/build/mocap_listener/build install --record /home/airlab/seed25/ros_packages/seed_controller_ws/build/mocap_listener/install.log --install-scripts $base/lib/mocap_listener --single-version-externally-managed install_data
[3.338s] DEBUG:colcon.colcon_core.event_handler.log_command:Invoked command in '/home/airlab/seed25/ros_packages/seed_controller_ws/src/mocap_listener' returned '0': PYTHONPATH=/home/airlab/seed25/ros_packages/seed_controller_ws/build/mocap_listener/prefix_override:/usr/lib/python3/dist-packages/colcon_core/task/python/colcon_distutils_commands:/home/airlab/seed25/ros_packages/seed_controller_ws/install/mocap_listener/lib/python3.8/site-packages:${PYTHONPATH} /usr/bin/python3 -W ignore:setup.py install is deprecated -W ignore:easy_install command is deprecated setup.py egg_info --egg-base ../../build/mocap_listener build --build-base /home/airlab/seed25/ros_packages/seed_controller_ws/build/mocap_listener/build install --record /home/airlab/seed25/ros_packages/seed_controller_ws/build/mocap_listener/install.log --install-scripts $base/lib/mocap_listener --single-version-externally-managed install_data
[3.348s] Level 1:colcon.colcon_core.environment:checking '/home/airlab/seed25/ros_packages/seed_controller_ws/install/mocap_listener' for CMake module files
[3.350s] Level 1:colcon.colcon_core.environment:checking '/home/airlab/seed25/ros_packages/seed_controller_ws/install/mocap_listener' for CMake config files
[3.351s] Level 1:colcon.colcon_core.environment:checking '/home/airlab/seed25/ros_packages/seed_controller_ws/install/mocap_listener/lib'
[3.352s] Level 1:colcon.colcon_core.environment:checking '/home/airlab/seed25/ros_packages/seed_controller_ws/install/mocap_listener/bin'
[3.352s] Level 1:colcon.colcon_core.environment:checking '/home/airlab/seed25/ros_packages/seed_controller_ws/install/mocap_listener/lib/pkgconfig/mocap_listener.pc'
[3.352s] Level 1:colcon.colcon_core.environment:checking '/home/airlab/seed25/ros_packages/seed_controller_ws/install/mocap_listener/lib/python3.8/site-packages'
[3.353s] Level 1:colcon.colcon_core.shell:create_environment_hook('mocap_listener', 'pythonpath')
[3.353s] INFO:colcon.colcon_core.shell:Creating environment hook '/home/airlab/seed25/ros_packages/seed_controller_ws/install/mocap_listener/share/mocap_listener/hook/pythonpath.ps1'
[3.355s] INFO:colcon.colcon_core.shell:Creating environment descriptor '/home/airlab/seed25/ros_packages/seed_controller_ws/install/mocap_listener/share/mocap_listener/hook/pythonpath.dsv'
[3.356s] INFO:colcon.colcon_core.shell:Creating environment hook '/home/airlab/seed25/ros_packages/seed_controller_ws/install/mocap_listener/share/mocap_listener/hook/pythonpath.sh'
[3.357s] Level 1:colcon.colcon_core.environment:checking '/home/airlab/seed25/ros_packages/seed_controller_ws/install/mocap_listener/bin'
[3.357s] Level 1:colcon.colcon_core.environment:create_environment_scripts_only(mocap_listener)
[3.359s] INFO:colcon.colcon_core.shell:Creating package script '/home/airlab/seed25/ros_packages/seed_controller_ws/install/mocap_listener/share/mocap_listener/package.ps1'
[3.362s] INFO:colcon.colcon_core.shell:Creating package descriptor '/home/airlab/seed25/ros_packages/seed_controller_ws/install/mocap_listener/share/mocap_listener/package.dsv'
[3.365s] INFO:colcon.colcon_core.shell:Creating package script '/home/airlab/seed25/ros_packages/seed_controller_ws/install/mocap_listener/share/mocap_listener/package.sh'
[3.367s] INFO:colcon.colcon_core.shell:Creating package script '/home/airlab/seed25/ros_packages/seed_controller_ws/install/mocap_listener/share/mocap_listener/package.bash'
[3.370s] INFO:colcon.colcon_core.shell:Creating package script '/home/airlab/seed25/ros_packages/seed_controller_ws/install/mocap_listener/share/mocap_listener/package.zsh'
[3.373s] Level 1:colcon.colcon_core.environment:create_file_with_runtime_dependencies(/home/airlab/seed25/ros_packages/seed_controller_ws/install/mocap_listener/share/colcon-core/packages/mocap_listener)
[3.374s] DEBUG:colcon.colcon_parallel_executor.executor.parallel:closing loop
[3.375s] DEBUG:colcon.colcon_parallel_executor.executor.parallel:loop closed
[3.375s] DEBUG:colcon.colcon_parallel_executor.executor.parallel:run_until_complete finished with '0'
[3.375s] DEBUG:colcon.colcon_core.event_reactor:joining thread
[3.391s] INFO:colcon.colcon_core.plugin_system:Skipping extension 'colcon_notification.desktop_notification.terminal_notifier': Not used on non-Darwin systems
[3.392s] INFO:colcon.colcon_core.plugin_system:Skipping extension 'colcon_notification.desktop_notification.win32': Not used on non-Windows systems
[3.392s] INFO:colcon.colcon_notification.desktop_notification:Sending desktop notification using 'notify2'
[3.418s] DEBUG:colcon.colcon_notification.desktop_notification.notify2:Failed to initialize notify2: org.freedesktop.DBus.Error.Spawn.ChildExited: Process org.freedesktop.Notifications exited with status 1
[3.419s] DEBUG:colcon.colcon_core.event_reactor:joined thread
[3.420s] INFO:colcon.colcon_core.shell:Creating prefix script '/home/airlab/seed25/ros_packages/seed_controller_ws/install/local_setup.ps1'
[3.424s] INFO:colcon.colcon_core.shell:Creating prefix util module '/home/airlab/seed25/ros_packages/seed_controller_ws/install/_local_setup_util_ps1.py'
[3.429s] INFO:colcon.colcon_core.shell:Creating prefix chain script '/home/airlab/seed25/ros_packages/seed_controller_ws/install/setup.ps1'
[3.435s] INFO:colcon.colcon_core.shell:Creating prefix script '/home/airlab/seed25/ros_packages/seed_controller_ws/install/local_setup.sh'
[3.437s] INFO:colcon.colcon_core.shell:Creating prefix util module '/home/airlab/seed25/ros_packages/seed_controller_ws/install/_local_setup_util_sh.py'
[3.439s] INFO:colcon.colcon_core.shell:Creating prefix chain script '/home/airlab/seed25/ros_packages/seed_controller_ws/install/setup.sh'
[3.444s] INFO:colcon.colcon_core.shell:Creating prefix script '/home/airlab/seed25/ros_packages/seed_controller_ws/install/local_setup.bash'
[3.446s] INFO:colcon.colcon_core.shell:Creating prefix chain script '/home/airlab/seed25/ros_packages/seed_controller_ws/install/setup.bash'
[3.450s] INFO:colcon.colcon_core.shell:Creating prefix script '/home/airlab/seed25/ros_packages/seed_controller_ws/install/local_setup.zsh'
[3.452s] INFO:colcon.colcon_core.shell:Creating prefix chain script '/home/airlab/seed25/ros_packages/seed_controller_ws/install/setup.zsh'
