[0.055s] Invoking command in '/home/airlab/seed25/build/mocap4r2_control_msgs': CMAKE_PREFIX_PATH=${CMAKE_PREFIX_PATH}:/home/airlab/seed25/ros_packages/seed_controller_ws/install/mocap_listener:/home/airlab/seed25/ros_packages/mocap4r2_ws/install/mocap4r2cli:/opt/ros/foxy /usr/bin/cmake /home/airlab/seed25/ros_packages/mocap4r2_ws/src/mocap4r2/mocap4r2_control/mocap4r2_control_msgs -DCMAKE_INSTALL_PREFIX=/home/airlab/seed25/install/mocap4r2_control_msgs
[0.181s] -- The C compiler identification is GNU 9.4.0
[0.302s] -- The CXX compiler identification is GNU 9.4.0
[0.312s] -- Check for working C compiler: /usr/bin/cc
[0.466s] -- Check for working C compiler: /usr/bin/cc -- works
[0.467s] -- Detecting C compiler ABI info
[0.627s] -- Detecting C compiler ABI info - done
[0.647s] -- Detecting C compile features
[0.648s] -- Detecting C compile features - done
[0.653s] -- Check for working CXX compiler: /usr/bin/c++
[0.829s] -- Check for working CXX compiler: /usr/bin/c++ -- works
[0.830s] -- Detecting CXX compiler ABI info
[1.013s] -- Detecting CXX compiler ABI info - done
[1.036s] -- Detecting CXX compile features
[1.038s] -- Detecting CXX compile features - done
[1.044s] -- Found ament_cmake: 0.9.12 (/opt/ros/foxy/share/ament_cmake/cmake)
[1.108s] -- Found PythonInterp: /usr/bin/python3 (found suitable version "3.8.10", minimum required is "3") 
[1.108s] -- Using PYTHON_EXECUTABLE: /usr/bin/python3
[1.669s] -- Found rosidl_default_generators: 1.0.1 (/opt/ros/foxy/share/rosidl_default_generators/cmake)
[1.679s] -- Using all available rosidl_typesupport_c: rosidl_typesupport_fastrtps_c;rosidl_typesupport_introspection_c
[1.699s] -- Found rosidl_adapter: 1.3.1 (/opt/ros/foxy/share/rosidl_adapter/cmake)
[1.910s] -- Found OpenSSL: /usr/lib/aarch64-linux-gnu/libcrypto.so (found version "1.1.1f")  
[1.971s] -- Found FastRTPS: /opt/ros/foxy/include  
[2.142s] -- Using all available rosidl_typesupport_cpp: rosidl_typesupport_fastrtps_cpp;rosidl_typesupport_introspection_cpp
[2.200s] -- Found builtin_interfaces: 1.0.0 (/opt/ros/foxy/share/builtin_interfaces/cmake)
[2.229s] -- Found std_msgs: 2.0.5 (/opt/ros/foxy/share/std_msgs/cmake)
[2.266s] -- Found geometry_msgs: 2.0.5 (/opt/ros/foxy/share/geometry_msgs/cmake)
[2.400s] -- Found PythonInterp: /usr/bin/python3 (found version "3.8.10") 
[2.864s] -- Found ament_cmake_ros: 0.9.2 (/opt/ros/foxy/share/ament_cmake_ros/cmake)
[3.358s] -- Using all available rosidl_typesupport_c: rosidl_typesupport_fastrtps_c;rosidl_typesupport_introspection_c
[3.574s] -- Using all available rosidl_typesupport_cpp: rosidl_typesupport_fastrtps_cpp;rosidl_typesupport_introspection_cpp
[3.652s] -- Found PythonInterp: /usr/bin/python3 (found suitable version "3.8.10", minimum required is "3.5") 
[3.656s] -- Found python_cmake_module: 0.8.1 (/opt/ros/foxy/share/python_cmake_module/cmake)
[3.734s] -- Found PythonLibs: /usr/lib/aarch64-linux-gnu/libpython3.8.so (found suitable version "3.8.10", minimum required is "3.5") 
[3.734s] -- Using PYTHON_EXECUTABLE: /usr/bin/python3
[3.734s] -- Using PYTHON_INCLUDE_DIRS: /usr/include/python3.8
[3.734s] -- Using PYTHON_LIBRARIES: /usr/lib/aarch64-linux-gnu/libpython3.8.so
[3.797s] -- Found PythonExtra: .so  
[4.026s] -- Configuring done
[4.137s] -- Generating done
[4.179s] -- Build files have been written to: /home/airlab/seed25/build/mocap4r2_control_msgs
[4.210s] Invoked command in '/home/airlab/seed25/build/mocap4r2_control_msgs' returned '0': CMAKE_PREFIX_PATH=${CMAKE_PREFIX_PATH}:/home/airlab/seed25/ros_packages/seed_controller_ws/install/mocap_listener:/home/airlab/seed25/ros_packages/mocap4r2_ws/install/mocap4r2cli:/opt/ros/foxy /usr/bin/cmake /home/airlab/seed25/ros_packages/mocap4r2_ws/src/mocap4r2/mocap4r2_control/mocap4r2_control_msgs -DCMAKE_INSTALL_PREFIX=/home/airlab/seed25/install/mocap4r2_control_msgs
[4.215s] Invoking command in '/home/airlab/seed25/build/mocap4r2_control_msgs': CMAKE_PREFIX_PATH=${CMAKE_PREFIX_PATH}:/home/airlab/seed25/ros_packages/seed_controller_ws/install/mocap_listener:/home/airlab/seed25/ros_packages/mocap4r2_ws/install/mocap4r2cli:/opt/ros/foxy /usr/bin/cmake --build /home/airlab/seed25/build/mocap4r2_control_msgs -- -j4 -l4
[4.386s] [  2%] [34m[1mGenerating C code for ROS interfaces[0m
[4.402s] [35m[1mScanning dependencies of target mocap4r2_control_msgs__cpp[0m
[4.492s] [  5%] [34m[1mGenerating C++ code for ROS interfaces[0m
[6.321s] [35m[1mScanning dependencies of target mocap4r2_control_msgs__rosidl_generator_c[0m
[6.423s] [  7%] [32mBuilding C object CMakeFiles/mocap4r2_control_msgs__rosidl_generator_c.dir/rosidl_generator_c/mocap4r2_control_msgs/msg/detail/mocap_info__functions.c.o[0m
[6.468s] [  7%] Built target mocap4r2_control_msgs__cpp
[6.468s] [ 10%] [32mBuilding C object CMakeFiles/mocap4r2_control_msgs__rosidl_generator_c.dir/rosidl_generator_c/mocap4r2_control_msgs/msg/detail/control__functions.c.o[0m
[6.563s] [ 12%] [34m[1mGenerating C++ introspection for ROS interfaces[0m
[6.612s] [ 15%] [34m[1mGenerating C++ type support for eProsima Fast-RTPS[0m
[6.817s] [ 17%] [34m[1mGenerating C++ type support dispatch for ROS interfaces[0m
[6.986s] [ 20%] [32m[1mLinking C shared library libmocap4r2_control_msgs__rosidl_generator_c.so[0m
[7.424s] [ 20%] Built target mocap4r2_control_msgs__rosidl_generator_c
[7.576s] [ 23%] [34m[1mGenerating C introspection for ROS interfaces[0m
[9.396s] [35m[1mScanning dependencies of target mocap4r2_control_msgs__rosidl_typesupport_introspection_cpp[0m
[9.448s] [35m[1mScanning dependencies of target mocap4r2_control_msgs__rosidl_typesupport_cpp[0m
[9.519s] [ 25%] [32mBuilding CXX object CMakeFiles/mocap4r2_control_msgs__rosidl_typesupport_introspection_cpp.dir/rosidl_typesupport_introspection_cpp/mocap4r2_control_msgs/msg/detail/control__type_support.cpp.o[0m
[9.579s] [ 28%] [32mBuilding CXX object CMakeFiles/mocap4r2_control_msgs__rosidl_typesupport_cpp.dir/rosidl_typesupport_cpp/mocap4r2_control_msgs/msg/control__type_support.cpp.o[0m
[9.625s] [35m[1mScanning dependencies of target mocap4r2_control_msgs__rosidl_typesupport_fastrtps_cpp[0m
[9.812s] [ 30%] [32mBuilding CXX object CMakeFiles/mocap4r2_control_msgs__rosidl_typesupport_fastrtps_cpp.dir/rosidl_typesupport_fastrtps_cpp/mocap4r2_control_msgs/msg/detail/dds_fastrtps/control__type_support.cpp.o[0m
[10.438s] [35m[1mScanning dependencies of target mocap4r2_control_msgs__rosidl_typesupport_introspection_c[0m
[10.574s] [ 33%] [32mBuilding C object CMakeFiles/mocap4r2_control_msgs__rosidl_typesupport_introspection_c.dir/rosidl_typesupport_introspection_c/mocap4r2_control_msgs/msg/detail/control__type_support.c.o[0m
[10.972s] [ 35%] [32mBuilding C object CMakeFiles/mocap4r2_control_msgs__rosidl_typesupport_introspection_c.dir/rosidl_typesupport_introspection_c/mocap4r2_control_msgs/msg/detail/mocap_info__type_support.c.o[0m
[11.278s] [ 38%] [32m[1mLinking C shared library libmocap4r2_control_msgs__rosidl_typesupport_introspection_c.so[0m
[11.663s] [ 38%] Built target mocap4r2_control_msgs__rosidl_typesupport_introspection_c
[11.787s] [ 41%] [32mBuilding CXX object CMakeFiles/mocap4r2_control_msgs__rosidl_typesupport_fastrtps_cpp.dir/rosidl_typesupport_fastrtps_cpp/mocap4r2_control_msgs/msg/detail/dds_fastrtps/mocap_info__type_support.cpp.o[0m
[12.566s] [ 43%] [32mBuilding CXX object CMakeFiles/mocap4r2_control_msgs__rosidl_typesupport_cpp.dir/rosidl_typesupport_cpp/mocap4r2_control_msgs/msg/mocap_info__type_support.cpp.o[0m
[12.917s] [ 46%] [32mBuilding CXX object CMakeFiles/mocap4r2_control_msgs__rosidl_typesupport_introspection_cpp.dir/rosidl_typesupport_introspection_cpp/mocap4r2_control_msgs/msg/detail/mocap_info__type_support.cpp.o[0m
[14.003s] [ 48%] [34m[1mGenerating C type support dispatch for ROS interfaces[0m
[14.602s] [ 51%] [32m[1mLinking CXX shared library libmocap4r2_control_msgs__rosidl_typesupport_cpp.so[0m
[14.881s] [ 51%] Built target mocap4r2_control_msgs__rosidl_typesupport_cpp
[14.984s] [ 53%] [32m[1mLinking CXX shared library libmocap4r2_control_msgs__rosidl_typesupport_introspection_cpp.so[0m
[15.064s] [ 56%] [32m[1mLinking CXX shared library libmocap4r2_control_msgs__rosidl_typesupport_fastrtps_cpp.so[0m
[15.145s] [35m[1mScanning dependencies of target mocap4r2_control_msgs__rosidl_typesupport_c[0m
[15.249s] [ 58%] [32mBuilding CXX object CMakeFiles/mocap4r2_control_msgs__rosidl_typesupport_c.dir/rosidl_typesupport_c/mocap4r2_control_msgs/msg/control__type_support.cpp.o[0m
[15.261s] [ 61%] [32mBuilding CXX object CMakeFiles/mocap4r2_control_msgs__rosidl_typesupport_c.dir/rosidl_typesupport_c/mocap4r2_control_msgs/msg/mocap_info__type_support.cpp.o[0m
[15.435s] [ 61%] Built target mocap4r2_control_msgs__rosidl_typesupport_introspection_cpp
[15.471s] [ 61%] Built target mocap4r2_control_msgs__rosidl_typesupport_fastrtps_cpp
[15.520s] [ 64%] [32m[1mLinking CXX shared library libmocap4r2_control_msgs__rosidl_typesupport_c.so[0m
[15.583s] [ 66%] [34m[1mGenerating C type support for eProsima Fast-RTPS[0m
[15.763s] [ 66%] Built target mocap4r2_control_msgs__rosidl_typesupport_c
[16.657s] [35m[1mScanning dependencies of target mocap4r2_control_msgs__rosidl_typesupport_fastrtps_c[0m
[16.717s] [ 69%] [32mBuilding CXX object CMakeFiles/mocap4r2_control_msgs__rosidl_typesupport_fastrtps_c.dir/rosidl_typesupport_fastrtps_c/mocap4r2_control_msgs/msg/detail/mocap_info__type_support_c.cpp.o[0m
[16.742s] [ 71%] [32mBuilding CXX object CMakeFiles/mocap4r2_control_msgs__rosidl_typesupport_fastrtps_c.dir/rosidl_typesupport_fastrtps_c/mocap4r2_control_msgs/msg/detail/control__type_support_c.cpp.o[0m
[18.444s] [ 74%] [32m[1mLinking CXX shared library libmocap4r2_control_msgs__rosidl_typesupport_fastrtps_c.so[0m
[18.928s] [ 74%] Built target mocap4r2_control_msgs__rosidl_typesupport_fastrtps_c
[18.999s] [35m[1mScanning dependencies of target mocap4r2_control_msgs[0m
[19.076s] [ 74%] Built target mocap4r2_control_msgs
[19.153s] [35m[1mScanning dependencies of target mocap4r2_control_msgs__py[0m
[19.252s] [ 76%] [34m[1mGenerating Python code for ROS interfaces[0m
[21.181s] [ 76%] Built target mocap4r2_control_msgs__py
[21.231s] [35m[1mScanning dependencies of target mocap4r2_control_msgs__python[0m
[21.341s] [ 79%] [32mBuilding C object CMakeFiles/mocap4r2_control_msgs__python.dir/rosidl_generator_py/mocap4r2_control_msgs/msg/_control_s.c.o[0m
[21.355s] [ 82%] [32mBuilding C object CMakeFiles/mocap4r2_control_msgs__python.dir/rosidl_generator_py/mocap4r2_control_msgs/msg/_mocap_info_s.c.o[0m
[21.672s] [ 84%] [32m[1mLinking C shared library rosidl_generator_py/mocap4r2_control_msgs/libmocap4r2_control_msgs__python.so[0m
[21.772s] [ 84%] Built target mocap4r2_control_msgs__python
[21.805s] [35m[1mScanning dependencies of target mocap4r2_control_msgs__rosidl_typesupport_c__pyext[0m
[21.838s] [35m[1mScanning dependencies of target mocap4r2_control_msgs__rosidl_typesupport_fastrtps_c__pyext[0m
[21.853s] [35m[1mScanning dependencies of target mocap4r2_control_msgs__rosidl_typesupport_introspection_c__pyext[0m
[21.883s] [ 87%] [32mBuilding C object CMakeFiles/mocap4r2_control_msgs__rosidl_typesupport_c__pyext.dir/rosidl_generator_py/mocap4r2_control_msgs/_mocap4r2_control_msgs_s.ep.rosidl_typesupport_c.c.o[0m
[21.912s] [ 89%] [32mBuilding C object CMakeFiles/mocap4r2_control_msgs__rosidl_typesupport_introspection_c__pyext.dir/rosidl_generator_py/mocap4r2_control_msgs/_mocap4r2_control_msgs_s.ep.rosidl_typesupport_introspection_c.c.o[0m
[21.925s] [ 92%] [32mBuilding C object CMakeFiles/mocap4r2_control_msgs__rosidl_typesupport_fastrtps_c__pyext.dir/rosidl_generator_py/mocap4r2_control_msgs/_mocap4r2_control_msgs_s.ep.rosidl_typesupport_fastrtps_c.c.o[0m
[22.171s] [ 94%] [32m[1mLinking C shared library rosidl_generator_py/mocap4r2_control_msgs/mocap4r2_control_msgs_s__rosidl_typesupport_introspection_c.cpython-38-aarch64-linux-gnu.so[0m
[22.209s] [ 97%] [32m[1mLinking C shared library rosidl_generator_py/mocap4r2_control_msgs/mocap4r2_control_msgs_s__rosidl_typesupport_c.cpython-38-aarch64-linux-gnu.so[0m
[22.277s] [100%] [32m[1mLinking CXX shared library rosidl_generator_py/mocap4r2_control_msgs/mocap4r2_control_msgs_s__rosidl_typesupport_fastrtps_c.cpython-38-aarch64-linux-gnu.so[0m
[22.312s] [100%] Built target mocap4r2_control_msgs__rosidl_typesupport_c__pyext
[22.420s] [100%] Built target mocap4r2_control_msgs__rosidl_typesupport_introspection_c__pyext
[22.498s] [100%] Built target mocap4r2_control_msgs__rosidl_typesupport_fastrtps_c__pyext
[22.752s] Invoked command in '/home/airlab/seed25/build/mocap4r2_control_msgs' returned '0': CMAKE_PREFIX_PATH=${CMAKE_PREFIX_PATH}:/home/airlab/seed25/ros_packages/seed_controller_ws/install/mocap_listener:/home/airlab/seed25/ros_packages/mocap4r2_ws/install/mocap4r2cli:/opt/ros/foxy /usr/bin/cmake --build /home/airlab/seed25/build/mocap4r2_control_msgs -- -j4 -l4
[22.758s] Invoking command in '/home/airlab/seed25/build/mocap4r2_control_msgs': CMAKE_PREFIX_PATH=${CMAKE_PREFIX_PATH}:/home/airlab/seed25/ros_packages/seed_controller_ws/install/mocap_listener:/home/airlab/seed25/ros_packages/mocap4r2_ws/install/mocap4r2cli:/opt/ros/foxy /usr/bin/cmake --install /home/airlab/seed25/build/mocap4r2_control_msgs
[22.802s] -- Install configuration: ""
[22.803s] -- Installing: /home/airlab/seed25/install/mocap4r2_control_msgs/share/ament_index/resource_index/rosidl_interfaces/mocap4r2_control_msgs
[22.803s] -- Installing: /home/airlab/seed25/install/mocap4r2_control_msgs/include/mocap4r2_control_msgs
[22.803s] -- Installing: /home/airlab/seed25/install/mocap4r2_control_msgs/include/mocap4r2_control_msgs/msg
[22.803s] -- Installing: /home/airlab/seed25/install/mocap4r2_control_msgs/include/mocap4r2_control_msgs/msg/control.h
[22.804s] -- Installing: /home/airlab/seed25/install/mocap4r2_control_msgs/include/mocap4r2_control_msgs/msg/detail
[22.804s] -- Installing: /home/airlab/seed25/install/mocap4r2_control_msgs/include/mocap4r2_control_msgs/msg/detail/mocap_info__functions.c
[22.804s] -- Installing: /home/airlab/seed25/install/mocap4r2_control_msgs/include/mocap4r2_control_msgs/msg/detail/control__struct.h
[22.804s] -- Installing: /home/airlab/seed25/install/mocap4r2_control_msgs/include/mocap4r2_control_msgs/msg/detail/mocap_info__functions.h
[22.805s] -- Installing: /home/airlab/seed25/install/mocap4r2_control_msgs/include/mocap4r2_control_msgs/msg/detail/control__type_support.h
[22.805s] -- Installing: /home/airlab/seed25/install/mocap4r2_control_msgs/include/mocap4r2_control_msgs/msg/detail/mocap_info__struct.h
[22.805s] -- Installing: /home/airlab/seed25/install/mocap4r2_control_msgs/include/mocap4r2_control_msgs/msg/detail/control__functions.h
[22.805s] -- Installing: /home/airlab/seed25/install/mocap4r2_control_msgs/include/mocap4r2_control_msgs/msg/detail/mocap_info__type_support.h
[22.805s] -- Installing: /home/airlab/seed25/install/mocap4r2_control_msgs/include/mocap4r2_control_msgs/msg/detail/control__functions.c
[22.805s] -- Installing: /home/airlab/seed25/install/mocap4r2_control_msgs/include/mocap4r2_control_msgs/msg/rosidl_generator_c__visibility_control.h
[22.806s] -- Installing: /home/airlab/seed25/install/mocap4r2_control_msgs/include/mocap4r2_control_msgs/msg/mocap_info.h
[22.806s] -- Installing: /home/airlab/seed25/install/mocap4r2_control_msgs/share/mocap4r2_control_msgs/environment/library_path.sh
[22.806s] -- Installing: /home/airlab/seed25/install/mocap4r2_control_msgs/share/mocap4r2_control_msgs/environment/library_path.dsv
[22.807s] -- Installing: /home/airlab/seed25/install/mocap4r2_control_msgs/lib/libmocap4r2_control_msgs__rosidl_generator_c.so
[22.808s] -- Set runtime path of "/home/airlab/seed25/install/mocap4r2_control_msgs/lib/libmocap4r2_control_msgs__rosidl_generator_c.so" to ""
[22.808s] -- Up-to-date: /home/airlab/seed25/install/mocap4r2_control_msgs/include/mocap4r2_control_msgs
[22.808s] -- Up-to-date: /home/airlab/seed25/install/mocap4r2_control_msgs/include/mocap4r2_control_msgs/msg
[22.808s] -- Up-to-date: /home/airlab/seed25/install/mocap4r2_control_msgs/include/mocap4r2_control_msgs/msg/detail
[22.808s] -- Installing: /home/airlab/seed25/install/mocap4r2_control_msgs/include/mocap4r2_control_msgs/msg/detail/control__rosidl_typesupport_fastrtps_c.h
[22.809s] -- Installing: /home/airlab/seed25/install/mocap4r2_control_msgs/include/mocap4r2_control_msgs/msg/detail/mocap_info__rosidl_typesupport_fastrtps_c.h
[22.809s] -- Installing: /home/airlab/seed25/install/mocap4r2_control_msgs/include/mocap4r2_control_msgs/msg/rosidl_typesupport_fastrtps_c__visibility_control.h
[22.809s] -- Installing: /home/airlab/seed25/install/mocap4r2_control_msgs/lib/libmocap4r2_control_msgs__rosidl_typesupport_fastrtps_c.so
[22.810s] -- Set runtime path of "/home/airlab/seed25/install/mocap4r2_control_msgs/lib/libmocap4r2_control_msgs__rosidl_typesupport_fastrtps_c.so" to ""
[22.810s] -- Up-to-date: /home/airlab/seed25/install/mocap4r2_control_msgs/include/mocap4r2_control_msgs
[22.810s] -- Up-to-date: /home/airlab/seed25/install/mocap4r2_control_msgs/include/mocap4r2_control_msgs/msg
[22.810s] -- Installing: /home/airlab/seed25/install/mocap4r2_control_msgs/include/mocap4r2_control_msgs/msg/rosidl_typesupport_fastrtps_cpp__visibility_control.h
[22.810s] -- Up-to-date: /home/airlab/seed25/install/mocap4r2_control_msgs/include/mocap4r2_control_msgs/msg/detail
[22.811s] -- Installing: /home/airlab/seed25/install/mocap4r2_control_msgs/include/mocap4r2_control_msgs/msg/detail/mocap_info__rosidl_typesupport_fastrtps_cpp.hpp
[22.811s] -- Installing: /home/airlab/seed25/install/mocap4r2_control_msgs/include/mocap4r2_control_msgs/msg/detail/control__rosidl_typesupport_fastrtps_cpp.hpp
[22.811s] -- Installing: /home/airlab/seed25/install/mocap4r2_control_msgs/include/mocap4r2_control_msgs/msg/detail/dds_fastrtps
[22.811s] -- Installing: /home/airlab/seed25/install/mocap4r2_control_msgs/lib/libmocap4r2_control_msgs__rosidl_typesupport_fastrtps_cpp.so
[22.821s] -- Set runtime path of "/home/airlab/seed25/install/mocap4r2_control_msgs/lib/libmocap4r2_control_msgs__rosidl_typesupport_fastrtps_cpp.so" to ""
[22.821s] -- Up-to-date: /home/airlab/seed25/install/mocap4r2_control_msgs/include/mocap4r2_control_msgs
[22.821s] -- Up-to-date: /home/airlab/seed25/install/mocap4r2_control_msgs/include/mocap4r2_control_msgs/msg
[22.821s] -- Up-to-date: /home/airlab/seed25/install/mocap4r2_control_msgs/include/mocap4r2_control_msgs/msg/detail
[22.822s] -- Installing: /home/airlab/seed25/install/mocap4r2_control_msgs/include/mocap4r2_control_msgs/msg/detail/mocap_info__rosidl_typesupport_introspection_c.h
[22.822s] -- Installing: /home/airlab/seed25/install/mocap4r2_control_msgs/include/mocap4r2_control_msgs/msg/detail/control__rosidl_typesupport_introspection_c.h
[22.822s] -- Installing: /home/airlab/seed25/install/mocap4r2_control_msgs/include/mocap4r2_control_msgs/msg/detail/mocap_info__type_support.c
[22.822s] -- Installing: /home/airlab/seed25/install/mocap4r2_control_msgs/include/mocap4r2_control_msgs/msg/detail/control__type_support.c
[22.822s] -- Installing: /home/airlab/seed25/install/mocap4r2_control_msgs/include/mocap4r2_control_msgs/msg/rosidl_typesupport_introspection_c__visibility_control.h
[22.822s] -- Installing: /home/airlab/seed25/install/mocap4r2_control_msgs/lib/libmocap4r2_control_msgs__rosidl_typesupport_introspection_c.so
[22.823s] -- Set runtime path of "/home/airlab/seed25/install/mocap4r2_control_msgs/lib/libmocap4r2_control_msgs__rosidl_typesupport_introspection_c.so" to ""
[22.823s] -- Installing: /home/airlab/seed25/install/mocap4r2_control_msgs/lib/libmocap4r2_control_msgs__rosidl_typesupport_c.so
[22.824s] -- Set runtime path of "/home/airlab/seed25/install/mocap4r2_control_msgs/lib/libmocap4r2_control_msgs__rosidl_typesupport_c.so" to ""
[22.824s] -- Up-to-date: /home/airlab/seed25/install/mocap4r2_control_msgs/include/mocap4r2_control_msgs
[22.824s] -- Up-to-date: /home/airlab/seed25/install/mocap4r2_control_msgs/include/mocap4r2_control_msgs/msg
[22.824s] -- Installing: /home/airlab/seed25/install/mocap4r2_control_msgs/include/mocap4r2_control_msgs/msg/rosidl_generator_cpp__visibility_control.hpp
[22.825s] -- Installing: /home/airlab/seed25/install/mocap4r2_control_msgs/include/mocap4r2_control_msgs/msg/control.hpp
[22.825s] -- Up-to-date: /home/airlab/seed25/install/mocap4r2_control_msgs/include/mocap4r2_control_msgs/msg/detail
[22.825s] -- Installing: /home/airlab/seed25/install/mocap4r2_control_msgs/include/mocap4r2_control_msgs/msg/detail/control__type_support.hpp
[22.825s] -- Installing: /home/airlab/seed25/install/mocap4r2_control_msgs/include/mocap4r2_control_msgs/msg/detail/mocap_info__type_support.hpp
[22.825s] -- Installing: /home/airlab/seed25/install/mocap4r2_control_msgs/include/mocap4r2_control_msgs/msg/detail/mocap_info__builder.hpp
[22.826s] -- Installing: /home/airlab/seed25/install/mocap4r2_control_msgs/include/mocap4r2_control_msgs/msg/detail/control__builder.hpp
[22.826s] -- Installing: /home/airlab/seed25/install/mocap4r2_control_msgs/include/mocap4r2_control_msgs/msg/detail/mocap_info__traits.hpp
[22.826s] -- Installing: /home/airlab/seed25/install/mocap4r2_control_msgs/include/mocap4r2_control_msgs/msg/detail/control__struct.hpp
[22.826s] -- Installing: /home/airlab/seed25/install/mocap4r2_control_msgs/include/mocap4r2_control_msgs/msg/detail/mocap_info__struct.hpp
[22.827s] -- Installing: /home/airlab/seed25/install/mocap4r2_control_msgs/include/mocap4r2_control_msgs/msg/detail/control__traits.hpp
[22.827s] -- Installing: /home/airlab/seed25/install/mocap4r2_control_msgs/include/mocap4r2_control_msgs/msg/mocap_info.hpp
[22.827s] -- Up-to-date: /home/airlab/seed25/install/mocap4r2_control_msgs/include/mocap4r2_control_msgs
[22.827s] -- Up-to-date: /home/airlab/seed25/install/mocap4r2_control_msgs/include/mocap4r2_control_msgs/msg
[22.827s] -- Up-to-date: /home/airlab/seed25/install/mocap4r2_control_msgs/include/mocap4r2_control_msgs/msg/detail
[22.828s] -- Installing: /home/airlab/seed25/install/mocap4r2_control_msgs/include/mocap4r2_control_msgs/msg/detail/control__rosidl_typesupport_introspection_cpp.hpp
[22.828s] -- Installing: /home/airlab/seed25/install/mocap4r2_control_msgs/include/mocap4r2_control_msgs/msg/detail/mocap_info__rosidl_typesupport_introspection_cpp.hpp
[22.828s] -- Installing: /home/airlab/seed25/install/mocap4r2_control_msgs/include/mocap4r2_control_msgs/msg/detail/control__type_support.cpp
[22.828s] -- Installing: /home/airlab/seed25/install/mocap4r2_control_msgs/include/mocap4r2_control_msgs/msg/detail/mocap_info__type_support.cpp
[22.828s] -- Installing: /home/airlab/seed25/install/mocap4r2_control_msgs/lib/libmocap4r2_control_msgs__rosidl_typesupport_introspection_cpp.so
[22.829s] -- Set runtime path of "/home/airlab/seed25/install/mocap4r2_control_msgs/lib/libmocap4r2_control_msgs__rosidl_typesupport_introspection_cpp.so" to ""
[22.829s] -- Installing: /home/airlab/seed25/install/mocap4r2_control_msgs/lib/libmocap4r2_control_msgs__rosidl_typesupport_cpp.so
[22.830s] -- Set runtime path of "/home/airlab/seed25/install/mocap4r2_control_msgs/lib/libmocap4r2_control_msgs__rosidl_typesupport_cpp.so" to ""
[22.830s] -- Installing: /home/airlab/seed25/install/mocap4r2_control_msgs/share/mocap4r2_control_msgs/environment/pythonpath.sh
[22.830s] -- Installing: /home/airlab/seed25/install/mocap4r2_control_msgs/share/mocap4r2_control_msgs/environment/pythonpath.dsv
[22.831s] -- Installing: /home/airlab/seed25/install/mocap4r2_control_msgs/lib/python3.8/site-packages/mocap4r2_control_msgs/__init__.py
[22.934s] Compiling '/home/airlab/seed25/install/mocap4r2_control_msgs/lib/python3.8/site-packages/mocap4r2_control_msgs/__init__.py'...
[22.953s] -- Installing: /home/airlab/seed25/install/mocap4r2_control_msgs/lib/python3.8/site-packages/mocap4r2_control_msgs/msg
[22.953s] -- Installing: /home/airlab/seed25/install/mocap4r2_control_msgs/lib/python3.8/site-packages/mocap4r2_control_msgs/msg/_control.py
[22.953s] -- Installing: /home/airlab/seed25/install/mocap4r2_control_msgs/lib/python3.8/site-packages/mocap4r2_control_msgs/msg/_control_s.c
[22.954s] -- Installing: /home/airlab/seed25/install/mocap4r2_control_msgs/lib/python3.8/site-packages/mocap4r2_control_msgs/msg/_mocap_info_s.c
[22.954s] -- Installing: /home/airlab/seed25/install/mocap4r2_control_msgs/lib/python3.8/site-packages/mocap4r2_control_msgs/msg/__init__.py
[22.954s] -- Installing: /home/airlab/seed25/install/mocap4r2_control_msgs/lib/python3.8/site-packages/mocap4r2_control_msgs/msg/_mocap_info.py
[22.955s] -- Installing: /home/airlab/seed25/install/mocap4r2_control_msgs/lib/python3.8/site-packages/mocap4r2_control_msgs/mocap4r2_control_msgs_s__rosidl_typesupport_fastrtps_c.cpython-38-aarch64-linux-gnu.so
[22.956s] -- Set runtime path of "/home/airlab/seed25/install/mocap4r2_control_msgs/lib/python3.8/site-packages/mocap4r2_control_msgs/mocap4r2_control_msgs_s__rosidl_typesupport_fastrtps_c.cpython-38-aarch64-linux-gnu.so" to ""
[22.956s] -- Installing: /home/airlab/seed25/install/mocap4r2_control_msgs/lib/python3.8/site-packages/mocap4r2_control_msgs/mocap4r2_control_msgs_s__rosidl_typesupport_introspection_c.cpython-38-aarch64-linux-gnu.so
[22.958s] -- Set runtime path of "/home/airlab/seed25/install/mocap4r2_control_msgs/lib/python3.8/site-packages/mocap4r2_control_msgs/mocap4r2_control_msgs_s__rosidl_typesupport_introspection_c.cpython-38-aarch64-linux-gnu.so" to ""
[22.958s] -- Installing: /home/airlab/seed25/install/mocap4r2_control_msgs/lib/python3.8/site-packages/mocap4r2_control_msgs/mocap4r2_control_msgs_s__rosidl_typesupport_c.cpython-38-aarch64-linux-gnu.so
[22.960s] -- Set runtime path of "/home/airlab/seed25/install/mocap4r2_control_msgs/lib/python3.8/site-packages/mocap4r2_control_msgs/mocap4r2_control_msgs_s__rosidl_typesupport_c.cpython-38-aarch64-linux-gnu.so" to ""
[22.960s] -- Installing: /home/airlab/seed25/install/mocap4r2_control_msgs/lib/libmocap4r2_control_msgs__python.so
[22.961s] -- Set runtime path of "/home/airlab/seed25/install/mocap4r2_control_msgs/lib/libmocap4r2_control_msgs__python.so" to ""
[22.961s] -- Installing: /home/airlab/seed25/install/mocap4r2_control_msgs/share/mocap4r2_control_msgs/msg/Control.idl
[22.961s] -- Installing: /home/airlab/seed25/install/mocap4r2_control_msgs/share/mocap4r2_control_msgs/msg/MocapInfo.idl
[22.962s] -- Installing: /home/airlab/seed25/install/mocap4r2_control_msgs/share/mocap4r2_control_msgs/msg/Control.msg
[22.962s] -- Installing: /home/airlab/seed25/install/mocap4r2_control_msgs/share/mocap4r2_control_msgs/msg/MocapInfo.msg
[22.963s] -- Installing: /home/airlab/seed25/install/mocap4r2_control_msgs/share/mocap4r2_control_msgs/mocap4r2_control_bridge_mapping_rule.yaml
[22.976s] -- Installing: /home/airlab/seed25/install/mocap4r2_control_msgs/share/ament_index/resource_index/package_run_dependencies/mocap4r2_control_msgs
[22.977s] -- Installing: /home/airlab/seed25/install/mocap4r2_control_msgs/share/ament_index/resource_index/parent_prefix_path/mocap4r2_control_msgs
[22.977s] -- Installing: /home/airlab/seed25/install/mocap4r2_control_msgs/share/mocap4r2_control_msgs/environment/ament_prefix_path.sh
[22.977s] -- Installing: /home/airlab/seed25/install/mocap4r2_control_msgs/share/mocap4r2_control_msgs/environment/ament_prefix_path.dsv
[22.978s] -- Installing: /home/airlab/seed25/install/mocap4r2_control_msgs/share/mocap4r2_control_msgs/environment/path.sh
[22.978s] -- Installing: /home/airlab/seed25/install/mocap4r2_control_msgs/share/mocap4r2_control_msgs/environment/path.dsv
[22.978s] -- Installing: /home/airlab/seed25/install/mocap4r2_control_msgs/share/mocap4r2_control_msgs/local_setup.bash
[22.979s] -- Installing: /home/airlab/seed25/install/mocap4r2_control_msgs/share/mocap4r2_control_msgs/local_setup.sh
[22.979s] -- Installing: /home/airlab/seed25/install/mocap4r2_control_msgs/share/mocap4r2_control_msgs/local_setup.zsh
[22.979s] -- Installing: /home/airlab/seed25/install/mocap4r2_control_msgs/share/mocap4r2_control_msgs/local_setup.dsv
[22.980s] -- Installing: /home/airlab/seed25/install/mocap4r2_control_msgs/share/mocap4r2_control_msgs/package.dsv
[22.980s] -- Installing: /home/airlab/seed25/install/mocap4r2_control_msgs/share/ament_index/resource_index/packages/mocap4r2_control_msgs
[22.981s] -- Installing: /home/airlab/seed25/install/mocap4r2_control_msgs/share/mocap4r2_control_msgs/cmake/mocap4r2_control_msgs__rosidl_generator_cExport.cmake
[22.982s] -- Installing: /home/airlab/seed25/install/mocap4r2_control_msgs/share/mocap4r2_control_msgs/cmake/mocap4r2_control_msgs__rosidl_generator_cExport-noconfig.cmake
[22.983s] -- Installing: /home/airlab/seed25/install/mocap4r2_control_msgs/share/mocap4r2_control_msgs/cmake/mocap4r2_control_msgs__rosidl_typesupport_introspection_cExport.cmake
[22.984s] -- Installing: /home/airlab/seed25/install/mocap4r2_control_msgs/share/mocap4r2_control_msgs/cmake/mocap4r2_control_msgs__rosidl_typesupport_introspection_cExport-noconfig.cmake
[22.985s] -- Installing: /home/airlab/seed25/install/mocap4r2_control_msgs/share/mocap4r2_control_msgs/cmake/mocap4r2_control_msgs__rosidl_typesupport_cExport.cmake
[22.986s] -- Installing: /home/airlab/seed25/install/mocap4r2_control_msgs/share/mocap4r2_control_msgs/cmake/mocap4r2_control_msgs__rosidl_typesupport_cExport-noconfig.cmake
[22.987s] -- Installing: /home/airlab/seed25/install/mocap4r2_control_msgs/share/mocap4r2_control_msgs/cmake/mocap4r2_control_msgs__rosidl_generator_cppExport.cmake
[22.988s] -- Installing: /home/airlab/seed25/install/mocap4r2_control_msgs/share/mocap4r2_control_msgs/cmake/mocap4r2_control_msgs__rosidl_typesupport_introspection_cppExport.cmake
[22.988s] -- Installing: /home/airlab/seed25/install/mocap4r2_control_msgs/share/mocap4r2_control_msgs/cmake/mocap4r2_control_msgs__rosidl_typesupport_introspection_cppExport-noconfig.cmake
[22.989s] -- Installing: /home/airlab/seed25/install/mocap4r2_control_msgs/share/mocap4r2_control_msgs/cmake/mocap4r2_control_msgs__rosidl_typesupport_cppExport.cmake
[22.990s] -- Installing: /home/airlab/seed25/install/mocap4r2_control_msgs/share/mocap4r2_control_msgs/cmake/mocap4r2_control_msgs__rosidl_typesupport_cppExport-noconfig.cmake
[22.991s] -- Installing: /home/airlab/seed25/install/mocap4r2_control_msgs/share/mocap4r2_control_msgs/cmake/rosidl_cmake-extras.cmake
[22.992s] -- Installing: /home/airlab/seed25/install/mocap4r2_control_msgs/share/mocap4r2_control_msgs/cmake/ament_cmake_export_dependencies-extras.cmake
[22.993s] -- Installing: /home/airlab/seed25/install/mocap4r2_control_msgs/share/mocap4r2_control_msgs/cmake/ament_cmake_export_libraries-extras.cmake
[22.994s] -- Installing: /home/airlab/seed25/install/mocap4r2_control_msgs/share/mocap4r2_control_msgs/cmake/ament_cmake_export_targets-extras.cmake
[22.996s] -- Installing: /home/airlab/seed25/install/mocap4r2_control_msgs/share/mocap4r2_control_msgs/cmake/ament_cmake_export_include_directories-extras.cmake
[22.999s] -- Installing: /home/airlab/seed25/install/mocap4r2_control_msgs/share/mocap4r2_control_msgs/cmake/rosidl_cmake_export_typesupport_libraries-extras.cmake
[22.999s] -- Installing: /home/airlab/seed25/install/mocap4r2_control_msgs/share/mocap4r2_control_msgs/cmake/rosidl_cmake_export_typesupport_targets-extras.cmake
[23.000s] -- Installing: /home/airlab/seed25/install/mocap4r2_control_msgs/share/mocap4r2_control_msgs/cmake/mocap4r2_control_msgsConfig.cmake
[23.001s] -- Installing: /home/airlab/seed25/install/mocap4r2_control_msgs/share/mocap4r2_control_msgs/cmake/mocap4r2_control_msgsConfig-version.cmake
[23.007s] -- Installing: /home/airlab/seed25/install/mocap4r2_control_msgs/share/mocap4r2_control_msgs/package.xml
[23.015s] Invoked command in '/home/airlab/seed25/build/mocap4r2_control_msgs' returned '0': CMAKE_PREFIX_PATH=${CMAKE_PREFIX_PATH}:/home/airlab/seed25/ros_packages/seed_controller_ws/install/mocap_listener:/home/airlab/seed25/ros_packages/mocap4r2_ws/install/mocap4r2cli:/opt/ros/foxy /usr/bin/cmake --install /home/airlab/seed25/build/mocap4r2_control_msgs
