running egg_info
writing ../../build/mocap_listener/mocap_listener.egg-info/PKG-INFO
writing dependency_links to ../../build/mocap_listener/mocap_listener.egg-info/dependency_links.txt
writing entry points to ../../build/mocap_listener/mocap_listener.egg-info/entry_points.txt
writing requirements to ../../build/mocap_listener/mocap_listener.egg-info/requires.txt
writing top-level names to ../../build/mocap_listener/mocap_listener.egg-info/top_level.txt
reading manifest file '../../build/mocap_listener/mocap_listener.egg-info/SOURCES.txt'
writing manifest file '../../build/mocap_listener/mocap_listener.egg-info/SOURCES.txt'
running build
running build_py
copying mocap_listener/rigid_listener.py -> /home/airlab/seed25/ros_packages/seed_controller_ws/build/mocap_listener/build/lib/mocap_listener
running install
running install_lib
copying /home/airlab/seed25/ros_packages/seed_controller_ws/build/mocap_listener/build/lib/mocap_listener/rigid_listener.py -> /home/airlab/seed25/ros_packages/seed_controller_ws/install/mocap_listener/lib/python3.8/site-packages/mocap_listener
byte-compiling /home/airlab/seed25/ros_packages/seed_controller_ws/install/mocap_listener/lib/python3.8/site-packages/mocap_listener/rigid_listener.py to rigid_listener.cpython-38.pyc
running install_data
running install_egg_info
removing '/home/airlab/seed25/ros_packages/seed_controller_ws/install/mocap_listener/lib/python3.8/site-packages/mocap_listener-0.0.0-py3.8.egg-info' (and everything under it)
Copying ../../build/mocap_listener/mocap_listener.egg-info to /home/airlab/seed25/ros_packages/seed_controller_ws/install/mocap_listener/lib/python3.8/site-packages/mocap_listener-0.0.0-py3.8.egg-info
running install_scripts
Installing rigid_listener script to /home/airlab/seed25/ros_packages/seed_controller_ws/install/mocap_listener/lib/mocap_listener
writing list of installed files to '/home/airlab/seed25/ros_packages/seed_controller_ws/build/mocap_listener/install.log'
