/home/airlab/seed25/ros_packages/seed_controller_ws/src/install/gui_waypoint_nav/lib/python3.8/site-packages/gui_waypoint_nav/open_loop_odometry_node.py
/home/airlab/seed25/ros_packages/seed_controller_ws/src/install/gui_waypoint_nav/lib/python3.8/site-packages/gui_waypoint_nav/sabertooth.py
/home/airlab/seed25/ros_packages/seed_controller_ws/src/install/gui_waypoint_nav/lib/python3.8/site-packages/gui_waypoint_nav/waypoint_manager_node.py
/home/airlab/seed25/ros_packages/seed_controller_ws/src/install/gui_waypoint_nav/lib/python3.8/site-packages/gui_waypoint_nav/dual_camera_node.py
/home/airlab/seed25/ros_packages/seed_controller_ws/src/install/gui_waypoint_nav/lib/python3.8/site-packages/gui_waypoint_nav/waypoint_gui_node.py
/home/airlab/seed25/ros_packages/seed_controller_ws/src/install/gui_waypoint_nav/lib/python3.8/site-packages/gui_waypoint_nav/PID.py
/home/airlab/seed25/ros_packages/seed_controller_ws/src/install/gui_waypoint_nav/lib/python3.8/site-packages/gui_waypoint_nav/__init__.py
/home/airlab/seed25/ros_packages/seed_controller_ws/src/install/gui_waypoint_nav/lib/python3.8/site-packages/gui_waypoint_nav/path_follower_node.py
/home/airlab/seed25/ros_packages/seed_controller_ws/src/install/gui_waypoint_nav/lib/python3.8/site-packages/gui_waypoint_nav/__pycache__/open_loop_odometry_node.cpython-38.pyc
/home/airlab/seed25/ros_packages/seed_controller_ws/src/install/gui_waypoint_nav/lib/python3.8/site-packages/gui_waypoint_nav/__pycache__/sabertooth.cpython-38.pyc
/home/airlab/seed25/ros_packages/seed_controller_ws/src/install/gui_waypoint_nav/lib/python3.8/site-packages/gui_waypoint_nav/__pycache__/waypoint_manager_node.cpython-38.pyc
/home/airlab/seed25/ros_packages/seed_controller_ws/src/install/gui_waypoint_nav/lib/python3.8/site-packages/gui_waypoint_nav/__pycache__/dual_camera_node.cpython-38.pyc
/home/airlab/seed25/ros_packages/seed_controller_ws/src/install/gui_waypoint_nav/lib/python3.8/site-packages/gui_waypoint_nav/__pycache__/waypoint_gui_node.cpython-38.pyc
/home/airlab/seed25/ros_packages/seed_controller_ws/src/install/gui_waypoint_nav/lib/python3.8/site-packages/gui_waypoint_nav/__pycache__/PID.cpython-38.pyc
/home/airlab/seed25/ros_packages/seed_controller_ws/src/install/gui_waypoint_nav/lib/python3.8/site-packages/gui_waypoint_nav/__pycache__/__init__.cpython-38.pyc
/home/airlab/seed25/ros_packages/seed_controller_ws/src/install/gui_waypoint_nav/lib/python3.8/site-packages/gui_waypoint_nav/__pycache__/path_follower_node.cpython-38.pyc
/home/airlab/seed25/ros_packages/seed_controller_ws/src/install/gui_waypoint_nav/share/ament_index/resource_index/packages/gui_waypoint_nav
/home/airlab/seed25/ros_packages/seed_controller_ws/src/install/gui_waypoint_nav/share/gui_waypoint_nav/package.xml
/home/airlab/seed25/ros_packages/seed_controller_ws/src/install/gui_waypoint_nav/share/gui_waypoint_nav/launch/launch.py
/home/airlab/seed25/ros_packages/seed_controller_ws/src/install/gui_waypoint_nav/lib/python3.8/site-packages/gui_waypoint_nav-0.0.0-py3.8.egg-info/dependency_links.txt
/home/airlab/seed25/ros_packages/seed_controller_ws/src/install/gui_waypoint_nav/lib/python3.8/site-packages/gui_waypoint_nav-0.0.0-py3.8.egg-info/SOURCES.txt
/home/airlab/seed25/ros_packages/seed_controller_ws/src/install/gui_waypoint_nav/lib/python3.8/site-packages/gui_waypoint_nav-0.0.0-py3.8.egg-info/requires.txt
/home/airlab/seed25/ros_packages/seed_controller_ws/src/install/gui_waypoint_nav/lib/python3.8/site-packages/gui_waypoint_nav-0.0.0-py3.8.egg-info/entry_points.txt
/home/airlab/seed25/ros_packages/seed_controller_ws/src/install/gui_waypoint_nav/lib/python3.8/site-packages/gui_waypoint_nav-0.0.0-py3.8.egg-info/top_level.txt
/home/airlab/seed25/ros_packages/seed_controller_ws/src/install/gui_waypoint_nav/lib/python3.8/site-packages/gui_waypoint_nav-0.0.0-py3.8.egg-info/zip-safe
/home/airlab/seed25/ros_packages/seed_controller_ws/src/install/gui_waypoint_nav/lib/python3.8/site-packages/gui_waypoint_nav-0.0.0-py3.8.egg-info/PKG-INFO
/home/airlab/seed25/ros_packages/seed_controller_ws/src/install/gui_waypoint_nav/lib/gui_waypoint_nav/dual_camera_node
/home/airlab/seed25/ros_packages/seed_controller_ws/src/install/gui_waypoint_nav/lib/gui_waypoint_nav/open_loop_odometry_node
/home/airlab/seed25/ros_packages/seed_controller_ws/src/install/gui_waypoint_nav/lib/gui_waypoint_nav/path_follower_node
/home/airlab/seed25/ros_packages/seed_controller_ws/src/install/gui_waypoint_nav/lib/gui_waypoint_nav/waypoint_gui_node
/home/airlab/seed25/ros_packages/seed_controller_ws/src/install/gui_waypoint_nav/lib/gui_waypoint_nav/waypoint_manager_node
