[0.469s] DEBUG:colcon:Command line arguments: ['/usr/bin/colcon', 'build']
[0.469s] DEBUG:colcon:Parsed command line arguments: Namespace(allow_overriding=[], ament_cmake_args=None, base_paths=['.'], build_base='build', catkin_cmake_args=None, catkin_skip_building_tests=False, cmake_args=None, cmake_clean_cache=False, cmake_clean_first=False, cmake_force_configure=False, cmake_target=None, cmake_target_skip_unavailable=False, continue_on_error=False, event_handlers=None, executor='parallel', ignore_user_meta=False, install_base='install', log_base=None, log_level=None, main=<bound method BuildVerb.main of <colcon_core.verb.build.BuildVerb object at 0xffff900c1fd0>>, merge_install=False, metas=['./colcon.meta'], mixin=None, mixin_files=None, mixin_verb=('build',), packages_above=None, packages_above_and_dependencies=None, packages_above_depth=None, packages_end=None, packages_ignore=None, packages_ignore_regex=None, packages_select=None, packages_select_build_failed=False, packages_select_by_dep=None, packages_select_regex=None, packages_select_test_failures=False, packages_skip=None, packages_skip_build_finished=False, packages_skip_by_dep=None, packages_skip_regex=None, packages_skip_test_passed=False, packages_skip_up_to=None, packages_start=None, packages_up_to=None, packages_up_to_regex=None, parallel_workers=4, paths=None, symlink_install=False, test_result_base=None, verb_extension=<colcon_core.verb.build.BuildVerb object at 0xffff900c1fd0>, verb_name='build', verb_parser=<colcon_mixin.mixin.mixin_argument.MixinArgumentDecorator object at 0xffff9004f520>)
[0.830s] Level 1:colcon.colcon_core.package_discovery:discover_packages(colcon_meta) check parameters
[0.830s] Level 1:colcon.colcon_core.package_discovery:discover_packages(recursive) check parameters
[0.831s] Level 1:colcon.colcon_core.package_discovery:discover_packages(ignore) check parameters
[0.831s] Level 1:colcon.colcon_core.package_discovery:discover_packages(path) check parameters
[0.831s] Level 1:colcon.colcon_core.package_discovery:discover_packages(colcon_meta) discover
[0.831s] Level 1:colcon.colcon_core.package_discovery:discover_packages(recursive) discover
[0.831s] INFO:colcon.colcon_core.package_discovery:Crawling recursively for packages in '/home/airlab/seed25/ros_packages/seed_controller_ws/src/ml_red_controller'
[0.831s] Level 1:colcon.colcon_core.package_identification:_identify(.) by extensions ['ignore', 'ignore_ament_install']
[0.832s] Level 1:colcon.colcon_core.package_identification:_identify(.) by extension 'ignore'
[0.832s] Level 1:colcon.colcon_core.package_identification:_identify(.) by extension 'ignore_ament_install'
[0.832s] Level 1:colcon.colcon_core.package_identification:_identify(.) by extensions ['colcon_pkg']
[0.832s] Level 1:colcon.colcon_core.package_identification:_identify(.) by extension 'colcon_pkg'
[0.832s] Level 1:colcon.colcon_core.package_identification:_identify(.) by extensions ['colcon_meta']
[0.832s] Level 1:colcon.colcon_core.package_identification:_identify(.) by extension 'colcon_meta'
[0.833s] Level 1:colcon.colcon_core.package_identification:_identify(.) by extensions ['ros']
[0.833s] Level 1:colcon.colcon_core.package_identification:_identify(.) by extension 'ros'
[0.862s] DEBUG:colcon.colcon_core.package_identification:Package '.' with type 'ros.ament_python' and name 'ml_red_controller'
[0.862s] Level 1:colcon.colcon_core.package_discovery:discover_packages(recursive) using defaults
[0.862s] Level 1:colcon.colcon_core.package_discovery:discover_packages(ignore) discover
[0.862s] Level 1:colcon.colcon_core.package_discovery:discover_packages(ignore) using defaults
[0.862s] Level 1:colcon.colcon_core.package_discovery:discover_packages(path) discover
[0.862s] Level 1:colcon.colcon_core.package_discovery:discover_packages(path) using defaults
[0.899s] Level 1:colcon.colcon_core.package_discovery:discover_packages(prefix_path) check parameters
[0.899s] Level 1:colcon.colcon_core.package_discovery:discover_packages(prefix_path) discover
[0.931s] DEBUG:colcon.colcon_installed_package_information.package_discovery:Found 8 installed packages in /home/airlab/seed25/ros_packages/seed_controller_ws/install
[0.932s] DEBUG:colcon.colcon_installed_package_information.package_discovery:Found 0 installed packages in /home/airlab/seed25/machine_vision/Video_Detection/install
[0.934s] DEBUG:colcon.colcon_installed_package_information.package_discovery:Found 259 installed packages in /opt/ros/foxy
[0.937s] Level 1:colcon.colcon_core.package_discovery:discover_packages(prefix_path) using defaults
[1.063s] Level 5:colcon.colcon_core.verb:set package 'ml_red_controller' build argument 'cmake_args' from command line to 'None'
[1.063s] Level 5:colcon.colcon_core.verb:set package 'ml_red_controller' build argument 'cmake_target' from command line to 'None'
[1.064s] Level 5:colcon.colcon_core.verb:set package 'ml_red_controller' build argument 'cmake_target_skip_unavailable' from command line to 'False'
[1.064s] Level 5:colcon.colcon_core.verb:set package 'ml_red_controller' build argument 'cmake_clean_cache' from command line to 'False'
[1.064s] Level 5:colcon.colcon_core.verb:set package 'ml_red_controller' build argument 'cmake_clean_first' from command line to 'False'
[1.064s] Level 5:colcon.colcon_core.verb:set package 'ml_red_controller' build argument 'cmake_force_configure' from command line to 'False'
[1.064s] Level 5:colcon.colcon_core.verb:set package 'ml_red_controller' build argument 'ament_cmake_args' from command line to 'None'
[1.064s] Level 5:colcon.colcon_core.verb:set package 'ml_red_controller' build argument 'catkin_cmake_args' from command line to 'None'
[1.064s] Level 5:colcon.colcon_core.verb:set package 'ml_red_controller' build argument 'catkin_skip_building_tests' from command line to 'False'
[1.064s] DEBUG:colcon.colcon_core.verb:Building package 'ml_red_controller' with the following arguments: {'ament_cmake_args': None, 'build_base': '/home/airlab/seed25/ros_packages/seed_controller_ws/src/ml_red_controller/build/ml_red_controller', 'catkin_cmake_args': None, 'catkin_skip_building_tests': False, 'cmake_args': None, 'cmake_clean_cache': False, 'cmake_clean_first': False, 'cmake_force_configure': False, 'cmake_target': None, 'cmake_target_skip_unavailable': False, 'install_base': '/home/airlab/seed25/ros_packages/seed_controller_ws/src/ml_red_controller/install/ml_red_controller', 'merge_install': False, 'path': '/home/airlab/seed25/ros_packages/seed_controller_ws/src/ml_red_controller', 'symlink_install': False, 'test_result_base': None}
[1.064s] INFO:colcon.colcon_core.executor:Executing jobs using 'parallel' executor
[1.067s] DEBUG:colcon.colcon_parallel_executor.executor.parallel:run_until_complete
[1.067s] INFO:colcon.colcon_ros.task.ament_python.build:Building ROS package in '/home/airlab/seed25/ros_packages/seed_controller_ws/src/ml_red_controller' with build type 'ament_python'
[1.067s] Level 1:colcon.colcon_core.shell:create_environment_hook('ml_red_controller', 'ament_prefix_path')
[1.072s] INFO:colcon.colcon_core.plugin_system:Skipping extension 'colcon_core.shell.bat': Not used on non-Windows systems
[1.073s] INFO:colcon.colcon_core.shell:Creating environment hook '/home/airlab/seed25/ros_packages/seed_controller_ws/src/ml_red_controller/install/ml_red_controller/share/ml_red_controller/hook/ament_prefix_path.ps1'
[1.074s] INFO:colcon.colcon_core.shell:Creating environment descriptor '/home/airlab/seed25/ros_packages/seed_controller_ws/src/ml_red_controller/install/ml_red_controller/share/ml_red_controller/hook/ament_prefix_path.dsv'
[1.075s] INFO:colcon.colcon_core.shell:Creating environment hook '/home/airlab/seed25/ros_packages/seed_controller_ws/src/ml_red_controller/install/ml_red_controller/share/ml_red_controller/hook/ament_prefix_path.sh'
[1.077s] INFO:colcon.colcon_core.shell:Skip shell extension 'powershell' for command environment: Not usable outside of PowerShell
[1.077s] DEBUG:colcon.colcon_core.shell:Skip shell extension 'dsv' for command environment
[1.634s] INFO:colcon.colcon_core.task.python.build:Building Python package in '/home/airlab/seed25/ros_packages/seed_controller_ws/src/ml_red_controller'
[1.635s] INFO:colcon.colcon_core.shell:Skip shell extension 'powershell' for command environment: Not usable outside of PowerShell
[1.635s] DEBUG:colcon.colcon_core.shell:Skip shell extension 'dsv' for command environment
[2.557s] DEBUG:colcon.colcon_core.event_handler.log_command:Invoking command in '/home/airlab/seed25/ros_packages/seed_controller_ws/src/ml_red_controller': PYTHONPATH=/home/airlab/seed25/ros_packages/seed_controller_ws/src/ml_red_controller/build/ml_red_controller/prefix_override:/usr/lib/python3/dist-packages/colcon_core/task/python/colcon_distutils_commands:/home/airlab/seed25/ros_packages/seed_controller_ws/src/ml_red_controller/install/ml_red_controller/lib/python3.8/site-packages:${PYTHONPATH} /usr/bin/python3 -W ignore:setup.py install is deprecated -W ignore:easy_install command is deprecated setup.py egg_info --egg-base build/ml_red_controller build --build-base /home/airlab/seed25/ros_packages/seed_controller_ws/src/ml_red_controller/build/ml_red_controller/build install --record /home/airlab/seed25/ros_packages/seed_controller_ws/src/ml_red_controller/build/ml_red_controller/install.log --install-scripts $base/lib/ml_red_controller --single-version-externally-managed install_data
[3.266s] DEBUG:colcon.colcon_core.event_handler.log_command:Invoked command in '/home/airlab/seed25/ros_packages/seed_controller_ws/src/ml_red_controller' returned '0': PYTHONPATH=/home/airlab/seed25/ros_packages/seed_controller_ws/src/ml_red_controller/build/ml_red_controller/prefix_override:/usr/lib/python3/dist-packages/colcon_core/task/python/colcon_distutils_commands:/home/airlab/seed25/ros_packages/seed_controller_ws/src/ml_red_controller/install/ml_red_controller/lib/python3.8/site-packages:${PYTHONPATH} /usr/bin/python3 -W ignore:setup.py install is deprecated -W ignore:easy_install command is deprecated setup.py egg_info --egg-base build/ml_red_controller build --build-base /home/airlab/seed25/ros_packages/seed_controller_ws/src/ml_red_controller/build/ml_red_controller/build install --record /home/airlab/seed25/ros_packages/seed_controller_ws/src/ml_red_controller/build/ml_red_controller/install.log --install-scripts $base/lib/ml_red_controller --single-version-externally-managed install_data
[3.275s] Level 1:colcon.colcon_core.environment:checking '/home/airlab/seed25/ros_packages/seed_controller_ws/src/ml_red_controller/install/ml_red_controller' for CMake module files
[3.277s] Level 1:colcon.colcon_core.environment:checking '/home/airlab/seed25/ros_packages/seed_controller_ws/src/ml_red_controller/install/ml_red_controller' for CMake config files
[3.279s] Level 1:colcon.colcon_core.environment:checking '/home/airlab/seed25/ros_packages/seed_controller_ws/src/ml_red_controller/install/ml_red_controller/lib'
[3.279s] Level 1:colcon.colcon_core.environment:checking '/home/airlab/seed25/ros_packages/seed_controller_ws/src/ml_red_controller/install/ml_red_controller/bin'
[3.279s] Level 1:colcon.colcon_core.environment:checking '/home/airlab/seed25/ros_packages/seed_controller_ws/src/ml_red_controller/install/ml_red_controller/lib/pkgconfig/ml_red_controller.pc'
[3.280s] Level 1:colcon.colcon_core.environment:checking '/home/airlab/seed25/ros_packages/seed_controller_ws/src/ml_red_controller/install/ml_red_controller/lib/python3.8/site-packages'
[3.280s] Level 1:colcon.colcon_core.shell:create_environment_hook('ml_red_controller', 'pythonpath')
[3.281s] INFO:colcon.colcon_core.shell:Creating environment hook '/home/airlab/seed25/ros_packages/seed_controller_ws/src/ml_red_controller/install/ml_red_controller/share/ml_red_controller/hook/pythonpath.ps1'
[3.282s] INFO:colcon.colcon_core.shell:Creating environment descriptor '/home/airlab/seed25/ros_packages/seed_controller_ws/src/ml_red_controller/install/ml_red_controller/share/ml_red_controller/hook/pythonpath.dsv'
[3.283s] INFO:colcon.colcon_core.shell:Creating environment hook '/home/airlab/seed25/ros_packages/seed_controller_ws/src/ml_red_controller/install/ml_red_controller/share/ml_red_controller/hook/pythonpath.sh'
[3.284s] Level 1:colcon.colcon_core.environment:checking '/home/airlab/seed25/ros_packages/seed_controller_ws/src/ml_red_controller/install/ml_red_controller/bin'
[3.285s] Level 1:colcon.colcon_core.environment:create_environment_scripts_only(ml_red_controller)
[3.285s] INFO:colcon.colcon_core.shell:Creating package script '/home/airlab/seed25/ros_packages/seed_controller_ws/src/ml_red_controller/install/ml_red_controller/share/ml_red_controller/package.ps1'
[3.287s] INFO:colcon.colcon_core.shell:Creating package descriptor '/home/airlab/seed25/ros_packages/seed_controller_ws/src/ml_red_controller/install/ml_red_controller/share/ml_red_controller/package.dsv'
[3.288s] INFO:colcon.colcon_core.shell:Creating package script '/home/airlab/seed25/ros_packages/seed_controller_ws/src/ml_red_controller/install/ml_red_controller/share/ml_red_controller/package.sh'
[3.290s] INFO:colcon.colcon_core.shell:Creating package script '/home/airlab/seed25/ros_packages/seed_controller_ws/src/ml_red_controller/install/ml_red_controller/share/ml_red_controller/package.bash'
[3.291s] INFO:colcon.colcon_core.shell:Creating package script '/home/airlab/seed25/ros_packages/seed_controller_ws/src/ml_red_controller/install/ml_red_controller/share/ml_red_controller/package.zsh'
[3.294s] Level 1:colcon.colcon_core.environment:create_file_with_runtime_dependencies(/home/airlab/seed25/ros_packages/seed_controller_ws/src/ml_red_controller/install/ml_red_controller/share/colcon-core/packages/ml_red_controller)
[3.295s] DEBUG:colcon.colcon_parallel_executor.executor.parallel:closing loop
[3.296s] DEBUG:colcon.colcon_parallel_executor.executor.parallel:loop closed
[3.296s] DEBUG:colcon.colcon_parallel_executor.executor.parallel:run_until_complete finished with '0'
[3.296s] DEBUG:colcon.colcon_core.event_reactor:joining thread
[3.311s] INFO:colcon.colcon_core.plugin_system:Skipping extension 'colcon_notification.desktop_notification.terminal_notifier': Not used on non-Darwin systems
[3.311s] INFO:colcon.colcon_core.plugin_system:Skipping extension 'colcon_notification.desktop_notification.win32': Not used on non-Windows systems
[3.311s] INFO:colcon.colcon_notification.desktop_notification:Sending desktop notification using 'notify2'
[3.339s] DEBUG:colcon.colcon_core.event_reactor:joined thread
[3.340s] INFO:colcon.colcon_core.shell:Creating prefix script '/home/airlab/seed25/ros_packages/seed_controller_ws/src/ml_red_controller/install/local_setup.ps1'
[3.342s] INFO:colcon.colcon_core.shell:Creating prefix util module '/home/airlab/seed25/ros_packages/seed_controller_ws/src/ml_red_controller/install/_local_setup_util_ps1.py'
[3.346s] INFO:colcon.colcon_core.shell:Creating prefix chain script '/home/airlab/seed25/ros_packages/seed_controller_ws/src/ml_red_controller/install/setup.ps1'
[3.349s] INFO:colcon.colcon_core.shell:Creating prefix script '/home/airlab/seed25/ros_packages/seed_controller_ws/src/ml_red_controller/install/local_setup.sh'
[3.351s] INFO:colcon.colcon_core.shell:Creating prefix util module '/home/airlab/seed25/ros_packages/seed_controller_ws/src/ml_red_controller/install/_local_setup_util_sh.py'
[3.352s] INFO:colcon.colcon_core.shell:Creating prefix chain script '/home/airlab/seed25/ros_packages/seed_controller_ws/src/ml_red_controller/install/setup.sh'
[3.355s] INFO:colcon.colcon_core.shell:Creating prefix script '/home/airlab/seed25/ros_packages/seed_controller_ws/src/ml_red_controller/install/local_setup.bash'
[3.356s] INFO:colcon.colcon_core.shell:Creating prefix chain script '/home/airlab/seed25/ros_packages/seed_controller_ws/src/ml_red_controller/install/setup.bash'
[3.359s] INFO:colcon.colcon_core.shell:Creating prefix script '/home/airlab/seed25/ros_packages/seed_controller_ws/src/ml_red_controller/install/local_setup.zsh'
[3.360s] INFO:colcon.colcon_core.shell:Creating prefix chain script '/home/airlab/seed25/ros_packages/seed_controller_ws/src/ml_red_controller/install/setup.zsh'
