[0.056s] Invoking command in '/home/airlab/seed25/build/mocap4r2_marker_publisher': AMENT_PREFIX_PATH=/home/airlab/seed25/install/mocap4r2_msgs:${AMENT_PREFIX_PATH} CMAKE_PREFIX_PATH=/home/airlab/seed25/install/mocap4r2_msgs:/home/airlab/seed25/ros_packages/mocap4r2_ws/install/mocap4r2_robot_gt_msgs:/home/airlab/seed25/ros_packages/mocap4r2_ws/install/mocap4r2_marker_viz:/home/airlab/seed25/ros_packages/mocap4r2_ws/install/mocap4r2_marker_publisher:/home/airlab/seed25/ros_packages/mocap4r2_ws/install/mocap4r2_msgs:/home/airlab/seed25/ros_packages/mocap4r2_ws/install/mocap4r2_marker_viz_srvs:/home/airlab/seed25/ros_packages/mocap4r2_ws/install/mocap4r2_control:/home/airlab/seed25/ros_packages/mocap4r2_ws/install/mocap4r2_control_msgs:/home/airlab/seed25/ros_packages/seed_controller_ws/install/mocap_listener:/home/airlab/seed25/ros_packages/mocap4r2_ws/install/mocap4r2cli:/opt/ros/foxy LD_LIBRARY_PATH=/home/airlab/seed25/install/mocap4r2_msgs/lib:/usr/local/cuda-11.4/lib64:/usr/local/cuda-11.4/lib64:/usr/local/cuda-11.4/lib64:/home/airlab/seed25/ros_packages/mocap4r2_ws/install/mocap4r2_robot_gt_msgs/lib:/home/airlab/seed25/ros_packages/mocap4r2_ws/install/mocap4r2_msgs/lib:/home/airlab/seed25/ros_packages/mocap4r2_ws/install/mocap4r2_marker_viz_srvs/lib:/home/airlab/seed25/ros_packages/mocap4r2_ws/install/mocap4r2_control/lib:/home/airlab/seed25/ros_packages/mocap4r2_ws/install/mocap4r2_control_msgs/lib:/opt/ros/foxy/opt/yaml_cpp_vendor/lib:/opt/ros/foxy/opt/rviz_ogre_vendor/lib:/opt/ros/foxy/lib/aarch64-linux-gnu:/opt/ros/foxy/lib:/usr/local/cuda-11.4/lib64 PYTHONPATH=/home/airlab/seed25/install/mocap4r2_msgs/lib/python3.8/site-packages:${PYTHONPATH} /usr/bin/cmake /home/airlab/seed25/ros_packages/mocap4r2_ws/src/mocap4r2/mocap4r2_marker_viz/mocap4r2_marker_publisher -DCMAKE_INSTALL_PREFIX=/home/airlab/seed25/install/mocap4r2_marker_publisher
[0.184s] -- The C compiler identification is GNU 9.4.0
[0.321s] -- The CXX compiler identification is GNU 9.4.0
[0.332s] -- Check for working C compiler: /usr/bin/cc
[0.683s] -- Check for working C compiler: /usr/bin/cc -- works
[0.685s] -- Detecting C compiler ABI info
[1.056s] -- Detecting C compiler ABI info - done
[1.094s] -- Detecting C compile features
[1.094s] -- Detecting C compile features - done
[1.108s] -- Check for working CXX compiler: /usr/bin/c++
[1.518s] -- Check for working CXX compiler: /usr/bin/c++ -- works
[1.523s] -- Detecting CXX compiler ABI info
[1.914s] -- Detecting CXX compiler ABI info - done
[1.959s] -- Detecting CXX compile features
[1.961s] -- Detecting CXX compile features - done
[1.977s] -- Found ament_cmake: 0.9.12 (/opt/ros/foxy/share/ament_cmake/cmake)
[2.120s] -- Found PythonInterp: /usr/bin/python3 (found suitable version "3.8.10", minimum required is "3") 
[2.121s] -- Using PYTHON_EXECUTABLE: /usr/bin/python3
[3.247s] -- Found rclcpp: 2.4.3 (/opt/ros/foxy/share/rclcpp/cmake)
[3.361s] -- Using all available rosidl_typesupport_c: rosidl_typesupport_fastrtps_c;rosidl_typesupport_introspection_c
[3.380s] -- Found rosidl_adapter: 1.3.1 (/opt/ros/foxy/share/rosidl_adapter/cmake)
[3.877s] -- Found OpenSSL: /usr/lib/aarch64-linux-gnu/libcrypto.so (found version "1.1.1f")  
[4.020s] -- Found FastRTPS: /opt/ros/foxy/include  
[4.381s] -- Using all available rosidl_typesupport_cpp: rosidl_typesupport_fastrtps_cpp;rosidl_typesupport_introspection_cpp
[4.655s] -- Found rmw_implementation_cmake: 1.0.4 (/opt/ros/foxy/share/rmw_implementation_cmake/cmake)
[4.671s] -- Using RMW implementation 'rmw_fastrtps_cpp' as default
[4.673s] -- Looking for pthread.h
[5.120s] -- Looking for pthread.h - found
[5.121s] -- Performing Test CMAKE_HAVE_LIBC_PTHREAD
[5.583s] -- Performing Test CMAKE_HAVE_LIBC_PTHREAD - Failed
[5.590s] -- Looking for pthread_create in pthreads
[5.943s] -- Looking for pthread_create in pthreads - not found
[5.944s] -- Looking for pthread_create in pthread
[6.313s] -- Looking for pthread_create in pthread - found
[6.317s] -- Found Threads: TRUE  
[6.973s] -- Found mocap4r2_msgs: 0.0.3 (/home/airlab/seed25/install/mocap4r2_msgs/share/mocap4r2_msgs/cmake)
[7.507s] -- Found ament_lint_auto: 0.9.8 (/opt/ros/foxy/share/ament_lint_auto/cmake)
[7.973s] -- Added test 'copyright' to check source files copyright and LICENSE
[7.987s] -- Added test 'cppcheck' to perform static code analysis on C / C++ code
[7.987s] -- Configured cppcheck include dirs: 
[7.988s] -- Configured cppcheck exclude dirs and/or files: 
[7.989s] -- Added test 'cpplint' to check C / C++ code against the Google style
[7.990s] -- Configured cpplint exclude dirs and/or files: 
[7.991s] -- Added test 'lint_cmake' to check CMake code style
[7.993s] -- Added test 'uncrustify' to check C / C++ code style
[7.993s] -- Configured uncrustify additional arguments: 
[7.995s] -- Added test 'xmllint' to check XML markup files
[8.003s] -- Configuring done
[8.049s] -- Generating done
[8.062s] -- Build files have been written to: /home/airlab/seed25/build/mocap4r2_marker_publisher
[8.116s] Invoked command in '/home/airlab/seed25/build/mocap4r2_marker_publisher' returned '0': AMENT_PREFIX_PATH=/home/airlab/seed25/install/mocap4r2_msgs:${AMENT_PREFIX_PATH} CMAKE_PREFIX_PATH=/home/airlab/seed25/install/mocap4r2_msgs:/home/airlab/seed25/ros_packages/mocap4r2_ws/install/mocap4r2_robot_gt_msgs:/home/airlab/seed25/ros_packages/mocap4r2_ws/install/mocap4r2_marker_viz:/home/airlab/seed25/ros_packages/mocap4r2_ws/install/mocap4r2_marker_publisher:/home/airlab/seed25/ros_packages/mocap4r2_ws/install/mocap4r2_msgs:/home/airlab/seed25/ros_packages/mocap4r2_ws/install/mocap4r2_marker_viz_srvs:/home/airlab/seed25/ros_packages/mocap4r2_ws/install/mocap4r2_control:/home/airlab/seed25/ros_packages/mocap4r2_ws/install/mocap4r2_control_msgs:/home/airlab/seed25/ros_packages/seed_controller_ws/install/mocap_listener:/home/airlab/seed25/ros_packages/mocap4r2_ws/install/mocap4r2cli:/opt/ros/foxy LD_LIBRARY_PATH=/home/airlab/seed25/install/mocap4r2_msgs/lib:/usr/local/cuda-11.4/lib64:/usr/local/cuda-11.4/lib64:/usr/local/cuda-11.4/lib64:/home/airlab/seed25/ros_packages/mocap4r2_ws/install/mocap4r2_robot_gt_msgs/lib:/home/airlab/seed25/ros_packages/mocap4r2_ws/install/mocap4r2_msgs/lib:/home/airlab/seed25/ros_packages/mocap4r2_ws/install/mocap4r2_marker_viz_srvs/lib:/home/airlab/seed25/ros_packages/mocap4r2_ws/install/mocap4r2_control/lib:/home/airlab/seed25/ros_packages/mocap4r2_ws/install/mocap4r2_control_msgs/lib:/opt/ros/foxy/opt/yaml_cpp_vendor/lib:/opt/ros/foxy/opt/rviz_ogre_vendor/lib:/opt/ros/foxy/lib/aarch64-linux-gnu:/opt/ros/foxy/lib:/usr/local/cuda-11.4/lib64 PYTHONPATH=/home/airlab/seed25/install/mocap4r2_msgs/lib/python3.8/site-packages:${PYTHONPATH} /usr/bin/cmake /home/airlab/seed25/ros_packages/mocap4r2_ws/src/mocap4r2/mocap4r2_marker_viz/mocap4r2_marker_publisher -DCMAKE_INSTALL_PREFIX=/home/airlab/seed25/install/mocap4r2_marker_publisher
[8.123s] Invoking command in '/home/airlab/seed25/build/mocap4r2_marker_publisher': AMENT_PREFIX_PATH=/home/airlab/seed25/install/mocap4r2_msgs:${AMENT_PREFIX_PATH} CMAKE_PREFIX_PATH=/home/airlab/seed25/install/mocap4r2_msgs:/home/airlab/seed25/ros_packages/mocap4r2_ws/install/mocap4r2_robot_gt_msgs:/home/airlab/seed25/ros_packages/mocap4r2_ws/install/mocap4r2_marker_viz:/home/airlab/seed25/ros_packages/mocap4r2_ws/install/mocap4r2_marker_publisher:/home/airlab/seed25/ros_packages/mocap4r2_ws/install/mocap4r2_msgs:/home/airlab/seed25/ros_packages/mocap4r2_ws/install/mocap4r2_marker_viz_srvs:/home/airlab/seed25/ros_packages/mocap4r2_ws/install/mocap4r2_control:/home/airlab/seed25/ros_packages/mocap4r2_ws/install/mocap4r2_control_msgs:/home/airlab/seed25/ros_packages/seed_controller_ws/install/mocap_listener:/home/airlab/seed25/ros_packages/mocap4r2_ws/install/mocap4r2cli:/opt/ros/foxy LD_LIBRARY_PATH=/home/airlab/seed25/install/mocap4r2_msgs/lib:/usr/local/cuda-11.4/lib64:/usr/local/cuda-11.4/lib64:/usr/local/cuda-11.4/lib64:/home/airlab/seed25/ros_packages/mocap4r2_ws/install/mocap4r2_robot_gt_msgs/lib:/home/airlab/seed25/ros_packages/mocap4r2_ws/install/mocap4r2_msgs/lib:/home/airlab/seed25/ros_packages/mocap4r2_ws/install/mocap4r2_marker_viz_srvs/lib:/home/airlab/seed25/ros_packages/mocap4r2_ws/install/mocap4r2_control/lib:/home/airlab/seed25/ros_packages/mocap4r2_ws/install/mocap4r2_control_msgs/lib:/opt/ros/foxy/opt/yaml_cpp_vendor/lib:/opt/ros/foxy/opt/rviz_ogre_vendor/lib:/opt/ros/foxy/lib/aarch64-linux-gnu:/opt/ros/foxy/lib:/usr/local/cuda-11.4/lib64 PYTHONPATH=/home/airlab/seed25/install/mocap4r2_msgs/lib/python3.8/site-packages:${PYTHONPATH} /usr/bin/cmake --build /home/airlab/seed25/build/mocap4r2_marker_publisher -- -j4 -l4
[8.396s] [35m[1mScanning dependencies of target mocap4r2_marker_publisher[0m
[8.569s] [ 50%] [32mBuilding CXX object CMakeFiles/mocap4r2_marker_publisher.dir/src/mocap4r2_marker_publisher.cpp.o[0m
[19.966s] [100%] [32m[1mLinking CXX executable mocap4r2_marker_publisher[0m
[20.321s] [100%] Built target mocap4r2_marker_publisher
