Performing C SOURCE FILE Test CMAKE_HAVE_LIBC_PTHREAD failed with the following output:
Change Dir: /home/airlab/seed25/build/mocap4r2_marker_viz/CMakeFiles/CMakeTmp

Run Build Command(s):/usr/bin/make cmTC_13b2f/fast && /usr/bin/make -f CMakeFiles/cmTC_13b2f.dir/build.make CMakeFiles/cmTC_13b2f.dir/build
make[1]: Entering directory '/home/airlab/seed25/build/mocap4r2_marker_viz/CMakeFiles/CMakeTmp'
Building C object CMakeFiles/cmTC_13b2f.dir/src.c.o
/usr/bin/cc   -DCMAKE_HAVE_LIBC_PTHREAD   -o CMakeFiles/cmTC_13b2f.dir/src.c.o   -c /home/airlab/seed25/build/mocap4r2_marker_viz/CMakeFiles/CMakeTmp/src.c
Linking C executable cmTC_13b2f
/usr/bin/cmake -E cmake_link_script CMakeFiles/cmTC_13b2f.dir/link.txt --verbose=1
/usr/bin/cc  -DCMAKE_HAVE_LIBC_PTHREAD    CMakeFiles/cmTC_13b2f.dir/src.c.o  -o cmTC_13b2f 
/usr/bin/ld: CMakeFiles/cmTC_13b2f.dir/src.c.o: in function `main':
src.c:(.text+0x48): undefined reference to `pthread_create'
/usr/bin/ld: src.c:(.text+0x50): undefined reference to `pthread_detach'
/usr/bin/ld: src.c:(.text+0x5c): undefined reference to `pthread_join'
collect2: error: ld returned 1 exit status
make[1]: *** [CMakeFiles/cmTC_13b2f.dir/build.make:87: cmTC_13b2f] Error 1
make[1]: Leaving directory '/home/airlab/seed25/build/mocap4r2_marker_viz/CMakeFiles/CMakeTmp'
make: *** [Makefile:121: cmTC_13b2f/fast] Error 2


Source file was:
#include <pthread.h>

void* test_func(void* data)
{
  return data;
}

int main(void)
{
  pthread_t thread;
  pthread_create(&thread, NULL, test_func, NULL);
  pthread_detach(thread);
  pthread_join(thread, NULL);
  pthread_atfork(NULL, NULL, NULL);
  pthread_exit(NULL);

  return 0;
}

Determining if the function pthread_create exists in the pthreads failed with the following output:
Change Dir: /home/airlab/seed25/build/mocap4r2_marker_viz/CMakeFiles/CMakeTmp

Run Build Command(s):/usr/bin/make cmTC_27ee0/fast && /usr/bin/make -f CMakeFiles/cmTC_27ee0.dir/build.make CMakeFiles/cmTC_27ee0.dir/build
make[1]: Entering directory '/home/airlab/seed25/build/mocap4r2_marker_viz/CMakeFiles/CMakeTmp'
Building C object CMakeFiles/cmTC_27ee0.dir/CheckFunctionExists.c.o
/usr/bin/cc   -DCHECK_FUNCTION_EXISTS=pthread_create   -o CMakeFiles/cmTC_27ee0.dir/CheckFunctionExists.c.o   -c /usr/share/cmake-3.16/Modules/CheckFunctionExists.c
Linking C executable cmTC_27ee0
/usr/bin/cmake -E cmake_link_script CMakeFiles/cmTC_27ee0.dir/link.txt --verbose=1
/usr/bin/cc  -DCHECK_FUNCTION_EXISTS=pthread_create    CMakeFiles/cmTC_27ee0.dir/CheckFunctionExists.c.o  -o cmTC_27ee0  -lpthreads 
/usr/bin/ld: cannot find -lpthreads
collect2: error: ld returned 1 exit status
make[1]: *** [CMakeFiles/cmTC_27ee0.dir/build.make:87: cmTC_27ee0] Error 1
make[1]: Leaving directory '/home/airlab/seed25/build/mocap4r2_marker_viz/CMakeFiles/CMakeTmp'
make: *** [Makefile:121: cmTC_27ee0/fast] Error 2



