[0.102s] Invoking command in '/home/airlab/seed25/ros_packages/mocap4r2_ws/build/mocap4r2_marker_viz': CMAKE_PREFIX_PATH=/home/airlab/seed25/ros_packages/mocap4r2_ws/install/mocap4r2_msgs:/home/airlab/seed25/ros_packages/mocap4r2_ws/install/mocap4r2_marker_viz_srvs:/home/airlab/seed25/ros_packages/mocap4r2_ws/install/mocap4r2_robot_gt_msgs:/home/airlab/seed25/ros_packages/mocap4r2_ws/install/mocap4r2_marker_viz:/home/airlab/seed25/ros_packages/mocap4r2_ws/install/mocap4r2_marker_publisher:/home/airlab/seed25/ros_packages/mocap4r2_ws/install/mocap4r2_control_msgs:/home/airlab/seed25/ros_packages/mocap4r2_ws/install/mocap4r2cli:/opt/ros/foxy LD_LIBRARY_PATH=/home/airlab/seed25/ros_packages/mocap4r2_ws/install/mocap4r2_msgs/lib:/home/airlab/seed25/ros_packages/mocap4r2_ws/install/mocap4r2_marker_viz_srvs/lib:/home/airlab/seed25/ros_packages/mocap4r2_ws/install/mocap4r2_robot_gt_msgs/lib:/home/airlab/seed25/ros_packages/mocap4r2_ws/install/mocap4r2_control_msgs/lib:/usr/local/cuda-11.4/lib64:/usr/local/cuda-11.4/lib64:/opt/ros/foxy/opt/yaml_cpp_vendor/lib:/opt/ros/foxy/opt/rviz_ogre_vendor/lib:/opt/ros/foxy/lib/aarch64-linux-gnu:/opt/ros/foxy/lib:/usr/local/cuda-11.4/lib64 PYTHONPATH=/home/airlab/seed25/ros_packages/mocap4r2_ws/install/mocap4r2_msgs/lib/python3.8/site-packages:/home/airlab/seed25/ros_packages/mocap4r2_ws/install/mocap4r2_marker_viz_srvs/lib/python3.8/site-packages:/home/airlab/seed25/ros_packages/mocap4r2_ws/install/mocap4r2cli/lib/python3.8/site-packages:/home/airlab/seed25/ros_packages/mocap4r2_ws/install/mocap4r2_robot_gt_msgs/lib/python3.8/site-packages:/home/airlab/seed25/ros_packages/mocap4r2_ws/install/mocap4r2_control_msgs/lib/python3.8/site-packages:/opt/ros/foxy/lib/python3.8/site-packages /usr/bin/cmake /home/airlab/seed25/ros_packages/mocap4r2_ws/src/mocap4r2/mocap4r2_marker_viz/mocap4r2_marker_viz -DCMAKE_INSTALL_PREFIX=/home/airlab/seed25/ros_packages/mocap4r2_ws/install/mocap4r2_marker_viz
[0.361s] -- The C compiler identification is GNU 9.4.0
[0.656s] -- The CXX compiler identification is GNU 9.4.0
[0.667s] -- Check for working C compiler: /usr/bin/cc
[1.101s] -- Check for working C compiler: /usr/bin/cc -- works
[1.102s] -- Detecting C compiler ABI info
[1.529s] -- Detecting C compiler ABI info - done
[1.586s] -- Detecting C compile features
[1.597s] -- Detecting C compile features - done
[1.603s] -- Check for working CXX compiler: /usr/bin/c++
[2.078s] -- Check for working CXX compiler: /usr/bin/c++ -- works
[2.080s] -- Detecting CXX compiler ABI info
[2.542s] -- Detecting CXX compiler ABI info - done
[2.575s] -- Detecting CXX compile features
[2.590s] -- Detecting CXX compile features - done
[2.596s] -- Found ament_cmake: 0.9.12 (/opt/ros/foxy/share/ament_cmake/cmake)
[2.735s] -- Found PythonInterp: /usr/bin/python3 (found suitable version "3.8.10", minimum required is "3") 
[2.735s] -- Using PYTHON_EXECUTABLE: /usr/bin/python3
[3.461s] -- Found rclcpp: 2.4.3 (/opt/ros/foxy/share/rclcpp/cmake)
[3.663s] -- Using all available rosidl_typesupport_c: rosidl_typesupport_fastrtps_c;rosidl_typesupport_introspection_c
[3.702s] -- Found rosidl_adapter: 1.3.1 (/opt/ros/foxy/share/rosidl_adapter/cmake)
[4.214s] -- Found OpenSSL: /usr/lib/aarch64-linux-gnu/libcrypto.so (found version "1.1.1f")  
[4.299s] -- Found FastRTPS: /opt/ros/foxy/include  
[4.535s] -- Using all available rosidl_typesupport_cpp: rosidl_typesupport_fastrtps_cpp;rosidl_typesupport_introspection_cpp
[4.683s] -- Found rmw_implementation_cmake: 1.0.4 (/opt/ros/foxy/share/rmw_implementation_cmake/cmake)
[4.687s] -- Using RMW implementation 'rmw_fastrtps_cpp' as default
[4.692s] -- Looking for pthread.h
[5.068s] -- Looking for pthread.h - found
[5.069s] -- Performing Test CMAKE_HAVE_LIBC_PTHREAD
[5.503s] -- Performing Test CMAKE_HAVE_LIBC_PTHREAD - Failed
[5.504s] -- Looking for pthread_create in pthreads
[5.876s] -- Looking for pthread_create in pthreads - not found
[5.877s] -- Looking for pthread_create in pthread
[6.335s] -- Looking for pthread_create in pthread - found
[6.337s] -- Found Threads: TRUE  
[6.980s] -- Found mocap4r2_marker_viz_srvs: 0.0.7 (/home/airlab/seed25/ros_packages/mocap4r2_ws/install/mocap4r2_marker_viz_srvs/share/mocap4r2_marker_viz_srvs/cmake)
[7.147s] -- Found mocap4r2_msgs: 0.0.3 (/home/airlab/seed25/ros_packages/mocap4r2_ws/install/mocap4r2_msgs/share/mocap4r2_msgs/cmake)
[7.670s] -- Found visualization_msgs: 2.0.5 (/opt/ros/foxy/share/visualization_msgs/cmake)
[7.975s] -- Found ament_lint_auto: 0.9.8 (/opt/ros/foxy/share/ament_lint_auto/cmake)
[8.378s] -- Added test 'cppcheck' to perform static code analysis on C / C++ code
[8.379s] -- Configured cppcheck include dirs: $<BUILD_INTERFACE:/home/airlab/seed25/ros_packages/mocap4r2_ws/src/mocap4r2/mocap4r2_marker_viz/mocap4r2_marker_viz/include>
[8.379s] -- Configured cppcheck exclude dirs and/or files: 
[8.383s] -- Added test 'cpplint' to check C / C++ code against the Google style
[8.383s] -- Configured cpplint exclude dirs and/or files: 
[8.385s] -- Added test 'flake8' to check Python code syntax and style conventions
[8.394s] -- Added test 'lint_cmake' to check CMake code style
[8.397s] -- Added test 'pep257' to check Python code against some of the style conventions in PEP 257
[8.400s] -- Added test 'uncrustify' to check C / C++ code style
[8.408s] -- Configured uncrustify additional arguments: 
[8.411s] -- Added test 'xmllint' to check XML markup files
[8.423s] -- Configuring done
[8.483s] -- Generating done
[8.511s] -- Build files have been written to: /home/airlab/seed25/ros_packages/mocap4r2_ws/build/mocap4r2_marker_viz
[8.565s] Invoked command in '/home/airlab/seed25/ros_packages/mocap4r2_ws/build/mocap4r2_marker_viz' returned '0': CMAKE_PREFIX_PATH=/home/airlab/seed25/ros_packages/mocap4r2_ws/install/mocap4r2_msgs:/home/airlab/seed25/ros_packages/mocap4r2_ws/install/mocap4r2_marker_viz_srvs:/home/airlab/seed25/ros_packages/mocap4r2_ws/install/mocap4r2_robot_gt_msgs:/home/airlab/seed25/ros_packages/mocap4r2_ws/install/mocap4r2_marker_viz:/home/airlab/seed25/ros_packages/mocap4r2_ws/install/mocap4r2_marker_publisher:/home/airlab/seed25/ros_packages/mocap4r2_ws/install/mocap4r2_control_msgs:/home/airlab/seed25/ros_packages/mocap4r2_ws/install/mocap4r2cli:/opt/ros/foxy LD_LIBRARY_PATH=/home/airlab/seed25/ros_packages/mocap4r2_ws/install/mocap4r2_msgs/lib:/home/airlab/seed25/ros_packages/mocap4r2_ws/install/mocap4r2_marker_viz_srvs/lib:/home/airlab/seed25/ros_packages/mocap4r2_ws/install/mocap4r2_robot_gt_msgs/lib:/home/airlab/seed25/ros_packages/mocap4r2_ws/install/mocap4r2_control_msgs/lib:/usr/local/cuda-11.4/lib64:/usr/local/cuda-11.4/lib64:/opt/ros/foxy/opt/yaml_cpp_vendor/lib:/opt/ros/foxy/opt/rviz_ogre_vendor/lib:/opt/ros/foxy/lib/aarch64-linux-gnu:/opt/ros/foxy/lib:/usr/local/cuda-11.4/lib64 PYTHONPATH=/home/airlab/seed25/ros_packages/mocap4r2_ws/install/mocap4r2_msgs/lib/python3.8/site-packages:/home/airlab/seed25/ros_packages/mocap4r2_ws/install/mocap4r2_marker_viz_srvs/lib/python3.8/site-packages:/home/airlab/seed25/ros_packages/mocap4r2_ws/install/mocap4r2cli/lib/python3.8/site-packages:/home/airlab/seed25/ros_packages/mocap4r2_ws/install/mocap4r2_robot_gt_msgs/lib/python3.8/site-packages:/home/airlab/seed25/ros_packages/mocap4r2_ws/install/mocap4r2_control_msgs/lib/python3.8/site-packages:/opt/ros/foxy/lib/python3.8/site-packages /usr/bin/cmake /home/airlab/seed25/ros_packages/mocap4r2_ws/src/mocap4r2/mocap4r2_marker_viz/mocap4r2_marker_viz -DCMAKE_INSTALL_PREFIX=/home/airlab/seed25/ros_packages/mocap4r2_ws/install/mocap4r2_marker_viz
[8.572s] Invoking command in '/home/airlab/seed25/ros_packages/mocap4r2_ws/build/mocap4r2_marker_viz': CMAKE_PREFIX_PATH=/home/airlab/seed25/ros_packages/mocap4r2_ws/install/mocap4r2_msgs:/home/airlab/seed25/ros_packages/mocap4r2_ws/install/mocap4r2_marker_viz_srvs:/home/airlab/seed25/ros_packages/mocap4r2_ws/install/mocap4r2_robot_gt_msgs:/home/airlab/seed25/ros_packages/mocap4r2_ws/install/mocap4r2_marker_viz:/home/airlab/seed25/ros_packages/mocap4r2_ws/install/mocap4r2_marker_publisher:/home/airlab/seed25/ros_packages/mocap4r2_ws/install/mocap4r2_control_msgs:/home/airlab/seed25/ros_packages/mocap4r2_ws/install/mocap4r2cli:/opt/ros/foxy LD_LIBRARY_PATH=/home/airlab/seed25/ros_packages/mocap4r2_ws/install/mocap4r2_msgs/lib:/home/airlab/seed25/ros_packages/mocap4r2_ws/install/mocap4r2_marker_viz_srvs/lib:/home/airlab/seed25/ros_packages/mocap4r2_ws/install/mocap4r2_robot_gt_msgs/lib:/home/airlab/seed25/ros_packages/mocap4r2_ws/install/mocap4r2_control_msgs/lib:/usr/local/cuda-11.4/lib64:/usr/local/cuda-11.4/lib64:/opt/ros/foxy/opt/yaml_cpp_vendor/lib:/opt/ros/foxy/opt/rviz_ogre_vendor/lib:/opt/ros/foxy/lib/aarch64-linux-gnu:/opt/ros/foxy/lib:/usr/local/cuda-11.4/lib64 PYTHONPATH=/home/airlab/seed25/ros_packages/mocap4r2_ws/install/mocap4r2_msgs/lib/python3.8/site-packages:/home/airlab/seed25/ros_packages/mocap4r2_ws/install/mocap4r2_marker_viz_srvs/lib/python3.8/site-packages:/home/airlab/seed25/ros_packages/mocap4r2_ws/install/mocap4r2cli/lib/python3.8/site-packages:/home/airlab/seed25/ros_packages/mocap4r2_ws/install/mocap4r2_robot_gt_msgs/lib/python3.8/site-packages:/home/airlab/seed25/ros_packages/mocap4r2_ws/install/mocap4r2_control_msgs/lib/python3.8/site-packages:/opt/ros/foxy/lib/python3.8/site-packages /usr/bin/cmake --build /home/airlab/seed25/ros_packages/mocap4r2_ws/build/mocap4r2_marker_viz -- -j4 -l4
[8.839s] [35m[1mScanning dependencies of target mocap4r2_marker_viz_NODE[0m
[9.031s] [ 25%] [32mBuilding CXX object CMakeFiles/mocap4r2_marker_viz_NODE.dir/src/mocap4r2_marker_viz_node.cpp.o[0m
[28.552s] [ 50%] [32m[1mLinking CXX static library libmocap4r2_marker_viz_NODE.a[0m
[28.760s] [ 50%] Built target mocap4r2_marker_viz_NODE
[28.784s] [35m[1mScanning dependencies of target mocap4r2_marker_viz[0m
[28.879s] [ 75%] [32mBuilding CXX object CMakeFiles/mocap4r2_marker_viz.dir/src/mocap4r2_marker_viz_main.cpp.o[0m
[33.819s] [100%] [32m[1mLinking CXX executable mocap4r2_marker_viz[0m
[34.530s] [100%] Built target mocap4r2_marker_viz
