/home/airlab/seed25/ros_packages/seed_controller_ws/src/install/ml_red_controller/lib/python3.8/site-packages/ml_red_controller/sabertooth.py
/home/airlab/seed25/ros_packages/seed_controller_ws/src/install/ml_red_controller/lib/python3.8/site-packages/ml_red_controller/cam_display_node.py
/home/airlab/seed25/ros_packages/seed_controller_ws/src/install/ml_red_controller/lib/python3.8/site-packages/ml_red_controller/PID.py
/home/airlab/seed25/ros_packages/seed_controller_ws/src/install/ml_red_controller/lib/python3.8/site-packages/ml_red_controller/__init__.py
/home/airlab/seed25/ros_packages/seed_controller_ws/src/install/ml_red_controller/lib/python3.8/site-packages/ml_red_controller/ml_red_detector_node.py
/home/airlab/seed25/ros_packages/seed_controller_ws/src/install/ml_red_controller/lib/python3.8/site-packages/ml_red_controller/gtg_controller_node.py
/home/airlab/seed25/ros_packages/seed_controller_ws/src/install/ml_red_controller/lib/python3.8/site-packages/ml_red_controller/__pycache__/sabertooth.cpython-38.pyc
/home/airlab/seed25/ros_packages/seed_controller_ws/src/install/ml_red_controller/lib/python3.8/site-packages/ml_red_controller/__pycache__/cam_display_node.cpython-38.pyc
/home/airlab/seed25/ros_packages/seed_controller_ws/src/install/ml_red_controller/lib/python3.8/site-packages/ml_red_controller/__pycache__/PID.cpython-38.pyc
/home/airlab/seed25/ros_packages/seed_controller_ws/src/install/ml_red_controller/lib/python3.8/site-packages/ml_red_controller/__pycache__/__init__.cpython-38.pyc
/home/airlab/seed25/ros_packages/seed_controller_ws/src/install/ml_red_controller/lib/python3.8/site-packages/ml_red_controller/__pycache__/ml_red_detector_node.cpython-38.pyc
/home/airlab/seed25/ros_packages/seed_controller_ws/src/install/ml_red_controller/lib/python3.8/site-packages/ml_red_controller/__pycache__/gtg_controller_node.cpython-38.pyc
/home/airlab/seed25/ros_packages/seed_controller_ws/src/install/ml_red_controller/share/ament_index/resource_index/packages/ml_red_controller
/home/airlab/seed25/ros_packages/seed_controller_ws/src/install/ml_red_controller/share/ml_red_controller/package.xml
/home/airlab/seed25/ros_packages/seed_controller_ws/src/install/ml_red_controller/share/ml_red_controller/launch/launch.py
/home/airlab/seed25/ros_packages/seed_controller_ws/src/install/ml_red_controller/lib/python3.8/site-packages/ml_red_controller-0.0.0-py3.8.egg-info/dependency_links.txt
/home/airlab/seed25/ros_packages/seed_controller_ws/src/install/ml_red_controller/lib/python3.8/site-packages/ml_red_controller-0.0.0-py3.8.egg-info/SOURCES.txt
/home/airlab/seed25/ros_packages/seed_controller_ws/src/install/ml_red_controller/lib/python3.8/site-packages/ml_red_controller-0.0.0-py3.8.egg-info/requires.txt
/home/airlab/seed25/ros_packages/seed_controller_ws/src/install/ml_red_controller/lib/python3.8/site-packages/ml_red_controller-0.0.0-py3.8.egg-info/entry_points.txt
/home/airlab/seed25/ros_packages/seed_controller_ws/src/install/ml_red_controller/lib/python3.8/site-packages/ml_red_controller-0.0.0-py3.8.egg-info/top_level.txt
/home/airlab/seed25/ros_packages/seed_controller_ws/src/install/ml_red_controller/lib/python3.8/site-packages/ml_red_controller-0.0.0-py3.8.egg-info/zip-safe
/home/airlab/seed25/ros_packages/seed_controller_ws/src/install/ml_red_controller/lib/python3.8/site-packages/ml_red_controller-0.0.0-py3.8.egg-info/PKG-INFO
/home/airlab/seed25/ros_packages/seed_controller_ws/src/install/ml_red_controller/lib/ml_red_controller/cam_display_node
/home/airlab/seed25/ros_packages/seed_controller_ws/src/install/ml_red_controller/lib/ml_red_controller/gtg_controller_node
/home/airlab/seed25/ros_packages/seed_controller_ws/src/install/ml_red_controller/lib/ml_red_controller/ml_red_detector_node
