[0.063s] Invoking command in '/home/airlab/seed25/build/mocap4r2_robot_gt_msgs': CMAKE_PREFIX_PATH=${CMAKE_PREFIX_PATH}:/home/airlab/seed25/ros_packages/seed_controller_ws/install/mocap_listener:/home/airlab/seed25/ros_packages/mocap4r2_ws/install/mocap4r2cli:/opt/ros/foxy /usr/bin/cmake /home/airlab/seed25/ros_packages/mocap4r2_ws/src/mocap4r2/mocap4r2_robot_gt/mocap4r2_robot_gt_msgs -DCMAKE_INSTALL_PREFIX=/home/airlab/seed25/install/mocap4r2_robot_gt_msgs
[0.192s] -- The C compiler identification is GNU 9.4.0
[0.313s] -- The CXX compiler identification is GNU 9.4.0
[0.324s] -- Check for working C compiler: /usr/bin/cc
[0.480s] -- Check for working C compiler: /usr/bin/cc -- works
[0.483s] -- Detecting C compiler ABI info
[0.650s] -- Detecting C compiler ABI info - done
[0.668s] -- Detecting C compile features
[0.668s] -- Detecting C compile features - done
[0.674s] -- Check for working CXX compiler: /usr/bin/c++
[0.860s] -- Check for working CXX compiler: /usr/bin/c++ -- works
[0.862s] -- Detecting CXX compiler ABI info
[1.055s] -- Detecting CXX compiler ABI info - done
[1.080s] -- Detecting CXX compile features
[1.082s] -- Detecting CXX compile features - done
[1.088s] -- Found ament_cmake: 0.9.12 (/opt/ros/foxy/share/ament_cmake/cmake)
[1.151s] -- Found PythonInterp: /usr/bin/python3 (found suitable version "3.8.10", minimum required is "3") 
[1.151s] -- Using PYTHON_EXECUTABLE: /usr/bin/python3
[1.679s] -- Found rosidl_default_generators: 1.0.1 (/opt/ros/foxy/share/rosidl_default_generators/cmake)
[1.688s] -- Using all available rosidl_typesupport_c: rosidl_typesupport_fastrtps_c;rosidl_typesupport_introspection_c
[1.704s] -- Found rosidl_adapter: 1.3.1 (/opt/ros/foxy/share/rosidl_adapter/cmake)
[1.923s] -- Found OpenSSL: /usr/lib/aarch64-linux-gnu/libcrypto.so (found version "1.1.1f")  
[1.982s] -- Found FastRTPS: /opt/ros/foxy/include  
[2.155s] -- Using all available rosidl_typesupport_cpp: rosidl_typesupport_fastrtps_cpp;rosidl_typesupport_introspection_cpp
[2.213s] -- Found builtin_interfaces: 1.0.0 (/opt/ros/foxy/share/builtin_interfaces/cmake)
[2.243s] -- Found std_msgs: 2.0.5 (/opt/ros/foxy/share/std_msgs/cmake)
[2.280s] -- Found geometry_msgs: 2.0.5 (/opt/ros/foxy/share/geometry_msgs/cmake)
[2.419s] -- Found PythonInterp: /usr/bin/python3 (found version "3.8.10") 
[2.857s] -- Found ament_cmake_ros: 0.9.2 (/opt/ros/foxy/share/ament_cmake_ros/cmake)
[3.350s] -- Using all available rosidl_typesupport_c: rosidl_typesupport_fastrtps_c;rosidl_typesupport_introspection_c
[3.564s] -- Using all available rosidl_typesupport_cpp: rosidl_typesupport_fastrtps_cpp;rosidl_typesupport_introspection_cpp
[3.639s] -- Found PythonInterp: /usr/bin/python3 (found suitable version "3.8.10", minimum required is "3.5") 
[3.644s] -- Found python_cmake_module: 0.8.1 (/opt/ros/foxy/share/python_cmake_module/cmake)
[3.715s] -- Found PythonLibs: /usr/lib/aarch64-linux-gnu/libpython3.8.so (found suitable version "3.8.10", minimum required is "3.5") 
[3.715s] -- Using PYTHON_EXECUTABLE: /usr/bin/python3
[3.715s] -- Using PYTHON_INCLUDE_DIRS: /usr/include/python3.8
[3.715s] -- Using PYTHON_LIBRARIES: /usr/lib/aarch64-linux-gnu/libpython3.8.so
[3.774s] -- Found PythonExtra: .so  
[3.979s] -- Configuring done
[4.087s] -- Generating done
[4.143s] -- Build files have been written to: /home/airlab/seed25/build/mocap4r2_robot_gt_msgs
[4.221s] Invoked command in '/home/airlab/seed25/build/mocap4r2_robot_gt_msgs' returned '0': CMAKE_PREFIX_PATH=${CMAKE_PREFIX_PATH}:/home/airlab/seed25/ros_packages/seed_controller_ws/install/mocap_listener:/home/airlab/seed25/ros_packages/mocap4r2_ws/install/mocap4r2cli:/opt/ros/foxy /usr/bin/cmake /home/airlab/seed25/ros_packages/mocap4r2_ws/src/mocap4r2/mocap4r2_robot_gt/mocap4r2_robot_gt_msgs -DCMAKE_INSTALL_PREFIX=/home/airlab/seed25/install/mocap4r2_robot_gt_msgs
[4.227s] Invoking command in '/home/airlab/seed25/build/mocap4r2_robot_gt_msgs': CMAKE_PREFIX_PATH=${CMAKE_PREFIX_PATH}:/home/airlab/seed25/ros_packages/seed_controller_ws/install/mocap_listener:/home/airlab/seed25/ros_packages/mocap4r2_ws/install/mocap4r2cli:/opt/ros/foxy /usr/bin/cmake --build /home/airlab/seed25/build/mocap4r2_robot_gt_msgs -- -j4 -l4
[4.357s] [35m[1mScanning dependencies of target mocap4r2_robot_gt_msgs__cpp[0m
[4.363s] [  3%] [34m[1mGenerating C code for ROS interfaces[0m
[4.454s] [  6%] [34m[1mGenerating C++ code for ROS interfaces[0m
[5.597s] [35m[1mScanning dependencies of target mocap4r2_robot_gt_msgs__rosidl_generator_c[0m
[5.689s] [  9%] [32mBuilding C object CMakeFiles/mocap4r2_robot_gt_msgs__rosidl_generator_c.dir/rosidl_generator_c/mocap4r2_robot_gt_msgs/srv/detail/set_gt_origin__functions.c.o[0m
[5.856s] [  9%] Built target mocap4r2_robot_gt_msgs__cpp
[5.961s] [ 12%] [34m[1mGenerating C++ introspection for ROS interfaces[0m
[5.972s] [ 16%] [34m[1mGenerating C++ type support for eProsima Fast-RTPS[0m
[6.006s] [ 19%] [34m[1mGenerating C++ type support dispatch for ROS interfaces[0m
[6.076s] [ 22%] [32m[1mLinking C shared library libmocap4r2_robot_gt_msgs__rosidl_generator_c.so[0m
[6.435s] [ 22%] Built target mocap4r2_robot_gt_msgs__rosidl_generator_c
[6.527s] [ 25%] [34m[1mGenerating C type support dispatch for ROS interfaces[0m
[8.105s] [35m[1mScanning dependencies of target mocap4r2_robot_gt_msgs__rosidl_typesupport_fastrtps_cpp[0m
[8.135s] [35m[1mScanning dependencies of target mocap4r2_robot_gt_msgs__rosidl_typesupport_cpp[0m
[8.190s] [35m[1mScanning dependencies of target mocap4r2_robot_gt_msgs__rosidl_typesupport_c[0m
[8.233s] [ 29%] [32mBuilding CXX object CMakeFiles/mocap4r2_robot_gt_msgs__rosidl_typesupport_fastrtps_cpp.dir/rosidl_typesupport_fastrtps_cpp/mocap4r2_robot_gt_msgs/srv/detail/dds_fastrtps/set_gt_origin__type_support.cpp.o[0m
[8.261s] [ 32%] [32mBuilding CXX object CMakeFiles/mocap4r2_robot_gt_msgs__rosidl_typesupport_cpp.dir/rosidl_typesupport_cpp/mocap4r2_robot_gt_msgs/srv/set_gt_origin__type_support.cpp.o[0m
[8.303s] [35m[1mScanning dependencies of target mocap4r2_robot_gt_msgs__rosidl_typesupport_introspection_cpp[0m
[8.395s] [ 35%] [32mBuilding CXX object CMakeFiles/mocap4r2_robot_gt_msgs__rosidl_typesupport_c.dir/rosidl_typesupport_c/mocap4r2_robot_gt_msgs/srv/set_gt_origin__type_support.cpp.o[0m
[8.471s] [ 38%] [32mBuilding CXX object CMakeFiles/mocap4r2_robot_gt_msgs__rosidl_typesupport_introspection_cpp.dir/rosidl_typesupport_introspection_cpp/mocap4r2_robot_gt_msgs/srv/detail/set_gt_origin__type_support.cpp.o[0m
[8.714s] [ 41%] [32m[1mLinking CXX shared library libmocap4r2_robot_gt_msgs__rosidl_typesupport_c.so[0m
[9.147s] [ 41%] Built target mocap4r2_robot_gt_msgs__rosidl_typesupport_c
[9.283s] [ 45%] [34m[1mGenerating C introspection for ROS interfaces[0m
[10.907s] [ 48%] [32m[1mLinking CXX shared library libmocap4r2_robot_gt_msgs__rosidl_typesupport_cpp.so[0m
[11.306s] [ 48%] Built target mocap4r2_robot_gt_msgs__rosidl_typesupport_cpp
[11.429s] [ 51%] [32m[1mLinking CXX shared library libmocap4r2_robot_gt_msgs__rosidl_typesupport_introspection_cpp.so[0m
[11.657s] [35m[1mScanning dependencies of target mocap4r2_robot_gt_msgs__rosidl_typesupport_introspection_c[0m
[11.839s] [ 54%] [32mBuilding C object CMakeFiles/mocap4r2_robot_gt_msgs__rosidl_typesupport_introspection_c.dir/rosidl_typesupport_introspection_c/mocap4r2_robot_gt_msgs/srv/detail/set_gt_origin__type_support.c.o[0m
[11.867s] [ 54%] Built target mocap4r2_robot_gt_msgs__rosidl_typesupport_introspection_cpp
[12.181s] [ 58%] [32m[1mLinking C shared library libmocap4r2_robot_gt_msgs__rosidl_typesupport_introspection_c.so[0m
[12.479s] [ 58%] Built target mocap4r2_robot_gt_msgs__rosidl_typesupport_introspection_c
[12.529s] [ 61%] [32m[1mLinking CXX shared library libmocap4r2_robot_gt_msgs__rosidl_typesupport_fastrtps_cpp.so[0m
[13.391s] [ 61%] Built target mocap4r2_robot_gt_msgs__rosidl_typesupport_fastrtps_cpp
[13.500s] [ 64%] [34m[1mGenerating C type support for eProsima Fast-RTPS[0m
[15.001s] [35m[1mScanning dependencies of target mocap4r2_robot_gt_msgs__rosidl_typesupport_fastrtps_c[0m
[15.106s] [ 67%] [32mBuilding CXX object CMakeFiles/mocap4r2_robot_gt_msgs__rosidl_typesupport_fastrtps_c.dir/rosidl_typesupport_fastrtps_c/mocap4r2_robot_gt_msgs/srv/detail/set_gt_origin__type_support_c.cpp.o[0m
[16.785s] [ 70%] [32m[1mLinking CXX shared library libmocap4r2_robot_gt_msgs__rosidl_typesupport_fastrtps_c.so[0m
[17.295s] [ 70%] Built target mocap4r2_robot_gt_msgs__rosidl_typesupport_fastrtps_c
[17.366s] [35m[1mScanning dependencies of target mocap4r2_robot_gt_msgs[0m
[17.458s] [ 70%] Built target mocap4r2_robot_gt_msgs
[17.540s] [35m[1mScanning dependencies of target mocap4r2_robot_gt_msgs__py[0m
[17.632s] [ 74%] [34m[1mGenerating Python code for ROS interfaces[0m
[19.795s] [ 74%] Built target mocap4r2_robot_gt_msgs__py
[19.868s] [35m[1mScanning dependencies of target mocap4r2_robot_gt_msgs__python[0m
[20.011s] [ 77%] [32mBuilding C object CMakeFiles/mocap4r2_robot_gt_msgs__python.dir/rosidl_generator_py/mocap4r2_robot_gt_msgs/srv/_set_gt_origin_s.c.o[0m
[20.509s] [ 80%] [32m[1mLinking C shared library rosidl_generator_py/mocap4r2_robot_gt_msgs/libmocap4r2_robot_gt_msgs__python.so[0m
[20.739s] [ 80%] Built target mocap4r2_robot_gt_msgs__python
[20.818s] [35m[1mScanning dependencies of target mocap4r2_robot_gt_msgs__rosidl_typesupport_c__pyext[0m
[20.835s] [35m[1mScanning dependencies of target mocap4r2_robot_gt_msgs__rosidl_typesupport_fastrtps_c__pyext[0m
[20.839s] [35m[1mScanning dependencies of target mocap4r2_robot_gt_msgs__rosidl_typesupport_introspection_c__pyext[0m
[20.906s] [ 83%] [32mBuilding C object CMakeFiles/mocap4r2_robot_gt_msgs__rosidl_typesupport_introspection_c__pyext.dir/rosidl_generator_py/mocap4r2_robot_gt_msgs/_mocap4r2_robot_gt_msgs_s.ep.rosidl_typesupport_introspection_c.c.o[0m
[20.931s] [ 87%] [32mBuilding C object CMakeFiles/mocap4r2_robot_gt_msgs__rosidl_typesupport_fastrtps_c__pyext.dir/rosidl_generator_py/mocap4r2_robot_gt_msgs/_mocap4r2_robot_gt_msgs_s.ep.rosidl_typesupport_fastrtps_c.c.o[0m
[20.934s] [ 90%] [32mBuilding C object CMakeFiles/mocap4r2_robot_gt_msgs__rosidl_typesupport_c__pyext.dir/rosidl_generator_py/mocap4r2_robot_gt_msgs/_mocap4r2_robot_gt_msgs_s.ep.rosidl_typesupport_c.c.o[0m
[21.192s] [ 93%] [32m[1mLinking C shared library rosidl_generator_py/mocap4r2_robot_gt_msgs/mocap4r2_robot_gt_msgs_s__rosidl_typesupport_introspection_c.cpython-38-aarch64-linux-gnu.so[0m
[21.226s] [ 96%] [32m[1mLinking C shared library rosidl_generator_py/mocap4r2_robot_gt_msgs/mocap4r2_robot_gt_msgs_s__rosidl_typesupport_c.cpython-38-aarch64-linux-gnu.so[0m
[21.293s] [100%] [32m[1mLinking CXX shared library rosidl_generator_py/mocap4r2_robot_gt_msgs/mocap4r2_robot_gt_msgs_s__rosidl_typesupport_fastrtps_c.cpython-38-aarch64-linux-gnu.so[0m
[21.341s] [100%] Built target mocap4r2_robot_gt_msgs__rosidl_typesupport_introspection_c__pyext
[21.420s] [100%] Built target mocap4r2_robot_gt_msgs__rosidl_typesupport_c__pyext
[21.506s] [100%] Built target mocap4r2_robot_gt_msgs__rosidl_typesupport_fastrtps_c__pyext
[21.563s] Invoked command in '/home/airlab/seed25/build/mocap4r2_robot_gt_msgs' returned '0': CMAKE_PREFIX_PATH=${CMAKE_PREFIX_PATH}:/home/airlab/seed25/ros_packages/seed_controller_ws/install/mocap_listener:/home/airlab/seed25/ros_packages/mocap4r2_ws/install/mocap4r2cli:/opt/ros/foxy /usr/bin/cmake --build /home/airlab/seed25/build/mocap4r2_robot_gt_msgs -- -j4 -l4
[21.625s] Invoking command in '/home/airlab/seed25/build/mocap4r2_robot_gt_msgs': CMAKE_PREFIX_PATH=${CMAKE_PREFIX_PATH}:/home/airlab/seed25/ros_packages/seed_controller_ws/install/mocap_listener:/home/airlab/seed25/ros_packages/mocap4r2_ws/install/mocap4r2cli:/opt/ros/foxy /usr/bin/cmake --install /home/airlab/seed25/build/mocap4r2_robot_gt_msgs
[21.655s] -- Install configuration: ""
[21.655s] -- Installing: /home/airlab/seed25/install/mocap4r2_robot_gt_msgs/share/ament_index/resource_index/rosidl_interfaces/mocap4r2_robot_gt_msgs
[21.656s] -- Installing: /home/airlab/seed25/install/mocap4r2_robot_gt_msgs/include/mocap4r2_robot_gt_msgs
[21.656s] -- Installing: /home/airlab/seed25/install/mocap4r2_robot_gt_msgs/include/mocap4r2_robot_gt_msgs/msg
[21.656s] -- Installing: /home/airlab/seed25/install/mocap4r2_robot_gt_msgs/include/mocap4r2_robot_gt_msgs/msg/rosidl_generator_c__visibility_control.h
[21.656s] -- Installing: /home/airlab/seed25/install/mocap4r2_robot_gt_msgs/include/mocap4r2_robot_gt_msgs/srv
[21.656s] -- Installing: /home/airlab/seed25/install/mocap4r2_robot_gt_msgs/include/mocap4r2_robot_gt_msgs/srv/detail
[21.657s] -- Installing: /home/airlab/seed25/install/mocap4r2_robot_gt_msgs/include/mocap4r2_robot_gt_msgs/srv/detail/set_gt_origin__type_support.h
[21.657s] -- Installing: /home/airlab/seed25/install/mocap4r2_robot_gt_msgs/include/mocap4r2_robot_gt_msgs/srv/detail/set_gt_origin__functions.h
[21.657s] -- Installing: /home/airlab/seed25/install/mocap4r2_robot_gt_msgs/include/mocap4r2_robot_gt_msgs/srv/detail/set_gt_origin__struct.h
[21.657s] -- Installing: /home/airlab/seed25/install/mocap4r2_robot_gt_msgs/include/mocap4r2_robot_gt_msgs/srv/detail/set_gt_origin__functions.c
[21.657s] -- Installing: /home/airlab/seed25/install/mocap4r2_robot_gt_msgs/include/mocap4r2_robot_gt_msgs/srv/set_gt_origin.h
[21.658s] -- Installing: /home/airlab/seed25/install/mocap4r2_robot_gt_msgs/share/mocap4r2_robot_gt_msgs/environment/library_path.sh
[21.658s] -- Installing: /home/airlab/seed25/install/mocap4r2_robot_gt_msgs/share/mocap4r2_robot_gt_msgs/environment/library_path.dsv
[21.659s] -- Installing: /home/airlab/seed25/install/mocap4r2_robot_gt_msgs/lib/libmocap4r2_robot_gt_msgs__rosidl_generator_c.so
[21.660s] -- Set runtime path of "/home/airlab/seed25/install/mocap4r2_robot_gt_msgs/lib/libmocap4r2_robot_gt_msgs__rosidl_generator_c.so" to ""
[21.660s] -- Up-to-date: /home/airlab/seed25/install/mocap4r2_robot_gt_msgs/include/mocap4r2_robot_gt_msgs
[21.660s] -- Up-to-date: /home/airlab/seed25/install/mocap4r2_robot_gt_msgs/include/mocap4r2_robot_gt_msgs/msg
[21.660s] -- Installing: /home/airlab/seed25/install/mocap4r2_robot_gt_msgs/include/mocap4r2_robot_gt_msgs/msg/rosidl_typesupport_fastrtps_c__visibility_control.h
[21.660s] -- Up-to-date: /home/airlab/seed25/install/mocap4r2_robot_gt_msgs/include/mocap4r2_robot_gt_msgs/srv
[21.661s] -- Up-to-date: /home/airlab/seed25/install/mocap4r2_robot_gt_msgs/include/mocap4r2_robot_gt_msgs/srv/detail
[21.661s] -- Installing: /home/airlab/seed25/install/mocap4r2_robot_gt_msgs/include/mocap4r2_robot_gt_msgs/srv/detail/set_gt_origin__rosidl_typesupport_fastrtps_c.h
[21.661s] -- Installing: /home/airlab/seed25/install/mocap4r2_robot_gt_msgs/lib/libmocap4r2_robot_gt_msgs__rosidl_typesupport_fastrtps_c.so
[21.662s] -- Set runtime path of "/home/airlab/seed25/install/mocap4r2_robot_gt_msgs/lib/libmocap4r2_robot_gt_msgs__rosidl_typesupport_fastrtps_c.so" to ""
[21.662s] -- Up-to-date: /home/airlab/seed25/install/mocap4r2_robot_gt_msgs/include/mocap4r2_robot_gt_msgs
[21.662s] -- Up-to-date: /home/airlab/seed25/install/mocap4r2_robot_gt_msgs/include/mocap4r2_robot_gt_msgs/msg
[21.663s] -- Installing: /home/airlab/seed25/install/mocap4r2_robot_gt_msgs/include/mocap4r2_robot_gt_msgs/msg/rosidl_typesupport_fastrtps_cpp__visibility_control.h
[21.663s] -- Up-to-date: /home/airlab/seed25/install/mocap4r2_robot_gt_msgs/include/mocap4r2_robot_gt_msgs/srv
[21.663s] -- Up-to-date: /home/airlab/seed25/install/mocap4r2_robot_gt_msgs/include/mocap4r2_robot_gt_msgs/srv/detail
[21.663s] -- Installing: /home/airlab/seed25/install/mocap4r2_robot_gt_msgs/include/mocap4r2_robot_gt_msgs/srv/detail/set_gt_origin__rosidl_typesupport_fastrtps_cpp.hpp
[21.663s] -- Installing: /home/airlab/seed25/install/mocap4r2_robot_gt_msgs/include/mocap4r2_robot_gt_msgs/srv/detail/dds_fastrtps
[21.664s] -- Installing: /home/airlab/seed25/install/mocap4r2_robot_gt_msgs/lib/libmocap4r2_robot_gt_msgs__rosidl_typesupport_fastrtps_cpp.so
[21.665s] -- Set runtime path of "/home/airlab/seed25/install/mocap4r2_robot_gt_msgs/lib/libmocap4r2_robot_gt_msgs__rosidl_typesupport_fastrtps_cpp.so" to ""
[21.665s] -- Up-to-date: /home/airlab/seed25/install/mocap4r2_robot_gt_msgs/include/mocap4r2_robot_gt_msgs
[21.665s] -- Up-to-date: /home/airlab/seed25/install/mocap4r2_robot_gt_msgs/include/mocap4r2_robot_gt_msgs/msg
[21.665s] -- Installing: /home/airlab/seed25/install/mocap4r2_robot_gt_msgs/include/mocap4r2_robot_gt_msgs/msg/rosidl_typesupport_introspection_c__visibility_control.h
[21.666s] -- Up-to-date: /home/airlab/seed25/install/mocap4r2_robot_gt_msgs/include/mocap4r2_robot_gt_msgs/srv
[21.666s] -- Up-to-date: /home/airlab/seed25/install/mocap4r2_robot_gt_msgs/include/mocap4r2_robot_gt_msgs/srv/detail
[21.666s] -- Installing: /home/airlab/seed25/install/mocap4r2_robot_gt_msgs/include/mocap4r2_robot_gt_msgs/srv/detail/set_gt_origin__rosidl_typesupport_introspection_c.h
[21.666s] -- Installing: /home/airlab/seed25/install/mocap4r2_robot_gt_msgs/include/mocap4r2_robot_gt_msgs/srv/detail/set_gt_origin__type_support.c
[21.666s] -- Installing: /home/airlab/seed25/install/mocap4r2_robot_gt_msgs/lib/libmocap4r2_robot_gt_msgs__rosidl_typesupport_introspection_c.so
[21.667s] -- Set runtime path of "/home/airlab/seed25/install/mocap4r2_robot_gt_msgs/lib/libmocap4r2_robot_gt_msgs__rosidl_typesupport_introspection_c.so" to ""
[21.667s] -- Installing: /home/airlab/seed25/install/mocap4r2_robot_gt_msgs/lib/libmocap4r2_robot_gt_msgs__rosidl_typesupport_c.so
[21.668s] -- Set runtime path of "/home/airlab/seed25/install/mocap4r2_robot_gt_msgs/lib/libmocap4r2_robot_gt_msgs__rosidl_typesupport_c.so" to ""
[21.668s] -- Up-to-date: /home/airlab/seed25/install/mocap4r2_robot_gt_msgs/include/mocap4r2_robot_gt_msgs
[21.668s] -- Up-to-date: /home/airlab/seed25/install/mocap4r2_robot_gt_msgs/include/mocap4r2_robot_gt_msgs/msg
[21.669s] -- Installing: /home/airlab/seed25/install/mocap4r2_robot_gt_msgs/include/mocap4r2_robot_gt_msgs/msg/rosidl_generator_cpp__visibility_control.hpp
[21.669s] -- Up-to-date: /home/airlab/seed25/install/mocap4r2_robot_gt_msgs/include/mocap4r2_robot_gt_msgs/srv
[21.669s] -- Installing: /home/airlab/seed25/install/mocap4r2_robot_gt_msgs/include/mocap4r2_robot_gt_msgs/srv/set_gt_origin.hpp
[21.669s] -- Up-to-date: /home/airlab/seed25/install/mocap4r2_robot_gt_msgs/include/mocap4r2_robot_gt_msgs/srv/detail
[21.669s] -- Installing: /home/airlab/seed25/install/mocap4r2_robot_gt_msgs/include/mocap4r2_robot_gt_msgs/srv/detail/set_gt_origin__type_support.hpp
[21.670s] -- Installing: /home/airlab/seed25/install/mocap4r2_robot_gt_msgs/include/mocap4r2_robot_gt_msgs/srv/detail/set_gt_origin__struct.hpp
[21.670s] -- Installing: /home/airlab/seed25/install/mocap4r2_robot_gt_msgs/include/mocap4r2_robot_gt_msgs/srv/detail/set_gt_origin__traits.hpp
[21.670s] -- Installing: /home/airlab/seed25/install/mocap4r2_robot_gt_msgs/include/mocap4r2_robot_gt_msgs/srv/detail/set_gt_origin__builder.hpp
[21.670s] -- Up-to-date: /home/airlab/seed25/install/mocap4r2_robot_gt_msgs/include/mocap4r2_robot_gt_msgs
[21.670s] -- Up-to-date: /home/airlab/seed25/install/mocap4r2_robot_gt_msgs/include/mocap4r2_robot_gt_msgs/srv
[21.671s] -- Up-to-date: /home/airlab/seed25/install/mocap4r2_robot_gt_msgs/include/mocap4r2_robot_gt_msgs/srv/detail
[21.671s] -- Installing: /home/airlab/seed25/install/mocap4r2_robot_gt_msgs/include/mocap4r2_robot_gt_msgs/srv/detail/set_gt_origin__rosidl_typesupport_introspection_cpp.hpp
[21.671s] -- Installing: /home/airlab/seed25/install/mocap4r2_robot_gt_msgs/include/mocap4r2_robot_gt_msgs/srv/detail/set_gt_origin__type_support.cpp
[21.671s] -- Installing: /home/airlab/seed25/install/mocap4r2_robot_gt_msgs/lib/libmocap4r2_robot_gt_msgs__rosidl_typesupport_introspection_cpp.so
[21.672s] -- Set runtime path of "/home/airlab/seed25/install/mocap4r2_robot_gt_msgs/lib/libmocap4r2_robot_gt_msgs__rosidl_typesupport_introspection_cpp.so" to ""
[21.672s] -- Installing: /home/airlab/seed25/install/mocap4r2_robot_gt_msgs/lib/libmocap4r2_robot_gt_msgs__rosidl_typesupport_cpp.so
[21.673s] -- Set runtime path of "/home/airlab/seed25/install/mocap4r2_robot_gt_msgs/lib/libmocap4r2_robot_gt_msgs__rosidl_typesupport_cpp.so" to ""
[21.673s] -- Installing: /home/airlab/seed25/install/mocap4r2_robot_gt_msgs/share/mocap4r2_robot_gt_msgs/environment/pythonpath.sh
[21.673s] -- Installing: /home/airlab/seed25/install/mocap4r2_robot_gt_msgs/share/mocap4r2_robot_gt_msgs/environment/pythonpath.dsv
[21.674s] -- Installing: /home/airlab/seed25/install/mocap4r2_robot_gt_msgs/lib/python3.8/site-packages/mocap4r2_robot_gt_msgs/__init__.py
[21.750s] Compiling '/home/airlab/seed25/install/mocap4r2_robot_gt_msgs/lib/python3.8/site-packages/mocap4r2_robot_gt_msgs/__init__.py'...
[21.762s] -- Installing: /home/airlab/seed25/install/mocap4r2_robot_gt_msgs/lib/python3.8/site-packages/mocap4r2_robot_gt_msgs/srv
[21.763s] -- Installing: /home/airlab/seed25/install/mocap4r2_robot_gt_msgs/lib/python3.8/site-packages/mocap4r2_robot_gt_msgs/srv/_set_gt_origin_s.c
[21.763s] -- Installing: /home/airlab/seed25/install/mocap4r2_robot_gt_msgs/lib/python3.8/site-packages/mocap4r2_robot_gt_msgs/srv/_set_gt_origin.py
[21.764s] -- Installing: /home/airlab/seed25/install/mocap4r2_robot_gt_msgs/lib/python3.8/site-packages/mocap4r2_robot_gt_msgs/srv/__init__.py
[21.765s] -- Installing: /home/airlab/seed25/install/mocap4r2_robot_gt_msgs/lib/python3.8/site-packages/mocap4r2_robot_gt_msgs/mocap4r2_robot_gt_msgs_s__rosidl_typesupport_fastrtps_c.cpython-38-aarch64-linux-gnu.so
[21.765s] -- Set runtime path of "/home/airlab/seed25/install/mocap4r2_robot_gt_msgs/lib/python3.8/site-packages/mocap4r2_robot_gt_msgs/mocap4r2_robot_gt_msgs_s__rosidl_typesupport_fastrtps_c.cpython-38-aarch64-linux-gnu.so" to ""
[21.766s] -- Installing: /home/airlab/seed25/install/mocap4r2_robot_gt_msgs/lib/python3.8/site-packages/mocap4r2_robot_gt_msgs/mocap4r2_robot_gt_msgs_s__rosidl_typesupport_introspection_c.cpython-38-aarch64-linux-gnu.so
[21.767s] -- Set runtime path of "/home/airlab/seed25/install/mocap4r2_robot_gt_msgs/lib/python3.8/site-packages/mocap4r2_robot_gt_msgs/mocap4r2_robot_gt_msgs_s__rosidl_typesupport_introspection_c.cpython-38-aarch64-linux-gnu.so" to ""
[21.768s] -- Installing: /home/airlab/seed25/install/mocap4r2_robot_gt_msgs/lib/python3.8/site-packages/mocap4r2_robot_gt_msgs/mocap4r2_robot_gt_msgs_s__rosidl_typesupport_c.cpython-38-aarch64-linux-gnu.so
[21.769s] -- Set runtime path of "/home/airlab/seed25/install/mocap4r2_robot_gt_msgs/lib/python3.8/site-packages/mocap4r2_robot_gt_msgs/mocap4r2_robot_gt_msgs_s__rosidl_typesupport_c.cpython-38-aarch64-linux-gnu.so" to ""
[21.769s] -- Installing: /home/airlab/seed25/install/mocap4r2_robot_gt_msgs/lib/libmocap4r2_robot_gt_msgs__python.so
[21.770s] -- Set runtime path of "/home/airlab/seed25/install/mocap4r2_robot_gt_msgs/lib/libmocap4r2_robot_gt_msgs__python.so" to ""
[21.771s] -- Installing: /home/airlab/seed25/install/mocap4r2_robot_gt_msgs/share/mocap4r2_robot_gt_msgs/srv/SetGTOrigin.idl
[21.771s] -- Installing: /home/airlab/seed25/install/mocap4r2_robot_gt_msgs/share/mocap4r2_robot_gt_msgs/srv/SetGTOrigin.srv
[21.772s] -- Installing: /home/airlab/seed25/install/mocap4r2_robot_gt_msgs/share/mocap4r2_robot_gt_msgs/srv/SetGTOrigin_Request.msg
[21.772s] -- Installing: /home/airlab/seed25/install/mocap4r2_robot_gt_msgs/share/mocap4r2_robot_gt_msgs/srv/SetGTOrigin_Response.msg
[21.773s] -- Installing: /home/airlab/seed25/install/mocap4r2_robot_gt_msgs/share/ament_index/resource_index/package_run_dependencies/mocap4r2_robot_gt_msgs
[21.773s] -- Installing: /home/airlab/seed25/install/mocap4r2_robot_gt_msgs/share/ament_index/resource_index/parent_prefix_path/mocap4r2_robot_gt_msgs
[21.774s] -- Installing: /home/airlab/seed25/install/mocap4r2_robot_gt_msgs/share/mocap4r2_robot_gt_msgs/environment/ament_prefix_path.sh
[21.774s] -- Installing: /home/airlab/seed25/install/mocap4r2_robot_gt_msgs/share/mocap4r2_robot_gt_msgs/environment/ament_prefix_path.dsv
[21.777s] -- Installing: /home/airlab/seed25/install/mocap4r2_robot_gt_msgs/share/mocap4r2_robot_gt_msgs/environment/path.sh
[21.777s] -- Installing: /home/airlab/seed25/install/mocap4r2_robot_gt_msgs/share/mocap4r2_robot_gt_msgs/environment/path.dsv
[21.778s] -- Installing: /home/airlab/seed25/install/mocap4r2_robot_gt_msgs/share/mocap4r2_robot_gt_msgs/local_setup.bash
[21.778s] -- Installing: /home/airlab/seed25/install/mocap4r2_robot_gt_msgs/share/mocap4r2_robot_gt_msgs/local_setup.sh
[21.778s] -- Installing: /home/airlab/seed25/install/mocap4r2_robot_gt_msgs/share/mocap4r2_robot_gt_msgs/local_setup.zsh
[21.779s] -- Installing: /home/airlab/seed25/install/mocap4r2_robot_gt_msgs/share/mocap4r2_robot_gt_msgs/local_setup.dsv
[21.779s] -- Installing: /home/airlab/seed25/install/mocap4r2_robot_gt_msgs/share/mocap4r2_robot_gt_msgs/package.dsv
[21.780s] -- Installing: /home/airlab/seed25/install/mocap4r2_robot_gt_msgs/share/ament_index/resource_index/packages/mocap4r2_robot_gt_msgs
[21.781s] -- Installing: /home/airlab/seed25/install/mocap4r2_robot_gt_msgs/share/mocap4r2_robot_gt_msgs/cmake/mocap4r2_robot_gt_msgs__rosidl_generator_cExport.cmake
[21.781s] -- Installing: /home/airlab/seed25/install/mocap4r2_robot_gt_msgs/share/mocap4r2_robot_gt_msgs/cmake/mocap4r2_robot_gt_msgs__rosidl_generator_cExport-noconfig.cmake
[21.782s] -- Installing: /home/airlab/seed25/install/mocap4r2_robot_gt_msgs/share/mocap4r2_robot_gt_msgs/cmake/mocap4r2_robot_gt_msgs__rosidl_typesupport_introspection_cExport.cmake
[21.791s] -- Installing: /home/airlab/seed25/install/mocap4r2_robot_gt_msgs/share/mocap4r2_robot_gt_msgs/cmake/mocap4r2_robot_gt_msgs__rosidl_typesupport_introspection_cExport-noconfig.cmake
[21.791s] -- Installing: /home/airlab/seed25/install/mocap4r2_robot_gt_msgs/share/mocap4r2_robot_gt_msgs/cmake/mocap4r2_robot_gt_msgs__rosidl_typesupport_cExport.cmake
[21.791s] -- Installing: /home/airlab/seed25/install/mocap4r2_robot_gt_msgs/share/mocap4r2_robot_gt_msgs/cmake/mocap4r2_robot_gt_msgs__rosidl_typesupport_cExport-noconfig.cmake
[21.792s] -- Installing: /home/airlab/seed25/install/mocap4r2_robot_gt_msgs/share/mocap4r2_robot_gt_msgs/cmake/mocap4r2_robot_gt_msgs__rosidl_generator_cppExport.cmake
[21.792s] -- Installing: /home/airlab/seed25/install/mocap4r2_robot_gt_msgs/share/mocap4r2_robot_gt_msgs/cmake/mocap4r2_robot_gt_msgs__rosidl_typesupport_introspection_cppExport.cmake
[21.793s] -- Installing: /home/airlab/seed25/install/mocap4r2_robot_gt_msgs/share/mocap4r2_robot_gt_msgs/cmake/mocap4r2_robot_gt_msgs__rosidl_typesupport_introspection_cppExport-noconfig.cmake
[21.793s] -- Installing: /home/airlab/seed25/install/mocap4r2_robot_gt_msgs/share/mocap4r2_robot_gt_msgs/cmake/mocap4r2_robot_gt_msgs__rosidl_typesupport_cppExport.cmake
[21.794s] -- Installing: /home/airlab/seed25/install/mocap4r2_robot_gt_msgs/share/mocap4r2_robot_gt_msgs/cmake/mocap4r2_robot_gt_msgs__rosidl_typesupport_cppExport-noconfig.cmake
[21.794s] -- Installing: /home/airlab/seed25/install/mocap4r2_robot_gt_msgs/share/mocap4r2_robot_gt_msgs/cmake/rosidl_cmake-extras.cmake
[21.795s] -- Installing: /home/airlab/seed25/install/mocap4r2_robot_gt_msgs/share/mocap4r2_robot_gt_msgs/cmake/ament_cmake_export_dependencies-extras.cmake
[21.795s] -- Installing: /home/airlab/seed25/install/mocap4r2_robot_gt_msgs/share/mocap4r2_robot_gt_msgs/cmake/ament_cmake_export_libraries-extras.cmake
[21.795s] -- Installing: /home/airlab/seed25/install/mocap4r2_robot_gt_msgs/share/mocap4r2_robot_gt_msgs/cmake/ament_cmake_export_targets-extras.cmake
[21.795s] -- Installing: /home/airlab/seed25/install/mocap4r2_robot_gt_msgs/share/mocap4r2_robot_gt_msgs/cmake/ament_cmake_export_include_directories-extras.cmake
[21.795s] -- Installing: /home/airlab/seed25/install/mocap4r2_robot_gt_msgs/share/mocap4r2_robot_gt_msgs/cmake/rosidl_cmake_export_typesupport_libraries-extras.cmake
[21.796s] -- Installing: /home/airlab/seed25/install/mocap4r2_robot_gt_msgs/share/mocap4r2_robot_gt_msgs/cmake/rosidl_cmake_export_typesupport_targets-extras.cmake
[21.796s] -- Installing: /home/airlab/seed25/install/mocap4r2_robot_gt_msgs/share/mocap4r2_robot_gt_msgs/cmake/mocap4r2_robot_gt_msgsConfig.cmake
[21.796s] -- Installing: /home/airlab/seed25/install/mocap4r2_robot_gt_msgs/share/mocap4r2_robot_gt_msgs/cmake/mocap4r2_robot_gt_msgsConfig-version.cmake
[21.797s] -- Installing: /home/airlab/seed25/install/mocap4r2_robot_gt_msgs/share/mocap4r2_robot_gt_msgs/package.xml
[21.810s] Invoked command in '/home/airlab/seed25/build/mocap4r2_robot_gt_msgs' returned '0': CMAKE_PREFIX_PATH=${CMAKE_PREFIX_PATH}:/home/airlab/seed25/ros_packages/seed_controller_ws/install/mocap_listener:/home/airlab/seed25/ros_packages/mocap4r2_ws/install/mocap4r2cli:/opt/ros/foxy /usr/bin/cmake --install /home/airlab/seed25/build/mocap4r2_robot_gt_msgs
