Performing C SOURCE FILE Test CMAKE_HAVE_LIBC_PTHREAD failed with the following output:
Change Dir: /home/airlab/seed25/ros_packages/mocap4r2_ws/build/mocap4r2_control/CMakeFiles/CMakeTmp

Run Build Command(s):/usr/bin/make cmTC_2d179/fast && /usr/bin/make -f CMakeFiles/cmTC_2d179.dir/build.make CMakeFiles/cmTC_2d179.dir/build
make[1]: Entering directory '/home/airlab/seed25/ros_packages/mocap4r2_ws/build/mocap4r2_control/CMakeFiles/CMakeTmp'
Building C object CMakeFiles/cmTC_2d179.dir/src.c.o
/usr/bin/cc   -DCMAKE_HAVE_LIBC_PTHREAD   -o CMakeFiles/cmTC_2d179.dir/src.c.o   -c /home/airlab/seed25/ros_packages/mocap4r2_ws/build/mocap4r2_control/CMakeFiles/CMakeTmp/src.c
Linking C executable cmTC_2d179
/usr/bin/cmake -E cmake_link_script CMakeFiles/cmTC_2d179.dir/link.txt --verbose=1
/usr/bin/cc  -DCMAKE_HAVE_LIBC_PTHREAD    CMakeFiles/cmTC_2d179.dir/src.c.o  -o cmTC_2d179 
/usr/bin/ld: CMakeFiles/cmTC_2d179.dir/src.c.o: in function `main':
src.c:(.text+0x48): undefined reference to `pthread_create'
/usr/bin/ld: src.c:(.text+0x50): undefined reference to `pthread_detach'
/usr/bin/ld: src.c:(.text+0x5c): undefined reference to `pthread_join'
collect2: error: ld returned 1 exit status
make[1]: *** [CMakeFiles/cmTC_2d179.dir/build.make:87: cmTC_2d179] Error 1
make[1]: Leaving directory '/home/airlab/seed25/ros_packages/mocap4r2_ws/build/mocap4r2_control/CMakeFiles/CMakeTmp'
make: *** [Makefile:121: cmTC_2d179/fast] Error 2


Source file was:
#include <pthread.h>

void* test_func(void* data)
{
  return data;
}

int main(void)
{
  pthread_t thread;
  pthread_create(&thread, NULL, test_func, NULL);
  pthread_detach(thread);
  pthread_join(thread, NULL);
  pthread_atfork(NULL, NULL, NULL);
  pthread_exit(NULL);

  return 0;
}

Determining if the function pthread_create exists in the pthreads failed with the following output:
Change Dir: /home/airlab/seed25/ros_packages/mocap4r2_ws/build/mocap4r2_control/CMakeFiles/CMakeTmp

Run Build Command(s):/usr/bin/make cmTC_26312/fast && /usr/bin/make -f CMakeFiles/cmTC_26312.dir/build.make CMakeFiles/cmTC_26312.dir/build
make[1]: Entering directory '/home/airlab/seed25/ros_packages/mocap4r2_ws/build/mocap4r2_control/CMakeFiles/CMakeTmp'
Building C object CMakeFiles/cmTC_26312.dir/CheckFunctionExists.c.o
/usr/bin/cc   -DCHECK_FUNCTION_EXISTS=pthread_create   -o CMakeFiles/cmTC_26312.dir/CheckFunctionExists.c.o   -c /usr/share/cmake-3.16/Modules/CheckFunctionExists.c
Linking C executable cmTC_26312
/usr/bin/cmake -E cmake_link_script CMakeFiles/cmTC_26312.dir/link.txt --verbose=1
/usr/bin/cc  -DCHECK_FUNCTION_EXISTS=pthread_create    CMakeFiles/cmTC_26312.dir/CheckFunctionExists.c.o  -o cmTC_26312  -lpthreads 
/usr/bin/ld: cannot find -lpthreads
collect2: error: ld returned 1 exit status
make[1]: *** [CMakeFiles/cmTC_26312.dir/build.make:87: cmTC_26312] Error 1
make[1]: Leaving directory '/home/airlab/seed25/ros_packages/mocap4r2_ws/build/mocap4r2_control/CMakeFiles/CMakeTmp'
make: *** [Makefile:121: cmTC_26312/fast] Error 2



