[2.730s] Invoking command in '/home/airlab/seed25/ros_packages/seed_controller_ws/src/ml_red_controller': PYTHONPATH=/home/airlab/seed25/ros_packages/seed_controller_ws/src/build/ml_red_controller/prefix_override:/usr/lib/python3/dist-packages/colcon_core/task/python/colcon_distutils_commands:/home/airlab/seed25/ros_packages/seed_controller_ws/src/install/ml_red_controller/lib/python3.8/site-packages:${PYTHONPATH} /usr/bin/python3 -W ignore:setup.py install is deprecated -W ignore:easy_install command is deprecated setup.py egg_info --egg-base ../build/ml_red_controller build --build-base /home/airlab/seed25/ros_packages/seed_controller_ws/src/build/ml_red_controller/build install --record /home/airlab/seed25/ros_packages/seed_controller_ws/src/build/ml_red_controller/install.log --install-scripts $base/lib/ml_red_controller --single-version-externally-managed install_data
[3.264s] running egg_info
[3.265s] creating ../build/ml_red_controller/ml_red_controller.egg-info
[3.266s] writing ../build/ml_red_controller/ml_red_controller.egg-info/PKG-INFO
[3.266s] writing dependency_links to ../build/ml_red_controller/ml_red_controller.egg-info/dependency_links.txt
[3.267s] writing entry points to ../build/ml_red_controller/ml_red_controller.egg-info/entry_points.txt
[3.267s] writing requirements to ../build/ml_red_controller/ml_red_controller.egg-info/requires.txt
[3.268s] writing top-level names to ../build/ml_red_controller/ml_red_controller.egg-info/top_level.txt
[3.271s] writing manifest file '../build/ml_red_controller/ml_red_controller.egg-info/SOURCES.txt'
[3.339s] reading manifest file '../build/ml_red_controller/ml_red_controller.egg-info/SOURCES.txt'
[3.341s] writing manifest file '../build/ml_red_controller/ml_red_controller.egg-info/SOURCES.txt'
[3.341s] running build
[3.341s] running build_py
[3.342s] creating /home/airlab/seed25/ros_packages/seed_controller_ws/src/build/ml_red_controller/build
[3.342s] creating /home/airlab/seed25/ros_packages/seed_controller_ws/src/build/ml_red_controller/build/lib
[3.342s] creating /home/airlab/seed25/ros_packages/seed_controller_ws/src/build/ml_red_controller/build/lib/ml_red_controller
[3.343s] copying ml_red_controller/sabertooth.py -> /home/airlab/seed25/ros_packages/seed_controller_ws/src/build/ml_red_controller/build/lib/ml_red_controller
[3.344s] copying ml_red_controller/cam_display_node.py -> /home/airlab/seed25/ros_packages/seed_controller_ws/src/build/ml_red_controller/build/lib/ml_red_controller
[3.345s] copying ml_red_controller/PID.py -> /home/airlab/seed25/ros_packages/seed_controller_ws/src/build/ml_red_controller/build/lib/ml_red_controller
[3.346s] copying ml_red_controller/__init__.py -> /home/airlab/seed25/ros_packages/seed_controller_ws/src/build/ml_red_controller/build/lib/ml_red_controller
[3.347s] copying ml_red_controller/ml_red_detector_node.py -> /home/airlab/seed25/ros_packages/seed_controller_ws/src/build/ml_red_controller/build/lib/ml_red_controller
[3.348s] copying ml_red_controller/gtg_controller_node.py -> /home/airlab/seed25/ros_packages/seed_controller_ws/src/build/ml_red_controller/build/lib/ml_red_controller
[3.350s] running install
[3.352s] running install_lib
[3.360s] creating /home/airlab/seed25/ros_packages/seed_controller_ws/src/install/ml_red_controller/lib/python3.8/site-packages/ml_red_controller
[3.360s] copying /home/airlab/seed25/ros_packages/seed_controller_ws/src/build/ml_red_controller/build/lib/ml_red_controller/sabertooth.py -> /home/airlab/seed25/ros_packages/seed_controller_ws/src/install/ml_red_controller/lib/python3.8/site-packages/ml_red_controller
[3.360s] copying /home/airlab/seed25/ros_packages/seed_controller_ws/src/build/ml_red_controller/build/lib/ml_red_controller/cam_display_node.py -> /home/airlab/seed25/ros_packages/seed_controller_ws/src/install/ml_red_controller/lib/python3.8/site-packages/ml_red_controller
[3.361s] copying /home/airlab/seed25/ros_packages/seed_controller_ws/src/build/ml_red_controller/build/lib/ml_red_controller/PID.py -> /home/airlab/seed25/ros_packages/seed_controller_ws/src/install/ml_red_controller/lib/python3.8/site-packages/ml_red_controller
[3.361s] copying /home/airlab/seed25/ros_packages/seed_controller_ws/src/build/ml_red_controller/build/lib/ml_red_controller/__init__.py -> /home/airlab/seed25/ros_packages/seed_controller_ws/src/install/ml_red_controller/lib/python3.8/site-packages/ml_red_controller
[3.361s] copying /home/airlab/seed25/ros_packages/seed_controller_ws/src/build/ml_red_controller/build/lib/ml_red_controller/ml_red_detector_node.py -> /home/airlab/seed25/ros_packages/seed_controller_ws/src/install/ml_red_controller/lib/python3.8/site-packages/ml_red_controller
[3.361s] copying /home/airlab/seed25/ros_packages/seed_controller_ws/src/build/ml_red_controller/build/lib/ml_red_controller/gtg_controller_node.py -> /home/airlab/seed25/ros_packages/seed_controller_ws/src/install/ml_red_controller/lib/python3.8/site-packages/ml_red_controller
[3.362s] byte-compiling /home/airlab/seed25/ros_packages/seed_controller_ws/src/install/ml_red_controller/lib/python3.8/site-packages/ml_red_controller/sabertooth.py to sabertooth.cpython-38.pyc
[3.363s] byte-compiling /home/airlab/seed25/ros_packages/seed_controller_ws/src/install/ml_red_controller/lib/python3.8/site-packages/ml_red_controller/cam_display_node.py to cam_display_node.cpython-38.pyc
[3.371s] byte-compiling /home/airlab/seed25/ros_packages/seed_controller_ws/src/install/ml_red_controller/lib/python3.8/site-packages/ml_red_controller/PID.py to PID.cpython-38.pyc
[3.373s] byte-compiling /home/airlab/seed25/ros_packages/seed_controller_ws/src/install/ml_red_controller/lib/python3.8/site-packages/ml_red_controller/__init__.py to __init__.cpython-38.pyc
[3.373s] byte-compiling /home/airlab/seed25/ros_packages/seed_controller_ws/src/install/ml_red_controller/lib/python3.8/site-packages/ml_red_controller/ml_red_detector_node.py to ml_red_detector_node.cpython-38.pyc
[3.373s] byte-compiling /home/airlab/seed25/ros_packages/seed_controller_ws/src/install/ml_red_controller/lib/python3.8/site-packages/ml_red_controller/gtg_controller_node.py to gtg_controller_node.cpython-38.pyc
[3.374s] running install_data
[3.374s] creating /home/airlab/seed25/ros_packages/seed_controller_ws/src/install/ml_red_controller/share/ament_index
[3.374s] creating /home/airlab/seed25/ros_packages/seed_controller_ws/src/install/ml_red_controller/share/ament_index/resource_index
[3.374s] creating /home/airlab/seed25/ros_packages/seed_controller_ws/src/install/ml_red_controller/share/ament_index/resource_index/packages
[3.374s] copying resource/ml_red_controller -> /home/airlab/seed25/ros_packages/seed_controller_ws/src/install/ml_red_controller/share/ament_index/resource_index/packages
[3.374s] copying package.xml -> /home/airlab/seed25/ros_packages/seed_controller_ws/src/install/ml_red_controller/share/ml_red_controller
[3.374s] creating /home/airlab/seed25/ros_packages/seed_controller_ws/src/install/ml_red_controller/share/ml_red_controller/launch
[3.375s] copying launch/launch.py -> /home/airlab/seed25/ros_packages/seed_controller_ws/src/install/ml_red_controller/share/ml_red_controller/launch
[3.375s] running install_egg_info
[3.376s] Copying ../build/ml_red_controller/ml_red_controller.egg-info to /home/airlab/seed25/ros_packages/seed_controller_ws/src/install/ml_red_controller/lib/python3.8/site-packages/ml_red_controller-0.0.0-py3.8.egg-info
[3.378s] running install_scripts
[3.420s] Installing cam_display_node script to /home/airlab/seed25/ros_packages/seed_controller_ws/src/install/ml_red_controller/lib/ml_red_controller
[3.421s] Installing gtg_controller_node script to /home/airlab/seed25/ros_packages/seed_controller_ws/src/install/ml_red_controller/lib/ml_red_controller
[3.421s] Installing ml_red_detector_node script to /home/airlab/seed25/ros_packages/seed_controller_ws/src/install/ml_red_controller/lib/ml_red_controller
[3.422s] writing list of installed files to '/home/airlab/seed25/ros_packages/seed_controller_ws/src/build/ml_red_controller/install.log'
[3.519s] Invoked command in '/home/airlab/seed25/ros_packages/seed_controller_ws/src/ml_red_controller' returned '0': PYTHONPATH=/home/airlab/seed25/ros_packages/seed_controller_ws/src/build/ml_red_controller/prefix_override:/usr/lib/python3/dist-packages/colcon_core/task/python/colcon_distutils_commands:/home/airlab/seed25/ros_packages/seed_controller_ws/src/install/ml_red_controller/lib/python3.8/site-packages:${PYTHONPATH} /usr/bin/python3 -W ignore:setup.py install is deprecated -W ignore:easy_install command is deprecated setup.py egg_info --egg-base ../build/ml_red_controller build --build-base /home/airlab/seed25/ros_packages/seed_controller_ws/src/build/ml_red_controller/build install --record /home/airlab/seed25/ros_packages/seed_controller_ws/src/build/ml_red_controller/install.log --install-scripts $base/lib/ml_red_controller --single-version-externally-managed install_data
