/home/airlab/seed25/ros_packages/seed_controller_ws/src/demo_night/install/demo_night/lib/python3.8/site-packages/demo_night/sabertooth.py
/home/airlab/seed25/ros_packages/seed_controller_ws/src/demo_night/install/demo_night/lib/python3.8/site-packages/demo_night/commander_node.py
/home/airlab/seed25/ros_packages/seed_controller_ws/src/demo_night/install/demo_night/lib/python3.8/site-packages/demo_night/realsense_node.py
/home/airlab/seed25/ros_packages/seed_controller_ws/src/demo_night/install/demo_night/lib/python3.8/site-packages/demo_night/gui_node.py
/home/airlab/seed25/ros_packages/seed_controller_ws/src/demo_night/install/demo_night/lib/python3.8/site-packages/demo_night/arducam_node.py
/home/airlab/seed25/ros_packages/seed_controller_ws/src/demo_night/install/demo_night/lib/python3.8/site-packages/demo_night/PID.py
/home/airlab/seed25/ros_packages/seed_controller_ws/src/demo_night/install/demo_night/lib/python3.8/site-packages/demo_night/aruco_rehoming_node.py
/home/airlab/seed25/ros_packages/seed_controller_ws/src/demo_night/install/demo_night/lib/python3.8/site-packages/demo_night/__init__.py
/home/airlab/seed25/ros_packages/seed_controller_ws/src/demo_night/install/demo_night/lib/python3.8/site-packages/demo_night/tool_controller_node.py
/home/airlab/seed25/ros_packages/seed_controller_ws/src/demo_night/install/demo_night/lib/python3.8/site-packages/demo_night/gtg_controller_node.py
/home/airlab/seed25/ros_packages/seed_controller_ws/src/demo_night/install/demo_night/lib/python3.8/site-packages/demo_night/display_node.py
/home/airlab/seed25/ros_packages/seed_controller_ws/src/demo_night/install/demo_night/lib/python3.8/site-packages/demo_night/optical_path_follower_node.py
/home/airlab/seed25/ros_packages/seed_controller_ws/src/demo_night/install/demo_night/lib/python3.8/site-packages/demo_night/__pycache__/sabertooth.cpython-38.pyc
/home/airlab/seed25/ros_packages/seed_controller_ws/src/demo_night/install/demo_night/lib/python3.8/site-packages/demo_night/__pycache__/commander_node.cpython-38.pyc
/home/airlab/seed25/ros_packages/seed_controller_ws/src/demo_night/install/demo_night/lib/python3.8/site-packages/demo_night/__pycache__/realsense_node.cpython-38.pyc
/home/airlab/seed25/ros_packages/seed_controller_ws/src/demo_night/install/demo_night/lib/python3.8/site-packages/demo_night/__pycache__/gui_node.cpython-38.pyc
/home/airlab/seed25/ros_packages/seed_controller_ws/src/demo_night/install/demo_night/lib/python3.8/site-packages/demo_night/__pycache__/arducam_node.cpython-38.pyc
/home/airlab/seed25/ros_packages/seed_controller_ws/src/demo_night/install/demo_night/lib/python3.8/site-packages/demo_night/__pycache__/PID.cpython-38.pyc
/home/airlab/seed25/ros_packages/seed_controller_ws/src/demo_night/install/demo_night/lib/python3.8/site-packages/demo_night/__pycache__/aruco_rehoming_node.cpython-38.pyc
/home/airlab/seed25/ros_packages/seed_controller_ws/src/demo_night/install/demo_night/lib/python3.8/site-packages/demo_night/__pycache__/__init__.cpython-38.pyc
/home/airlab/seed25/ros_packages/seed_controller_ws/src/demo_night/install/demo_night/lib/python3.8/site-packages/demo_night/__pycache__/tool_controller_node.cpython-38.pyc
/home/airlab/seed25/ros_packages/seed_controller_ws/src/demo_night/install/demo_night/lib/python3.8/site-packages/demo_night/__pycache__/gtg_controller_node.cpython-38.pyc
/home/airlab/seed25/ros_packages/seed_controller_ws/src/demo_night/install/demo_night/lib/python3.8/site-packages/demo_night/__pycache__/display_node.cpython-38.pyc
/home/airlab/seed25/ros_packages/seed_controller_ws/src/demo_night/install/demo_night/lib/python3.8/site-packages/demo_night/__pycache__/optical_path_follower_node.cpython-38.pyc
/home/airlab/seed25/ros_packages/seed_controller_ws/src/demo_night/install/demo_night/share/ament_index/resource_index/packages/demo_night
/home/airlab/seed25/ros_packages/seed_controller_ws/src/demo_night/install/demo_night/share/demo_night/package.xml
/home/airlab/seed25/ros_packages/seed_controller_ws/src/demo_night/install/demo_night/share/demo_night/launch/launch.py
/home/airlab/seed25/ros_packages/seed_controller_ws/src/demo_night/install/demo_night/lib/python3.8/site-packages/demo_night-0.0.0-py3.8.egg-info/dependency_links.txt
/home/airlab/seed25/ros_packages/seed_controller_ws/src/demo_night/install/demo_night/lib/python3.8/site-packages/demo_night-0.0.0-py3.8.egg-info/SOURCES.txt
/home/airlab/seed25/ros_packages/seed_controller_ws/src/demo_night/install/demo_night/lib/python3.8/site-packages/demo_night-0.0.0-py3.8.egg-info/requires.txt
/home/airlab/seed25/ros_packages/seed_controller_ws/src/demo_night/install/demo_night/lib/python3.8/site-packages/demo_night-0.0.0-py3.8.egg-info/entry_points.txt
/home/airlab/seed25/ros_packages/seed_controller_ws/src/demo_night/install/demo_night/lib/python3.8/site-packages/demo_night-0.0.0-py3.8.egg-info/top_level.txt
/home/airlab/seed25/ros_packages/seed_controller_ws/src/demo_night/install/demo_night/lib/python3.8/site-packages/demo_night-0.0.0-py3.8.egg-info/zip-safe
/home/airlab/seed25/ros_packages/seed_controller_ws/src/demo_night/install/demo_night/lib/python3.8/site-packages/demo_night-0.0.0-py3.8.egg-info/PKG-INFO
/home/airlab/seed25/ros_packages/seed_controller_ws/src/demo_night/install/demo_night/lib/demo_night/arducam_node
/home/airlab/seed25/ros_packages/seed_controller_ws/src/demo_night/install/demo_night/lib/demo_night/aruco_rehoming_node
/home/airlab/seed25/ros_packages/seed_controller_ws/src/demo_night/install/demo_night/lib/demo_night/commander_node
/home/airlab/seed25/ros_packages/seed_controller_ws/src/demo_night/install/demo_night/lib/demo_night/display_node
/home/airlab/seed25/ros_packages/seed_controller_ws/src/demo_night/install/demo_night/lib/demo_night/gtg_controller_node
/home/airlab/seed25/ros_packages/seed_controller_ws/src/demo_night/install/demo_night/lib/demo_night/gui_node
/home/airlab/seed25/ros_packages/seed_controller_ws/src/demo_night/install/demo_night/lib/demo_night/optical_path_follower_node
/home/airlab/seed25/ros_packages/seed_controller_ws/src/demo_night/install/demo_night/lib/demo_night/realsense_node
/home/airlab/seed25/ros_packages/seed_controller_ws/src/demo_night/install/demo_night/lib/demo_night/tool_controller_node
