/home/airlab/seed25/ros_packages/seed_controller_ws/src/install/mv_controller/lib/python3.8/site-packages/mv_controller/sabertooth.py
/home/airlab/seed25/ros_packages/seed_controller_ws/src/install/mv_controller/lib/python3.8/site-packages/mv_controller/mv_gtg_ros.py
/home/airlab/seed25/ros_packages/seed_controller_ws/src/install/mv_controller/lib/python3.8/site-packages/mv_controller/RedLiveDetection.py
/home/airlab/seed25/ros_packages/seed_controller_ws/src/install/mv_controller/lib/python3.8/site-packages/mv_controller/PID.py
/home/airlab/seed25/ros_packages/seed_controller_ws/src/install/mv_controller/lib/python3.8/site-packages/mv_controller/__init__.py
/home/airlab/seed25/ros_packages/seed_controller_ws/src/install/mv_controller/lib/python3.8/site-packages/mv_controller/calibration_data.npz
/home/airlab/seed25/ros_packages/seed_controller_ws/src/install/mv_controller/lib/python3.8/site-packages/mv_controller/__pycache__/sabertooth.cpython-38.pyc
/home/airlab/seed25/ros_packages/seed_controller_ws/src/install/mv_controller/lib/python3.8/site-packages/mv_controller/__pycache__/mv_gtg_ros.cpython-38.pyc
/home/airlab/seed25/ros_packages/seed_controller_ws/src/install/mv_controller/lib/python3.8/site-packages/mv_controller/__pycache__/RedLiveDetection.cpython-38.pyc
/home/airlab/seed25/ros_packages/seed_controller_ws/src/install/mv_controller/lib/python3.8/site-packages/mv_controller/__pycache__/PID.cpython-38.pyc
/home/airlab/seed25/ros_packages/seed_controller_ws/src/install/mv_controller/lib/python3.8/site-packages/mv_controller/__pycache__/__init__.cpython-38.pyc
/home/airlab/seed25/ros_packages/seed_controller_ws/src/install/mv_controller/share/ament_index/resource_index/packages/mv_controller
/home/airlab/seed25/ros_packages/seed_controller_ws/src/install/mv_controller/share/mv_controller/package.xml
/home/airlab/seed25/ros_packages/seed_controller_ws/src/install/mv_controller/lib/python3.8/site-packages/mv_controller-0.0.0-py3.8.egg-info/dependency_links.txt
/home/airlab/seed25/ros_packages/seed_controller_ws/src/install/mv_controller/lib/python3.8/site-packages/mv_controller-0.0.0-py3.8.egg-info/SOURCES.txt
/home/airlab/seed25/ros_packages/seed_controller_ws/src/install/mv_controller/lib/python3.8/site-packages/mv_controller-0.0.0-py3.8.egg-info/requires.txt
/home/airlab/seed25/ros_packages/seed_controller_ws/src/install/mv_controller/lib/python3.8/site-packages/mv_controller-0.0.0-py3.8.egg-info/entry_points.txt
/home/airlab/seed25/ros_packages/seed_controller_ws/src/install/mv_controller/lib/python3.8/site-packages/mv_controller-0.0.0-py3.8.egg-info/top_level.txt
/home/airlab/seed25/ros_packages/seed_controller_ws/src/install/mv_controller/lib/python3.8/site-packages/mv_controller-0.0.0-py3.8.egg-info/zip-safe
/home/airlab/seed25/ros_packages/seed_controller_ws/src/install/mv_controller/lib/python3.8/site-packages/mv_controller-0.0.0-py3.8.egg-info/PKG-INFO
/home/airlab/seed25/ros_packages/seed_controller_ws/src/install/mv_controller/lib/mv_controller/controller
