[01m[K/home/airlab/seed25/ros_packages/mocap4r2_ws/src/mocap4ros2_optitrack/mocap4r2_optitrack_driver/src/mocap4r2_optitrack_driver/mocap4r2_optitrack_driver.cpp:[m[K In member function ‘[01m[Kstd::chrono::nanoseconds mocap4r2_optitrack_driver::OptitrackDriverNode::get_optitrack_system_latency(sFrameOfMocapData*)[m[K’:
[01m[K/home/airlab/seed25/ros_packages/mocap4r2_ws/src/mocap4ros2_optitrack/mocap4r2_optitrack_driver/src/mocap4r2_optitrack_driver/mocap4r2_optitrack_driver.cpp:116:90:[m[K [01;31m[Kerror: [m[Kno matching function for call to ‘[01m[Kround<std::chrono::nanoseconds>(std::chrono::duration<float>)[m[K’
  116 |     return round<std::chrono::nanoseconds>(std::chrono::duration<float>{clientLatencySec}[01;31m[K)[m[K;
      |                                                                                          [01;31m[K^[m[K
In file included from [01m[K/opt/ros/foxy/include/libstatistics_collector/moving_average_statistics/types.hpp:18[m[K,
                 from [01m[K/opt/ros/foxy/include/libstatistics_collector/collector/generate_statistics_message.hpp:24[m[K,
                 from [01m[K/opt/ros/foxy/include/rclcpp/topic_statistics/subscription_topic_statistics.hpp:23[m[K,
                 from [01m[K/opt/ros/foxy/include/rclcpp/subscription.hpp:50[m[K,
                 from [01m[K/opt/ros/foxy/include/rclcpp/any_executable.hpp:25[m[K,
                 from [01m[K/opt/ros/foxy/include/rclcpp/memory_strategy.hpp:24[m[K,
                 from [01m[K/opt/ros/foxy/include/rclcpp/memory_strategies.hpp:18[m[K,
                 from [01m[K/opt/ros/foxy/include/rclcpp/executor_options.hpp:20[m[K,
                 from [01m[K/opt/ros/foxy/include/rclcpp/executor.hpp:33[m[K,
                 from [01m[K/opt/ros/foxy/include/rclcpp/executors/multi_threaded_executor.hpp:26[m[K,
                 from [01m[K/opt/ros/foxy/include/rclcpp/executors.hpp:21[m[K,
                 from [01m[K/opt/ros/foxy/include/rclcpp/rclcpp.hpp:146[m[K,
                 from [01m[K/home/airlab/seed25/ros_packages/mocap4r2_ws/src/mocap4ros2_optitrack/mocap4r2_optitrack_driver/include/mocap4r2_optitrack_driver/mocap4r2_optitrack_driver.hpp:43[m[K,
                 from [01m[K/home/airlab/seed25/ros_packages/mocap4r2_ws/src/mocap4ros2_optitrack/mocap4r2_optitrack_driver/src/mocap4r2_optitrack_driver/mocap4r2_optitrack_driver.cpp:28[m[K:
[01m[K/usr/include/c++/9/cmath:1768:5:[m[K [01;36m[Knote: [m[Kcandidate: ‘[01m[Ktemplate<class _Tp> constexpr typename __gnu_cxx::__enable_if<std::__is_integer<_Tp>::__value, double>::__type std::round(_Tp)[m[K’
 1768 |     [01;36m[Kround[m[K(_Tp __x)
      |     [01;36m[K^~~~~[m[K
[01m[K/usr/include/c++/9/cmath:1768:5:[m[K [01;36m[Knote: [m[K  template argument deduction/substitution failed:
/usr/include/c++/9/cmath: In substitution of ‘[01m[Ktemplate<class _Tp> constexpr typename __gnu_cxx::__enable_if<std::__is_integer<_Tp>::__value, double>::__type std::round(_Tp) [with _Tp = std::chrono::duration<long int, std::ratio<1, 1000000000> >][m[K’:
[01m[K/home/airlab/seed25/ros_packages/mocap4r2_ws/src/mocap4ros2_optitrack/mocap4r2_optitrack_driver/src/mocap4r2_optitrack_driver/mocap4r2_optitrack_driver.cpp:116:90:[m[K   required from here
[01m[K/usr/include/c++/9/cmath:1768:5:[m[K [01;31m[Kerror: [m[Kno type named ‘[01m[K__type[m[K’ in ‘[01m[Kstruct __gnu_cxx::__enable_if<false, double>[m[K’
make[2]: *** [CMakeFiles/mocap4r2_optitrack_driver.dir/build.make:63: CMakeFiles/mocap4r2_optitrack_driver.dir/src/mocap4r2_optitrack_driver/mocap4r2_optitrack_driver.cpp.o] Error 1
make[1]: *** [CMakeFiles/Makefile2:107: CMakeFiles/mocap4r2_optitrack_driver.dir/all] Error 2
make: *** [Makefile:141: all] Error 2
