[0.046s] Invoking command in '/home/airlab/seed25/ros_packages/mocap4r2_ws/build/mocap4r2_marker_viz_srvs': CMAKE_PREFIX_PATH=${CMAKE_PREFIX_PATH}:/home/airlab/seed25/ros_packages/mocap4r2_ws/install/mocap4r2cli:/opt/ros/foxy /usr/bin/cmake /home/airlab/seed25/ros_packages/mocap4r2_ws/src/mocap4r2/mocap4r2_marker_viz/mocap4r2_marker_viz_srvs -DCMAKE_INSTALL_PREFIX=/home/airlab/seed25/ros_packages/mocap4r2_ws/install/mocap4r2_marker_viz_srvs
[0.168s] -- The C compiler identification is GNU 9.4.0
[0.283s] -- The CXX compiler identification is GNU 9.4.0
[0.294s] -- Check for working C compiler: /usr/bin/cc
[0.460s] -- Check for working C compiler: /usr/bin/cc -- works
[0.462s] -- Detecting C compiler ABI info
[0.607s] -- Detecting C compiler ABI info - done
[0.631s] -- Detecting C compile features
[0.632s] -- Detecting C compile features - done
[0.637s] -- Check for working CXX compiler: /usr/bin/c++
[0.813s] -- Check for working CXX compiler: /usr/bin/c++ -- works
[0.817s] -- Detecting CXX compiler ABI info
[0.999s] -- Detecting CXX compiler ABI info - done
[1.022s] -- Detecting CXX compile features
[1.023s] -- Detecting CXX compile features - done
[1.027s] -- Found ament_cmake: 0.9.12 (/opt/ros/foxy/share/ament_cmake/cmake)
[1.084s] -- Found PythonInterp: /usr/bin/python3 (found suitable version "3.8.10", minimum required is "3") 
[1.084s] -- Using PYTHON_EXECUTABLE: /usr/bin/python3
[1.588s] -- Found rosidl_default_generators: 1.0.1 (/opt/ros/foxy/share/rosidl_default_generators/cmake)
[1.595s] -- Using all available rosidl_typesupport_c: rosidl_typesupport_fastrtps_c;rosidl_typesupport_introspection_c
[1.607s] -- Found rosidl_adapter: 1.3.1 (/opt/ros/foxy/share/rosidl_adapter/cmake)
[1.811s] -- Found OpenSSL: /usr/lib/aarch64-linux-gnu/libcrypto.so (found version "1.1.1f")  
[1.873s] -- Found FastRTPS: /opt/ros/foxy/include  
[2.036s] -- Using all available rosidl_typesupport_cpp: rosidl_typesupport_fastrtps_cpp;rosidl_typesupport_introspection_cpp
[2.090s] -- Found std_msgs: 2.0.5 (/opt/ros/foxy/share/std_msgs/cmake)
[2.202s] -- Found PythonInterp: /usr/bin/python3 (found version "3.8.10") 
[2.578s] -- Found ament_cmake_cppcheck: 0.9.8 (/opt/ros/foxy/share/ament_cmake_cppcheck/cmake)
[2.582s] -- Found ament_cmake_cpplint: 0.9.8 (/opt/ros/foxy/share/ament_cmake_cpplint/cmake)
[2.587s] -- Found ament_cmake_uncrustify: 0.9.8 (/opt/ros/foxy/share/ament_cmake_uncrustify/cmake)
[2.591s] -- Found ament_cmake_ros: 0.9.2 (/opt/ros/foxy/share/ament_cmake_ros/cmake)
[2.961s] -- Using all available rosidl_typesupport_c: rosidl_typesupport_fastrtps_c;rosidl_typesupport_introspection_c
[3.091s] -- Using all available rosidl_typesupport_cpp: rosidl_typesupport_fastrtps_cpp;rosidl_typesupport_introspection_cpp
[3.149s] -- Found PythonInterp: /usr/bin/python3 (found suitable version "3.8.10", minimum required is "3.5") 
[3.152s] -- Found python_cmake_module: 0.8.1 (/opt/ros/foxy/share/python_cmake_module/cmake)
[3.209s] -- Found PythonLibs: /usr/lib/aarch64-linux-gnu/libpython3.8.so (found suitable version "3.8.10", minimum required is "3.5") 
[3.210s] -- Using PYTHON_EXECUTABLE: /usr/bin/python3
[3.210s] -- Using PYTHON_INCLUDE_DIRS: /usr/include/python3.8
[3.210s] -- Using PYTHON_LIBRARIES: /usr/lib/aarch64-linux-gnu/libpython3.8.so
[3.257s] -- Found PythonExtra: .so  
[3.389s] -- Found ament_cmake_flake8: 0.9.8 (/opt/ros/foxy/share/ament_cmake_flake8/cmake)
[3.394s] -- Found ament_cmake_pep257: 0.9.8 (/opt/ros/foxy/share/ament_cmake_pep257/cmake)
[3.421s] -- Configuring done
[3.535s] -- Generating done
[3.571s] -- Build files have been written to: /home/airlab/seed25/ros_packages/mocap4r2_ws/build/mocap4r2_marker_viz_srvs
[3.613s] Invoked command in '/home/airlab/seed25/ros_packages/mocap4r2_ws/build/mocap4r2_marker_viz_srvs' returned '0': CMAKE_PREFIX_PATH=${CMAKE_PREFIX_PATH}:/home/airlab/seed25/ros_packages/mocap4r2_ws/install/mocap4r2cli:/opt/ros/foxy /usr/bin/cmake /home/airlab/seed25/ros_packages/mocap4r2_ws/src/mocap4r2/mocap4r2_marker_viz/mocap4r2_marker_viz_srvs -DCMAKE_INSTALL_PREFIX=/home/airlab/seed25/ros_packages/mocap4r2_ws/install/mocap4r2_marker_viz_srvs
[3.615s] Invoking command in '/home/airlab/seed25/ros_packages/mocap4r2_ws/build/mocap4r2_marker_viz_srvs': CMAKE_PREFIX_PATH=${CMAKE_PREFIX_PATH}:/home/airlab/seed25/ros_packages/mocap4r2_ws/install/mocap4r2cli:/opt/ros/foxy /usr/bin/cmake --build /home/airlab/seed25/ros_packages/mocap4r2_ws/build/mocap4r2_marker_viz_srvs -- -j4 -l4
[3.728s] [35m[1mScanning dependencies of target mocap4r2_marker_viz_srvs__cpp[0m
[3.750s] [  2%] [34m[1mGenerating C code for ROS interfaces[0m
[3.793s] [  5%] [34m[1mGenerating C++ code for ROS interfaces[0m
[5.132s] [35m[1mScanning dependencies of target mocap4r2_marker_viz_srvs__rosidl_generator_c[0m
[5.237s] [  7%] [32mBuilding C object CMakeFiles/mocap4r2_marker_viz_srvs__rosidl_generator_c.dir/rosidl_generator_c/mocap4r2_marker_viz_srvs/srv/detail/set_marker_color__functions.c.o[0m
[5.247s] [  7%] Built target mocap4r2_marker_viz_srvs__cpp
[5.252s] [ 10%] [32mBuilding C object CMakeFiles/mocap4r2_marker_viz_srvs__rosidl_generator_c.dir/rosidl_generator_c/mocap4r2_marker_viz_srvs/srv/detail/reset_marker_color__functions.c.o[0m
[5.331s] [ 12%] [34m[1mGenerating C++ type support for eProsima Fast-RTPS[0m
[5.344s] [ 15%] [34m[1mGenerating C++ type support dispatch for ROS interfaces[0m
[5.644s] [ 17%] [34m[1mGenerating C++ introspection for ROS interfaces[0m
[5.682s] [ 20%] [32m[1mLinking C shared library libmocap4r2_marker_viz_srvs__rosidl_generator_c.so[0m
[5.997s] [ 20%] Built target mocap4r2_marker_viz_srvs__rosidl_generator_c
[6.177s] [ 23%] [34m[1mGenerating C introspection for ROS interfaces[0m
[7.144s] [35m[1mScanning dependencies of target mocap4r2_marker_viz_srvs__rosidl_typesupport_cpp[0m
[7.274s] [ 25%] [32mBuilding CXX object CMakeFiles/mocap4r2_marker_viz_srvs__rosidl_typesupport_cpp.dir/rosidl_typesupport_cpp/mocap4r2_marker_viz_srvs/srv/set_marker_color__type_support.cpp.o[0m
[8.406s] [35m[1mScanning dependencies of target mocap4r2_marker_viz_srvs__rosidl_typesupport_fastrtps_cpp[0m
[8.473s] [35m[1mScanning dependencies of target mocap4r2_marker_viz_srvs__rosidl_typesupport_introspection_cpp[0m
[8.607s] [ 30%] [32mBuilding CXX object CMakeFiles/mocap4r2_marker_viz_srvs__rosidl_typesupport_introspection_cpp.dir/rosidl_typesupport_introspection_cpp/mocap4r2_marker_viz_srvs/srv/detail/set_marker_color__type_support.cpp.o[0m
[8.611s] [ 30%] [32mBuilding CXX object CMakeFiles/mocap4r2_marker_viz_srvs__rosidl_typesupport_fastrtps_cpp.dir/rosidl_typesupport_fastrtps_cpp/mocap4r2_marker_viz_srvs/srv/detail/dds_fastrtps/set_marker_color__type_support.cpp.o[0m
[8.952s] [35m[1mScanning dependencies of target mocap4r2_marker_viz_srvs__rosidl_typesupport_introspection_c[0m
[9.076s] [ 33%] [32mBuilding C object CMakeFiles/mocap4r2_marker_viz_srvs__rosidl_typesupport_introspection_c.dir/rosidl_typesupport_introspection_c/mocap4r2_marker_viz_srvs/srv/detail/set_marker_color__type_support.c.o[0m
[9.401s] [ 35%] [32mBuilding C object CMakeFiles/mocap4r2_marker_viz_srvs__rosidl_typesupport_introspection_c.dir/rosidl_typesupport_introspection_c/mocap4r2_marker_viz_srvs/srv/detail/reset_marker_color__type_support.c.o[0m
[9.738s] [ 38%] [32m[1mLinking C shared library libmocap4r2_marker_viz_srvs__rosidl_typesupport_introspection_c.so[0m
[10.112s] [ 38%] Built target mocap4r2_marker_viz_srvs__rosidl_typesupport_introspection_c
[10.220s] [ 41%] [32mBuilding CXX object CMakeFiles/mocap4r2_marker_viz_srvs__rosidl_typesupport_fastrtps_cpp.dir/rosidl_typesupport_fastrtps_cpp/mocap4r2_marker_viz_srvs/srv/detail/dds_fastrtps/reset_marker_color__type_support.cpp.o[0m
[10.470s] [ 43%] [32mBuilding CXX object CMakeFiles/mocap4r2_marker_viz_srvs__rosidl_typesupport_cpp.dir/rosidl_typesupport_cpp/mocap4r2_marker_viz_srvs/srv/reset_marker_color__type_support.cpp.o[0m
[11.445s] [ 46%] [32mBuilding CXX object CMakeFiles/mocap4r2_marker_viz_srvs__rosidl_typesupport_introspection_cpp.dir/rosidl_typesupport_introspection_cpp/mocap4r2_marker_viz_srvs/srv/detail/reset_marker_color__type_support.cpp.o[0m
[12.807s] [ 48%] [32m[1mLinking CXX shared library libmocap4r2_marker_viz_srvs__rosidl_typesupport_cpp.so[0m
[12.924s] [ 51%] [34m[1mGenerating C type support dispatch for ROS interfaces[0m
[13.203s] [ 51%] Built target mocap4r2_marker_viz_srvs__rosidl_typesupport_cpp
[13.641s] [ 53%] [32m[1mLinking CXX shared library libmocap4r2_marker_viz_srvs__rosidl_typesupport_fastrtps_cpp.so[0m
[13.841s] [ 56%] [32m[1mLinking CXX shared library libmocap4r2_marker_viz_srvs__rosidl_typesupport_introspection_cpp.so[0m
[14.331s] [ 56%] Built target mocap4r2_marker_viz_srvs__rosidl_typesupport_fastrtps_cpp
[14.340s] [ 56%] Built target mocap4r2_marker_viz_srvs__rosidl_typesupport_introspection_cpp
[14.413s] [ 58%] [34m[1mGenerating C type support for eProsima Fast-RTPS[0m
[14.695s] [35m[1mScanning dependencies of target mocap4r2_marker_viz_srvs__rosidl_typesupport_c[0m
[14.762s] [ 61%] [32mBuilding CXX object CMakeFiles/mocap4r2_marker_viz_srvs__rosidl_typesupport_c.dir/rosidl_typesupport_c/mocap4r2_marker_viz_srvs/srv/set_marker_color__type_support.cpp.o[0m
[14.805s] [ 64%] [32mBuilding CXX object CMakeFiles/mocap4r2_marker_viz_srvs__rosidl_typesupport_c.dir/rosidl_typesupport_c/mocap4r2_marker_viz_srvs/srv/reset_marker_color__type_support.cpp.o[0m
[15.026s] [ 66%] [32m[1mLinking CXX shared library libmocap4r2_marker_viz_srvs__rosidl_typesupport_c.so[0m
[15.298s] [ 66%] Built target mocap4r2_marker_viz_srvs__rosidl_typesupport_c
[15.653s] [35m[1mScanning dependencies of target mocap4r2_marker_viz_srvs__rosidl_typesupport_fastrtps_c[0m
[15.738s] [ 69%] [32mBuilding CXX object CMakeFiles/mocap4r2_marker_viz_srvs__rosidl_typesupport_fastrtps_c.dir/rosidl_typesupport_fastrtps_c/mocap4r2_marker_viz_srvs/srv/detail/set_marker_color__type_support_c.cpp.o[0m
[15.778s] [ 71%] [32mBuilding CXX object CMakeFiles/mocap4r2_marker_viz_srvs__rosidl_typesupport_fastrtps_c.dir/rosidl_typesupport_fastrtps_c/mocap4r2_marker_viz_srvs/srv/detail/reset_marker_color__type_support_c.cpp.o[0m
[17.476s] [ 74%] [32m[1mLinking CXX shared library libmocap4r2_marker_viz_srvs__rosidl_typesupport_fastrtps_c.so[0m
[17.870s] [ 74%] Built target mocap4r2_marker_viz_srvs__rosidl_typesupport_fastrtps_c
[17.966s] [35m[1mScanning dependencies of target mocap4r2_marker_viz_srvs[0m
[18.061s] [ 74%] Built target mocap4r2_marker_viz_srvs
[18.142s] [35m[1mScanning dependencies of target mocap4r2_marker_viz_srvs__py[0m
[18.234s] [ 76%] [34m[1mGenerating Python code for ROS interfaces[0m
[20.665s] [ 76%] Built target mocap4r2_marker_viz_srvs__py
[20.711s] [35m[1mScanning dependencies of target mocap4r2_marker_viz_srvs__python[0m
[20.776s] [ 79%] [32mBuilding C object CMakeFiles/mocap4r2_marker_viz_srvs__python.dir/rosidl_generator_py/mocap4r2_marker_viz_srvs/srv/_set_marker_color_s.c.o[0m
[20.777s] [ 82%] [32mBuilding C object CMakeFiles/mocap4r2_marker_viz_srvs__python.dir/rosidl_generator_py/mocap4r2_marker_viz_srvs/srv/_reset_marker_color_s.c.o[0m
[21.058s] [ 84%] [32m[1mLinking C shared library rosidl_generator_py/mocap4r2_marker_viz_srvs/libmocap4r2_marker_viz_srvs__python.so[0m
[21.153s] [ 84%] Built target mocap4r2_marker_viz_srvs__python
[21.186s] [35m[1mScanning dependencies of target mocap4r2_marker_viz_srvs__rosidl_typesupport_c__pyext[0m
[21.200s] [35m[1mScanning dependencies of target mocap4r2_marker_viz_srvs__rosidl_typesupport_introspection_c__pyext[0m
[21.229s] [35m[1mScanning dependencies of target mocap4r2_marker_viz_srvs__rosidl_typesupport_fastrtps_c__pyext[0m
[21.230s] [ 87%] [32mBuilding C object CMakeFiles/mocap4r2_marker_viz_srvs__rosidl_typesupport_c__pyext.dir/rosidl_generator_py/mocap4r2_marker_viz_srvs/_mocap4r2_marker_viz_srvs_s.ep.rosidl_typesupport_c.c.o[0m
[21.292s] [ 89%] [32mBuilding C object CMakeFiles/mocap4r2_marker_viz_srvs__rosidl_typesupport_introspection_c__pyext.dir/rosidl_generator_py/mocap4r2_marker_viz_srvs/_mocap4r2_marker_viz_srvs_s.ep.rosidl_typesupport_introspection_c.c.o[0m
[21.313s] [ 92%] [32mBuilding C object CMakeFiles/mocap4r2_marker_viz_srvs__rosidl_typesupport_fastrtps_c__pyext.dir/rosidl_generator_py/mocap4r2_marker_viz_srvs/_mocap4r2_marker_viz_srvs_s.ep.rosidl_typesupport_fastrtps_c.c.o[0m
[21.459s] [ 94%] [32m[1mLinking C shared library rosidl_generator_py/mocap4r2_marker_viz_srvs/mocap4r2_marker_viz_srvs_s__rosidl_typesupport_c.cpython-38-aarch64-linux-gnu.so[0m
[21.519s] [ 97%] [32m[1mLinking C shared library rosidl_generator_py/mocap4r2_marker_viz_srvs/mocap4r2_marker_viz_srvs_s__rosidl_typesupport_introspection_c.cpython-38-aarch64-linux-gnu.so[0m
[21.594s] [ 97%] Built target mocap4r2_marker_viz_srvs__rosidl_typesupport_c__pyext
[21.627s] [100%] [32m[1mLinking CXX shared library rosidl_generator_py/mocap4r2_marker_viz_srvs/mocap4r2_marker_viz_srvs_s__rosidl_typesupport_fastrtps_c.cpython-38-aarch64-linux-gnu.so[0m
[21.664s] [100%] Built target mocap4r2_marker_viz_srvs__rosidl_typesupport_introspection_c__pyext
[21.763s] [100%] Built target mocap4r2_marker_viz_srvs__rosidl_typesupport_fastrtps_c__pyext
[21.791s] Invoked command in '/home/airlab/seed25/ros_packages/mocap4r2_ws/build/mocap4r2_marker_viz_srvs' returned '0': CMAKE_PREFIX_PATH=${CMAKE_PREFIX_PATH}:/home/airlab/seed25/ros_packages/mocap4r2_ws/install/mocap4r2cli:/opt/ros/foxy /usr/bin/cmake --build /home/airlab/seed25/ros_packages/mocap4r2_ws/build/mocap4r2_marker_viz_srvs -- -j4 -l4
[21.799s] Invoking command in '/home/airlab/seed25/ros_packages/mocap4r2_ws/build/mocap4r2_marker_viz_srvs': CMAKE_PREFIX_PATH=${CMAKE_PREFIX_PATH}:/home/airlab/seed25/ros_packages/mocap4r2_ws/install/mocap4r2cli:/opt/ros/foxy /usr/bin/cmake --install /home/airlab/seed25/ros_packages/mocap4r2_ws/build/mocap4r2_marker_viz_srvs
[21.824s] -- Install configuration: ""
[21.824s] -- Installing: /home/airlab/seed25/ros_packages/mocap4r2_ws/install/mocap4r2_marker_viz_srvs/share/ament_index/resource_index/rosidl_interfaces/mocap4r2_marker_viz_srvs
[21.824s] -- Installing: /home/airlab/seed25/ros_packages/mocap4r2_ws/install/mocap4r2_marker_viz_srvs/include/mocap4r2_marker_viz_srvs
[21.825s] -- Installing: /home/airlab/seed25/ros_packages/mocap4r2_ws/install/mocap4r2_marker_viz_srvs/include/mocap4r2_marker_viz_srvs/msg
[21.825s] -- Installing: /home/airlab/seed25/ros_packages/mocap4r2_ws/install/mocap4r2_marker_viz_srvs/include/mocap4r2_marker_viz_srvs/msg/rosidl_generator_c__visibility_control.h
[21.825s] -- Installing: /home/airlab/seed25/ros_packages/mocap4r2_ws/install/mocap4r2_marker_viz_srvs/include/mocap4r2_marker_viz_srvs/srv
[21.826s] -- Installing: /home/airlab/seed25/ros_packages/mocap4r2_ws/install/mocap4r2_marker_viz_srvs/include/mocap4r2_marker_viz_srvs/srv/reset_marker_color.h
[21.826s] -- Installing: /home/airlab/seed25/ros_packages/mocap4r2_ws/install/mocap4r2_marker_viz_srvs/include/mocap4r2_marker_viz_srvs/srv/set_marker_color.h
[21.826s] -- Installing: /home/airlab/seed25/ros_packages/mocap4r2_ws/install/mocap4r2_marker_viz_srvs/include/mocap4r2_marker_viz_srvs/srv/detail
[21.826s] -- Installing: /home/airlab/seed25/ros_packages/mocap4r2_ws/install/mocap4r2_marker_viz_srvs/include/mocap4r2_marker_viz_srvs/srv/detail/set_marker_color__type_support.h
[21.827s] -- Installing: /home/airlab/seed25/ros_packages/mocap4r2_ws/install/mocap4r2_marker_viz_srvs/include/mocap4r2_marker_viz_srvs/srv/detail/set_marker_color__struct.h
[21.827s] -- Installing: /home/airlab/seed25/ros_packages/mocap4r2_ws/install/mocap4r2_marker_viz_srvs/include/mocap4r2_marker_viz_srvs/srv/detail/set_marker_color__functions.c
[21.827s] -- Installing: /home/airlab/seed25/ros_packages/mocap4r2_ws/install/mocap4r2_marker_viz_srvs/include/mocap4r2_marker_viz_srvs/srv/detail/reset_marker_color__functions.c
[21.827s] -- Installing: /home/airlab/seed25/ros_packages/mocap4r2_ws/install/mocap4r2_marker_viz_srvs/include/mocap4r2_marker_viz_srvs/srv/detail/reset_marker_color__struct.h
[21.828s] -- Installing: /home/airlab/seed25/ros_packages/mocap4r2_ws/install/mocap4r2_marker_viz_srvs/include/mocap4r2_marker_viz_srvs/srv/detail/reset_marker_color__functions.h
[21.828s] -- Installing: /home/airlab/seed25/ros_packages/mocap4r2_ws/install/mocap4r2_marker_viz_srvs/include/mocap4r2_marker_viz_srvs/srv/detail/reset_marker_color__type_support.h
[21.828s] -- Installing: /home/airlab/seed25/ros_packages/mocap4r2_ws/install/mocap4r2_marker_viz_srvs/include/mocap4r2_marker_viz_srvs/srv/detail/set_marker_color__functions.h
[21.828s] -- Installing: /home/airlab/seed25/ros_packages/mocap4r2_ws/install/mocap4r2_marker_viz_srvs/share/mocap4r2_marker_viz_srvs/environment/library_path.sh
[21.828s] -- Installing: /home/airlab/seed25/ros_packages/mocap4r2_ws/install/mocap4r2_marker_viz_srvs/share/mocap4r2_marker_viz_srvs/environment/library_path.dsv
[21.829s] -- Installing: /home/airlab/seed25/ros_packages/mocap4r2_ws/install/mocap4r2_marker_viz_srvs/lib/libmocap4r2_marker_viz_srvs__rosidl_generator_c.so
[21.830s] -- Set runtime path of "/home/airlab/seed25/ros_packages/mocap4r2_ws/install/mocap4r2_marker_viz_srvs/lib/libmocap4r2_marker_viz_srvs__rosidl_generator_c.so" to ""
[21.830s] -- Up-to-date: /home/airlab/seed25/ros_packages/mocap4r2_ws/install/mocap4r2_marker_viz_srvs/include/mocap4r2_marker_viz_srvs
[21.830s] -- Up-to-date: /home/airlab/seed25/ros_packages/mocap4r2_ws/install/mocap4r2_marker_viz_srvs/include/mocap4r2_marker_viz_srvs/msg
[21.831s] -- Installing: /home/airlab/seed25/ros_packages/mocap4r2_ws/install/mocap4r2_marker_viz_srvs/include/mocap4r2_marker_viz_srvs/msg/rosidl_typesupport_fastrtps_c__visibility_control.h
[21.831s] -- Up-to-date: /home/airlab/seed25/ros_packages/mocap4r2_ws/install/mocap4r2_marker_viz_srvs/include/mocap4r2_marker_viz_srvs/srv
[21.831s] -- Up-to-date: /home/airlab/seed25/ros_packages/mocap4r2_ws/install/mocap4r2_marker_viz_srvs/include/mocap4r2_marker_viz_srvs/srv/detail
[21.831s] -- Installing: /home/airlab/seed25/ros_packages/mocap4r2_ws/install/mocap4r2_marker_viz_srvs/include/mocap4r2_marker_viz_srvs/srv/detail/reset_marker_color__rosidl_typesupport_fastrtps_c.h
[21.831s] -- Installing: /home/airlab/seed25/ros_packages/mocap4r2_ws/install/mocap4r2_marker_viz_srvs/include/mocap4r2_marker_viz_srvs/srv/detail/set_marker_color__rosidl_typesupport_fastrtps_c.h
[21.832s] -- Installing: /home/airlab/seed25/ros_packages/mocap4r2_ws/install/mocap4r2_marker_viz_srvs/lib/libmocap4r2_marker_viz_srvs__rosidl_typesupport_fastrtps_c.so
[21.832s] -- Set runtime path of "/home/airlab/seed25/ros_packages/mocap4r2_ws/install/mocap4r2_marker_viz_srvs/lib/libmocap4r2_marker_viz_srvs__rosidl_typesupport_fastrtps_c.so" to ""
[21.832s] -- Up-to-date: /home/airlab/seed25/ros_packages/mocap4r2_ws/install/mocap4r2_marker_viz_srvs/include/mocap4r2_marker_viz_srvs
[21.839s] -- Up-to-date: /home/airlab/seed25/ros_packages/mocap4r2_ws/install/mocap4r2_marker_viz_srvs/include/mocap4r2_marker_viz_srvs/msg
[21.839s] -- Installing: /home/airlab/seed25/ros_packages/mocap4r2_ws/install/mocap4r2_marker_viz_srvs/include/mocap4r2_marker_viz_srvs/msg/rosidl_typesupport_fastrtps_cpp__visibility_control.h
[21.839s] -- Up-to-date: /home/airlab/seed25/ros_packages/mocap4r2_ws/install/mocap4r2_marker_viz_srvs/include/mocap4r2_marker_viz_srvs/srv
[21.839s] -- Up-to-date: /home/airlab/seed25/ros_packages/mocap4r2_ws/install/mocap4r2_marker_viz_srvs/include/mocap4r2_marker_viz_srvs/srv/detail
[21.840s] -- Installing: /home/airlab/seed25/ros_packages/mocap4r2_ws/install/mocap4r2_marker_viz_srvs/include/mocap4r2_marker_viz_srvs/srv/detail/set_marker_color__rosidl_typesupport_fastrtps_cpp.hpp
[21.840s] -- Installing: /home/airlab/seed25/ros_packages/mocap4r2_ws/install/mocap4r2_marker_viz_srvs/include/mocap4r2_marker_viz_srvs/srv/detail/dds_fastrtps
[21.840s] -- Installing: /home/airlab/seed25/ros_packages/mocap4r2_ws/install/mocap4r2_marker_viz_srvs/include/mocap4r2_marker_viz_srvs/srv/detail/reset_marker_color__rosidl_typesupport_fastrtps_cpp.hpp
[21.840s] -- Installing: /home/airlab/seed25/ros_packages/mocap4r2_ws/install/mocap4r2_marker_viz_srvs/lib/libmocap4r2_marker_viz_srvs__rosidl_typesupport_fastrtps_cpp.so
[21.841s] -- Set runtime path of "/home/airlab/seed25/ros_packages/mocap4r2_ws/install/mocap4r2_marker_viz_srvs/lib/libmocap4r2_marker_viz_srvs__rosidl_typesupport_fastrtps_cpp.so" to ""
[21.841s] -- Up-to-date: /home/airlab/seed25/ros_packages/mocap4r2_ws/install/mocap4r2_marker_viz_srvs/include/mocap4r2_marker_viz_srvs
[21.841s] -- Up-to-date: /home/airlab/seed25/ros_packages/mocap4r2_ws/install/mocap4r2_marker_viz_srvs/include/mocap4r2_marker_viz_srvs/msg
[21.842s] -- Installing: /home/airlab/seed25/ros_packages/mocap4r2_ws/install/mocap4r2_marker_viz_srvs/include/mocap4r2_marker_viz_srvs/msg/rosidl_typesupport_introspection_c__visibility_control.h
[21.842s] -- Up-to-date: /home/airlab/seed25/ros_packages/mocap4r2_ws/install/mocap4r2_marker_viz_srvs/include/mocap4r2_marker_viz_srvs/srv
[21.842s] -- Up-to-date: /home/airlab/seed25/ros_packages/mocap4r2_ws/install/mocap4r2_marker_viz_srvs/include/mocap4r2_marker_viz_srvs/srv/detail
[21.842s] -- Installing: /home/airlab/seed25/ros_packages/mocap4r2_ws/install/mocap4r2_marker_viz_srvs/include/mocap4r2_marker_viz_srvs/srv/detail/set_marker_color__type_support.c
[21.843s] -- Installing: /home/airlab/seed25/ros_packages/mocap4r2_ws/install/mocap4r2_marker_viz_srvs/include/mocap4r2_marker_viz_srvs/srv/detail/set_marker_color__rosidl_typesupport_introspection_c.h
[21.843s] -- Installing: /home/airlab/seed25/ros_packages/mocap4r2_ws/install/mocap4r2_marker_viz_srvs/include/mocap4r2_marker_viz_srvs/srv/detail/reset_marker_color__rosidl_typesupport_introspection_c.h
[21.843s] -- Installing: /home/airlab/seed25/ros_packages/mocap4r2_ws/install/mocap4r2_marker_viz_srvs/include/mocap4r2_marker_viz_srvs/srv/detail/reset_marker_color__type_support.c
[21.844s] -- Installing: /home/airlab/seed25/ros_packages/mocap4r2_ws/install/mocap4r2_marker_viz_srvs/lib/libmocap4r2_marker_viz_srvs__rosidl_typesupport_introspection_c.so
[21.844s] -- Set runtime path of "/home/airlab/seed25/ros_packages/mocap4r2_ws/install/mocap4r2_marker_viz_srvs/lib/libmocap4r2_marker_viz_srvs__rosidl_typesupport_introspection_c.so" to ""
[21.844s] -- Installing: /home/airlab/seed25/ros_packages/mocap4r2_ws/install/mocap4r2_marker_viz_srvs/lib/libmocap4r2_marker_viz_srvs__rosidl_typesupport_c.so
[21.844s] -- Set runtime path of "/home/airlab/seed25/ros_packages/mocap4r2_ws/install/mocap4r2_marker_viz_srvs/lib/libmocap4r2_marker_viz_srvs__rosidl_typesupport_c.so" to ""
[21.844s] -- Up-to-date: /home/airlab/seed25/ros_packages/mocap4r2_ws/install/mocap4r2_marker_viz_srvs/include/mocap4r2_marker_viz_srvs
[21.844s] -- Up-to-date: /home/airlab/seed25/ros_packages/mocap4r2_ws/install/mocap4r2_marker_viz_srvs/include/mocap4r2_marker_viz_srvs/msg
[21.845s] -- Installing: /home/airlab/seed25/ros_packages/mocap4r2_ws/install/mocap4r2_marker_viz_srvs/include/mocap4r2_marker_viz_srvs/msg/rosidl_generator_cpp__visibility_control.hpp
[21.845s] -- Up-to-date: /home/airlab/seed25/ros_packages/mocap4r2_ws/install/mocap4r2_marker_viz_srvs/include/mocap4r2_marker_viz_srvs/srv
[21.845s] -- Up-to-date: /home/airlab/seed25/ros_packages/mocap4r2_ws/install/mocap4r2_marker_viz_srvs/include/mocap4r2_marker_viz_srvs/srv/detail
[21.845s] -- Installing: /home/airlab/seed25/ros_packages/mocap4r2_ws/install/mocap4r2_marker_viz_srvs/include/mocap4r2_marker_viz_srvs/srv/detail/set_marker_color__struct.hpp
[21.846s] -- Installing: /home/airlab/seed25/ros_packages/mocap4r2_ws/install/mocap4r2_marker_viz_srvs/include/mocap4r2_marker_viz_srvs/srv/detail/reset_marker_color__builder.hpp
[21.846s] -- Installing: /home/airlab/seed25/ros_packages/mocap4r2_ws/install/mocap4r2_marker_viz_srvs/include/mocap4r2_marker_viz_srvs/srv/detail/reset_marker_color__traits.hpp
[21.846s] -- Installing: /home/airlab/seed25/ros_packages/mocap4r2_ws/install/mocap4r2_marker_viz_srvs/include/mocap4r2_marker_viz_srvs/srv/detail/reset_marker_color__struct.hpp
[21.855s] -- Installing: /home/airlab/seed25/ros_packages/mocap4r2_ws/install/mocap4r2_marker_viz_srvs/include/mocap4r2_marker_viz_srvs/srv/detail/set_marker_color__traits.hpp
[21.855s] -- Installing: /home/airlab/seed25/ros_packages/mocap4r2_ws/install/mocap4r2_marker_viz_srvs/include/mocap4r2_marker_viz_srvs/srv/detail/reset_marker_color__type_support.hpp
[21.855s] -- Installing: /home/airlab/seed25/ros_packages/mocap4r2_ws/install/mocap4r2_marker_viz_srvs/include/mocap4r2_marker_viz_srvs/srv/detail/set_marker_color__builder.hpp
[21.855s] -- Installing: /home/airlab/seed25/ros_packages/mocap4r2_ws/install/mocap4r2_marker_viz_srvs/include/mocap4r2_marker_viz_srvs/srv/detail/set_marker_color__type_support.hpp
[21.856s] -- Installing: /home/airlab/seed25/ros_packages/mocap4r2_ws/install/mocap4r2_marker_viz_srvs/include/mocap4r2_marker_viz_srvs/srv/set_marker_color.hpp
[21.856s] -- Installing: /home/airlab/seed25/ros_packages/mocap4r2_ws/install/mocap4r2_marker_viz_srvs/include/mocap4r2_marker_viz_srvs/srv/reset_marker_color.hpp
[21.856s] -- Up-to-date: /home/airlab/seed25/ros_packages/mocap4r2_ws/install/mocap4r2_marker_viz_srvs/include/mocap4r2_marker_viz_srvs
[21.856s] -- Up-to-date: /home/airlab/seed25/ros_packages/mocap4r2_ws/install/mocap4r2_marker_viz_srvs/include/mocap4r2_marker_viz_srvs/srv
[21.856s] -- Up-to-date: /home/airlab/seed25/ros_packages/mocap4r2_ws/install/mocap4r2_marker_viz_srvs/include/mocap4r2_marker_viz_srvs/srv/detail
[21.856s] -- Installing: /home/airlab/seed25/ros_packages/mocap4r2_ws/install/mocap4r2_marker_viz_srvs/include/mocap4r2_marker_viz_srvs/srv/detail/set_marker_color__rosidl_typesupport_introspection_cpp.hpp
[21.856s] -- Installing: /home/airlab/seed25/ros_packages/mocap4r2_ws/install/mocap4r2_marker_viz_srvs/include/mocap4r2_marker_viz_srvs/srv/detail/reset_marker_color__rosidl_typesupport_introspection_cpp.hpp
[21.856s] -- Installing: /home/airlab/seed25/ros_packages/mocap4r2_ws/install/mocap4r2_marker_viz_srvs/include/mocap4r2_marker_viz_srvs/srv/detail/reset_marker_color__type_support.cpp
[21.857s] -- Installing: /home/airlab/seed25/ros_packages/mocap4r2_ws/install/mocap4r2_marker_viz_srvs/include/mocap4r2_marker_viz_srvs/srv/detail/set_marker_color__type_support.cpp
[21.857s] -- Installing: /home/airlab/seed25/ros_packages/mocap4r2_ws/install/mocap4r2_marker_viz_srvs/lib/libmocap4r2_marker_viz_srvs__rosidl_typesupport_introspection_cpp.so
[21.857s] -- Set runtime path of "/home/airlab/seed25/ros_packages/mocap4r2_ws/install/mocap4r2_marker_viz_srvs/lib/libmocap4r2_marker_viz_srvs__rosidl_typesupport_introspection_cpp.so" to ""
[21.857s] -- Installing: /home/airlab/seed25/ros_packages/mocap4r2_ws/install/mocap4r2_marker_viz_srvs/lib/libmocap4r2_marker_viz_srvs__rosidl_typesupport_cpp.so
[21.857s] -- Set runtime path of "/home/airlab/seed25/ros_packages/mocap4r2_ws/install/mocap4r2_marker_viz_srvs/lib/libmocap4r2_marker_viz_srvs__rosidl_typesupport_cpp.so" to ""
[21.857s] -- Installing: /home/airlab/seed25/ros_packages/mocap4r2_ws/install/mocap4r2_marker_viz_srvs/share/mocap4r2_marker_viz_srvs/environment/pythonpath.sh
[21.857s] -- Installing: /home/airlab/seed25/ros_packages/mocap4r2_ws/install/mocap4r2_marker_viz_srvs/share/mocap4r2_marker_viz_srvs/environment/pythonpath.dsv
[21.858s] -- Installing: /home/airlab/seed25/ros_packages/mocap4r2_ws/install/mocap4r2_marker_viz_srvs/lib/python3.8/site-packages/mocap4r2_marker_viz_srvs/__init__.py
[21.921s] Compiling '/home/airlab/seed25/ros_packages/mocap4r2_ws/install/mocap4r2_marker_viz_srvs/lib/python3.8/site-packages/mocap4r2_marker_viz_srvs/__init__.py'...
[21.933s] -- Installing: /home/airlab/seed25/ros_packages/mocap4r2_ws/install/mocap4r2_marker_viz_srvs/lib/python3.8/site-packages/mocap4r2_marker_viz_srvs/srv
[21.934s] -- Installing: /home/airlab/seed25/ros_packages/mocap4r2_ws/install/mocap4r2_marker_viz_srvs/lib/python3.8/site-packages/mocap4r2_marker_viz_srvs/srv/_set_marker_color.py
[21.934s] -- Installing: /home/airlab/seed25/ros_packages/mocap4r2_ws/install/mocap4r2_marker_viz_srvs/lib/python3.8/site-packages/mocap4r2_marker_viz_srvs/srv/__init__.py
[21.934s] -- Installing: /home/airlab/seed25/ros_packages/mocap4r2_ws/install/mocap4r2_marker_viz_srvs/lib/python3.8/site-packages/mocap4r2_marker_viz_srvs/srv/_reset_marker_color_s.c
[21.934s] -- Installing: /home/airlab/seed25/ros_packages/mocap4r2_ws/install/mocap4r2_marker_viz_srvs/lib/python3.8/site-packages/mocap4r2_marker_viz_srvs/srv/_reset_marker_color.py
[21.935s] -- Installing: /home/airlab/seed25/ros_packages/mocap4r2_ws/install/mocap4r2_marker_viz_srvs/lib/python3.8/site-packages/mocap4r2_marker_viz_srvs/srv/_set_marker_color_s.c
[21.935s] -- Installing: /home/airlab/seed25/ros_packages/mocap4r2_ws/install/mocap4r2_marker_viz_srvs/lib/python3.8/site-packages/mocap4r2_marker_viz_srvs/mocap4r2_marker_viz_srvs_s__rosidl_typesupport_fastrtps_c.cpython-38-aarch64-linux-gnu.so
[21.936s] -- Set runtime path of "/home/airlab/seed25/ros_packages/mocap4r2_ws/install/mocap4r2_marker_viz_srvs/lib/python3.8/site-packages/mocap4r2_marker_viz_srvs/mocap4r2_marker_viz_srvs_s__rosidl_typesupport_fastrtps_c.cpython-38-aarch64-linux-gnu.so" to ""
[21.937s] -- Installing: /home/airlab/seed25/ros_packages/mocap4r2_ws/install/mocap4r2_marker_viz_srvs/lib/python3.8/site-packages/mocap4r2_marker_viz_srvs/mocap4r2_marker_viz_srvs_s__rosidl_typesupport_introspection_c.cpython-38-aarch64-linux-gnu.so
[21.938s] -- Set runtime path of "/home/airlab/seed25/ros_packages/mocap4r2_ws/install/mocap4r2_marker_viz_srvs/lib/python3.8/site-packages/mocap4r2_marker_viz_srvs/mocap4r2_marker_viz_srvs_s__rosidl_typesupport_introspection_c.cpython-38-aarch64-linux-gnu.so" to ""
[21.939s] -- Installing: /home/airlab/seed25/ros_packages/mocap4r2_ws/install/mocap4r2_marker_viz_srvs/lib/python3.8/site-packages/mocap4r2_marker_viz_srvs/mocap4r2_marker_viz_srvs_s__rosidl_typesupport_c.cpython-38-aarch64-linux-gnu.so
[21.940s] -- Set runtime path of "/home/airlab/seed25/ros_packages/mocap4r2_ws/install/mocap4r2_marker_viz_srvs/lib/python3.8/site-packages/mocap4r2_marker_viz_srvs/mocap4r2_marker_viz_srvs_s__rosidl_typesupport_c.cpython-38-aarch64-linux-gnu.so" to ""
[21.940s] -- Installing: /home/airlab/seed25/ros_packages/mocap4r2_ws/install/mocap4r2_marker_viz_srvs/lib/libmocap4r2_marker_viz_srvs__python.so
[21.941s] -- Set runtime path of "/home/airlab/seed25/ros_packages/mocap4r2_ws/install/mocap4r2_marker_viz_srvs/lib/libmocap4r2_marker_viz_srvs__python.so" to ""
[21.941s] -- Installing: /home/airlab/seed25/ros_packages/mocap4r2_ws/install/mocap4r2_marker_viz_srvs/share/mocap4r2_marker_viz_srvs/srv/SetMarkerColor.idl
[21.941s] -- Installing: /home/airlab/seed25/ros_packages/mocap4r2_ws/install/mocap4r2_marker_viz_srvs/share/mocap4r2_marker_viz_srvs/srv/ResetMarkerColor.idl
[21.942s] -- Installing: /home/airlab/seed25/ros_packages/mocap4r2_ws/install/mocap4r2_marker_viz_srvs/share/mocap4r2_marker_viz_srvs/srv/SetMarkerColor.srv
[21.942s] -- Installing: /home/airlab/seed25/ros_packages/mocap4r2_ws/install/mocap4r2_marker_viz_srvs/share/mocap4r2_marker_viz_srvs/srv/SetMarkerColor_Request.msg
[21.942s] -- Installing: /home/airlab/seed25/ros_packages/mocap4r2_ws/install/mocap4r2_marker_viz_srvs/share/mocap4r2_marker_viz_srvs/srv/SetMarkerColor_Response.msg
[21.943s] -- Installing: /home/airlab/seed25/ros_packages/mocap4r2_ws/install/mocap4r2_marker_viz_srvs/share/mocap4r2_marker_viz_srvs/srv/ResetMarkerColor.srv
[21.943s] -- Installing: /home/airlab/seed25/ros_packages/mocap4r2_ws/install/mocap4r2_marker_viz_srvs/share/mocap4r2_marker_viz_srvs/srv/ResetMarkerColor_Request.msg
[21.943s] -- Installing: /home/airlab/seed25/ros_packages/mocap4r2_ws/install/mocap4r2_marker_viz_srvs/share/mocap4r2_marker_viz_srvs/srv/ResetMarkerColor_Response.msg
[21.944s] -- Installing: /home/airlab/seed25/ros_packages/mocap4r2_ws/install/mocap4r2_marker_viz_srvs/share/ament_index/resource_index/package_run_dependencies/mocap4r2_marker_viz_srvs
[21.944s] -- Installing: /home/airlab/seed25/ros_packages/mocap4r2_ws/install/mocap4r2_marker_viz_srvs/share/ament_index/resource_index/parent_prefix_path/mocap4r2_marker_viz_srvs
[21.944s] -- Installing: /home/airlab/seed25/ros_packages/mocap4r2_ws/install/mocap4r2_marker_viz_srvs/share/mocap4r2_marker_viz_srvs/environment/ament_prefix_path.sh
[21.945s] -- Installing: /home/airlab/seed25/ros_packages/mocap4r2_ws/install/mocap4r2_marker_viz_srvs/share/mocap4r2_marker_viz_srvs/environment/ament_prefix_path.dsv
[21.945s] -- Installing: /home/airlab/seed25/ros_packages/mocap4r2_ws/install/mocap4r2_marker_viz_srvs/share/mocap4r2_marker_viz_srvs/environment/path.sh
[21.945s] -- Installing: /home/airlab/seed25/ros_packages/mocap4r2_ws/install/mocap4r2_marker_viz_srvs/share/mocap4r2_marker_viz_srvs/environment/path.dsv
[21.946s] -- Installing: /home/airlab/seed25/ros_packages/mocap4r2_ws/install/mocap4r2_marker_viz_srvs/share/mocap4r2_marker_viz_srvs/local_setup.bash
[21.946s] -- Installing: /home/airlab/seed25/ros_packages/mocap4r2_ws/install/mocap4r2_marker_viz_srvs/share/mocap4r2_marker_viz_srvs/local_setup.sh
[21.946s] -- Installing: /home/airlab/seed25/ros_packages/mocap4r2_ws/install/mocap4r2_marker_viz_srvs/share/mocap4r2_marker_viz_srvs/local_setup.zsh
[21.947s] -- Installing: /home/airlab/seed25/ros_packages/mocap4r2_ws/install/mocap4r2_marker_viz_srvs/share/mocap4r2_marker_viz_srvs/local_setup.dsv
[21.947s] -- Installing: /home/airlab/seed25/ros_packages/mocap4r2_ws/install/mocap4r2_marker_viz_srvs/share/mocap4r2_marker_viz_srvs/package.dsv
[21.947s] -- Installing: /home/airlab/seed25/ros_packages/mocap4r2_ws/install/mocap4r2_marker_viz_srvs/share/ament_index/resource_index/packages/mocap4r2_marker_viz_srvs
[21.948s] -- Installing: /home/airlab/seed25/ros_packages/mocap4r2_ws/install/mocap4r2_marker_viz_srvs/share/mocap4r2_marker_viz_srvs/cmake/mocap4r2_marker_viz_srvs__rosidl_generator_cExport.cmake
[21.948s] -- Installing: /home/airlab/seed25/ros_packages/mocap4r2_ws/install/mocap4r2_marker_viz_srvs/share/mocap4r2_marker_viz_srvs/cmake/mocap4r2_marker_viz_srvs__rosidl_generator_cExport-noconfig.cmake
[21.949s] -- Installing: /home/airlab/seed25/ros_packages/mocap4r2_ws/install/mocap4r2_marker_viz_srvs/share/mocap4r2_marker_viz_srvs/cmake/mocap4r2_marker_viz_srvs__rosidl_typesupport_introspection_cExport.cmake
[21.949s] -- Installing: /home/airlab/seed25/ros_packages/mocap4r2_ws/install/mocap4r2_marker_viz_srvs/share/mocap4r2_marker_viz_srvs/cmake/mocap4r2_marker_viz_srvs__rosidl_typesupport_introspection_cExport-noconfig.cmake
[21.950s] -- Installing: /home/airlab/seed25/ros_packages/mocap4r2_ws/install/mocap4r2_marker_viz_srvs/share/mocap4r2_marker_viz_srvs/cmake/mocap4r2_marker_viz_srvs__rosidl_typesupport_cExport.cmake
[21.950s] -- Installing: /home/airlab/seed25/ros_packages/mocap4r2_ws/install/mocap4r2_marker_viz_srvs/share/mocap4r2_marker_viz_srvs/cmake/mocap4r2_marker_viz_srvs__rosidl_typesupport_cExport-noconfig.cmake
[21.950s] -- Installing: /home/airlab/seed25/ros_packages/mocap4r2_ws/install/mocap4r2_marker_viz_srvs/share/mocap4r2_marker_viz_srvs/cmake/mocap4r2_marker_viz_srvs__rosidl_generator_cppExport.cmake
[21.951s] -- Installing: /home/airlab/seed25/ros_packages/mocap4r2_ws/install/mocap4r2_marker_viz_srvs/share/mocap4r2_marker_viz_srvs/cmake/mocap4r2_marker_viz_srvs__rosidl_typesupport_introspection_cppExport.cmake
[21.951s] -- Installing: /home/airlab/seed25/ros_packages/mocap4r2_ws/install/mocap4r2_marker_viz_srvs/share/mocap4r2_marker_viz_srvs/cmake/mocap4r2_marker_viz_srvs__rosidl_typesupport_introspection_cppExport-noconfig.cmake
[21.952s] -- Installing: /home/airlab/seed25/ros_packages/mocap4r2_ws/install/mocap4r2_marker_viz_srvs/share/mocap4r2_marker_viz_srvs/cmake/mocap4r2_marker_viz_srvs__rosidl_typesupport_cppExport.cmake
[21.952s] -- Installing: /home/airlab/seed25/ros_packages/mocap4r2_ws/install/mocap4r2_marker_viz_srvs/share/mocap4r2_marker_viz_srvs/cmake/mocap4r2_marker_viz_srvs__rosidl_typesupport_cppExport-noconfig.cmake
[21.952s] -- Installing: /home/airlab/seed25/ros_packages/mocap4r2_ws/install/mocap4r2_marker_viz_srvs/share/mocap4r2_marker_viz_srvs/cmake/rosidl_cmake-extras.cmake
[21.953s] -- Installing: /home/airlab/seed25/ros_packages/mocap4r2_ws/install/mocap4r2_marker_viz_srvs/share/mocap4r2_marker_viz_srvs/cmake/ament_cmake_export_dependencies-extras.cmake
[21.953s] -- Installing: /home/airlab/seed25/ros_packages/mocap4r2_ws/install/mocap4r2_marker_viz_srvs/share/mocap4r2_marker_viz_srvs/cmake/ament_cmake_export_libraries-extras.cmake
[21.953s] -- Installing: /home/airlab/seed25/ros_packages/mocap4r2_ws/install/mocap4r2_marker_viz_srvs/share/mocap4r2_marker_viz_srvs/cmake/ament_cmake_export_targets-extras.cmake
[21.954s] -- Installing: /home/airlab/seed25/ros_packages/mocap4r2_ws/install/mocap4r2_marker_viz_srvs/share/mocap4r2_marker_viz_srvs/cmake/ament_cmake_export_include_directories-extras.cmake
[21.954s] -- Installing: /home/airlab/seed25/ros_packages/mocap4r2_ws/install/mocap4r2_marker_viz_srvs/share/mocap4r2_marker_viz_srvs/cmake/rosidl_cmake_export_typesupport_libraries-extras.cmake
[21.954s] -- Installing: /home/airlab/seed25/ros_packages/mocap4r2_ws/install/mocap4r2_marker_viz_srvs/share/mocap4r2_marker_viz_srvs/cmake/rosidl_cmake_export_typesupport_targets-extras.cmake
[21.955s] -- Installing: /home/airlab/seed25/ros_packages/mocap4r2_ws/install/mocap4r2_marker_viz_srvs/share/mocap4r2_marker_viz_srvs/cmake/mocap4r2_marker_viz_srvsConfig.cmake
[21.955s] -- Installing: /home/airlab/seed25/ros_packages/mocap4r2_ws/install/mocap4r2_marker_viz_srvs/share/mocap4r2_marker_viz_srvs/cmake/mocap4r2_marker_viz_srvsConfig-version.cmake
[21.955s] -- Installing: /home/airlab/seed25/ros_packages/mocap4r2_ws/install/mocap4r2_marker_viz_srvs/share/mocap4r2_marker_viz_srvs/package.xml
[21.962s] Invoked command in '/home/airlab/seed25/ros_packages/mocap4r2_ws/build/mocap4r2_marker_viz_srvs' returned '0': CMAKE_PREFIX_PATH=${CMAKE_PREFIX_PATH}:/home/airlab/seed25/ros_packages/mocap4r2_ws/install/mocap4r2cli:/opt/ros/foxy /usr/bin/cmake --install /home/airlab/seed25/ros_packages/mocap4r2_ws/build/mocap4r2_marker_viz_srvs
