[0.066s] Invoking command in '/home/airlab/seed25/ros_packages/seed_controller_ws/src/build/mocap4r2_msgs': CMAKE_PREFIX_PATH=${CMAKE_PREFIX_PATH}:/home/airlab/seed25/ros_packages/seed_controller_ws/install/opti_waypoint_nav:/home/airlab/seed25/ros_packages/seed_controller_ws/install/mv_controller:/home/airlab/seed25/ros_packages/seed_controller_ws/install/mocap_listener:/home/airlab/seed25/ros_packages/seed_controller_ws/install/ml_red_controller:/opt/ros/foxy /usr/bin/cmake /home/airlab/seed25/ros_packages/seed_controller_ws/src/mocap4r2_msgs -DCMAKE_INSTALL_PREFIX=/home/airlab/seed25/ros_packages/seed_controller_ws/src/install/mocap4r2_msgs
[1.722s] -- The C compiler identification is GNU 9.4.0
[1.722s] -- The CXX compiler identification is GNU 9.4.0
[1.722s] -- Check for working C compiler: /usr/bin/cc
[1.723s] -- Check for working C compiler: /usr/bin/cc -- works
[1.723s] -- Detecting C compiler ABI info
[1.724s] -- Detecting C compiler ABI info - done
[1.725s] -- Detecting C compile features
[1.726s] -- Detecting C compile features - done
[1.726s] -- Check for working CXX compiler: /usr/bin/c++
[1.727s] -- Check for working CXX compiler: /usr/bin/c++ -- works
[1.727s] -- Detecting CXX compiler ABI info
[1.728s] -- Detecting CXX compiler ABI info - done
[1.728s] -- Detecting CXX compile features
[1.729s] -- Detecting CXX compile features - done
[1.732s] -- Found ament_cmake: 0.9.12 (/opt/ros/foxy/share/ament_cmake/cmake)
[1.732s] -- Found PythonInterp: /usr/bin/python3 (found suitable version "3.8.10", minimum required is "3") 
[1.732s] -- Using PYTHON_EXECUTABLE: /usr/bin/python3
[1.732s] -- Found rosidl_default_generators: 1.0.1 (/opt/ros/foxy/share/rosidl_default_generators/cmake)
[1.733s] -- Using all available rosidl_typesupport_c: rosidl_typesupport_fastrtps_c;rosidl_typesupport_introspection_c
[1.733s] -- Found rosidl_adapter: 1.3.1 (/opt/ros/foxy/share/rosidl_adapter/cmake)
[1.918s] -- Found OpenSSL: /usr/lib/aarch64-linux-gnu/libcrypto.so (found version "1.1.1f")  
[1.983s] -- Found FastRTPS: /opt/ros/foxy/include  
[2.179s] -- Using all available rosidl_typesupport_cpp: rosidl_typesupport_fastrtps_cpp;rosidl_typesupport_introspection_cpp
[2.246s] -- Found builtin_interfaces: 1.0.0 (/opt/ros/foxy/share/builtin_interfaces/cmake)
[2.281s] -- Found std_msgs: 2.0.5 (/opt/ros/foxy/share/std_msgs/cmake)
[2.325s] -- Found geometry_msgs: 2.0.5 (/opt/ros/foxy/share/geometry_msgs/cmake)
[2.458s] -- Found PythonInterp: /usr/bin/python3 (found version "3.8.10") 
[2.978s] -- Found ament_cmake_ros: 0.9.2 (/opt/ros/foxy/share/ament_cmake_ros/cmake)
[3.556s] -- Using all available rosidl_typesupport_c: rosidl_typesupport_fastrtps_c;rosidl_typesupport_introspection_c
[3.769s] -- Using all available rosidl_typesupport_cpp: rosidl_typesupport_fastrtps_cpp;rosidl_typesupport_introspection_cpp
[3.826s] -- Found PythonInterp: /usr/bin/python3 (found suitable version "3.8.10", minimum required is "3.5") 
[3.830s] -- Found python_cmake_module: 0.8.1 (/opt/ros/foxy/share/python_cmake_module/cmake)
[3.896s] -- Found PythonLibs: /usr/lib/aarch64-linux-gnu/libpython3.8.so (found suitable version "3.8.10", minimum required is "3.5") 
[3.896s] -- Using PYTHON_EXECUTABLE: /usr/bin/python3
[3.896s] -- Using PYTHON_INCLUDE_DIRS: /usr/include/python3.8
[3.896s] -- Using PYTHON_LIBRARIES: /usr/lib/aarch64-linux-gnu/libpython3.8.so
[3.945s] -- Found PythonExtra: .so  
[4.145s] -- Configuring done
[4.270s] -- Generating done
[4.306s] -- Build files have been written to: /home/airlab/seed25/ros_packages/seed_controller_ws/src/build/mocap4r2_msgs
[4.330s] Invoked command in '/home/airlab/seed25/ros_packages/seed_controller_ws/src/build/mocap4r2_msgs' returned '0': CMAKE_PREFIX_PATH=${CMAKE_PREFIX_PATH}:/home/airlab/seed25/ros_packages/seed_controller_ws/install/opti_waypoint_nav:/home/airlab/seed25/ros_packages/seed_controller_ws/install/mv_controller:/home/airlab/seed25/ros_packages/seed_controller_ws/install/mocap_listener:/home/airlab/seed25/ros_packages/seed_controller_ws/install/ml_red_controller:/opt/ros/foxy /usr/bin/cmake /home/airlab/seed25/ros_packages/seed_controller_ws/src/mocap4r2_msgs -DCMAKE_INSTALL_PREFIX=/home/airlab/seed25/ros_packages/seed_controller_ws/src/install/mocap4r2_msgs
[4.337s] Invoking command in '/home/airlab/seed25/ros_packages/seed_controller_ws/src/build/mocap4r2_msgs': CMAKE_PREFIX_PATH=${CMAKE_PREFIX_PATH}:/home/airlab/seed25/ros_packages/seed_controller_ws/install/opti_waypoint_nav:/home/airlab/seed25/ros_packages/seed_controller_ws/install/mv_controller:/home/airlab/seed25/ros_packages/seed_controller_ws/install/mocap_listener:/home/airlab/seed25/ros_packages/seed_controller_ws/install/ml_red_controller:/opt/ros/foxy /usr/bin/cmake --build /home/airlab/seed25/ros_packages/seed_controller_ws/src/build/mocap4r2_msgs -- -j4 -l4
[4.427s] [  1%] [34m[1mGenerating C code for ROS interfaces[0m
[4.428s] [35m[1mScanning dependencies of target mocap4r2_msgs__cpp[0m
[4.452s] [  2%] [34m[1mGenerating C++ code for ROS interfaces[0m
[5.623s] [  2%] Built target mocap4r2_msgs__cpp
[5.662s] [  5%] [34m[1mGenerating C++ type support for eProsima Fast-RTPS[0m
[5.663s] [  5%] [34m[1mGenerating C++ introspection for ROS interfaces[0m
[5.678s] [35m[1mScanning dependencies of target mocap4r2_msgs__rosidl_generator_c[0m
[5.680s] [  7%] [34m[1mGenerating C++ type support dispatch for ROS interfaces[0m
[5.722s] [  8%] [32mBuilding C object CMakeFiles/mocap4r2_msgs__rosidl_generator_c.dir/rosidl_generator_c/mocap4r2_msgs/msg/detail/marker__functions.c.o[0m
[5.850s] [  9%] [32mBuilding C object CMakeFiles/mocap4r2_msgs__rosidl_generator_c.dir/rosidl_generator_c/mocap4r2_msgs/msg/detail/markers__functions.c.o[0m
[5.960s] [ 11%] [32mBuilding C object CMakeFiles/mocap4r2_msgs__rosidl_generator_c.dir/rosidl_generator_c/mocap4r2_msgs/msg/detail/imus_info__functions.c.o[0m
[6.062s] [ 12%] [32mBuilding C object CMakeFiles/mocap4r2_msgs__rosidl_generator_c.dir/rosidl_generator_c/mocap4r2_msgs/msg/detail/rigid_body__functions.c.o[0m
[6.171s] [ 14%] [32mBuilding C object CMakeFiles/mocap4r2_msgs__rosidl_generator_c.dir/rosidl_generator_c/mocap4r2_msgs/msg/detail/rigid_bodies__functions.c.o[0m
[6.290s] [ 15%] [32mBuilding C object CMakeFiles/mocap4r2_msgs__rosidl_generator_c.dir/rosidl_generator_c/mocap4r2_msgs/srv/detail/create_rigid_body__functions.c.o[0m
[6.441s] [ 16%] [32m[1mLinking C shared library libmocap4r2_msgs__rosidl_generator_c.so[0m
[6.465s] [35m[1mScanning dependencies of target mocap4r2_msgs__rosidl_typesupport_cpp[0m
[6.500s] [ 18%] [32mBuilding CXX object CMakeFiles/mocap4r2_msgs__rosidl_typesupport_cpp.dir/rosidl_typesupport_cpp/mocap4r2_msgs/msg/marker__type_support.cpp.o[0m
[6.543s] [ 18%] Built target mocap4r2_msgs__rosidl_generator_c
[6.563s] [ 19%] [32mBuilding CXX object CMakeFiles/mocap4r2_msgs__rosidl_typesupport_cpp.dir/rosidl_typesupport_cpp/mocap4r2_msgs/msg/markers__type_support.cpp.o[0m
[6.699s] [35m[1mScanning dependencies of target mocap4r2_msgs__rosidl_typesupport_introspection_cpp[0m
[6.737s] [ 21%] [32mBuilding CXX object CMakeFiles/mocap4r2_msgs__rosidl_typesupport_introspection_cpp.dir/rosidl_typesupport_introspection_cpp/mocap4r2_msgs/msg/detail/marker__type_support.cpp.o[0m
[6.791s] [35m[1mScanning dependencies of target mocap4r2_msgs__rosidl_typesupport_fastrtps_cpp[0m
[6.843s] [ 22%] [32mBuilding CXX object CMakeFiles/mocap4r2_msgs__rosidl_typesupport_fastrtps_cpp.dir/rosidl_typesupport_fastrtps_cpp/mocap4r2_msgs/msg/detail/dds_fastrtps/marker__type_support.cpp.o[0m
[7.223s] [ 23%] [32mBuilding CXX object CMakeFiles/mocap4r2_msgs__rosidl_typesupport_fastrtps_cpp.dir/rosidl_typesupport_fastrtps_cpp/mocap4r2_msgs/msg/detail/dds_fastrtps/markers__type_support.cpp.o[0m
[7.242s] [ 25%] [32mBuilding CXX object CMakeFiles/mocap4r2_msgs__rosidl_typesupport_cpp.dir/rosidl_typesupport_cpp/mocap4r2_msgs/msg/imus_info__type_support.cpp.o[0m
[7.459s] [ 26%] [32mBuilding CXX object CMakeFiles/mocap4r2_msgs__rosidl_typesupport_introspection_cpp.dir/rosidl_typesupport_introspection_cpp/mocap4r2_msgs/msg/detail/markers__type_support.cpp.o[0m
[7.866s] [ 28%] [32mBuilding CXX object CMakeFiles/mocap4r2_msgs__rosidl_typesupport_introspection_cpp.dir/rosidl_typesupport_introspection_cpp/mocap4r2_msgs/msg/detail/imus_info__type_support.cpp.o[0m
[7.924s] [ 29%] [32mBuilding CXX object CMakeFiles/mocap4r2_msgs__rosidl_typesupport_cpp.dir/rosidl_typesupport_cpp/mocap4r2_msgs/msg/rigid_body__type_support.cpp.o[0m
[8.304s] [ 30%] [32mBuilding CXX object CMakeFiles/mocap4r2_msgs__rosidl_typesupport_cpp.dir/rosidl_typesupport_cpp/mocap4r2_msgs/msg/rigid_bodies__type_support.cpp.o[0m
[8.342s] [ 32%] [32mBuilding CXX object CMakeFiles/mocap4r2_msgs__rosidl_typesupport_fastrtps_cpp.dir/rosidl_typesupport_fastrtps_cpp/mocap4r2_msgs/msg/detail/dds_fastrtps/imus_info__type_support.cpp.o[0m
[8.611s] [ 33%] [32mBuilding CXX object CMakeFiles/mocap4r2_msgs__rosidl_typesupport_cpp.dir/rosidl_typesupport_cpp/mocap4r2_msgs/srv/create_rigid_body__type_support.cpp.o[0m
[8.673s] [ 35%] [32mBuilding CXX object CMakeFiles/mocap4r2_msgs__rosidl_typesupport_introspection_cpp.dir/rosidl_typesupport_introspection_cpp/mocap4r2_msgs/msg/detail/rigid_body__type_support.cpp.o[0m
[9.020s] [ 36%] [32mBuilding CXX object CMakeFiles/mocap4r2_msgs__rosidl_typesupport_introspection_cpp.dir/rosidl_typesupport_introspection_cpp/mocap4r2_msgs/msg/detail/rigid_bodies__type_support.cpp.o[0m
[9.295s] [ 38%] [32m[1mLinking CXX shared library libmocap4r2_msgs__rosidl_typesupport_cpp.so[0m
[9.385s] [ 38%] Built target mocap4r2_msgs__rosidl_typesupport_cpp
[9.413s] [ 39%] [34m[1mGenerating C introspection for ROS interfaces[0m
[9.475s] [ 40%] [32mBuilding CXX object CMakeFiles/mocap4r2_msgs__rosidl_typesupport_fastrtps_cpp.dir/rosidl_typesupport_fastrtps_cpp/mocap4r2_msgs/msg/detail/dds_fastrtps/rigid_body__type_support.cpp.o[0m
[9.495s] [ 42%] [32mBuilding CXX object CMakeFiles/mocap4r2_msgs__rosidl_typesupport_fastrtps_cpp.dir/rosidl_typesupport_fastrtps_cpp/mocap4r2_msgs/msg/detail/dds_fastrtps/rigid_bodies__type_support.cpp.o[0m
[9.920s] [ 43%] [32mBuilding CXX object CMakeFiles/mocap4r2_msgs__rosidl_typesupport_introspection_cpp.dir/rosidl_typesupport_introspection_cpp/mocap4r2_msgs/srv/detail/create_rigid_body__type_support.cpp.o[0m
[10.523s] [35m[1mScanning dependencies of target mocap4r2_msgs__rosidl_typesupport_introspection_c[0m
[10.567s] [ 45%] [32mBuilding C object CMakeFiles/mocap4r2_msgs__rosidl_typesupport_introspection_c.dir/rosidl_typesupport_introspection_c/mocap4r2_msgs/msg/detail/marker__type_support.c.o[0m
[10.604s] [ 46%] [32mBuilding CXX object CMakeFiles/mocap4r2_msgs__rosidl_typesupport_fastrtps_cpp.dir/rosidl_typesupport_fastrtps_cpp/mocap4r2_msgs/srv/detail/dds_fastrtps/create_rigid_body__type_support.cpp.o[0m
[10.650s] [ 47%] [32mBuilding C object CMakeFiles/mocap4r2_msgs__rosidl_typesupport_introspection_c.dir/rosidl_typesupport_introspection_c/mocap4r2_msgs/msg/detail/markers__type_support.c.o[0m
[10.653s] [ 49%] [32mBuilding C object CMakeFiles/mocap4r2_msgs__rosidl_typesupport_introspection_c.dir/rosidl_typesupport_introspection_c/mocap4r2_msgs/msg/detail/imus_info__type_support.c.o[0m
[10.723s] [ 50%] [32mBuilding C object CMakeFiles/mocap4r2_msgs__rosidl_typesupport_introspection_c.dir/rosidl_typesupport_introspection_c/mocap4r2_msgs/msg/detail/rigid_body__type_support.c.o[0m
[10.733s] [ 52%] [32mBuilding C object CMakeFiles/mocap4r2_msgs__rosidl_typesupport_introspection_c.dir/rosidl_typesupport_introspection_c/mocap4r2_msgs/msg/detail/rigid_bodies__type_support.c.o[0m
[10.758s] [ 53%] [32m[1mLinking CXX shared library libmocap4r2_msgs__rosidl_typesupport_introspection_cpp.so[0m
[10.806s] [ 54%] [32mBuilding C object CMakeFiles/mocap4r2_msgs__rosidl_typesupport_introspection_c.dir/rosidl_typesupport_introspection_c/mocap4r2_msgs/srv/detail/create_rigid_body__type_support.c.o[0m
[10.839s] [ 56%] [34m[1mGenerating C type support dispatch for ROS interfaces[0m
[10.890s] [ 57%] [32m[1mLinking C shared library libmocap4r2_msgs__rosidl_typesupport_introspection_c.so[0m
[10.953s] [ 57%] Built target mocap4r2_msgs__rosidl_typesupport_introspection_cpp
[10.971s] [ 57%] Built target mocap4r2_msgs__rosidl_typesupport_introspection_c
[11.557s] [35m[1mScanning dependencies of target mocap4r2_msgs__rosidl_typesupport_c[0m
[11.590s] [ 61%] [32mBuilding CXX object CMakeFiles/mocap4r2_msgs__rosidl_typesupport_c.dir/rosidl_typesupport_c/mocap4r2_msgs/msg/markers__type_support.cpp.o[0m
[11.590s] [ 61%] [32mBuilding CXX object CMakeFiles/mocap4r2_msgs__rosidl_typesupport_c.dir/rosidl_typesupport_c/mocap4r2_msgs/msg/imus_info__type_support.cpp.o[0m
[11.590s] [ 61%] [32mBuilding CXX object CMakeFiles/mocap4r2_msgs__rosidl_typesupport_c.dir/rosidl_typesupport_c/mocap4r2_msgs/msg/marker__type_support.cpp.o[0m
[11.658s] [ 66%] [32mBuilding CXX object CMakeFiles/mocap4r2_msgs__rosidl_typesupport_c.dir/rosidl_typesupport_c/mocap4r2_msgs/msg/rigid_body__type_support.cpp.o[0m
[11.658s] [ 66%] [32mBuilding CXX object CMakeFiles/mocap4r2_msgs__rosidl_typesupport_c.dir/rosidl_typesupport_c/mocap4r2_msgs/srv/create_rigid_body__type_support.cpp.o[0m
[11.658s] [ 66%] [32mBuilding CXX object CMakeFiles/mocap4r2_msgs__rosidl_typesupport_c.dir/rosidl_typesupport_c/mocap4r2_msgs/msg/rigid_bodies__type_support.cpp.o[0m
[11.712s] [ 67%] [32m[1mLinking CXX shared library libmocap4r2_msgs__rosidl_typesupport_fastrtps_cpp.so[0m
[11.738s] [ 69%] [32m[1mLinking CXX shared library libmocap4r2_msgs__rosidl_typesupport_c.so[0m
[11.823s] [ 69%] Built target mocap4r2_msgs__rosidl_typesupport_c
[11.902s] [ 69%] Built target mocap4r2_msgs__rosidl_typesupport_fastrtps_cpp
[11.925s] [ 70%] [34m[1mGenerating C type support for eProsima Fast-RTPS[0m
[12.795s] [35m[1mScanning dependencies of target mocap4r2_msgs__rosidl_typesupport_fastrtps_c[0m
[12.845s] [ 76%] [32mBuilding CXX object CMakeFiles/mocap4r2_msgs__rosidl_typesupport_fastrtps_c.dir/rosidl_typesupport_fastrtps_c/mocap4r2_msgs/msg/detail/rigid_body__type_support_c.cpp.o[0m
[12.846s] [ 76%] [32mBuilding CXX object CMakeFiles/mocap4r2_msgs__rosidl_typesupport_fastrtps_c.dir/rosidl_typesupport_fastrtps_c/mocap4r2_msgs/msg/detail/imus_info__type_support_c.cpp.o[0m
[12.846s] [ 76%] [32mBuilding CXX object CMakeFiles/mocap4r2_msgs__rosidl_typesupport_fastrtps_c.dir/rosidl_typesupport_fastrtps_c/mocap4r2_msgs/msg/detail/marker__type_support_c.cpp.o[0m
[12.847s] [ 76%] [32mBuilding CXX object CMakeFiles/mocap4r2_msgs__rosidl_typesupport_fastrtps_c.dir/rosidl_typesupport_fastrtps_c/mocap4r2_msgs/msg/detail/markers__type_support_c.cpp.o[0m
[13.698s] [ 77%] [32mBuilding CXX object CMakeFiles/mocap4r2_msgs__rosidl_typesupport_fastrtps_c.dir/rosidl_typesupport_fastrtps_c/mocap4r2_msgs/msg/detail/rigid_bodies__type_support_c.cpp.o[0m
[13.715s] [ 78%] [32mBuilding CXX object CMakeFiles/mocap4r2_msgs__rosidl_typesupport_fastrtps_c.dir/rosidl_typesupport_fastrtps_c/mocap4r2_msgs/srv/detail/create_rigid_body__type_support_c.cpp.o[0m
[14.557s] [ 80%] [32m[1mLinking CXX shared library libmocap4r2_msgs__rosidl_typesupport_fastrtps_c.so[0m
[14.723s] [ 80%] Built target mocap4r2_msgs__rosidl_typesupport_fastrtps_c
[14.744s] [35m[1mScanning dependencies of target mocap4r2_msgs[0m
[14.766s] [ 80%] Built target mocap4r2_msgs
[14.788s] [35m[1mScanning dependencies of target mocap4r2_msgs__py[0m
[14.811s] [ 81%] [34m[1mGenerating Python code for ROS interfaces[0m
[16.551s] [ 81%] Built target mocap4r2_msgs__py
[16.573s] [35m[1mScanning dependencies of target mocap4r2_msgs__python[0m
[16.644s] [ 87%] [32mBuilding C object CMakeFiles/mocap4r2_msgs__python.dir/rosidl_generator_py/mocap4r2_msgs/msg/_imus_info_s.c.o[0m
[16.644s] [ 87%] [32mBuilding C object CMakeFiles/mocap4r2_msgs__python.dir/rosidl_generator_py/mocap4r2_msgs/msg/_markers_s.c.o[0m
[16.644s] [ 87%] [32mBuilding C object CMakeFiles/mocap4r2_msgs__python.dir/rosidl_generator_py/mocap4r2_msgs/msg/_rigid_body_s.c.o[0m
[16.645s] [ 87%] [32mBuilding C object CMakeFiles/mocap4r2_msgs__python.dir/rosidl_generator_py/mocap4r2_msgs/msg/_marker_s.c.o[0m
[16.856s] [ 90%] [32mBuilding C object CMakeFiles/mocap4r2_msgs__python.dir/rosidl_generator_py/mocap4r2_msgs/srv/_create_rigid_body_s.c.o[0m
[16.856s] [ 90%] [32mBuilding C object CMakeFiles/mocap4r2_msgs__python.dir/rosidl_generator_py/mocap4r2_msgs/msg/_rigid_bodies_s.c.o[0m
[17.072s] [ 91%] [32m[1mLinking C shared library rosidl_generator_py/mocap4r2_msgs/libmocap4r2_msgs__python.so[0m
[17.162s] [ 91%] Built target mocap4r2_msgs__python
[17.183s] [35m[1mScanning dependencies of target mocap4r2_msgs__rosidl_typesupport_introspection_c__pyext[0m
[17.184s] [35m[1mScanning dependencies of target mocap4r2_msgs__rosidl_typesupport_fastrtps_c__pyext[0m
[17.184s] [35m[1mScanning dependencies of target mocap4r2_msgs__rosidl_typesupport_c__pyext[0m
[17.223s] [ 92%] [32mBuilding C object CMakeFiles/mocap4r2_msgs__rosidl_typesupport_c__pyext.dir/rosidl_generator_py/mocap4r2_msgs/_mocap4r2_msgs_s.ep.rosidl_typesupport_c.c.o[0m
[17.229s] [ 95%] [32mBuilding C object CMakeFiles/mocap4r2_msgs__rosidl_typesupport_fastrtps_c__pyext.dir/rosidl_generator_py/mocap4r2_msgs/_mocap4r2_msgs_s.ep.rosidl_typesupport_fastrtps_c.c.o[0m
[17.230s] [ 95%] [32mBuilding C object CMakeFiles/mocap4r2_msgs__rosidl_typesupport_introspection_c__pyext.dir/rosidl_generator_py/mocap4r2_msgs/_mocap4r2_msgs_s.ep.rosidl_typesupport_introspection_c.c.o[0m
[17.434s] [ 98%] [32m[1mLinking C shared library rosidl_generator_py/mocap4r2_msgs/mocap4r2_msgs_s__rosidl_typesupport_c.cpython-38-aarch64-linux-gnu.so[0m
[17.435s] [ 98%] [32m[1mLinking C shared library rosidl_generator_py/mocap4r2_msgs/mocap4r2_msgs_s__rosidl_typesupport_introspection_c.cpython-38-aarch64-linux-gnu.so[0m
[17.448s] [100%] [32m[1mLinking CXX shared library rosidl_generator_py/mocap4r2_msgs/mocap4r2_msgs_s__rosidl_typesupport_fastrtps_c.cpython-38-aarch64-linux-gnu.so[0m
[17.517s] [100%] Built target mocap4r2_msgs__rosidl_typesupport_c__pyext
[17.517s] [100%] Built target mocap4r2_msgs__rosidl_typesupport_introspection_c__pyext
[17.584s] [100%] Built target mocap4r2_msgs__rosidl_typesupport_fastrtps_c__pyext
[17.611s] Invoked command in '/home/airlab/seed25/ros_packages/seed_controller_ws/src/build/mocap4r2_msgs' returned '0': CMAKE_PREFIX_PATH=${CMAKE_PREFIX_PATH}:/home/airlab/seed25/ros_packages/seed_controller_ws/install/opti_waypoint_nav:/home/airlab/seed25/ros_packages/seed_controller_ws/install/mv_controller:/home/airlab/seed25/ros_packages/seed_controller_ws/install/mocap_listener:/home/airlab/seed25/ros_packages/seed_controller_ws/install/ml_red_controller:/opt/ros/foxy /usr/bin/cmake --build /home/airlab/seed25/ros_packages/seed_controller_ws/src/build/mocap4r2_msgs -- -j4 -l4
[17.641s] Invoking command in '/home/airlab/seed25/ros_packages/seed_controller_ws/src/build/mocap4r2_msgs': CMAKE_PREFIX_PATH=${CMAKE_PREFIX_PATH}:/home/airlab/seed25/ros_packages/seed_controller_ws/install/opti_waypoint_nav:/home/airlab/seed25/ros_packages/seed_controller_ws/install/mv_controller:/home/airlab/seed25/ros_packages/seed_controller_ws/install/mocap_listener:/home/airlab/seed25/ros_packages/seed_controller_ws/install/ml_red_controller:/opt/ros/foxy /usr/bin/cmake --install /home/airlab/seed25/ros_packages/seed_controller_ws/src/build/mocap4r2_msgs
[17.662s] -- Install configuration: ""
[17.662s] -- Installing: /home/airlab/seed25/ros_packages/seed_controller_ws/src/install/mocap4r2_msgs/share/ament_index/resource_index/rosidl_interfaces/mocap4r2_msgs
[17.662s] -- Installing: /home/airlab/seed25/ros_packages/seed_controller_ws/src/install/mocap4r2_msgs/include/mocap4r2_msgs
[17.662s] -- Installing: /home/airlab/seed25/ros_packages/seed_controller_ws/src/install/mocap4r2_msgs/include/mocap4r2_msgs/msg
[17.663s] -- Installing: /home/airlab/seed25/ros_packages/seed_controller_ws/src/install/mocap4r2_msgs/include/mocap4r2_msgs/msg/markers.h
[17.663s] -- Installing: /home/airlab/seed25/ros_packages/seed_controller_ws/src/install/mocap4r2_msgs/include/mocap4r2_msgs/msg/detail
[17.663s] -- Installing: /home/airlab/seed25/ros_packages/seed_controller_ws/src/install/mocap4r2_msgs/include/mocap4r2_msgs/msg/detail/rigid_bodies__struct.h
[17.663s] -- Installing: /home/airlab/seed25/ros_packages/seed_controller_ws/src/install/mocap4r2_msgs/include/mocap4r2_msgs/msg/detail/rigid_body__functions.c
[17.663s] -- Installing: /home/airlab/seed25/ros_packages/seed_controller_ws/src/install/mocap4r2_msgs/include/mocap4r2_msgs/msg/detail/rigid_body__struct.h
[17.664s] -- Installing: /home/airlab/seed25/ros_packages/seed_controller_ws/src/install/mocap4r2_msgs/include/mocap4r2_msgs/msg/detail/rigid_bodies__functions.h
[17.664s] -- Installing: /home/airlab/seed25/ros_packages/seed_controller_ws/src/install/mocap4r2_msgs/include/mocap4r2_msgs/msg/detail/rigid_body__type_support.h
[17.664s] -- Installing: /home/airlab/seed25/ros_packages/seed_controller_ws/src/install/mocap4r2_msgs/include/mocap4r2_msgs/msg/detail/imus_info__functions.c
[17.664s] -- Installing: /home/airlab/seed25/ros_packages/seed_controller_ws/src/install/mocap4r2_msgs/include/mocap4r2_msgs/msg/detail/marker__functions.h
[17.665s] -- Installing: /home/airlab/seed25/ros_packages/seed_controller_ws/src/install/mocap4r2_msgs/include/mocap4r2_msgs/msg/detail/markers__struct.h
[17.665s] -- Installing: /home/airlab/seed25/ros_packages/seed_controller_ws/src/install/mocap4r2_msgs/include/mocap4r2_msgs/msg/detail/markers__functions.h
[17.665s] -- Installing: /home/airlab/seed25/ros_packages/seed_controller_ws/src/install/mocap4r2_msgs/include/mocap4r2_msgs/msg/detail/rigid_body__functions.h
[17.665s] -- Installing: /home/airlab/seed25/ros_packages/seed_controller_ws/src/install/mocap4r2_msgs/include/mocap4r2_msgs/msg/detail/marker__struct.h
[17.665s] -- Installing: /home/airlab/seed25/ros_packages/seed_controller_ws/src/install/mocap4r2_msgs/include/mocap4r2_msgs/msg/detail/marker__functions.c
[17.666s] -- Installing: /home/airlab/seed25/ros_packages/seed_controller_ws/src/install/mocap4r2_msgs/include/mocap4r2_msgs/msg/detail/rigid_bodies__type_support.h
[17.666s] -- Installing: /home/airlab/seed25/ros_packages/seed_controller_ws/src/install/mocap4r2_msgs/include/mocap4r2_msgs/msg/detail/markers__functions.c
[17.666s] -- Installing: /home/airlab/seed25/ros_packages/seed_controller_ws/src/install/mocap4r2_msgs/include/mocap4r2_msgs/msg/detail/imus_info__struct.h
[17.666s] -- Installing: /home/airlab/seed25/ros_packages/seed_controller_ws/src/install/mocap4r2_msgs/include/mocap4r2_msgs/msg/detail/markers__type_support.h
[17.667s] -- Installing: /home/airlab/seed25/ros_packages/seed_controller_ws/src/install/mocap4r2_msgs/include/mocap4r2_msgs/msg/detail/rigid_bodies__functions.c
[17.667s] -- Installing: /home/airlab/seed25/ros_packages/seed_controller_ws/src/install/mocap4r2_msgs/include/mocap4r2_msgs/msg/detail/marker__type_support.h
[17.667s] -- Installing: /home/airlab/seed25/ros_packages/seed_controller_ws/src/install/mocap4r2_msgs/include/mocap4r2_msgs/msg/detail/imus_info__functions.h
[17.667s] -- Installing: /home/airlab/seed25/ros_packages/seed_controller_ws/src/install/mocap4r2_msgs/include/mocap4r2_msgs/msg/detail/imus_info__type_support.h
[17.668s] -- Installing: /home/airlab/seed25/ros_packages/seed_controller_ws/src/install/mocap4r2_msgs/include/mocap4r2_msgs/msg/rosidl_generator_c__visibility_control.h
[17.668s] -- Installing: /home/airlab/seed25/ros_packages/seed_controller_ws/src/install/mocap4r2_msgs/include/mocap4r2_msgs/msg/marker.h
[17.668s] -- Installing: /home/airlab/seed25/ros_packages/seed_controller_ws/src/install/mocap4r2_msgs/include/mocap4r2_msgs/msg/rigid_body.h
[17.668s] -- Installing: /home/airlab/seed25/ros_packages/seed_controller_ws/src/install/mocap4r2_msgs/include/mocap4r2_msgs/msg/rigid_bodies.h
[17.669s] -- Installing: /home/airlab/seed25/ros_packages/seed_controller_ws/src/install/mocap4r2_msgs/include/mocap4r2_msgs/msg/imus_info.h
[17.669s] -- Installing: /home/airlab/seed25/ros_packages/seed_controller_ws/src/install/mocap4r2_msgs/include/mocap4r2_msgs/srv
[17.669s] -- Installing: /home/airlab/seed25/ros_packages/seed_controller_ws/src/install/mocap4r2_msgs/include/mocap4r2_msgs/srv/create_rigid_body.h
[17.670s] -- Installing: /home/airlab/seed25/ros_packages/seed_controller_ws/src/install/mocap4r2_msgs/include/mocap4r2_msgs/srv/detail
[17.670s] -- Installing: /home/airlab/seed25/ros_packages/seed_controller_ws/src/install/mocap4r2_msgs/include/mocap4r2_msgs/srv/detail/create_rigid_body__type_support.h
[17.670s] -- Installing: /home/airlab/seed25/ros_packages/seed_controller_ws/src/install/mocap4r2_msgs/include/mocap4r2_msgs/srv/detail/create_rigid_body__functions.h
[17.670s] -- Installing: /home/airlab/seed25/ros_packages/seed_controller_ws/src/install/mocap4r2_msgs/include/mocap4r2_msgs/srv/detail/create_rigid_body__struct.h
[17.670s] -- Installing: /home/airlab/seed25/ros_packages/seed_controller_ws/src/install/mocap4r2_msgs/include/mocap4r2_msgs/srv/detail/create_rigid_body__functions.c
[17.671s] -- Installing: /home/airlab/seed25/ros_packages/seed_controller_ws/src/install/mocap4r2_msgs/share/mocap4r2_msgs/environment/library_path.sh
[17.671s] -- Installing: /home/airlab/seed25/ros_packages/seed_controller_ws/src/install/mocap4r2_msgs/share/mocap4r2_msgs/environment/library_path.dsv
[17.672s] -- Installing: /home/airlab/seed25/ros_packages/seed_controller_ws/src/install/mocap4r2_msgs/lib/libmocap4r2_msgs__rosidl_generator_c.so
[17.673s] -- Set runtime path of "/home/airlab/seed25/ros_packages/seed_controller_ws/src/install/mocap4r2_msgs/lib/libmocap4r2_msgs__rosidl_generator_c.so" to ""
[17.673s] -- Up-to-date: /home/airlab/seed25/ros_packages/seed_controller_ws/src/install/mocap4r2_msgs/include/mocap4r2_msgs
[17.673s] -- Up-to-date: /home/airlab/seed25/ros_packages/seed_controller_ws/src/install/mocap4r2_msgs/include/mocap4r2_msgs/msg
[17.673s] -- Up-to-date: /home/airlab/seed25/ros_packages/seed_controller_ws/src/install/mocap4r2_msgs/include/mocap4r2_msgs/msg/detail
[17.674s] -- Installing: /home/airlab/seed25/ros_packages/seed_controller_ws/src/install/mocap4r2_msgs/include/mocap4r2_msgs/msg/detail/imus_info__rosidl_typesupport_fastrtps_c.h
[17.674s] -- Installing: /home/airlab/seed25/ros_packages/seed_controller_ws/src/install/mocap4r2_msgs/include/mocap4r2_msgs/msg/detail/rigid_bodies__rosidl_typesupport_fastrtps_c.h
[17.674s] -- Installing: /home/airlab/seed25/ros_packages/seed_controller_ws/src/install/mocap4r2_msgs/include/mocap4r2_msgs/msg/detail/rigid_body__rosidl_typesupport_fastrtps_c.h
[17.674s] -- Installing: /home/airlab/seed25/ros_packages/seed_controller_ws/src/install/mocap4r2_msgs/include/mocap4r2_msgs/msg/detail/marker__rosidl_typesupport_fastrtps_c.h
[17.675s] -- Installing: /home/airlab/seed25/ros_packages/seed_controller_ws/src/install/mocap4r2_msgs/include/mocap4r2_msgs/msg/detail/markers__rosidl_typesupport_fastrtps_c.h
[17.675s] -- Installing: /home/airlab/seed25/ros_packages/seed_controller_ws/src/install/mocap4r2_msgs/include/mocap4r2_msgs/msg/rosidl_typesupport_fastrtps_c__visibility_control.h
[17.675s] -- Up-to-date: /home/airlab/seed25/ros_packages/seed_controller_ws/src/install/mocap4r2_msgs/include/mocap4r2_msgs/srv
[17.675s] -- Up-to-date: /home/airlab/seed25/ros_packages/seed_controller_ws/src/install/mocap4r2_msgs/include/mocap4r2_msgs/srv/detail
[17.675s] -- Installing: /home/airlab/seed25/ros_packages/seed_controller_ws/src/install/mocap4r2_msgs/include/mocap4r2_msgs/srv/detail/create_rigid_body__rosidl_typesupport_fastrtps_c.h
[17.675s] -- Installing: /home/airlab/seed25/ros_packages/seed_controller_ws/src/install/mocap4r2_msgs/lib/libmocap4r2_msgs__rosidl_typesupport_fastrtps_c.so
[17.676s] -- Set runtime path of "/home/airlab/seed25/ros_packages/seed_controller_ws/src/install/mocap4r2_msgs/lib/libmocap4r2_msgs__rosidl_typesupport_fastrtps_c.so" to ""
[17.676s] -- Up-to-date: /home/airlab/seed25/ros_packages/seed_controller_ws/src/install/mocap4r2_msgs/include/mocap4r2_msgs
[17.676s] -- Up-to-date: /home/airlab/seed25/ros_packages/seed_controller_ws/src/install/mocap4r2_msgs/include/mocap4r2_msgs/msg
[17.676s] -- Installing: /home/airlab/seed25/ros_packages/seed_controller_ws/src/install/mocap4r2_msgs/include/mocap4r2_msgs/msg/rosidl_typesupport_fastrtps_cpp__visibility_control.h
[17.677s] -- Up-to-date: /home/airlab/seed25/ros_packages/seed_controller_ws/src/install/mocap4r2_msgs/include/mocap4r2_msgs/msg/detail
[17.677s] -- Installing: /home/airlab/seed25/ros_packages/seed_controller_ws/src/install/mocap4r2_msgs/include/mocap4r2_msgs/msg/detail/rigid_body__rosidl_typesupport_fastrtps_cpp.hpp
[17.677s] -- Installing: /home/airlab/seed25/ros_packages/seed_controller_ws/src/install/mocap4r2_msgs/include/mocap4r2_msgs/msg/detail/dds_fastrtps
[17.677s] -- Installing: /home/airlab/seed25/ros_packages/seed_controller_ws/src/install/mocap4r2_msgs/include/mocap4r2_msgs/msg/detail/rigid_bodies__rosidl_typesupport_fastrtps_cpp.hpp
[17.677s] -- Installing: /home/airlab/seed25/ros_packages/seed_controller_ws/src/install/mocap4r2_msgs/include/mocap4r2_msgs/msg/detail/imus_info__rosidl_typesupport_fastrtps_cpp.hpp
[17.677s] -- Installing: /home/airlab/seed25/ros_packages/seed_controller_ws/src/install/mocap4r2_msgs/include/mocap4r2_msgs/msg/detail/marker__rosidl_typesupport_fastrtps_cpp.hpp
[17.678s] -- Installing: /home/airlab/seed25/ros_packages/seed_controller_ws/src/install/mocap4r2_msgs/include/mocap4r2_msgs/msg/detail/markers__rosidl_typesupport_fastrtps_cpp.hpp
[17.678s] -- Up-to-date: /home/airlab/seed25/ros_packages/seed_controller_ws/src/install/mocap4r2_msgs/include/mocap4r2_msgs/srv
[17.678s] -- Up-to-date: /home/airlab/seed25/ros_packages/seed_controller_ws/src/install/mocap4r2_msgs/include/mocap4r2_msgs/srv/detail
[17.678s] -- Installing: /home/airlab/seed25/ros_packages/seed_controller_ws/src/install/mocap4r2_msgs/include/mocap4r2_msgs/srv/detail/create_rigid_body__rosidl_typesupport_fastrtps_cpp.hpp
[17.678s] -- Installing: /home/airlab/seed25/ros_packages/seed_controller_ws/src/install/mocap4r2_msgs/include/mocap4r2_msgs/srv/detail/dds_fastrtps
[17.679s] -- Installing: /home/airlab/seed25/ros_packages/seed_controller_ws/src/install/mocap4r2_msgs/lib/libmocap4r2_msgs__rosidl_typesupport_fastrtps_cpp.so
[17.680s] -- Set runtime path of "/home/airlab/seed25/ros_packages/seed_controller_ws/src/install/mocap4r2_msgs/lib/libmocap4r2_msgs__rosidl_typesupport_fastrtps_cpp.so" to ""
[17.680s] -- Up-to-date: /home/airlab/seed25/ros_packages/seed_controller_ws/src/install/mocap4r2_msgs/include/mocap4r2_msgs
[17.680s] -- Up-to-date: /home/airlab/seed25/ros_packages/seed_controller_ws/src/install/mocap4r2_msgs/include/mocap4r2_msgs/msg
[17.680s] -- Up-to-date: /home/airlab/seed25/ros_packages/seed_controller_ws/src/install/mocap4r2_msgs/include/mocap4r2_msgs/msg/detail
[17.680s] -- Installing: /home/airlab/seed25/ros_packages/seed_controller_ws/src/install/mocap4r2_msgs/include/mocap4r2_msgs/msg/detail/rigid_bodies__type_support.c
[17.681s] -- Installing: /home/airlab/seed25/ros_packages/seed_controller_ws/src/install/mocap4r2_msgs/include/mocap4r2_msgs/msg/detail/markers__rosidl_typesupport_introspection_c.h
[17.681s] -- Installing: /home/airlab/seed25/ros_packages/seed_controller_ws/src/install/mocap4r2_msgs/include/mocap4r2_msgs/msg/detail/rigid_bodies__rosidl_typesupport_introspection_c.h
[17.681s] -- Installing: /home/airlab/seed25/ros_packages/seed_controller_ws/src/install/mocap4r2_msgs/include/mocap4r2_msgs/msg/detail/rigid_body__type_support.c
[17.681s] -- Installing: /home/airlab/seed25/ros_packages/seed_controller_ws/src/install/mocap4r2_msgs/include/mocap4r2_msgs/msg/detail/marker__type_support.c
[17.681s] -- Installing: /home/airlab/seed25/ros_packages/seed_controller_ws/src/install/mocap4r2_msgs/include/mocap4r2_msgs/msg/detail/markers__type_support.c
[17.682s] -- Installing: /home/airlab/seed25/ros_packages/seed_controller_ws/src/install/mocap4r2_msgs/include/mocap4r2_msgs/msg/detail/imus_info__type_support.c
[17.682s] -- Installing: /home/airlab/seed25/ros_packages/seed_controller_ws/src/install/mocap4r2_msgs/include/mocap4r2_msgs/msg/detail/rigid_body__rosidl_typesupport_introspection_c.h
[17.682s] -- Installing: /home/airlab/seed25/ros_packages/seed_controller_ws/src/install/mocap4r2_msgs/include/mocap4r2_msgs/msg/detail/imus_info__rosidl_typesupport_introspection_c.h
[17.682s] -- Installing: /home/airlab/seed25/ros_packages/seed_controller_ws/src/install/mocap4r2_msgs/include/mocap4r2_msgs/msg/detail/marker__rosidl_typesupport_introspection_c.h
[17.683s] -- Installing: /home/airlab/seed25/ros_packages/seed_controller_ws/src/install/mocap4r2_msgs/include/mocap4r2_msgs/msg/rosidl_typesupport_introspection_c__visibility_control.h
[17.683s] -- Up-to-date: /home/airlab/seed25/ros_packages/seed_controller_ws/src/install/mocap4r2_msgs/include/mocap4r2_msgs/srv
[17.683s] -- Up-to-date: /home/airlab/seed25/ros_packages/seed_controller_ws/src/install/mocap4r2_msgs/include/mocap4r2_msgs/srv/detail
[17.683s] -- Installing: /home/airlab/seed25/ros_packages/seed_controller_ws/src/install/mocap4r2_msgs/include/mocap4r2_msgs/srv/detail/create_rigid_body__rosidl_typesupport_introspection_c.h
[17.683s] -- Installing: /home/airlab/seed25/ros_packages/seed_controller_ws/src/install/mocap4r2_msgs/include/mocap4r2_msgs/srv/detail/create_rigid_body__type_support.c
[17.684s] -- Installing: /home/airlab/seed25/ros_packages/seed_controller_ws/src/install/mocap4r2_msgs/lib/libmocap4r2_msgs__rosidl_typesupport_introspection_c.so
[17.685s] -- Set runtime path of "/home/airlab/seed25/ros_packages/seed_controller_ws/src/install/mocap4r2_msgs/lib/libmocap4r2_msgs__rosidl_typesupport_introspection_c.so" to ""
[17.685s] -- Installing: /home/airlab/seed25/ros_packages/seed_controller_ws/src/install/mocap4r2_msgs/lib/libmocap4r2_msgs__rosidl_typesupport_c.so
[17.686s] -- Set runtime path of "/home/airlab/seed25/ros_packages/seed_controller_ws/src/install/mocap4r2_msgs/lib/libmocap4r2_msgs__rosidl_typesupport_c.so" to ""
[17.686s] -- Up-to-date: /home/airlab/seed25/ros_packages/seed_controller_ws/src/install/mocap4r2_msgs/include/mocap4r2_msgs
[17.686s] -- Up-to-date: /home/airlab/seed25/ros_packages/seed_controller_ws/src/install/mocap4r2_msgs/include/mocap4r2_msgs/msg
[17.686s] -- Installing: /home/airlab/seed25/ros_packages/seed_controller_ws/src/install/mocap4r2_msgs/include/mocap4r2_msgs/msg/rigid_bodies.hpp
[17.686s] -- Installing: /home/airlab/seed25/ros_packages/seed_controller_ws/src/install/mocap4r2_msgs/include/mocap4r2_msgs/msg/rosidl_generator_cpp__visibility_control.hpp
[17.686s] -- Installing: /home/airlab/seed25/ros_packages/seed_controller_ws/src/install/mocap4r2_msgs/include/mocap4r2_msgs/msg/markers.hpp
[17.687s] -- Up-to-date: /home/airlab/seed25/ros_packages/seed_controller_ws/src/install/mocap4r2_msgs/include/mocap4r2_msgs/msg/detail
[17.687s] -- Installing: /home/airlab/seed25/ros_packages/seed_controller_ws/src/install/mocap4r2_msgs/include/mocap4r2_msgs/msg/detail/imus_info__type_support.hpp
[17.687s] -- Installing: /home/airlab/seed25/ros_packages/seed_controller_ws/src/install/mocap4r2_msgs/include/mocap4r2_msgs/msg/detail/rigid_body__builder.hpp
[17.687s] -- Installing: /home/airlab/seed25/ros_packages/seed_controller_ws/src/install/mocap4r2_msgs/include/mocap4r2_msgs/msg/detail/rigid_body__traits.hpp
[17.687s] -- Installing: /home/airlab/seed25/ros_packages/seed_controller_ws/src/install/mocap4r2_msgs/include/mocap4r2_msgs/msg/detail/rigid_body__struct.hpp
[17.688s] -- Installing: /home/airlab/seed25/ros_packages/seed_controller_ws/src/install/mocap4r2_msgs/include/mocap4r2_msgs/msg/detail/marker__traits.hpp
[17.688s] -- Installing: /home/airlab/seed25/ros_packages/seed_controller_ws/src/install/mocap4r2_msgs/include/mocap4r2_msgs/msg/detail/rigid_bodies__builder.hpp
[17.688s] -- Installing: /home/airlab/seed25/ros_packages/seed_controller_ws/src/install/mocap4r2_msgs/include/mocap4r2_msgs/msg/detail/markers__builder.hpp
[17.688s] -- Installing: /home/airlab/seed25/ros_packages/seed_controller_ws/src/install/mocap4r2_msgs/include/mocap4r2_msgs/msg/detail/markers__struct.hpp
[17.689s] -- Installing: /home/airlab/seed25/ros_packages/seed_controller_ws/src/install/mocap4r2_msgs/include/mocap4r2_msgs/msg/detail/markers__type_support.hpp
[17.689s] -- Installing: /home/airlab/seed25/ros_packages/seed_controller_ws/src/install/mocap4r2_msgs/include/mocap4r2_msgs/msg/detail/markers__traits.hpp
[17.689s] -- Installing: /home/airlab/seed25/ros_packages/seed_controller_ws/src/install/mocap4r2_msgs/include/mocap4r2_msgs/msg/detail/rigid_bodies__struct.hpp
[17.689s] -- Installing: /home/airlab/seed25/ros_packages/seed_controller_ws/src/install/mocap4r2_msgs/include/mocap4r2_msgs/msg/detail/rigid_bodies__type_support.hpp
[17.690s] -- Installing: /home/airlab/seed25/ros_packages/seed_controller_ws/src/install/mocap4r2_msgs/include/mocap4r2_msgs/msg/detail/rigid_body__type_support.hpp
[17.690s] -- Installing: /home/airlab/seed25/ros_packages/seed_controller_ws/src/install/mocap4r2_msgs/include/mocap4r2_msgs/msg/detail/imus_info__traits.hpp
[17.690s] -- Installing: /home/airlab/seed25/ros_packages/seed_controller_ws/src/install/mocap4r2_msgs/include/mocap4r2_msgs/msg/detail/rigid_bodies__traits.hpp
[17.690s] -- Installing: /home/airlab/seed25/ros_packages/seed_controller_ws/src/install/mocap4r2_msgs/include/mocap4r2_msgs/msg/detail/imus_info__builder.hpp
[17.690s] -- Installing: /home/airlab/seed25/ros_packages/seed_controller_ws/src/install/mocap4r2_msgs/include/mocap4r2_msgs/msg/detail/marker__struct.hpp
[17.691s] -- Installing: /home/airlab/seed25/ros_packages/seed_controller_ws/src/install/mocap4r2_msgs/include/mocap4r2_msgs/msg/detail/marker__builder.hpp
[17.691s] -- Installing: /home/airlab/seed25/ros_packages/seed_controller_ws/src/install/mocap4r2_msgs/include/mocap4r2_msgs/msg/detail/marker__type_support.hpp
[17.691s] -- Installing: /home/airlab/seed25/ros_packages/seed_controller_ws/src/install/mocap4r2_msgs/include/mocap4r2_msgs/msg/detail/imus_info__struct.hpp
[17.692s] -- Installing: /home/airlab/seed25/ros_packages/seed_controller_ws/src/install/mocap4r2_msgs/include/mocap4r2_msgs/msg/rigid_body.hpp
[17.692s] -- Installing: /home/airlab/seed25/ros_packages/seed_controller_ws/src/install/mocap4r2_msgs/include/mocap4r2_msgs/msg/marker.hpp
[17.692s] -- Installing: /home/airlab/seed25/ros_packages/seed_controller_ws/src/install/mocap4r2_msgs/include/mocap4r2_msgs/msg/imus_info.hpp
[17.693s] -- Up-to-date: /home/airlab/seed25/ros_packages/seed_controller_ws/src/install/mocap4r2_msgs/include/mocap4r2_msgs/srv
[17.693s] -- Up-to-date: /home/airlab/seed25/ros_packages/seed_controller_ws/src/install/mocap4r2_msgs/include/mocap4r2_msgs/srv/detail
[17.693s] -- Installing: /home/airlab/seed25/ros_packages/seed_controller_ws/src/install/mocap4r2_msgs/include/mocap4r2_msgs/srv/detail/create_rigid_body__type_support.hpp
[17.693s] -- Installing: /home/airlab/seed25/ros_packages/seed_controller_ws/src/install/mocap4r2_msgs/include/mocap4r2_msgs/srv/detail/create_rigid_body__traits.hpp
[17.693s] -- Installing: /home/airlab/seed25/ros_packages/seed_controller_ws/src/install/mocap4r2_msgs/include/mocap4r2_msgs/srv/detail/create_rigid_body__struct.hpp
[17.693s] -- Installing: /home/airlab/seed25/ros_packages/seed_controller_ws/src/install/mocap4r2_msgs/include/mocap4r2_msgs/srv/detail/create_rigid_body__builder.hpp
[17.694s] -- Installing: /home/airlab/seed25/ros_packages/seed_controller_ws/src/install/mocap4r2_msgs/include/mocap4r2_msgs/srv/create_rigid_body.hpp
[17.694s] -- Up-to-date: /home/airlab/seed25/ros_packages/seed_controller_ws/src/install/mocap4r2_msgs/include/mocap4r2_msgs
[17.694s] -- Up-to-date: /home/airlab/seed25/ros_packages/seed_controller_ws/src/install/mocap4r2_msgs/include/mocap4r2_msgs/msg
[17.694s] -- Up-to-date: /home/airlab/seed25/ros_packages/seed_controller_ws/src/install/mocap4r2_msgs/include/mocap4r2_msgs/msg/detail
[17.694s] -- Installing: /home/airlab/seed25/ros_packages/seed_controller_ws/src/install/mocap4r2_msgs/include/mocap4r2_msgs/msg/detail/rigid_bodies__rosidl_typesupport_introspection_cpp.hpp
[17.694s] -- Installing: /home/airlab/seed25/ros_packages/seed_controller_ws/src/install/mocap4r2_msgs/include/mocap4r2_msgs/msg/detail/marker__type_support.cpp
[17.694s] -- Installing: /home/airlab/seed25/ros_packages/seed_controller_ws/src/install/mocap4r2_msgs/include/mocap4r2_msgs/msg/detail/imus_info__type_support.cpp
[17.695s] -- Installing: /home/airlab/seed25/ros_packages/seed_controller_ws/src/install/mocap4r2_msgs/include/mocap4r2_msgs/msg/detail/rigid_bodies__type_support.cpp
[17.695s] -- Installing: /home/airlab/seed25/ros_packages/seed_controller_ws/src/install/mocap4r2_msgs/include/mocap4r2_msgs/msg/detail/markers__rosidl_typesupport_introspection_cpp.hpp
[17.695s] -- Installing: /home/airlab/seed25/ros_packages/seed_controller_ws/src/install/mocap4r2_msgs/include/mocap4r2_msgs/msg/detail/imus_info__rosidl_typesupport_introspection_cpp.hpp
[17.696s] -- Installing: /home/airlab/seed25/ros_packages/seed_controller_ws/src/install/mocap4r2_msgs/include/mocap4r2_msgs/msg/detail/markers__type_support.cpp
[17.696s] -- Installing: /home/airlab/seed25/ros_packages/seed_controller_ws/src/install/mocap4r2_msgs/include/mocap4r2_msgs/msg/detail/rigid_body__type_support.cpp
[17.696s] -- Installing: /home/airlab/seed25/ros_packages/seed_controller_ws/src/install/mocap4r2_msgs/include/mocap4r2_msgs/msg/detail/marker__rosidl_typesupport_introspection_cpp.hpp
[17.696s] -- Installing: /home/airlab/seed25/ros_packages/seed_controller_ws/src/install/mocap4r2_msgs/include/mocap4r2_msgs/msg/detail/rigid_body__rosidl_typesupport_introspection_cpp.hpp
[17.697s] -- Up-to-date: /home/airlab/seed25/ros_packages/seed_controller_ws/src/install/mocap4r2_msgs/include/mocap4r2_msgs/srv
[17.697s] -- Up-to-date: /home/airlab/seed25/ros_packages/seed_controller_ws/src/install/mocap4r2_msgs/include/mocap4r2_msgs/srv/detail
[17.697s] -- Installing: /home/airlab/seed25/ros_packages/seed_controller_ws/src/install/mocap4r2_msgs/include/mocap4r2_msgs/srv/detail/create_rigid_body__rosidl_typesupport_introspection_cpp.hpp
[17.697s] -- Installing: /home/airlab/seed25/ros_packages/seed_controller_ws/src/install/mocap4r2_msgs/include/mocap4r2_msgs/srv/detail/create_rigid_body__type_support.cpp
[17.697s] -- Installing: /home/airlab/seed25/ros_packages/seed_controller_ws/src/install/mocap4r2_msgs/lib/libmocap4r2_msgs__rosidl_typesupport_introspection_cpp.so
[17.698s] -- Set runtime path of "/home/airlab/seed25/ros_packages/seed_controller_ws/src/install/mocap4r2_msgs/lib/libmocap4r2_msgs__rosidl_typesupport_introspection_cpp.so" to ""
[17.699s] -- Installing: /home/airlab/seed25/ros_packages/seed_controller_ws/src/install/mocap4r2_msgs/lib/libmocap4r2_msgs__rosidl_typesupport_cpp.so
[17.699s] -- Set runtime path of "/home/airlab/seed25/ros_packages/seed_controller_ws/src/install/mocap4r2_msgs/lib/libmocap4r2_msgs__rosidl_typesupport_cpp.so" to ""
[17.700s] -- Installing: /home/airlab/seed25/ros_packages/seed_controller_ws/src/install/mocap4r2_msgs/share/mocap4r2_msgs/environment/pythonpath.sh
[17.700s] -- Installing: /home/airlab/seed25/ros_packages/seed_controller_ws/src/install/mocap4r2_msgs/share/mocap4r2_msgs/environment/pythonpath.dsv
[17.700s] -- Installing: /home/airlab/seed25/ros_packages/seed_controller_ws/src/install/mocap4r2_msgs/lib/python3.8/site-packages/mocap4r2_msgs/__init__.py
[17.768s] Compiling '/home/airlab/seed25/ros_packages/seed_controller_ws/src/install/mocap4r2_msgs/lib/python3.8/site-packages/mocap4r2_msgs/__init__.py'...
[17.777s] -- Installing: /home/airlab/seed25/ros_packages/seed_controller_ws/src/install/mocap4r2_msgs/lib/python3.8/site-packages/mocap4r2_msgs/msg
[17.778s] -- Installing: /home/airlab/seed25/ros_packages/seed_controller_ws/src/install/mocap4r2_msgs/lib/python3.8/site-packages/mocap4r2_msgs/msg/_rigid_bodies.py
[17.778s] -- Installing: /home/airlab/seed25/ros_packages/seed_controller_ws/src/install/mocap4r2_msgs/lib/python3.8/site-packages/mocap4r2_msgs/msg/_markers_s.c
[17.778s] -- Installing: /home/airlab/seed25/ros_packages/seed_controller_ws/src/install/mocap4r2_msgs/lib/python3.8/site-packages/mocap4r2_msgs/msg/_marker_s.c
[17.778s] -- Installing: /home/airlab/seed25/ros_packages/seed_controller_ws/src/install/mocap4r2_msgs/lib/python3.8/site-packages/mocap4r2_msgs/msg/_imus_info.py
[17.778s] -- Installing: /home/airlab/seed25/ros_packages/seed_controller_ws/src/install/mocap4r2_msgs/lib/python3.8/site-packages/mocap4r2_msgs/msg/__init__.py
[17.779s] -- Installing: /home/airlab/seed25/ros_packages/seed_controller_ws/src/install/mocap4r2_msgs/lib/python3.8/site-packages/mocap4r2_msgs/msg/_rigid_bodies_s.c
[17.779s] -- Installing: /home/airlab/seed25/ros_packages/seed_controller_ws/src/install/mocap4r2_msgs/lib/python3.8/site-packages/mocap4r2_msgs/msg/_imus_info_s.c
[17.779s] -- Installing: /home/airlab/seed25/ros_packages/seed_controller_ws/src/install/mocap4r2_msgs/lib/python3.8/site-packages/mocap4r2_msgs/msg/_rigid_body_s.c
[17.780s] -- Installing: /home/airlab/seed25/ros_packages/seed_controller_ws/src/install/mocap4r2_msgs/lib/python3.8/site-packages/mocap4r2_msgs/msg/_rigid_body.py
[17.780s] -- Installing: /home/airlab/seed25/ros_packages/seed_controller_ws/src/install/mocap4r2_msgs/lib/python3.8/site-packages/mocap4r2_msgs/msg/_markers.py
[17.780s] -- Installing: /home/airlab/seed25/ros_packages/seed_controller_ws/src/install/mocap4r2_msgs/lib/python3.8/site-packages/mocap4r2_msgs/msg/_marker.py
[17.780s] -- Installing: /home/airlab/seed25/ros_packages/seed_controller_ws/src/install/mocap4r2_msgs/lib/python3.8/site-packages/mocap4r2_msgs/srv
[17.781s] -- Installing: /home/airlab/seed25/ros_packages/seed_controller_ws/src/install/mocap4r2_msgs/lib/python3.8/site-packages/mocap4r2_msgs/srv/_create_rigid_body.py
[17.781s] -- Installing: /home/airlab/seed25/ros_packages/seed_controller_ws/src/install/mocap4r2_msgs/lib/python3.8/site-packages/mocap4r2_msgs/srv/_create_rigid_body_s.c
[17.781s] -- Installing: /home/airlab/seed25/ros_packages/seed_controller_ws/src/install/mocap4r2_msgs/lib/python3.8/site-packages/mocap4r2_msgs/srv/__init__.py
[17.782s] -- Installing: /home/airlab/seed25/ros_packages/seed_controller_ws/src/install/mocap4r2_msgs/lib/python3.8/site-packages/mocap4r2_msgs/mocap4r2_msgs_s__rosidl_typesupport_fastrtps_c.cpython-38-aarch64-linux-gnu.so
[17.783s] -- Set runtime path of "/home/airlab/seed25/ros_packages/seed_controller_ws/src/install/mocap4r2_msgs/lib/python3.8/site-packages/mocap4r2_msgs/mocap4r2_msgs_s__rosidl_typesupport_fastrtps_c.cpython-38-aarch64-linux-gnu.so" to ""
[17.783s] -- Installing: /home/airlab/seed25/ros_packages/seed_controller_ws/src/install/mocap4r2_msgs/lib/python3.8/site-packages/mocap4r2_msgs/mocap4r2_msgs_s__rosidl_typesupport_introspection_c.cpython-38-aarch64-linux-gnu.so
[17.784s] -- Set runtime path of "/home/airlab/seed25/ros_packages/seed_controller_ws/src/install/mocap4r2_msgs/lib/python3.8/site-packages/mocap4r2_msgs/mocap4r2_msgs_s__rosidl_typesupport_introspection_c.cpython-38-aarch64-linux-gnu.so" to ""
[17.785s] -- Installing: /home/airlab/seed25/ros_packages/seed_controller_ws/src/install/mocap4r2_msgs/lib/python3.8/site-packages/mocap4r2_msgs/mocap4r2_msgs_s__rosidl_typesupport_c.cpython-38-aarch64-linux-gnu.so
[17.786s] -- Set runtime path of "/home/airlab/seed25/ros_packages/seed_controller_ws/src/install/mocap4r2_msgs/lib/python3.8/site-packages/mocap4r2_msgs/mocap4r2_msgs_s__rosidl_typesupport_c.cpython-38-aarch64-linux-gnu.so" to ""
[17.786s] -- Installing: /home/airlab/seed25/ros_packages/seed_controller_ws/src/install/mocap4r2_msgs/lib/libmocap4r2_msgs__python.so
[17.787s] -- Set runtime path of "/home/airlab/seed25/ros_packages/seed_controller_ws/src/install/mocap4r2_msgs/lib/libmocap4r2_msgs__python.so" to ""
[17.787s] -- Installing: /home/airlab/seed25/ros_packages/seed_controller_ws/src/install/mocap4r2_msgs/share/mocap4r2_msgs/msg/Marker.idl
[17.787s] -- Installing: /home/airlab/seed25/ros_packages/seed_controller_ws/src/install/mocap4r2_msgs/share/mocap4r2_msgs/msg/Markers.idl
[17.788s] -- Installing: /home/airlab/seed25/ros_packages/seed_controller_ws/src/install/mocap4r2_msgs/share/mocap4r2_msgs/msg/ImusInfo.idl
[17.788s] -- Installing: /home/airlab/seed25/ros_packages/seed_controller_ws/src/install/mocap4r2_msgs/share/mocap4r2_msgs/msg/RigidBody.idl
[17.788s] -- Installing: /home/airlab/seed25/ros_packages/seed_controller_ws/src/install/mocap4r2_msgs/share/mocap4r2_msgs/msg/RigidBodies.idl
[17.789s] -- Installing: /home/airlab/seed25/ros_packages/seed_controller_ws/src/install/mocap4r2_msgs/share/mocap4r2_msgs/srv/CreateRigidBody.idl
[17.789s] -- Installing: /home/airlab/seed25/ros_packages/seed_controller_ws/src/install/mocap4r2_msgs/share/mocap4r2_msgs/msg/Marker.msg
[17.789s] -- Installing: /home/airlab/seed25/ros_packages/seed_controller_ws/src/install/mocap4r2_msgs/share/mocap4r2_msgs/msg/Markers.msg
[17.790s] -- Installing: /home/airlab/seed25/ros_packages/seed_controller_ws/src/install/mocap4r2_msgs/share/mocap4r2_msgs/msg/ImusInfo.msg
[17.790s] -- Installing: /home/airlab/seed25/ros_packages/seed_controller_ws/src/install/mocap4r2_msgs/share/mocap4r2_msgs/msg/RigidBody.msg
[17.790s] -- Installing: /home/airlab/seed25/ros_packages/seed_controller_ws/src/install/mocap4r2_msgs/share/mocap4r2_msgs/msg/RigidBodies.msg
[17.791s] -- Installing: /home/airlab/seed25/ros_packages/seed_controller_ws/src/install/mocap4r2_msgs/share/mocap4r2_msgs/srv/CreateRigidBody.srv
[17.791s] -- Installing: /home/airlab/seed25/ros_packages/seed_controller_ws/src/install/mocap4r2_msgs/share/mocap4r2_msgs/srv/CreateRigidBody_Request.msg
[17.791s] -- Installing: /home/airlab/seed25/ros_packages/seed_controller_ws/src/install/mocap4r2_msgs/share/mocap4r2_msgs/srv/CreateRigidBody_Response.msg
[17.792s] -- Installing: /home/airlab/seed25/ros_packages/seed_controller_ws/src/install/mocap4r2_msgs/share/mocap4r2_msgs/mocap4r2_bridge_mapping_rule.yaml
[17.792s] -- Installing: /home/airlab/seed25/ros_packages/seed_controller_ws/src/install/mocap4r2_msgs/share/ament_index/resource_index/package_run_dependencies/mocap4r2_msgs
[17.792s] -- Installing: /home/airlab/seed25/ros_packages/seed_controller_ws/src/install/mocap4r2_msgs/share/ament_index/resource_index/parent_prefix_path/mocap4r2_msgs
[17.793s] -- Installing: /home/airlab/seed25/ros_packages/seed_controller_ws/src/install/mocap4r2_msgs/share/mocap4r2_msgs/environment/ament_prefix_path.sh
[17.793s] -- Installing: /home/airlab/seed25/ros_packages/seed_controller_ws/src/install/mocap4r2_msgs/share/mocap4r2_msgs/environment/ament_prefix_path.dsv
[17.793s] -- Installing: /home/airlab/seed25/ros_packages/seed_controller_ws/src/install/mocap4r2_msgs/share/mocap4r2_msgs/environment/path.sh
[17.794s] -- Installing: /home/airlab/seed25/ros_packages/seed_controller_ws/src/install/mocap4r2_msgs/share/mocap4r2_msgs/environment/path.dsv
[17.794s] -- Installing: /home/airlab/seed25/ros_packages/seed_controller_ws/src/install/mocap4r2_msgs/share/mocap4r2_msgs/local_setup.bash
[17.794s] -- Installing: /home/airlab/seed25/ros_packages/seed_controller_ws/src/install/mocap4r2_msgs/share/mocap4r2_msgs/local_setup.sh
[17.795s] -- Installing: /home/airlab/seed25/ros_packages/seed_controller_ws/src/install/mocap4r2_msgs/share/mocap4r2_msgs/local_setup.zsh
[17.795s] -- Installing: /home/airlab/seed25/ros_packages/seed_controller_ws/src/install/mocap4r2_msgs/share/mocap4r2_msgs/local_setup.dsv
[17.795s] -- Installing: /home/airlab/seed25/ros_packages/seed_controller_ws/src/install/mocap4r2_msgs/share/mocap4r2_msgs/package.dsv
[17.796s] -- Installing: /home/airlab/seed25/ros_packages/seed_controller_ws/src/install/mocap4r2_msgs/share/ament_index/resource_index/packages/mocap4r2_msgs
[17.796s] -- Installing: /home/airlab/seed25/ros_packages/seed_controller_ws/src/install/mocap4r2_msgs/share/mocap4r2_msgs/cmake/mocap4r2_msgs__rosidl_generator_cExport.cmake
[17.797s] -- Installing: /home/airlab/seed25/ros_packages/seed_controller_ws/src/install/mocap4r2_msgs/share/mocap4r2_msgs/cmake/mocap4r2_msgs__rosidl_generator_cExport-noconfig.cmake
[17.797s] -- Installing: /home/airlab/seed25/ros_packages/seed_controller_ws/src/install/mocap4r2_msgs/share/mocap4r2_msgs/cmake/mocap4r2_msgs__rosidl_typesupport_introspection_cExport.cmake
[17.797s] -- Installing: /home/airlab/seed25/ros_packages/seed_controller_ws/src/install/mocap4r2_msgs/share/mocap4r2_msgs/cmake/mocap4r2_msgs__rosidl_typesupport_introspection_cExport-noconfig.cmake
[17.798s] -- Installing: /home/airlab/seed25/ros_packages/seed_controller_ws/src/install/mocap4r2_msgs/share/mocap4r2_msgs/cmake/mocap4r2_msgs__rosidl_typesupport_cExport.cmake
[17.798s] -- Installing: /home/airlab/seed25/ros_packages/seed_controller_ws/src/install/mocap4r2_msgs/share/mocap4r2_msgs/cmake/mocap4r2_msgs__rosidl_typesupport_cExport-noconfig.cmake
[17.799s] -- Installing: /home/airlab/seed25/ros_packages/seed_controller_ws/src/install/mocap4r2_msgs/share/mocap4r2_msgs/cmake/mocap4r2_msgs__rosidl_generator_cppExport.cmake
[17.799s] -- Installing: /home/airlab/seed25/ros_packages/seed_controller_ws/src/install/mocap4r2_msgs/share/mocap4r2_msgs/cmake/mocap4r2_msgs__rosidl_typesupport_introspection_cppExport.cmake
[17.799s] -- Installing: /home/airlab/seed25/ros_packages/seed_controller_ws/src/install/mocap4r2_msgs/share/mocap4r2_msgs/cmake/mocap4r2_msgs__rosidl_typesupport_introspection_cppExport-noconfig.cmake
[17.800s] -- Installing: /home/airlab/seed25/ros_packages/seed_controller_ws/src/install/mocap4r2_msgs/share/mocap4r2_msgs/cmake/mocap4r2_msgs__rosidl_typesupport_cppExport.cmake
[17.800s] -- Installing: /home/airlab/seed25/ros_packages/seed_controller_ws/src/install/mocap4r2_msgs/share/mocap4r2_msgs/cmake/mocap4r2_msgs__rosidl_typesupport_cppExport-noconfig.cmake
[17.800s] -- Installing: /home/airlab/seed25/ros_packages/seed_controller_ws/src/install/mocap4r2_msgs/share/mocap4r2_msgs/cmake/rosidl_cmake-extras.cmake
[17.801s] -- Installing: /home/airlab/seed25/ros_packages/seed_controller_ws/src/install/mocap4r2_msgs/share/mocap4r2_msgs/cmake/ament_cmake_export_dependencies-extras.cmake
[17.801s] -- Installing: /home/airlab/seed25/ros_packages/seed_controller_ws/src/install/mocap4r2_msgs/share/mocap4r2_msgs/cmake/ament_cmake_export_libraries-extras.cmake
[17.801s] -- Installing: /home/airlab/seed25/ros_packages/seed_controller_ws/src/install/mocap4r2_msgs/share/mocap4r2_msgs/cmake/ament_cmake_export_targets-extras.cmake
[17.802s] -- Installing: /home/airlab/seed25/ros_packages/seed_controller_ws/src/install/mocap4r2_msgs/share/mocap4r2_msgs/cmake/ament_cmake_export_include_directories-extras.cmake
[17.802s] -- Installing: /home/airlab/seed25/ros_packages/seed_controller_ws/src/install/mocap4r2_msgs/share/mocap4r2_msgs/cmake/rosidl_cmake_export_typesupport_libraries-extras.cmake
[17.802s] -- Installing: /home/airlab/seed25/ros_packages/seed_controller_ws/src/install/mocap4r2_msgs/share/mocap4r2_msgs/cmake/rosidl_cmake_export_typesupport_targets-extras.cmake
[17.803s] -- Installing: /home/airlab/seed25/ros_packages/seed_controller_ws/src/install/mocap4r2_msgs/share/mocap4r2_msgs/cmake/mocap4r2_msgsConfig.cmake
[17.803s] -- Installing: /home/airlab/seed25/ros_packages/seed_controller_ws/src/install/mocap4r2_msgs/share/mocap4r2_msgs/cmake/mocap4r2_msgsConfig-version.cmake
[17.803s] -- Installing: /home/airlab/seed25/ros_packages/seed_controller_ws/src/install/mocap4r2_msgs/share/mocap4r2_msgs/package.xml
[17.811s] Invoked command in '/home/airlab/seed25/ros_packages/seed_controller_ws/src/build/mocap4r2_msgs' returned '0': CMAKE_PREFIX_PATH=${CMAKE_PREFIX_PATH}:/home/airlab/seed25/ros_packages/seed_controller_ws/install/opti_waypoint_nav:/home/airlab/seed25/ros_packages/seed_controller_ws/install/mv_controller:/home/airlab/seed25/ros_packages/seed_controller_ws/install/mocap_listener:/home/airlab/seed25/ros_packages/seed_controller_ws/install/ml_red_controller:/opt/ros/foxy /usr/bin/cmake --install /home/airlab/seed25/ros_packages/seed_controller_ws/src/build/mocap4r2_msgs
