[0.062s] Invoking command in '/home/airlab/seed25/ros_packages/mocap4r2_ws/build/mocap4r2_control_msgs': CMAKE_PREFIX_PATH=${CMAKE_PREFIX_PATH}:/home/airlab/seed25/ros_packages/mocap4r2_ws/install/mocap4r2cli:/opt/ros/foxy /usr/bin/cmake --build /home/airlab/seed25/ros_packages/mocap4r2_ws/build/mocap4r2_control_msgs -- -j4 -l4
[0.223s] [ 10%] Built target mocap4r2_control_msgs__rosidl_generator_c
[0.257s] [ 12%] Built target mocap4r2_control_msgs__cpp
[0.360s] [ 23%] Built target mocap4r2_control_msgs__rosidl_typesupport_introspection_c
[0.390s] [ 33%] Built target mocap4r2_control_msgs__rosidl_typesupport_c
[0.475s] [ 43%] Built target mocap4r2_control_msgs__rosidl_typesupport_fastrtps_cpp
[0.489s] [ 53%] Built target mocap4r2_control_msgs__rosidl_typesupport_introspection_cpp
[0.540s] [ 64%] Built target mocap4r2_control_msgs__rosidl_typesupport_cpp
[0.573s] [ 74%] Built target mocap4r2_control_msgs__rosidl_typesupport_fastrtps_c
[0.624s] [ 74%] Built target mocap4r2_control_msgs
[0.673s] [ 76%] Built target mocap4r2_control_msgs__py
[0.733s] [ 84%] Built target mocap4r2_control_msgs__python
[0.831s] [ 89%] Built target mocap4r2_control_msgs__rosidl_typesupport_fastrtps_c__pyext
[0.850s] [ 94%] Built target mocap4r2_control_msgs__rosidl_typesupport_introspection_c__pyext
[0.858s] [100%] Built target mocap4r2_control_msgs__rosidl_typesupport_c__pyext
[0.894s] Invoked command in '/home/airlab/seed25/ros_packages/mocap4r2_ws/build/mocap4r2_control_msgs' returned '0': CMAKE_PREFIX_PATH=${CMAKE_PREFIX_PATH}:/home/airlab/seed25/ros_packages/mocap4r2_ws/install/mocap4r2cli:/opt/ros/foxy /usr/bin/cmake --build /home/airlab/seed25/ros_packages/mocap4r2_ws/build/mocap4r2_control_msgs -- -j4 -l4
[0.934s] Invoking command in '/home/airlab/seed25/ros_packages/mocap4r2_ws/build/mocap4r2_control_msgs': CMAKE_PREFIX_PATH=${CMAKE_PREFIX_PATH}:/home/airlab/seed25/ros_packages/mocap4r2_ws/install/mocap4r2cli:/opt/ros/foxy /usr/bin/cmake --install /home/airlab/seed25/ros_packages/mocap4r2_ws/build/mocap4r2_control_msgs
[0.964s] -- Install configuration: ""
[0.965s] -- Up-to-date: /home/airlab/seed25/ros_packages/mocap4r2_ws/install/mocap4r2_control_msgs/share/ament_index/resource_index/rosidl_interfaces/mocap4r2_control_msgs
[0.965s] -- Up-to-date: /home/airlab/seed25/ros_packages/mocap4r2_ws/install/mocap4r2_control_msgs/include/mocap4r2_control_msgs
[0.965s] -- Up-to-date: /home/airlab/seed25/ros_packages/mocap4r2_ws/install/mocap4r2_control_msgs/include/mocap4r2_control_msgs/msg
[0.966s] -- Up-to-date: /home/airlab/seed25/ros_packages/mocap4r2_ws/install/mocap4r2_control_msgs/include/mocap4r2_control_msgs/msg/control.h
[0.966s] -- Up-to-date: /home/airlab/seed25/ros_packages/mocap4r2_ws/install/mocap4r2_control_msgs/include/mocap4r2_control_msgs/msg/detail
[0.966s] -- Up-to-date: /home/airlab/seed25/ros_packages/mocap4r2_ws/install/mocap4r2_control_msgs/include/mocap4r2_control_msgs/msg/detail/mocap_info__functions.c
[0.966s] -- Up-to-date: /home/airlab/seed25/ros_packages/mocap4r2_ws/install/mocap4r2_control_msgs/include/mocap4r2_control_msgs/msg/detail/control__struct.h
[0.967s] -- Up-to-date: /home/airlab/seed25/ros_packages/mocap4r2_ws/install/mocap4r2_control_msgs/include/mocap4r2_control_msgs/msg/detail/mocap_info__functions.h
[0.967s] -- Up-to-date: /home/airlab/seed25/ros_packages/mocap4r2_ws/install/mocap4r2_control_msgs/include/mocap4r2_control_msgs/msg/detail/control__type_support.h
[0.967s] -- Up-to-date: /home/airlab/seed25/ros_packages/mocap4r2_ws/install/mocap4r2_control_msgs/include/mocap4r2_control_msgs/msg/detail/mocap_info__struct.h
[0.968s] -- Up-to-date: /home/airlab/seed25/ros_packages/mocap4r2_ws/install/mocap4r2_control_msgs/include/mocap4r2_control_msgs/msg/detail/control__functions.h
[0.968s] -- Up-to-date: /home/airlab/seed25/ros_packages/mocap4r2_ws/install/mocap4r2_control_msgs/include/mocap4r2_control_msgs/msg/detail/mocap_info__type_support.h
[0.968s] -- Up-to-date: /home/airlab/seed25/ros_packages/mocap4r2_ws/install/mocap4r2_control_msgs/include/mocap4r2_control_msgs/msg/detail/control__functions.c
[0.968s] -- Up-to-date: /home/airlab/seed25/ros_packages/mocap4r2_ws/install/mocap4r2_control_msgs/include/mocap4r2_control_msgs/msg/rosidl_generator_c__visibility_control.h
[0.968s] -- Up-to-date: /home/airlab/seed25/ros_packages/mocap4r2_ws/install/mocap4r2_control_msgs/include/mocap4r2_control_msgs/msg/mocap_info.h
[0.969s] -- Up-to-date: /home/airlab/seed25/ros_packages/mocap4r2_ws/install/mocap4r2_control_msgs/share/mocap4r2_control_msgs/environment/library_path.sh
[0.969s] -- Up-to-date: /home/airlab/seed25/ros_packages/mocap4r2_ws/install/mocap4r2_control_msgs/share/mocap4r2_control_msgs/environment/library_path.dsv
[0.969s] -- Up-to-date: /home/airlab/seed25/ros_packages/mocap4r2_ws/install/mocap4r2_control_msgs/lib/libmocap4r2_control_msgs__rosidl_generator_c.so
[0.969s] -- Up-to-date: /home/airlab/seed25/ros_packages/mocap4r2_ws/install/mocap4r2_control_msgs/include/mocap4r2_control_msgs
[0.970s] -- Up-to-date: /home/airlab/seed25/ros_packages/mocap4r2_ws/install/mocap4r2_control_msgs/include/mocap4r2_control_msgs/msg
[0.970s] -- Up-to-date: /home/airlab/seed25/ros_packages/mocap4r2_ws/install/mocap4r2_control_msgs/include/mocap4r2_control_msgs/msg/detail
[0.970s] -- Up-to-date: /home/airlab/seed25/ros_packages/mocap4r2_ws/install/mocap4r2_control_msgs/include/mocap4r2_control_msgs/msg/detail/control__rosidl_typesupport_fastrtps_c.h
[0.970s] -- Up-to-date: /home/airlab/seed25/ros_packages/mocap4r2_ws/install/mocap4r2_control_msgs/include/mocap4r2_control_msgs/msg/detail/mocap_info__rosidl_typesupport_fastrtps_c.h
[0.970s] -- Up-to-date: /home/airlab/seed25/ros_packages/mocap4r2_ws/install/mocap4r2_control_msgs/include/mocap4r2_control_msgs/msg/rosidl_typesupport_fastrtps_c__visibility_control.h
[0.970s] -- Up-to-date: /home/airlab/seed25/ros_packages/mocap4r2_ws/install/mocap4r2_control_msgs/lib/libmocap4r2_control_msgs__rosidl_typesupport_fastrtps_c.so
[0.971s] -- Up-to-date: /home/airlab/seed25/ros_packages/mocap4r2_ws/install/mocap4r2_control_msgs/include/mocap4r2_control_msgs
[0.971s] -- Up-to-date: /home/airlab/seed25/ros_packages/mocap4r2_ws/install/mocap4r2_control_msgs/include/mocap4r2_control_msgs/msg
[0.972s] -- Up-to-date: /home/airlab/seed25/ros_packages/mocap4r2_ws/install/mocap4r2_control_msgs/include/mocap4r2_control_msgs/msg/rosidl_typesupport_fastrtps_cpp__visibility_control.h
[0.972s] -- Up-to-date: /home/airlab/seed25/ros_packages/mocap4r2_ws/install/mocap4r2_control_msgs/include/mocap4r2_control_msgs/msg/detail
[0.973s] -- Up-to-date: /home/airlab/seed25/ros_packages/mocap4r2_ws/install/mocap4r2_control_msgs/include/mocap4r2_control_msgs/msg/detail/mocap_info__rosidl_typesupport_fastrtps_cpp.hpp
[0.973s] -- Up-to-date: /home/airlab/seed25/ros_packages/mocap4r2_ws/install/mocap4r2_control_msgs/include/mocap4r2_control_msgs/msg/detail/control__rosidl_typesupport_fastrtps_cpp.hpp
[0.973s] -- Up-to-date: /home/airlab/seed25/ros_packages/mocap4r2_ws/install/mocap4r2_control_msgs/include/mocap4r2_control_msgs/msg/detail/dds_fastrtps
[0.973s] -- Up-to-date: /home/airlab/seed25/ros_packages/mocap4r2_ws/install/mocap4r2_control_msgs/lib/libmocap4r2_control_msgs__rosidl_typesupport_fastrtps_cpp.so
[0.973s] -- Up-to-date: /home/airlab/seed25/ros_packages/mocap4r2_ws/install/mocap4r2_control_msgs/include/mocap4r2_control_msgs
[0.973s] -- Up-to-date: /home/airlab/seed25/ros_packages/mocap4r2_ws/install/mocap4r2_control_msgs/include/mocap4r2_control_msgs/msg
[0.973s] -- Up-to-date: /home/airlab/seed25/ros_packages/mocap4r2_ws/install/mocap4r2_control_msgs/include/mocap4r2_control_msgs/msg/detail
[0.974s] -- Up-to-date: /home/airlab/seed25/ros_packages/mocap4r2_ws/install/mocap4r2_control_msgs/include/mocap4r2_control_msgs/msg/detail/mocap_info__rosidl_typesupport_introspection_c.h
[0.974s] -- Up-to-date: /home/airlab/seed25/ros_packages/mocap4r2_ws/install/mocap4r2_control_msgs/include/mocap4r2_control_msgs/msg/detail/control__rosidl_typesupport_introspection_c.h
[0.974s] -- Up-to-date: /home/airlab/seed25/ros_packages/mocap4r2_ws/install/mocap4r2_control_msgs/include/mocap4r2_control_msgs/msg/detail/mocap_info__type_support.c
[0.974s] -- Up-to-date: /home/airlab/seed25/ros_packages/mocap4r2_ws/install/mocap4r2_control_msgs/include/mocap4r2_control_msgs/msg/detail/control__type_support.c
[0.974s] -- Up-to-date: /home/airlab/seed25/ros_packages/mocap4r2_ws/install/mocap4r2_control_msgs/include/mocap4r2_control_msgs/msg/rosidl_typesupport_introspection_c__visibility_control.h
[0.975s] -- Up-to-date: /home/airlab/seed25/ros_packages/mocap4r2_ws/install/mocap4r2_control_msgs/lib/libmocap4r2_control_msgs__rosidl_typesupport_introspection_c.so
[0.975s] -- Up-to-date: /home/airlab/seed25/ros_packages/mocap4r2_ws/install/mocap4r2_control_msgs/lib/libmocap4r2_control_msgs__rosidl_typesupport_c.so
[0.975s] -- Up-to-date: /home/airlab/seed25/ros_packages/mocap4r2_ws/install/mocap4r2_control_msgs/include/mocap4r2_control_msgs
[0.975s] -- Up-to-date: /home/airlab/seed25/ros_packages/mocap4r2_ws/install/mocap4r2_control_msgs/include/mocap4r2_control_msgs/msg
[0.975s] -- Up-to-date: /home/airlab/seed25/ros_packages/mocap4r2_ws/install/mocap4r2_control_msgs/include/mocap4r2_control_msgs/msg/rosidl_generator_cpp__visibility_control.hpp
[0.975s] -- Up-to-date: /home/airlab/seed25/ros_packages/mocap4r2_ws/install/mocap4r2_control_msgs/include/mocap4r2_control_msgs/msg/control.hpp
[0.975s] -- Up-to-date: /home/airlab/seed25/ros_packages/mocap4r2_ws/install/mocap4r2_control_msgs/include/mocap4r2_control_msgs/msg/detail
[0.976s] -- Up-to-date: /home/airlab/seed25/ros_packages/mocap4r2_ws/install/mocap4r2_control_msgs/include/mocap4r2_control_msgs/msg/detail/control__type_support.hpp
[0.976s] -- Up-to-date: /home/airlab/seed25/ros_packages/mocap4r2_ws/install/mocap4r2_control_msgs/include/mocap4r2_control_msgs/msg/detail/mocap_info__type_support.hpp
[0.976s] -- Up-to-date: /home/airlab/seed25/ros_packages/mocap4r2_ws/install/mocap4r2_control_msgs/include/mocap4r2_control_msgs/msg/detail/mocap_info__builder.hpp
[0.976s] -- Up-to-date: /home/airlab/seed25/ros_packages/mocap4r2_ws/install/mocap4r2_control_msgs/include/mocap4r2_control_msgs/msg/detail/control__builder.hpp
[0.976s] -- Up-to-date: /home/airlab/seed25/ros_packages/mocap4r2_ws/install/mocap4r2_control_msgs/include/mocap4r2_control_msgs/msg/detail/mocap_info__traits.hpp
[0.976s] -- Up-to-date: /home/airlab/seed25/ros_packages/mocap4r2_ws/install/mocap4r2_control_msgs/include/mocap4r2_control_msgs/msg/detail/control__struct.hpp
[0.976s] -- Up-to-date: /home/airlab/seed25/ros_packages/mocap4r2_ws/install/mocap4r2_control_msgs/include/mocap4r2_control_msgs/msg/detail/mocap_info__struct.hpp
[0.976s] -- Up-to-date: /home/airlab/seed25/ros_packages/mocap4r2_ws/install/mocap4r2_control_msgs/include/mocap4r2_control_msgs/msg/detail/control__traits.hpp
[0.977s] -- Up-to-date: /home/airlab/seed25/ros_packages/mocap4r2_ws/install/mocap4r2_control_msgs/include/mocap4r2_control_msgs/msg/mocap_info.hpp
[0.977s] -- Up-to-date: /home/airlab/seed25/ros_packages/mocap4r2_ws/install/mocap4r2_control_msgs/include/mocap4r2_control_msgs
[0.977s] -- Up-to-date: /home/airlab/seed25/ros_packages/mocap4r2_ws/install/mocap4r2_control_msgs/include/mocap4r2_control_msgs/msg
[0.977s] -- Up-to-date: /home/airlab/seed25/ros_packages/mocap4r2_ws/install/mocap4r2_control_msgs/include/mocap4r2_control_msgs/msg/detail
[0.977s] -- Up-to-date: /home/airlab/seed25/ros_packages/mocap4r2_ws/install/mocap4r2_control_msgs/include/mocap4r2_control_msgs/msg/detail/control__rosidl_typesupport_introspection_cpp.hpp
[0.977s] -- Up-to-date: /home/airlab/seed25/ros_packages/mocap4r2_ws/install/mocap4r2_control_msgs/include/mocap4r2_control_msgs/msg/detail/mocap_info__rosidl_typesupport_introspection_cpp.hpp
[0.977s] -- Up-to-date: /home/airlab/seed25/ros_packages/mocap4r2_ws/install/mocap4r2_control_msgs/include/mocap4r2_control_msgs/msg/detail/control__type_support.cpp
[0.978s] -- Up-to-date: /home/airlab/seed25/ros_packages/mocap4r2_ws/install/mocap4r2_control_msgs/include/mocap4r2_control_msgs/msg/detail/mocap_info__type_support.cpp
[0.978s] -- Up-to-date: /home/airlab/seed25/ros_packages/mocap4r2_ws/install/mocap4r2_control_msgs/lib/libmocap4r2_control_msgs__rosidl_typesupport_introspection_cpp.so
[0.978s] -- Up-to-date: /home/airlab/seed25/ros_packages/mocap4r2_ws/install/mocap4r2_control_msgs/lib/libmocap4r2_control_msgs__rosidl_typesupport_cpp.so
[0.978s] -- Up-to-date: /home/airlab/seed25/ros_packages/mocap4r2_ws/install/mocap4r2_control_msgs/share/mocap4r2_control_msgs/environment/pythonpath.sh
[0.978s] -- Up-to-date: /home/airlab/seed25/ros_packages/mocap4r2_ws/install/mocap4r2_control_msgs/share/mocap4r2_control_msgs/environment/pythonpath.dsv
[0.978s] -- Up-to-date: /home/airlab/seed25/ros_packages/mocap4r2_ws/install/mocap4r2_control_msgs/lib/python3.8/site-packages/mocap4r2_control_msgs/__init__.py
[1.066s] -- Up-to-date: /home/airlab/seed25/ros_packages/mocap4r2_ws/install/mocap4r2_control_msgs/lib/python3.8/site-packages/mocap4r2_control_msgs/msg
[1.071s] -- Up-to-date: /home/airlab/seed25/ros_packages/mocap4r2_ws/install/mocap4r2_control_msgs/lib/python3.8/site-packages/mocap4r2_control_msgs/msg/_control.py
[1.071s] -- Up-to-date: /home/airlab/seed25/ros_packages/mocap4r2_ws/install/mocap4r2_control_msgs/lib/python3.8/site-packages/mocap4r2_control_msgs/msg/_control_s.c
[1.071s] -- Up-to-date: /home/airlab/seed25/ros_packages/mocap4r2_ws/install/mocap4r2_control_msgs/lib/python3.8/site-packages/mocap4r2_control_msgs/msg/_mocap_info_s.c
[1.072s] -- Up-to-date: /home/airlab/seed25/ros_packages/mocap4r2_ws/install/mocap4r2_control_msgs/lib/python3.8/site-packages/mocap4r2_control_msgs/msg/__init__.py
[1.072s] -- Up-to-date: /home/airlab/seed25/ros_packages/mocap4r2_ws/install/mocap4r2_control_msgs/lib/python3.8/site-packages/mocap4r2_control_msgs/msg/_mocap_info.py
[1.072s] -- Up-to-date: /home/airlab/seed25/ros_packages/mocap4r2_ws/install/mocap4r2_control_msgs/lib/python3.8/site-packages/mocap4r2_control_msgs/mocap4r2_control_msgs_s__rosidl_typesupport_fastrtps_c.cpython-38-aarch64-linux-gnu.so
[1.072s] -- Up-to-date: /home/airlab/seed25/ros_packages/mocap4r2_ws/install/mocap4r2_control_msgs/lib/python3.8/site-packages/mocap4r2_control_msgs/mocap4r2_control_msgs_s__rosidl_typesupport_introspection_c.cpython-38-aarch64-linux-gnu.so
[1.072s] -- Up-to-date: /home/airlab/seed25/ros_packages/mocap4r2_ws/install/mocap4r2_control_msgs/lib/python3.8/site-packages/mocap4r2_control_msgs/mocap4r2_control_msgs_s__rosidl_typesupport_c.cpython-38-aarch64-linux-gnu.so
[1.082s] -- Up-to-date: /home/airlab/seed25/ros_packages/mocap4r2_ws/install/mocap4r2_control_msgs/lib/libmocap4r2_control_msgs__python.so
[1.083s] -- Up-to-date: /home/airlab/seed25/ros_packages/mocap4r2_ws/install/mocap4r2_control_msgs/share/mocap4r2_control_msgs/msg/Control.idl
[1.083s] -- Up-to-date: /home/airlab/seed25/ros_packages/mocap4r2_ws/install/mocap4r2_control_msgs/share/mocap4r2_control_msgs/msg/MocapInfo.idl
[1.083s] -- Up-to-date: /home/airlab/seed25/ros_packages/mocap4r2_ws/install/mocap4r2_control_msgs/share/mocap4r2_control_msgs/msg/Control.msg
[1.084s] -- Up-to-date: /home/airlab/seed25/ros_packages/mocap4r2_ws/install/mocap4r2_control_msgs/share/mocap4r2_control_msgs/msg/MocapInfo.msg
[1.084s] -- Up-to-date: /home/airlab/seed25/ros_packages/mocap4r2_ws/install/mocap4r2_control_msgs/share/mocap4r2_control_msgs/mocap4r2_control_bridge_mapping_rule.yaml
[1.084s] -- Up-to-date: /home/airlab/seed25/ros_packages/mocap4r2_ws/install/mocap4r2_control_msgs/share/ament_index/resource_index/package_run_dependencies/mocap4r2_control_msgs
[1.084s] -- Up-to-date: /home/airlab/seed25/ros_packages/mocap4r2_ws/install/mocap4r2_control_msgs/share/ament_index/resource_index/parent_prefix_path/mocap4r2_control_msgs
[1.085s] -- Up-to-date: /home/airlab/seed25/ros_packages/mocap4r2_ws/install/mocap4r2_control_msgs/share/mocap4r2_control_msgs/environment/ament_prefix_path.sh
[1.085s] -- Up-to-date: /home/airlab/seed25/ros_packages/mocap4r2_ws/install/mocap4r2_control_msgs/share/mocap4r2_control_msgs/environment/ament_prefix_path.dsv
[1.085s] -- Up-to-date: /home/airlab/seed25/ros_packages/mocap4r2_ws/install/mocap4r2_control_msgs/share/mocap4r2_control_msgs/environment/path.sh
[1.085s] -- Up-to-date: /home/airlab/seed25/ros_packages/mocap4r2_ws/install/mocap4r2_control_msgs/share/mocap4r2_control_msgs/environment/path.dsv
[1.085s] -- Up-to-date: /home/airlab/seed25/ros_packages/mocap4r2_ws/install/mocap4r2_control_msgs/share/mocap4r2_control_msgs/local_setup.bash
[1.086s] -- Up-to-date: /home/airlab/seed25/ros_packages/mocap4r2_ws/install/mocap4r2_control_msgs/share/mocap4r2_control_msgs/local_setup.sh
[1.086s] -- Up-to-date: /home/airlab/seed25/ros_packages/mocap4r2_ws/install/mocap4r2_control_msgs/share/mocap4r2_control_msgs/local_setup.zsh
[1.086s] -- Up-to-date: /home/airlab/seed25/ros_packages/mocap4r2_ws/install/mocap4r2_control_msgs/share/mocap4r2_control_msgs/local_setup.dsv
[1.086s] -- Installing: /home/airlab/seed25/ros_packages/mocap4r2_ws/install/mocap4r2_control_msgs/share/mocap4r2_control_msgs/package.dsv
[1.087s] -- Up-to-date: /home/airlab/seed25/ros_packages/mocap4r2_ws/install/mocap4r2_control_msgs/share/ament_index/resource_index/packages/mocap4r2_control_msgs
[1.087s] -- Up-to-date: /home/airlab/seed25/ros_packages/mocap4r2_ws/install/mocap4r2_control_msgs/share/mocap4r2_control_msgs/cmake/mocap4r2_control_msgs__rosidl_generator_cExport.cmake
[1.087s] -- Up-to-date: /home/airlab/seed25/ros_packages/mocap4r2_ws/install/mocap4r2_control_msgs/share/mocap4r2_control_msgs/cmake/mocap4r2_control_msgs__rosidl_generator_cExport-noconfig.cmake
[1.087s] -- Up-to-date: /home/airlab/seed25/ros_packages/mocap4r2_ws/install/mocap4r2_control_msgs/share/mocap4r2_control_msgs/cmake/mocap4r2_control_msgs__rosidl_typesupport_introspection_cExport.cmake
[1.087s] -- Up-to-date: /home/airlab/seed25/ros_packages/mocap4r2_ws/install/mocap4r2_control_msgs/share/mocap4r2_control_msgs/cmake/mocap4r2_control_msgs__rosidl_typesupport_introspection_cExport-noconfig.cmake
[1.088s] -- Up-to-date: /home/airlab/seed25/ros_packages/mocap4r2_ws/install/mocap4r2_control_msgs/share/mocap4r2_control_msgs/cmake/mocap4r2_control_msgs__rosidl_typesupport_cExport.cmake
[1.088s] -- Up-to-date: /home/airlab/seed25/ros_packages/mocap4r2_ws/install/mocap4r2_control_msgs/share/mocap4r2_control_msgs/cmake/mocap4r2_control_msgs__rosidl_typesupport_cExport-noconfig.cmake
[1.088s] -- Up-to-date: /home/airlab/seed25/ros_packages/mocap4r2_ws/install/mocap4r2_control_msgs/share/mocap4r2_control_msgs/cmake/mocap4r2_control_msgs__rosidl_generator_cppExport.cmake
[1.088s] -- Up-to-date: /home/airlab/seed25/ros_packages/mocap4r2_ws/install/mocap4r2_control_msgs/share/mocap4r2_control_msgs/cmake/mocap4r2_control_msgs__rosidl_typesupport_introspection_cppExport.cmake
[1.088s] -- Up-to-date: /home/airlab/seed25/ros_packages/mocap4r2_ws/install/mocap4r2_control_msgs/share/mocap4r2_control_msgs/cmake/mocap4r2_control_msgs__rosidl_typesupport_introspection_cppExport-noconfig.cmake
[1.089s] -- Up-to-date: /home/airlab/seed25/ros_packages/mocap4r2_ws/install/mocap4r2_control_msgs/share/mocap4r2_control_msgs/cmake/mocap4r2_control_msgs__rosidl_typesupport_cppExport.cmake
[1.089s] -- Up-to-date: /home/airlab/seed25/ros_packages/mocap4r2_ws/install/mocap4r2_control_msgs/share/mocap4r2_control_msgs/cmake/mocap4r2_control_msgs__rosidl_typesupport_cppExport-noconfig.cmake
[1.090s] -- Up-to-date: /home/airlab/seed25/ros_packages/mocap4r2_ws/install/mocap4r2_control_msgs/share/mocap4r2_control_msgs/cmake/rosidl_cmake-extras.cmake
[1.090s] -- Up-to-date: /home/airlab/seed25/ros_packages/mocap4r2_ws/install/mocap4r2_control_msgs/share/mocap4r2_control_msgs/cmake/ament_cmake_export_dependencies-extras.cmake
[1.091s] -- Up-to-date: /home/airlab/seed25/ros_packages/mocap4r2_ws/install/mocap4r2_control_msgs/share/mocap4r2_control_msgs/cmake/ament_cmake_export_libraries-extras.cmake
[1.092s] -- Up-to-date: /home/airlab/seed25/ros_packages/mocap4r2_ws/install/mocap4r2_control_msgs/share/mocap4r2_control_msgs/cmake/ament_cmake_export_targets-extras.cmake
[1.092s] -- Up-to-date: /home/airlab/seed25/ros_packages/mocap4r2_ws/install/mocap4r2_control_msgs/share/mocap4r2_control_msgs/cmake/ament_cmake_export_include_directories-extras.cmake
[1.093s] -- Up-to-date: /home/airlab/seed25/ros_packages/mocap4r2_ws/install/mocap4r2_control_msgs/share/mocap4r2_control_msgs/cmake/rosidl_cmake_export_typesupport_libraries-extras.cmake
[1.093s] -- Up-to-date: /home/airlab/seed25/ros_packages/mocap4r2_ws/install/mocap4r2_control_msgs/share/mocap4r2_control_msgs/cmake/rosidl_cmake_export_typesupport_targets-extras.cmake
[1.094s] -- Up-to-date: /home/airlab/seed25/ros_packages/mocap4r2_ws/install/mocap4r2_control_msgs/share/mocap4r2_control_msgs/cmake/mocap4r2_control_msgsConfig.cmake
[1.094s] -- Up-to-date: /home/airlab/seed25/ros_packages/mocap4r2_ws/install/mocap4r2_control_msgs/share/mocap4r2_control_msgs/cmake/mocap4r2_control_msgsConfig-version.cmake
[1.095s] -- Up-to-date: /home/airlab/seed25/ros_packages/mocap4r2_ws/install/mocap4r2_control_msgs/share/mocap4r2_control_msgs/package.xml
[1.107s] Invoked command in '/home/airlab/seed25/ros_packages/mocap4r2_ws/build/mocap4r2_control_msgs' returned '0': CMAKE_PREFIX_PATH=${CMAKE_PREFIX_PATH}:/home/airlab/seed25/ros_packages/mocap4r2_ws/install/mocap4r2cli:/opt/ros/foxy /usr/bin/cmake --install /home/airlab/seed25/ros_packages/mocap4r2_ws/build/mocap4r2_control_msgs
