[2.007s] Invoking command in '/home/airlab/seed25/ros_packages/seed_controller_ws/src/opti_waypoint_nav': AMENT_PREFIX_PATH=/home/airlab/seed25/ros_packages/seed_controller_ws/src/install/mocap4r2_msgs:${AMENT_PREFIX_PATH} CMAKE_PREFIX_PATH=/home/airlab/seed25/ros_packages/seed_controller_ws/src/install/mocap4r2_msgs:${CMAKE_PREFIX_PATH} LD_LIBRARY_PATH=/home/airlab/seed25/ros_packages/seed_controller_ws/src/install/mocap4r2_msgs/lib:/home/airlab/seed25/ros_packages/seed_controller_ws/install/mocap4r2_msgs/lib:/opt/ros/foxy/opt/yaml_cpp_vendor/lib:/opt/ros/foxy/opt/rviz_ogre_vendor/lib:/opt/ros/foxy/lib/aarch64-linux-gnu:/opt/ros/foxy/lib:/usr/local/cuda-11.4/lib64 PYTHONPATH=/home/airlab/seed25/ros_packages/seed_controller_ws/src/build/opti_waypoint_nav/prefix_override:/usr/lib/python3/dist-packages/colcon_core/task/python/colcon_distutils_commands:/home/airlab/seed25/ros_packages/seed_controller_ws/src/install/opti_waypoint_nav/lib/python3.8/site-packages:/home/airlab/seed25/ros_packages/seed_controller_ws/src/install/mocap4r2_msgs/lib/python3.8/site-packages:${PYTHONPATH} /usr/bin/python3 -W ignore:setup.py install is deprecated -W ignore:easy_install command is deprecated setup.py egg_info --egg-base ../build/opti_waypoint_nav build --build-base /home/airlab/seed25/ros_packages/seed_controller_ws/src/build/opti_waypoint_nav/build install --record /home/airlab/seed25/ros_packages/seed_controller_ws/src/build/opti_waypoint_nav/install.log --install-scripts $base/lib/opti_waypoint_nav --single-version-externally-managed install_data
[2.515s] running egg_info
[2.516s] creating ../build/opti_waypoint_nav/opti_waypoint_nav.egg-info
[2.516s] writing ../build/opti_waypoint_nav/opti_waypoint_nav.egg-info/PKG-INFO
[2.517s] writing dependency_links to ../build/opti_waypoint_nav/opti_waypoint_nav.egg-info/dependency_links.txt
[2.517s] writing entry points to ../build/opti_waypoint_nav/opti_waypoint_nav.egg-info/entry_points.txt
[2.518s] writing requirements to ../build/opti_waypoint_nav/opti_waypoint_nav.egg-info/requires.txt
[2.518s] writing top-level names to ../build/opti_waypoint_nav/opti_waypoint_nav.egg-info/top_level.txt
[2.521s] writing manifest file '../build/opti_waypoint_nav/opti_waypoint_nav.egg-info/SOURCES.txt'
[2.587s] reading manifest file '../build/opti_waypoint_nav/opti_waypoint_nav.egg-info/SOURCES.txt'
[2.588s] writing manifest file '../build/opti_waypoint_nav/opti_waypoint_nav.egg-info/SOURCES.txt'
[2.588s] running build
[2.589s] running build_py
[2.589s] creating /home/airlab/seed25/ros_packages/seed_controller_ws/src/build/opti_waypoint_nav/build
[2.590s] creating /home/airlab/seed25/ros_packages/seed_controller_ws/src/build/opti_waypoint_nav/build/lib
[2.590s] creating /home/airlab/seed25/ros_packages/seed_controller_ws/src/build/opti_waypoint_nav/build/lib/opti_waypoint_nav
[2.590s] copying opti_waypoint_nav/sabertooth.py -> /home/airlab/seed25/ros_packages/seed_controller_ws/src/build/opti_waypoint_nav/build/lib/opti_waypoint_nav
[2.591s] copying opti_waypoint_nav/virtual_twin_node.py -> /home/airlab/seed25/ros_packages/seed_controller_ws/src/build/opti_waypoint_nav/build/lib/opti_waypoint_nav
[2.591s] copying opti_waypoint_nav/waypoint_manager_node.py -> /home/airlab/seed25/ros_packages/seed_controller_ws/src/build/opti_waypoint_nav/build/lib/opti_waypoint_nav
[2.591s] copying opti_waypoint_nav/dual_camera_node.py -> /home/airlab/seed25/ros_packages/seed_controller_ws/src/build/opti_waypoint_nav/build/lib/opti_waypoint_nav
[2.592s] copying opti_waypoint_nav/PID.py -> /home/airlab/seed25/ros_packages/seed_controller_ws/src/build/opti_waypoint_nav/build/lib/opti_waypoint_nav
[2.592s] copying opti_waypoint_nav/telemetry_node.py -> /home/airlab/seed25/ros_packages/seed_controller_ws/src/build/opti_waypoint_nav/build/lib/opti_waypoint_nav
[2.592s] copying opti_waypoint_nav/__init__.py -> /home/airlab/seed25/ros_packages/seed_controller_ws/src/build/opti_waypoint_nav/build/lib/opti_waypoint_nav
[2.593s] copying opti_waypoint_nav/path_follower_node.py -> /home/airlab/seed25/ros_packages/seed_controller_ws/src/build/opti_waypoint_nav/build/lib/opti_waypoint_nav
[2.593s] running install
[2.595s] running install_lib
[2.597s] creating /home/airlab/seed25/ros_packages/seed_controller_ws/src/install/opti_waypoint_nav/lib/python3.8/site-packages/opti_waypoint_nav
[2.597s] copying /home/airlab/seed25/ros_packages/seed_controller_ws/src/build/opti_waypoint_nav/build/lib/opti_waypoint_nav/sabertooth.py -> /home/airlab/seed25/ros_packages/seed_controller_ws/src/install/opti_waypoint_nav/lib/python3.8/site-packages/opti_waypoint_nav
[2.597s] copying /home/airlab/seed25/ros_packages/seed_controller_ws/src/build/opti_waypoint_nav/build/lib/opti_waypoint_nav/virtual_twin_node.py -> /home/airlab/seed25/ros_packages/seed_controller_ws/src/install/opti_waypoint_nav/lib/python3.8/site-packages/opti_waypoint_nav
[2.598s] copying /home/airlab/seed25/ros_packages/seed_controller_ws/src/build/opti_waypoint_nav/build/lib/opti_waypoint_nav/waypoint_manager_node.py -> /home/airlab/seed25/ros_packages/seed_controller_ws/src/install/opti_waypoint_nav/lib/python3.8/site-packages/opti_waypoint_nav
[2.598s] copying /home/airlab/seed25/ros_packages/seed_controller_ws/src/build/opti_waypoint_nav/build/lib/opti_waypoint_nav/dual_camera_node.py -> /home/airlab/seed25/ros_packages/seed_controller_ws/src/install/opti_waypoint_nav/lib/python3.8/site-packages/opti_waypoint_nav
[2.598s] copying /home/airlab/seed25/ros_packages/seed_controller_ws/src/build/opti_waypoint_nav/build/lib/opti_waypoint_nav/PID.py -> /home/airlab/seed25/ros_packages/seed_controller_ws/src/install/opti_waypoint_nav/lib/python3.8/site-packages/opti_waypoint_nav
[2.599s] copying /home/airlab/seed25/ros_packages/seed_controller_ws/src/build/opti_waypoint_nav/build/lib/opti_waypoint_nav/telemetry_node.py -> /home/airlab/seed25/ros_packages/seed_controller_ws/src/install/opti_waypoint_nav/lib/python3.8/site-packages/opti_waypoint_nav
[2.599s] copying /home/airlab/seed25/ros_packages/seed_controller_ws/src/build/opti_waypoint_nav/build/lib/opti_waypoint_nav/__init__.py -> /home/airlab/seed25/ros_packages/seed_controller_ws/src/install/opti_waypoint_nav/lib/python3.8/site-packages/opti_waypoint_nav
[2.600s] copying /home/airlab/seed25/ros_packages/seed_controller_ws/src/build/opti_waypoint_nav/build/lib/opti_waypoint_nav/path_follower_node.py -> /home/airlab/seed25/ros_packages/seed_controller_ws/src/install/opti_waypoint_nav/lib/python3.8/site-packages/opti_waypoint_nav
[2.600s] byte-compiling /home/airlab/seed25/ros_packages/seed_controller_ws/src/install/opti_waypoint_nav/lib/python3.8/site-packages/opti_waypoint_nav/sabertooth.py to sabertooth.cpython-38.pyc
[2.604s] byte-compiling /home/airlab/seed25/ros_packages/seed_controller_ws/src/install/opti_waypoint_nav/lib/python3.8/site-packages/opti_waypoint_nav/virtual_twin_node.py to virtual_twin_node.cpython-38.pyc
[2.605s] byte-compiling /home/airlab/seed25/ros_packages/seed_controller_ws/src/install/opti_waypoint_nav/lib/python3.8/site-packages/opti_waypoint_nav/waypoint_manager_node.py to waypoint_manager_node.cpython-38.pyc
[2.607s] byte-compiling /home/airlab/seed25/ros_packages/seed_controller_ws/src/install/opti_waypoint_nav/lib/python3.8/site-packages/opti_waypoint_nav/dual_camera_node.py to dual_camera_node.cpython-38.pyc
[2.609s] byte-compiling /home/airlab/seed25/ros_packages/seed_controller_ws/src/install/opti_waypoint_nav/lib/python3.8/site-packages/opti_waypoint_nav/PID.py to PID.cpython-38.pyc
[2.609s] byte-compiling /home/airlab/seed25/ros_packages/seed_controller_ws/src/install/opti_waypoint_nav/lib/python3.8/site-packages/opti_waypoint_nav/telemetry_node.py to telemetry_node.cpython-38.pyc
[2.611s] byte-compiling /home/airlab/seed25/ros_packages/seed_controller_ws/src/install/opti_waypoint_nav/lib/python3.8/site-packages/opti_waypoint_nav/__init__.py to __init__.cpython-38.pyc
[2.611s] byte-compiling /home/airlab/seed25/ros_packages/seed_controller_ws/src/install/opti_waypoint_nav/lib/python3.8/site-packages/opti_waypoint_nav/path_follower_node.py to path_follower_node.cpython-38.pyc
[2.613s] running install_data
[2.613s] creating /home/airlab/seed25/ros_packages/seed_controller_ws/src/install/opti_waypoint_nav/share/ament_index
[2.613s] creating /home/airlab/seed25/ros_packages/seed_controller_ws/src/install/opti_waypoint_nav/share/ament_index/resource_index
[2.613s] creating /home/airlab/seed25/ros_packages/seed_controller_ws/src/install/opti_waypoint_nav/share/ament_index/resource_index/packages
[2.614s] copying resource/opti_waypoint_nav -> /home/airlab/seed25/ros_packages/seed_controller_ws/src/install/opti_waypoint_nav/share/ament_index/resource_index/packages
[2.614s] copying package.xml -> /home/airlab/seed25/ros_packages/seed_controller_ws/src/install/opti_waypoint_nav/share/opti_waypoint_nav
[2.614s] creating /home/airlab/seed25/ros_packages/seed_controller_ws/src/install/opti_waypoint_nav/share/opti_waypoint_nav/launch
[2.614s] copying launch/launch.py -> /home/airlab/seed25/ros_packages/seed_controller_ws/src/install/opti_waypoint_nav/share/opti_waypoint_nav/launch
[2.615s] running install_egg_info
[2.620s] Copying ../build/opti_waypoint_nav/opti_waypoint_nav.egg-info to /home/airlab/seed25/ros_packages/seed_controller_ws/src/install/opti_waypoint_nav/lib/python3.8/site-packages/opti_waypoint_nav-0.0.0-py3.8.egg-info
[2.622s] running install_scripts
[2.660s] Installing dual_camera_node script to /home/airlab/seed25/ros_packages/seed_controller_ws/src/install/opti_waypoint_nav/lib/opti_waypoint_nav
[2.660s] Installing path_follower_node script to /home/airlab/seed25/ros_packages/seed_controller_ws/src/install/opti_waypoint_nav/lib/opti_waypoint_nav
[2.660s] Installing telemetry_node script to /home/airlab/seed25/ros_packages/seed_controller_ws/src/install/opti_waypoint_nav/lib/opti_waypoint_nav
[2.661s] Installing virtual_twin_node script to /home/airlab/seed25/ros_packages/seed_controller_ws/src/install/opti_waypoint_nav/lib/opti_waypoint_nav
[2.661s] Installing waypoint_manager_node script to /home/airlab/seed25/ros_packages/seed_controller_ws/src/install/opti_waypoint_nav/lib/opti_waypoint_nav
[2.662s] writing list of installed files to '/home/airlab/seed25/ros_packages/seed_controller_ws/src/build/opti_waypoint_nav/install.log'
[2.732s] Invoked command in '/home/airlab/seed25/ros_packages/seed_controller_ws/src/opti_waypoint_nav' returned '0': AMENT_PREFIX_PATH=/home/airlab/seed25/ros_packages/seed_controller_ws/src/install/mocap4r2_msgs:${AMENT_PREFIX_PATH} CMAKE_PREFIX_PATH=/home/airlab/seed25/ros_packages/seed_controller_ws/src/install/mocap4r2_msgs:${CMAKE_PREFIX_PATH} LD_LIBRARY_PATH=/home/airlab/seed25/ros_packages/seed_controller_ws/src/install/mocap4r2_msgs/lib:/home/airlab/seed25/ros_packages/seed_controller_ws/install/mocap4r2_msgs/lib:/opt/ros/foxy/opt/yaml_cpp_vendor/lib:/opt/ros/foxy/opt/rviz_ogre_vendor/lib:/opt/ros/foxy/lib/aarch64-linux-gnu:/opt/ros/foxy/lib:/usr/local/cuda-11.4/lib64 PYTHONPATH=/home/airlab/seed25/ros_packages/seed_controller_ws/src/build/opti_waypoint_nav/prefix_override:/usr/lib/python3/dist-packages/colcon_core/task/python/colcon_distutils_commands:/home/airlab/seed25/ros_packages/seed_controller_ws/src/install/opti_waypoint_nav/lib/python3.8/site-packages:/home/airlab/seed25/ros_packages/seed_controller_ws/src/install/mocap4r2_msgs/lib/python3.8/site-packages:${PYTHONPATH} /usr/bin/python3 -W ignore:setup.py install is deprecated -W ignore:easy_install command is deprecated setup.py egg_info --egg-base ../build/opti_waypoint_nav build --build-base /home/airlab/seed25/ros_packages/seed_controller_ws/src/build/opti_waypoint_nav/build install --record /home/airlab/seed25/ros_packages/seed_controller_ws/src/build/opti_waypoint_nav/install.log --install-scripts $base/lib/opti_waypoint_nav --single-version-externally-managed install_data
