[0.050s] Invoking command in '/home/airlab/seed25/ros_packages/mocap4r2_ws/build/mocap4r2_msgs': CMAKE_PREFIX_PATH=${CMAKE_PREFIX_PATH}:/home/airlab/seed25/ros_packages/mocap4r2_ws/install/mocap4r2cli:/opt/ros/foxy /usr/bin/cmake /home/airlab/seed25/ros_packages/mocap4r2_ws/src/mocap_msgs -DCMAKE_INSTALL_PREFIX=/home/airlab/seed25/ros_packages/mocap4r2_ws/install/mocap4r2_msgs
[0.164s] -- The C compiler identification is GNU 9.4.0
[0.289s] -- The CXX compiler identification is GNU 9.4.0
[0.293s] -- Check for working C compiler: /usr/bin/cc
[0.458s] -- Check for working C compiler: /usr/bin/cc -- works
[0.461s] -- Detecting C compiler ABI info
[0.618s] -- Detecting C compiler ABI info - done
[0.638s] -- Detecting C compile features
[0.638s] -- Detecting C compile features - done
[0.646s] -- Check for working CXX compiler: /usr/bin/c++
[0.836s] -- Check for working CXX compiler: /usr/bin/c++ -- works
[0.846s] -- Detecting CXX compiler ABI info
[1.014s] -- Detecting CXX compiler ABI info - done
[1.039s] -- Detecting CXX compile features
[1.040s] -- Detecting CXX compile features - done
[1.044s] -- Found ament_cmake: 0.9.12 (/opt/ros/foxy/share/ament_cmake/cmake)
[1.102s] -- Found PythonInterp: /usr/bin/python3 (found suitable version "3.8.10", minimum required is "3") 
[1.104s] -- Using PYTHON_EXECUTABLE: /usr/bin/python3
[1.608s] -- Found rosidl_default_generators: 1.0.1 (/opt/ros/foxy/share/rosidl_default_generators/cmake)
[1.615s] -- Using all available rosidl_typesupport_c: rosidl_typesupport_fastrtps_c;rosidl_typesupport_introspection_c
[1.626s] -- Found rosidl_adapter: 1.3.1 (/opt/ros/foxy/share/rosidl_adapter/cmake)
[1.826s] -- Found OpenSSL: /usr/lib/aarch64-linux-gnu/libcrypto.so (found version "1.1.1f")  
[1.887s] -- Found FastRTPS: /opt/ros/foxy/include  
[2.047s] -- Using all available rosidl_typesupport_cpp: rosidl_typesupport_fastrtps_cpp;rosidl_typesupport_introspection_cpp
[2.101s] -- Found builtin_interfaces: 1.0.0 (/opt/ros/foxy/share/builtin_interfaces/cmake)
[2.127s] -- Found std_msgs: 2.0.5 (/opt/ros/foxy/share/std_msgs/cmake)
[2.162s] -- Found geometry_msgs: 2.0.5 (/opt/ros/foxy/share/geometry_msgs/cmake)
[2.283s] -- Found PythonInterp: /usr/bin/python3 (found version "3.8.10") 
[2.730s] -- Found ament_cmake_ros: 0.9.2 (/opt/ros/foxy/share/ament_cmake_ros/cmake)
[3.211s] -- Using all available rosidl_typesupport_c: rosidl_typesupport_fastrtps_c;rosidl_typesupport_introspection_c
[3.423s] -- Using all available rosidl_typesupport_cpp: rosidl_typesupport_fastrtps_cpp;rosidl_typesupport_introspection_cpp
[3.485s] -- Found PythonInterp: /usr/bin/python3 (found suitable version "3.8.10", minimum required is "3.5") 
[3.487s] -- Found python_cmake_module: 0.8.1 (/opt/ros/foxy/share/python_cmake_module/cmake)
[3.552s] -- Found PythonLibs: /usr/lib/aarch64-linux-gnu/libpython3.8.so (found suitable version "3.8.10", minimum required is "3.5") 
[3.552s] -- Using PYTHON_EXECUTABLE: /usr/bin/python3
[3.552s] -- Using PYTHON_INCLUDE_DIRS: /usr/include/python3.8
[3.552s] -- Using PYTHON_LIBRARIES: /usr/lib/aarch64-linux-gnu/libpython3.8.so
[3.608s] -- Found PythonExtra: .so  
[3.822s] -- Configuring done
[3.946s] -- Generating done
[3.990s] -- Build files have been written to: /home/airlab/seed25/ros_packages/mocap4r2_ws/build/mocap4r2_msgs
[4.037s] Invoked command in '/home/airlab/seed25/ros_packages/mocap4r2_ws/build/mocap4r2_msgs' returned '0': CMAKE_PREFIX_PATH=${CMAKE_PREFIX_PATH}:/home/airlab/seed25/ros_packages/mocap4r2_ws/install/mocap4r2cli:/opt/ros/foxy /usr/bin/cmake /home/airlab/seed25/ros_packages/mocap4r2_ws/src/mocap_msgs -DCMAKE_INSTALL_PREFIX=/home/airlab/seed25/ros_packages/mocap4r2_ws/install/mocap4r2_msgs
[4.044s] Invoking command in '/home/airlab/seed25/ros_packages/mocap4r2_ws/build/mocap4r2_msgs': CMAKE_PREFIX_PATH=${CMAKE_PREFIX_PATH}:/home/airlab/seed25/ros_packages/mocap4r2_ws/install/mocap4r2cli:/opt/ros/foxy /usr/bin/cmake --build /home/airlab/seed25/ros_packages/mocap4r2_ws/build/mocap4r2_msgs -- -j4 -l4
[4.185s] [35m[1mScanning dependencies of target mocap4r2_msgs__cpp[0m
[4.195s] [  1%] [34m[1mGenerating C code for ROS interfaces[0m
[4.268s] [  3%] [34m[1mGenerating C++ code for ROS interfaces[0m
[7.128s] [  3%] Built target mocap4r2_msgs__cpp
[7.261s] [  4%] [34m[1mGenerating C++ introspection for ROS interfaces[0m
[7.357s] [  6%] [34m[1mGenerating C++ type support for eProsima Fast-RTPS[0m
[7.742s] [  7%] [34m[1mGenerating C++ type support dispatch for ROS interfaces[0m
[7.782s] [35m[1mScanning dependencies of target mocap4r2_msgs__rosidl_generator_c[0m
[7.931s] [  9%] [32mBuilding C object CMakeFiles/mocap4r2_msgs__rosidl_generator_c.dir/rosidl_generator_c/mocap4r2_msgs/msg/detail/marker__functions.c.o[0m
[8.389s] [ 11%] [32mBuilding C object CMakeFiles/mocap4r2_msgs__rosidl_generator_c.dir/rosidl_generator_c/mocap4r2_msgs/msg/detail/markers__functions.c.o[0m
[8.951s] [ 12%] [32mBuilding C object CMakeFiles/mocap4r2_msgs__rosidl_generator_c.dir/rosidl_generator_c/mocap4r2_msgs/msg/detail/imus_info__functions.c.o[0m
[9.325s] [ 14%] [32mBuilding C object CMakeFiles/mocap4r2_msgs__rosidl_generator_c.dir/rosidl_generator_c/mocap4r2_msgs/msg/detail/rigid_body__functions.c.o[0m
[9.807s] [ 15%] [32mBuilding C object CMakeFiles/mocap4r2_msgs__rosidl_generator_c.dir/rosidl_generator_c/mocap4r2_msgs/msg/detail/rigid_bodies__functions.c.o[0m
[10.290s] [ 17%] [32m[1mLinking C shared library libmocap4r2_msgs__rosidl_generator_c.so[0m
[10.562s] [35m[1mScanning dependencies of target mocap4r2_msgs__rosidl_typesupport_cpp[0m
[10.694s] [ 19%] [32mBuilding CXX object CMakeFiles/mocap4r2_msgs__rosidl_typesupport_cpp.dir/rosidl_typesupport_cpp/mocap4r2_msgs/msg/marker__type_support.cpp.o[0m
[10.706s] [ 19%] Built target mocap4r2_msgs__rosidl_generator_c
[10.824s] [ 20%] [34m[1mGenerating C introspection for ROS interfaces[0m
[11.187s] [35m[1mScanning dependencies of target mocap4r2_msgs__rosidl_typesupport_introspection_cpp[0m
[11.350s] [ 22%] [32mBuilding CXX object CMakeFiles/mocap4r2_msgs__rosidl_typesupport_introspection_cpp.dir/rosidl_typesupport_introspection_cpp/mocap4r2_msgs/msg/detail/marker__type_support.cpp.o[0m
[11.635s] [35m[1mScanning dependencies of target mocap4r2_msgs__rosidl_typesupport_fastrtps_cpp[0m
[11.806s] [ 23%] [32mBuilding CXX object CMakeFiles/mocap4r2_msgs__rosidl_typesupport_fastrtps_cpp.dir/rosidl_typesupport_fastrtps_cpp/mocap4r2_msgs/msg/detail/dds_fastrtps/marker__type_support.cpp.o[0m
[12.981s] [ 25%] [32mBuilding CXX object CMakeFiles/mocap4r2_msgs__rosidl_typesupport_cpp.dir/rosidl_typesupport_cpp/mocap4r2_msgs/msg/markers__type_support.cpp.o[0m
[13.860s] [ 26%] [32mBuilding CXX object CMakeFiles/mocap4r2_msgs__rosidl_typesupport_introspection_cpp.dir/rosidl_typesupport_introspection_cpp/mocap4r2_msgs/msg/detail/markers__type_support.cpp.o[0m
[14.202s] [35m[1mScanning dependencies of target mocap4r2_msgs__rosidl_typesupport_introspection_c[0m
[14.321s] [ 28%] [32mBuilding C object CMakeFiles/mocap4r2_msgs__rosidl_typesupport_introspection_c.dir/rosidl_typesupport_introspection_c/mocap4r2_msgs/msg/detail/marker__type_support.c.o[0m
[14.585s] [ 30%] [32mBuilding C object CMakeFiles/mocap4r2_msgs__rosidl_typesupport_introspection_c.dir/rosidl_typesupport_introspection_c/mocap4r2_msgs/msg/detail/markers__type_support.c.o[0m
[14.768s] [ 31%] [32mBuilding C object CMakeFiles/mocap4r2_msgs__rosidl_typesupport_introspection_c.dir/rosidl_typesupport_introspection_c/mocap4r2_msgs/msg/detail/imus_info__type_support.c.o[0m
[14.773s] [ 33%] [32mBuilding CXX object CMakeFiles/mocap4r2_msgs__rosidl_typesupport_fastrtps_cpp.dir/rosidl_typesupport_fastrtps_cpp/mocap4r2_msgs/msg/detail/dds_fastrtps/markers__type_support.cpp.o[0m
[14.974s] [ 34%] [32mBuilding C object CMakeFiles/mocap4r2_msgs__rosidl_typesupport_introspection_c.dir/rosidl_typesupport_introspection_c/mocap4r2_msgs/msg/detail/rigid_body__type_support.c.o[0m
[14.984s] [ 36%] [32mBuilding CXX object CMakeFiles/mocap4r2_msgs__rosidl_typesupport_cpp.dir/rosidl_typesupport_cpp/mocap4r2_msgs/msg/imus_info__type_support.cpp.o[0m
[15.240s] [ 38%] [32mBuilding C object CMakeFiles/mocap4r2_msgs__rosidl_typesupport_introspection_c.dir/rosidl_typesupport_introspection_c/mocap4r2_msgs/msg/detail/rigid_bodies__type_support.c.o[0m
[15.450s] [ 39%] [32m[1mLinking C shared library libmocap4r2_msgs__rosidl_typesupport_introspection_c.so[0m
[15.640s] [ 39%] Built target mocap4r2_msgs__rosidl_typesupport_introspection_c
[15.693s] [ 41%] [34m[1mGenerating C type support dispatch for ROS interfaces[0m
[15.813s] [ 42%] [32mBuilding CXX object CMakeFiles/mocap4r2_msgs__rosidl_typesupport_introspection_cpp.dir/rosidl_typesupport_introspection_cpp/mocap4r2_msgs/msg/detail/imus_info__type_support.cpp.o[0m
[16.347s] [ 44%] [32mBuilding CXX object CMakeFiles/mocap4r2_msgs__rosidl_typesupport_cpp.dir/rosidl_typesupport_cpp/mocap4r2_msgs/msg/rigid_body__type_support.cpp.o[0m
[16.692s] [ 46%] [32mBuilding CXX object CMakeFiles/mocap4r2_msgs__rosidl_typesupport_fastrtps_cpp.dir/rosidl_typesupport_fastrtps_cpp/mocap4r2_msgs/msg/detail/dds_fastrtps/imus_info__type_support.cpp.o[0m
[17.207s] [35m[1mScanning dependencies of target mocap4r2_msgs__rosidl_typesupport_c[0m
[17.309s] [ 47%] [32mBuilding CXX object CMakeFiles/mocap4r2_msgs__rosidl_typesupport_c.dir/rosidl_typesupport_c/mocap4r2_msgs/msg/marker__type_support.cpp.o[0m
[17.392s] [ 49%] [32mBuilding CXX object CMakeFiles/mocap4r2_msgs__rosidl_typesupport_introspection_cpp.dir/rosidl_typesupport_introspection_cpp/mocap4r2_msgs/msg/detail/rigid_body__type_support.cpp.o[0m
[17.476s] [ 50%] [32mBuilding CXX object CMakeFiles/mocap4r2_msgs__rosidl_typesupport_c.dir/rosidl_typesupport_c/mocap4r2_msgs/msg/markers__type_support.cpp.o[0m
[17.644s] [ 52%] [32mBuilding CXX object CMakeFiles/mocap4r2_msgs__rosidl_typesupport_c.dir/rosidl_typesupport_c/mocap4r2_msgs/msg/imus_info__type_support.cpp.o[0m
[17.800s] [ 53%] [32mBuilding CXX object CMakeFiles/mocap4r2_msgs__rosidl_typesupport_cpp.dir/rosidl_typesupport_cpp/mocap4r2_msgs/msg/rigid_bodies__type_support.cpp.o[0m
[17.829s] [ 55%] [32mBuilding CXX object CMakeFiles/mocap4r2_msgs__rosidl_typesupport_c.dir/rosidl_typesupport_c/mocap4r2_msgs/msg/rigid_body__type_support.cpp.o[0m
[18.033s] [ 57%] [32mBuilding CXX object CMakeFiles/mocap4r2_msgs__rosidl_typesupport_c.dir/rosidl_typesupport_c/mocap4r2_msgs/msg/rigid_bodies__type_support.cpp.o[0m
[18.224s] [ 58%] [32m[1mLinking CXX shared library libmocap4r2_msgs__rosidl_typesupport_c.so[0m
[18.487s] [ 58%] Built target mocap4r2_msgs__rosidl_typesupport_c
[18.522s] [ 60%] [32mBuilding CXX object CMakeFiles/mocap4r2_msgs__rosidl_typesupport_introspection_cpp.dir/rosidl_typesupport_introspection_cpp/mocap4r2_msgs/msg/detail/rigid_bodies__type_support.cpp.o[0m
[18.949s] [ 61%] [32mBuilding CXX object CMakeFiles/mocap4r2_msgs__rosidl_typesupport_fastrtps_cpp.dir/rosidl_typesupport_fastrtps_cpp/mocap4r2_msgs/msg/detail/dds_fastrtps/rigid_body__type_support.cpp.o[0m
[19.105s] [ 63%] [32m[1mLinking CXX shared library libmocap4r2_msgs__rosidl_typesupport_cpp.so[0m
[19.114s] [ 65%] [32mBuilding CXX object CMakeFiles/mocap4r2_msgs__rosidl_typesupport_fastrtps_cpp.dir/rosidl_typesupport_fastrtps_cpp/mocap4r2_msgs/msg/detail/dds_fastrtps/rigid_bodies__type_support.cpp.o[0m
[19.352s] [ 65%] Built target mocap4r2_msgs__rosidl_typesupport_cpp
[19.990s] [ 66%] [32m[1mLinking CXX shared library libmocap4r2_msgs__rosidl_typesupport_introspection_cpp.so[0m
[20.187s] [ 66%] Built target mocap4r2_msgs__rosidl_typesupport_introspection_cpp
[20.837s] [ 68%] [32m[1mLinking CXX shared library libmocap4r2_msgs__rosidl_typesupport_fastrtps_cpp.so[0m
[21.150s] [ 68%] Built target mocap4r2_msgs__rosidl_typesupport_fastrtps_cpp
[21.175s] [ 69%] [34m[1mGenerating C type support for eProsima Fast-RTPS[0m
[22.109s] [35m[1mScanning dependencies of target mocap4r2_msgs__rosidl_typesupport_fastrtps_c[0m
[22.176s] [ 71%] [32mBuilding CXX object CMakeFiles/mocap4r2_msgs__rosidl_typesupport_fastrtps_c.dir/rosidl_typesupport_fastrtps_c/mocap4r2_msgs/msg/detail/marker__type_support_c.cpp.o[0m
[22.184s] [ 73%] [32mBuilding CXX object CMakeFiles/mocap4r2_msgs__rosidl_typesupport_fastrtps_c.dir/rosidl_typesupport_fastrtps_c/mocap4r2_msgs/msg/detail/imus_info__type_support_c.cpp.o[0m
[22.198s] [ 74%] [32mBuilding CXX object CMakeFiles/mocap4r2_msgs__rosidl_typesupport_fastrtps_c.dir/rosidl_typesupport_fastrtps_c/mocap4r2_msgs/msg/detail/markers__type_support_c.cpp.o[0m
[23.112s] [ 76%] [32mBuilding CXX object CMakeFiles/mocap4r2_msgs__rosidl_typesupport_fastrtps_c.dir/rosidl_typesupport_fastrtps_c/mocap4r2_msgs/msg/detail/rigid_bodies__type_support_c.cpp.o[0m
[23.116s] [ 77%] [32mBuilding CXX object CMakeFiles/mocap4r2_msgs__rosidl_typesupport_fastrtps_c.dir/rosidl_typesupport_fastrtps_c/mocap4r2_msgs/msg/detail/rigid_body__type_support_c.cpp.o[0m
[24.050s] [ 79%] [32m[1mLinking CXX shared library libmocap4r2_msgs__rosidl_typesupport_fastrtps_c.so[0m
[24.234s] [ 79%] Built target mocap4r2_msgs__rosidl_typesupport_fastrtps_c
[24.259s] [35m[1mScanning dependencies of target mocap4r2_msgs[0m
[24.285s] [ 79%] Built target mocap4r2_msgs
[24.310s] [35m[1mScanning dependencies of target mocap4r2_msgs__py[0m
[24.337s] [ 80%] [34m[1mGenerating Python code for ROS interfaces[0m
[25.878s] [ 80%] Built target mocap4r2_msgs__py
[25.902s] [35m[1mScanning dependencies of target mocap4r2_msgs__python[0m
[25.955s] [ 85%] [32mBuilding C object CMakeFiles/mocap4r2_msgs__python.dir/rosidl_generator_py/mocap4r2_msgs/msg/_marker_s.c.o[0m
[25.956s] [ 85%] [32mBuilding C object CMakeFiles/mocap4r2_msgs__python.dir/rosidl_generator_py/mocap4r2_msgs/msg/_markers_s.c.o[0m
[25.956s] [ 85%] [32mBuilding C object CMakeFiles/mocap4r2_msgs__python.dir/rosidl_generator_py/mocap4r2_msgs/msg/_imus_info_s.c.o[0m
[26.154s] [ 87%] [32mBuilding C object CMakeFiles/mocap4r2_msgs__python.dir/rosidl_generator_py/mocap4r2_msgs/msg/_rigid_body_s.c.o[0m
[26.166s] [ 88%] [32mBuilding C object CMakeFiles/mocap4r2_msgs__python.dir/rosidl_generator_py/mocap4r2_msgs/msg/_rigid_bodies_s.c.o[0m
[26.362s] [ 90%] [32m[1mLinking C shared library rosidl_generator_py/mocap4r2_msgs/libmocap4r2_msgs__python.so[0m
[26.453s] [ 90%] Built target mocap4r2_msgs__python
[26.475s] [35m[1mScanning dependencies of target mocap4r2_msgs__rosidl_typesupport_introspection_c__pyext[0m
[26.476s] [35m[1mScanning dependencies of target mocap4r2_msgs__rosidl_typesupport_c__pyext[0m
[26.476s] [35m[1mScanning dependencies of target mocap4r2_msgs__rosidl_typesupport_fastrtps_c__pyext[0m
[26.522s] [ 93%] [32mBuilding C object CMakeFiles/mocap4r2_msgs__rosidl_typesupport_introspection_c__pyext.dir/rosidl_generator_py/mocap4r2_msgs/_mocap4r2_msgs_s.ep.rosidl_typesupport_introspection_c.c.o[0m
[26.522s] [ 93%] [32mBuilding C object CMakeFiles/mocap4r2_msgs__rosidl_typesupport_c__pyext.dir/rosidl_generator_py/mocap4r2_msgs/_mocap4r2_msgs_s.ep.rosidl_typesupport_c.c.o[0m
[26.531s] [ 95%] [32mBuilding C object CMakeFiles/mocap4r2_msgs__rosidl_typesupport_fastrtps_c__pyext.dir/rosidl_generator_py/mocap4r2_msgs/_mocap4r2_msgs_s.ep.rosidl_typesupport_fastrtps_c.c.o[0m
[26.726s] [ 98%] [32m[1mLinking C shared library rosidl_generator_py/mocap4r2_msgs/mocap4r2_msgs_s__rosidl_typesupport_c.cpython-38-aarch64-linux-gnu.so[0m
[26.727s] [ 98%] [32m[1mLinking C shared library rosidl_generator_py/mocap4r2_msgs/mocap4r2_msgs_s__rosidl_typesupport_introspection_c.cpython-38-aarch64-linux-gnu.so[0m
[26.742s] [100%] [32m[1mLinking CXX shared library rosidl_generator_py/mocap4r2_msgs/mocap4r2_msgs_s__rosidl_typesupport_fastrtps_c.cpython-38-aarch64-linux-gnu.so[0m
[26.824s] [100%] Built target mocap4r2_msgs__rosidl_typesupport_introspection_c__pyext
[26.825s] [100%] Built target mocap4r2_msgs__rosidl_typesupport_c__pyext
[26.891s] [100%] Built target mocap4r2_msgs__rosidl_typesupport_fastrtps_c__pyext
[26.920s] Invoked command in '/home/airlab/seed25/ros_packages/mocap4r2_ws/build/mocap4r2_msgs' returned '0': CMAKE_PREFIX_PATH=${CMAKE_PREFIX_PATH}:/home/airlab/seed25/ros_packages/mocap4r2_ws/install/mocap4r2cli:/opt/ros/foxy /usr/bin/cmake --build /home/airlab/seed25/ros_packages/mocap4r2_ws/build/mocap4r2_msgs -- -j4 -l4
[26.926s] Invoking command in '/home/airlab/seed25/ros_packages/mocap4r2_ws/build/mocap4r2_msgs': CMAKE_PREFIX_PATH=${CMAKE_PREFIX_PATH}:/home/airlab/seed25/ros_packages/mocap4r2_ws/install/mocap4r2cli:/opt/ros/foxy /usr/bin/cmake --install /home/airlab/seed25/ros_packages/mocap4r2_ws/build/mocap4r2_msgs
[26.948s] -- Install configuration: ""
[26.949s] -- Installing: /home/airlab/seed25/ros_packages/mocap4r2_ws/install/mocap4r2_msgs/share/ament_index/resource_index/rosidl_interfaces/mocap4r2_msgs
[26.949s] -- Installing: /home/airlab/seed25/ros_packages/mocap4r2_ws/install/mocap4r2_msgs/include/mocap4r2_msgs
[26.949s] -- Installing: /home/airlab/seed25/ros_packages/mocap4r2_ws/install/mocap4r2_msgs/include/mocap4r2_msgs/msg
[26.949s] -- Installing: /home/airlab/seed25/ros_packages/mocap4r2_ws/install/mocap4r2_msgs/include/mocap4r2_msgs/msg/markers.h
[26.949s] -- Installing: /home/airlab/seed25/ros_packages/mocap4r2_ws/install/mocap4r2_msgs/include/mocap4r2_msgs/msg/detail
[26.950s] -- Installing: /home/airlab/seed25/ros_packages/mocap4r2_ws/install/mocap4r2_msgs/include/mocap4r2_msgs/msg/detail/rigid_bodies__struct.h
[26.950s] -- Installing: /home/airlab/seed25/ros_packages/mocap4r2_ws/install/mocap4r2_msgs/include/mocap4r2_msgs/msg/detail/rigid_body__functions.c
[26.950s] -- Installing: /home/airlab/seed25/ros_packages/mocap4r2_ws/install/mocap4r2_msgs/include/mocap4r2_msgs/msg/detail/rigid_body__struct.h
[26.950s] -- Installing: /home/airlab/seed25/ros_packages/mocap4r2_ws/install/mocap4r2_msgs/include/mocap4r2_msgs/msg/detail/rigid_bodies__functions.h
[26.951s] -- Installing: /home/airlab/seed25/ros_packages/mocap4r2_ws/install/mocap4r2_msgs/include/mocap4r2_msgs/msg/detail/rigid_body__type_support.h
[26.951s] -- Installing: /home/airlab/seed25/ros_packages/mocap4r2_ws/install/mocap4r2_msgs/include/mocap4r2_msgs/msg/detail/imus_info__functions.c
[26.951s] -- Installing: /home/airlab/seed25/ros_packages/mocap4r2_ws/install/mocap4r2_msgs/include/mocap4r2_msgs/msg/detail/marker__functions.h
[26.951s] -- Installing: /home/airlab/seed25/ros_packages/mocap4r2_ws/install/mocap4r2_msgs/include/mocap4r2_msgs/msg/detail/markers__struct.h
[26.951s] -- Installing: /home/airlab/seed25/ros_packages/mocap4r2_ws/install/mocap4r2_msgs/include/mocap4r2_msgs/msg/detail/markers__functions.h
[26.952s] -- Installing: /home/airlab/seed25/ros_packages/mocap4r2_ws/install/mocap4r2_msgs/include/mocap4r2_msgs/msg/detail/rigid_body__functions.h
[26.952s] -- Installing: /home/airlab/seed25/ros_packages/mocap4r2_ws/install/mocap4r2_msgs/include/mocap4r2_msgs/msg/detail/marker__struct.h
[26.952s] -- Installing: /home/airlab/seed25/ros_packages/mocap4r2_ws/install/mocap4r2_msgs/include/mocap4r2_msgs/msg/detail/marker__functions.c
[26.952s] -- Installing: /home/airlab/seed25/ros_packages/mocap4r2_ws/install/mocap4r2_msgs/include/mocap4r2_msgs/msg/detail/rigid_bodies__type_support.h
[26.953s] -- Installing: /home/airlab/seed25/ros_packages/mocap4r2_ws/install/mocap4r2_msgs/include/mocap4r2_msgs/msg/detail/markers__functions.c
[26.953s] -- Installing: /home/airlab/seed25/ros_packages/mocap4r2_ws/install/mocap4r2_msgs/include/mocap4r2_msgs/msg/detail/imus_info__struct.h
[26.953s] -- Installing: /home/airlab/seed25/ros_packages/mocap4r2_ws/install/mocap4r2_msgs/include/mocap4r2_msgs/msg/detail/markers__type_support.h
[26.953s] -- Installing: /home/airlab/seed25/ros_packages/mocap4r2_ws/install/mocap4r2_msgs/include/mocap4r2_msgs/msg/detail/rigid_bodies__functions.c
[26.954s] -- Installing: /home/airlab/seed25/ros_packages/mocap4r2_ws/install/mocap4r2_msgs/include/mocap4r2_msgs/msg/detail/marker__type_support.h
[26.954s] -- Installing: /home/airlab/seed25/ros_packages/mocap4r2_ws/install/mocap4r2_msgs/include/mocap4r2_msgs/msg/detail/imus_info__functions.h
[26.954s] -- Installing: /home/airlab/seed25/ros_packages/mocap4r2_ws/install/mocap4r2_msgs/include/mocap4r2_msgs/msg/detail/imus_info__type_support.h
[26.954s] -- Installing: /home/airlab/seed25/ros_packages/mocap4r2_ws/install/mocap4r2_msgs/include/mocap4r2_msgs/msg/rosidl_generator_c__visibility_control.h
[26.955s] -- Installing: /home/airlab/seed25/ros_packages/mocap4r2_ws/install/mocap4r2_msgs/include/mocap4r2_msgs/msg/marker.h
[26.955s] -- Installing: /home/airlab/seed25/ros_packages/mocap4r2_ws/install/mocap4r2_msgs/include/mocap4r2_msgs/msg/rigid_body.h
[26.955s] -- Installing: /home/airlab/seed25/ros_packages/mocap4r2_ws/install/mocap4r2_msgs/include/mocap4r2_msgs/msg/rigid_bodies.h
[26.955s] -- Installing: /home/airlab/seed25/ros_packages/mocap4r2_ws/install/mocap4r2_msgs/include/mocap4r2_msgs/msg/imus_info.h
[26.956s] -- Installing: /home/airlab/seed25/ros_packages/mocap4r2_ws/install/mocap4r2_msgs/share/mocap4r2_msgs/environment/library_path.sh
[26.956s] -- Installing: /home/airlab/seed25/ros_packages/mocap4r2_ws/install/mocap4r2_msgs/share/mocap4r2_msgs/environment/library_path.dsv
[26.956s] -- Installing: /home/airlab/seed25/ros_packages/mocap4r2_ws/install/mocap4r2_msgs/lib/libmocap4r2_msgs__rosidl_generator_c.so
[26.957s] -- Set runtime path of "/home/airlab/seed25/ros_packages/mocap4r2_ws/install/mocap4r2_msgs/lib/libmocap4r2_msgs__rosidl_generator_c.so" to ""
[26.958s] -- Up-to-date: /home/airlab/seed25/ros_packages/mocap4r2_ws/install/mocap4r2_msgs/include/mocap4r2_msgs
[26.958s] -- Up-to-date: /home/airlab/seed25/ros_packages/mocap4r2_ws/install/mocap4r2_msgs/include/mocap4r2_msgs/msg
[26.958s] -- Up-to-date: /home/airlab/seed25/ros_packages/mocap4r2_ws/install/mocap4r2_msgs/include/mocap4r2_msgs/msg/detail
[26.958s] -- Installing: /home/airlab/seed25/ros_packages/mocap4r2_ws/install/mocap4r2_msgs/include/mocap4r2_msgs/msg/detail/imus_info__rosidl_typesupport_fastrtps_c.h
[26.958s] -- Installing: /home/airlab/seed25/ros_packages/mocap4r2_ws/install/mocap4r2_msgs/include/mocap4r2_msgs/msg/detail/rigid_bodies__rosidl_typesupport_fastrtps_c.h
[26.958s] -- Installing: /home/airlab/seed25/ros_packages/mocap4r2_ws/install/mocap4r2_msgs/include/mocap4r2_msgs/msg/detail/rigid_body__rosidl_typesupport_fastrtps_c.h
[26.959s] -- Installing: /home/airlab/seed25/ros_packages/mocap4r2_ws/install/mocap4r2_msgs/include/mocap4r2_msgs/msg/detail/marker__rosidl_typesupport_fastrtps_c.h
[26.959s] -- Installing: /home/airlab/seed25/ros_packages/mocap4r2_ws/install/mocap4r2_msgs/include/mocap4r2_msgs/msg/detail/markers__rosidl_typesupport_fastrtps_c.h
[26.959s] -- Installing: /home/airlab/seed25/ros_packages/mocap4r2_ws/install/mocap4r2_msgs/include/mocap4r2_msgs/msg/rosidl_typesupport_fastrtps_c__visibility_control.h
[26.959s] -- Installing: /home/airlab/seed25/ros_packages/mocap4r2_ws/install/mocap4r2_msgs/lib/libmocap4r2_msgs__rosidl_typesupport_fastrtps_c.so
[26.960s] -- Set runtime path of "/home/airlab/seed25/ros_packages/mocap4r2_ws/install/mocap4r2_msgs/lib/libmocap4r2_msgs__rosidl_typesupport_fastrtps_c.so" to ""
[26.960s] -- Up-to-date: /home/airlab/seed25/ros_packages/mocap4r2_ws/install/mocap4r2_msgs/include/mocap4r2_msgs
[26.961s] -- Up-to-date: /home/airlab/seed25/ros_packages/mocap4r2_ws/install/mocap4r2_msgs/include/mocap4r2_msgs/msg
[26.961s] -- Installing: /home/airlab/seed25/ros_packages/mocap4r2_ws/install/mocap4r2_msgs/include/mocap4r2_msgs/msg/rosidl_typesupport_fastrtps_cpp__visibility_control.h
[26.961s] -- Up-to-date: /home/airlab/seed25/ros_packages/mocap4r2_ws/install/mocap4r2_msgs/include/mocap4r2_msgs/msg/detail
[26.961s] -- Installing: /home/airlab/seed25/ros_packages/mocap4r2_ws/install/mocap4r2_msgs/include/mocap4r2_msgs/msg/detail/rigid_body__rosidl_typesupport_fastrtps_cpp.hpp
[26.961s] -- Installing: /home/airlab/seed25/ros_packages/mocap4r2_ws/install/mocap4r2_msgs/include/mocap4r2_msgs/msg/detail/dds_fastrtps
[26.961s] -- Installing: /home/airlab/seed25/ros_packages/mocap4r2_ws/install/mocap4r2_msgs/include/mocap4r2_msgs/msg/detail/rigid_bodies__rosidl_typesupport_fastrtps_cpp.hpp
[26.962s] -- Installing: /home/airlab/seed25/ros_packages/mocap4r2_ws/install/mocap4r2_msgs/include/mocap4r2_msgs/msg/detail/imus_info__rosidl_typesupport_fastrtps_cpp.hpp
[26.962s] -- Installing: /home/airlab/seed25/ros_packages/mocap4r2_ws/install/mocap4r2_msgs/include/mocap4r2_msgs/msg/detail/marker__rosidl_typesupport_fastrtps_cpp.hpp
[26.962s] -- Installing: /home/airlab/seed25/ros_packages/mocap4r2_ws/install/mocap4r2_msgs/include/mocap4r2_msgs/msg/detail/markers__rosidl_typesupport_fastrtps_cpp.hpp
[26.962s] -- Installing: /home/airlab/seed25/ros_packages/mocap4r2_ws/install/mocap4r2_msgs/lib/libmocap4r2_msgs__rosidl_typesupport_fastrtps_cpp.so
[26.963s] -- Set runtime path of "/home/airlab/seed25/ros_packages/mocap4r2_ws/install/mocap4r2_msgs/lib/libmocap4r2_msgs__rosidl_typesupport_fastrtps_cpp.so" to ""
[26.964s] -- Up-to-date: /home/airlab/seed25/ros_packages/mocap4r2_ws/install/mocap4r2_msgs/include/mocap4r2_msgs
[26.964s] -- Up-to-date: /home/airlab/seed25/ros_packages/mocap4r2_ws/install/mocap4r2_msgs/include/mocap4r2_msgs/msg
[26.964s] -- Up-to-date: /home/airlab/seed25/ros_packages/mocap4r2_ws/install/mocap4r2_msgs/include/mocap4r2_msgs/msg/detail
[26.964s] -- Installing: /home/airlab/seed25/ros_packages/mocap4r2_ws/install/mocap4r2_msgs/include/mocap4r2_msgs/msg/detail/rigid_bodies__type_support.c
[26.964s] -- Installing: /home/airlab/seed25/ros_packages/mocap4r2_ws/install/mocap4r2_msgs/include/mocap4r2_msgs/msg/detail/markers__rosidl_typesupport_introspection_c.h
[26.965s] -- Installing: /home/airlab/seed25/ros_packages/mocap4r2_ws/install/mocap4r2_msgs/include/mocap4r2_msgs/msg/detail/rigid_bodies__rosidl_typesupport_introspection_c.h
[26.965s] -- Installing: /home/airlab/seed25/ros_packages/mocap4r2_ws/install/mocap4r2_msgs/include/mocap4r2_msgs/msg/detail/rigid_body__type_support.c
[26.965s] -- Installing: /home/airlab/seed25/ros_packages/mocap4r2_ws/install/mocap4r2_msgs/include/mocap4r2_msgs/msg/detail/marker__type_support.c
[26.965s] -- Installing: /home/airlab/seed25/ros_packages/mocap4r2_ws/install/mocap4r2_msgs/include/mocap4r2_msgs/msg/detail/markers__type_support.c
[26.965s] -- Installing: /home/airlab/seed25/ros_packages/mocap4r2_ws/install/mocap4r2_msgs/include/mocap4r2_msgs/msg/detail/imus_info__type_support.c
[26.965s] -- Installing: /home/airlab/seed25/ros_packages/mocap4r2_ws/install/mocap4r2_msgs/include/mocap4r2_msgs/msg/detail/rigid_body__rosidl_typesupport_introspection_c.h
[26.966s] -- Installing: /home/airlab/seed25/ros_packages/mocap4r2_ws/install/mocap4r2_msgs/include/mocap4r2_msgs/msg/detail/imus_info__rosidl_typesupport_introspection_c.h
[26.966s] -- Installing: /home/airlab/seed25/ros_packages/mocap4r2_ws/install/mocap4r2_msgs/include/mocap4r2_msgs/msg/detail/marker__rosidl_typesupport_introspection_c.h
[26.966s] -- Installing: /home/airlab/seed25/ros_packages/mocap4r2_ws/install/mocap4r2_msgs/include/mocap4r2_msgs/msg/rosidl_typesupport_introspection_c__visibility_control.h
[26.967s] -- Installing: /home/airlab/seed25/ros_packages/mocap4r2_ws/install/mocap4r2_msgs/lib/libmocap4r2_msgs__rosidl_typesupport_introspection_c.so
[26.968s] -- Set runtime path of "/home/airlab/seed25/ros_packages/mocap4r2_ws/install/mocap4r2_msgs/lib/libmocap4r2_msgs__rosidl_typesupport_introspection_c.so" to ""
[26.968s] -- Installing: /home/airlab/seed25/ros_packages/mocap4r2_ws/install/mocap4r2_msgs/lib/libmocap4r2_msgs__rosidl_typesupport_c.so
[26.968s] -- Set runtime path of "/home/airlab/seed25/ros_packages/mocap4r2_ws/install/mocap4r2_msgs/lib/libmocap4r2_msgs__rosidl_typesupport_c.so" to ""
[26.969s] -- Up-to-date: /home/airlab/seed25/ros_packages/mocap4r2_ws/install/mocap4r2_msgs/include/mocap4r2_msgs
[26.969s] -- Up-to-date: /home/airlab/seed25/ros_packages/mocap4r2_ws/install/mocap4r2_msgs/include/mocap4r2_msgs/msg
[26.969s] -- Installing: /home/airlab/seed25/ros_packages/mocap4r2_ws/install/mocap4r2_msgs/include/mocap4r2_msgs/msg/rigid_bodies.hpp
[26.969s] -- Installing: /home/airlab/seed25/ros_packages/mocap4r2_ws/install/mocap4r2_msgs/include/mocap4r2_msgs/msg/rosidl_generator_cpp__visibility_control.hpp
[26.969s] -- Installing: /home/airlab/seed25/ros_packages/mocap4r2_ws/install/mocap4r2_msgs/include/mocap4r2_msgs/msg/markers.hpp
[26.970s] -- Up-to-date: /home/airlab/seed25/ros_packages/mocap4r2_ws/install/mocap4r2_msgs/include/mocap4r2_msgs/msg/detail
[26.970s] -- Installing: /home/airlab/seed25/ros_packages/mocap4r2_ws/install/mocap4r2_msgs/include/mocap4r2_msgs/msg/detail/imus_info__type_support.hpp
[26.970s] -- Installing: /home/airlab/seed25/ros_packages/mocap4r2_ws/install/mocap4r2_msgs/include/mocap4r2_msgs/msg/detail/rigid_body__builder.hpp
[26.970s] -- Installing: /home/airlab/seed25/ros_packages/mocap4r2_ws/install/mocap4r2_msgs/include/mocap4r2_msgs/msg/detail/rigid_body__traits.hpp
[26.970s] -- Installing: /home/airlab/seed25/ros_packages/mocap4r2_ws/install/mocap4r2_msgs/include/mocap4r2_msgs/msg/detail/rigid_body__struct.hpp
[26.971s] -- Installing: /home/airlab/seed25/ros_packages/mocap4r2_ws/install/mocap4r2_msgs/include/mocap4r2_msgs/msg/detail/marker__traits.hpp
[26.971s] -- Installing: /home/airlab/seed25/ros_packages/mocap4r2_ws/install/mocap4r2_msgs/include/mocap4r2_msgs/msg/detail/rigid_bodies__builder.hpp
[26.971s] -- Installing: /home/airlab/seed25/ros_packages/mocap4r2_ws/install/mocap4r2_msgs/include/mocap4r2_msgs/msg/detail/markers__builder.hpp
[26.971s] -- Installing: /home/airlab/seed25/ros_packages/mocap4r2_ws/install/mocap4r2_msgs/include/mocap4r2_msgs/msg/detail/markers__struct.hpp
[26.971s] -- Installing: /home/airlab/seed25/ros_packages/mocap4r2_ws/install/mocap4r2_msgs/include/mocap4r2_msgs/msg/detail/markers__type_support.hpp
[26.972s] -- Installing: /home/airlab/seed25/ros_packages/mocap4r2_ws/install/mocap4r2_msgs/include/mocap4r2_msgs/msg/detail/markers__traits.hpp
[26.972s] -- Installing: /home/airlab/seed25/ros_packages/mocap4r2_ws/install/mocap4r2_msgs/include/mocap4r2_msgs/msg/detail/rigid_bodies__struct.hpp
[26.972s] -- Installing: /home/airlab/seed25/ros_packages/mocap4r2_ws/install/mocap4r2_msgs/include/mocap4r2_msgs/msg/detail/rigid_bodies__type_support.hpp
[26.972s] -- Installing: /home/airlab/seed25/ros_packages/mocap4r2_ws/install/mocap4r2_msgs/include/mocap4r2_msgs/msg/detail/rigid_body__type_support.hpp
[26.973s] -- Installing: /home/airlab/seed25/ros_packages/mocap4r2_ws/install/mocap4r2_msgs/include/mocap4r2_msgs/msg/detail/imus_info__traits.hpp
[26.973s] -- Installing: /home/airlab/seed25/ros_packages/mocap4r2_ws/install/mocap4r2_msgs/include/mocap4r2_msgs/msg/detail/rigid_bodies__traits.hpp
[26.973s] -- Installing: /home/airlab/seed25/ros_packages/mocap4r2_ws/install/mocap4r2_msgs/include/mocap4r2_msgs/msg/detail/imus_info__builder.hpp
[26.973s] -- Installing: /home/airlab/seed25/ros_packages/mocap4r2_ws/install/mocap4r2_msgs/include/mocap4r2_msgs/msg/detail/marker__struct.hpp
[26.974s] -- Installing: /home/airlab/seed25/ros_packages/mocap4r2_ws/install/mocap4r2_msgs/include/mocap4r2_msgs/msg/detail/marker__builder.hpp
[26.974s] -- Installing: /home/airlab/seed25/ros_packages/mocap4r2_ws/install/mocap4r2_msgs/include/mocap4r2_msgs/msg/detail/marker__type_support.hpp
[26.974s] -- Installing: /home/airlab/seed25/ros_packages/mocap4r2_ws/install/mocap4r2_msgs/include/mocap4r2_msgs/msg/detail/imus_info__struct.hpp
[26.974s] -- Installing: /home/airlab/seed25/ros_packages/mocap4r2_ws/install/mocap4r2_msgs/include/mocap4r2_msgs/msg/rigid_body.hpp
[26.974s] -- Installing: /home/airlab/seed25/ros_packages/mocap4r2_ws/install/mocap4r2_msgs/include/mocap4r2_msgs/msg/marker.hpp
[26.975s] -- Installing: /home/airlab/seed25/ros_packages/mocap4r2_ws/install/mocap4r2_msgs/include/mocap4r2_msgs/msg/imus_info.hpp
[26.975s] -- Up-to-date: /home/airlab/seed25/ros_packages/mocap4r2_ws/install/mocap4r2_msgs/include/mocap4r2_msgs
[26.975s] -- Up-to-date: /home/airlab/seed25/ros_packages/mocap4r2_ws/install/mocap4r2_msgs/include/mocap4r2_msgs/msg
[26.975s] -- Up-to-date: /home/airlab/seed25/ros_packages/mocap4r2_ws/install/mocap4r2_msgs/include/mocap4r2_msgs/msg/detail
[26.976s] -- Installing: /home/airlab/seed25/ros_packages/mocap4r2_ws/install/mocap4r2_msgs/include/mocap4r2_msgs/msg/detail/rigid_bodies__rosidl_typesupport_introspection_cpp.hpp
[26.976s] -- Installing: /home/airlab/seed25/ros_packages/mocap4r2_ws/install/mocap4r2_msgs/include/mocap4r2_msgs/msg/detail/marker__type_support.cpp
[26.976s] -- Installing: /home/airlab/seed25/ros_packages/mocap4r2_ws/install/mocap4r2_msgs/include/mocap4r2_msgs/msg/detail/imus_info__type_support.cpp
[26.976s] -- Installing: /home/airlab/seed25/ros_packages/mocap4r2_ws/install/mocap4r2_msgs/include/mocap4r2_msgs/msg/detail/rigid_bodies__type_support.cpp
[26.976s] -- Installing: /home/airlab/seed25/ros_packages/mocap4r2_ws/install/mocap4r2_msgs/include/mocap4r2_msgs/msg/detail/markers__rosidl_typesupport_introspection_cpp.hpp
[26.976s] -- Installing: /home/airlab/seed25/ros_packages/mocap4r2_ws/install/mocap4r2_msgs/include/mocap4r2_msgs/msg/detail/imus_info__rosidl_typesupport_introspection_cpp.hpp
[26.977s] -- Installing: /home/airlab/seed25/ros_packages/mocap4r2_ws/install/mocap4r2_msgs/include/mocap4r2_msgs/msg/detail/markers__type_support.cpp
[26.977s] -- Installing: /home/airlab/seed25/ros_packages/mocap4r2_ws/install/mocap4r2_msgs/include/mocap4r2_msgs/msg/detail/rigid_body__type_support.cpp
[26.977s] -- Installing: /home/airlab/seed25/ros_packages/mocap4r2_ws/install/mocap4r2_msgs/include/mocap4r2_msgs/msg/detail/marker__rosidl_typesupport_introspection_cpp.hpp
[26.977s] -- Installing: /home/airlab/seed25/ros_packages/mocap4r2_ws/install/mocap4r2_msgs/include/mocap4r2_msgs/msg/detail/rigid_body__rosidl_typesupport_introspection_cpp.hpp
[26.978s] -- Installing: /home/airlab/seed25/ros_packages/mocap4r2_ws/install/mocap4r2_msgs/lib/libmocap4r2_msgs__rosidl_typesupport_introspection_cpp.so
[26.979s] -- Set runtime path of "/home/airlab/seed25/ros_packages/mocap4r2_ws/install/mocap4r2_msgs/lib/libmocap4r2_msgs__rosidl_typesupport_introspection_cpp.so" to ""
[26.979s] -- Installing: /home/airlab/seed25/ros_packages/mocap4r2_ws/install/mocap4r2_msgs/lib/libmocap4r2_msgs__rosidl_typesupport_cpp.so
[26.980s] -- Set runtime path of "/home/airlab/seed25/ros_packages/mocap4r2_ws/install/mocap4r2_msgs/lib/libmocap4r2_msgs__rosidl_typesupport_cpp.so" to ""
[26.980s] -- Installing: /home/airlab/seed25/ros_packages/mocap4r2_ws/install/mocap4r2_msgs/share/mocap4r2_msgs/environment/pythonpath.sh
[26.980s] -- Installing: /home/airlab/seed25/ros_packages/mocap4r2_ws/install/mocap4r2_msgs/share/mocap4r2_msgs/environment/pythonpath.dsv
[26.981s] -- Installing: /home/airlab/seed25/ros_packages/mocap4r2_ws/install/mocap4r2_msgs/lib/python3.8/site-packages/mocap4r2_msgs/__init__.py
[27.052s] Compiling '/home/airlab/seed25/ros_packages/mocap4r2_ws/install/mocap4r2_msgs/lib/python3.8/site-packages/mocap4r2_msgs/__init__.py'...
[27.064s] -- Installing: /home/airlab/seed25/ros_packages/mocap4r2_ws/install/mocap4r2_msgs/lib/python3.8/site-packages/mocap4r2_msgs/msg
[27.064s] -- Installing: /home/airlab/seed25/ros_packages/mocap4r2_ws/install/mocap4r2_msgs/lib/python3.8/site-packages/mocap4r2_msgs/msg/_rigid_bodies.py
[27.064s] -- Installing: /home/airlab/seed25/ros_packages/mocap4r2_ws/install/mocap4r2_msgs/lib/python3.8/site-packages/mocap4r2_msgs/msg/_markers_s.c
[27.065s] -- Installing: /home/airlab/seed25/ros_packages/mocap4r2_ws/install/mocap4r2_msgs/lib/python3.8/site-packages/mocap4r2_msgs/msg/_marker_s.c
[27.065s] -- Installing: /home/airlab/seed25/ros_packages/mocap4r2_ws/install/mocap4r2_msgs/lib/python3.8/site-packages/mocap4r2_msgs/msg/_imus_info.py
[27.065s] -- Installing: /home/airlab/seed25/ros_packages/mocap4r2_ws/install/mocap4r2_msgs/lib/python3.8/site-packages/mocap4r2_msgs/msg/__init__.py
[27.065s] -- Installing: /home/airlab/seed25/ros_packages/mocap4r2_ws/install/mocap4r2_msgs/lib/python3.8/site-packages/mocap4r2_msgs/msg/_rigid_bodies_s.c
[27.065s] -- Installing: /home/airlab/seed25/ros_packages/mocap4r2_ws/install/mocap4r2_msgs/lib/python3.8/site-packages/mocap4r2_msgs/msg/_imus_info_s.c
[27.065s] -- Installing: /home/airlab/seed25/ros_packages/mocap4r2_ws/install/mocap4r2_msgs/lib/python3.8/site-packages/mocap4r2_msgs/msg/_rigid_body_s.c
[27.066s] -- Installing: /home/airlab/seed25/ros_packages/mocap4r2_ws/install/mocap4r2_msgs/lib/python3.8/site-packages/mocap4r2_msgs/msg/_rigid_body.py
[27.066s] -- Installing: /home/airlab/seed25/ros_packages/mocap4r2_ws/install/mocap4r2_msgs/lib/python3.8/site-packages/mocap4r2_msgs/msg/_markers.py
[27.066s] -- Installing: /home/airlab/seed25/ros_packages/mocap4r2_ws/install/mocap4r2_msgs/lib/python3.8/site-packages/mocap4r2_msgs/msg/_marker.py
[27.067s] -- Installing: /home/airlab/seed25/ros_packages/mocap4r2_ws/install/mocap4r2_msgs/lib/python3.8/site-packages/mocap4r2_msgs/mocap4r2_msgs_s__rosidl_typesupport_fastrtps_c.cpython-38-aarch64-linux-gnu.so
[27.068s] -- Set runtime path of "/home/airlab/seed25/ros_packages/mocap4r2_ws/install/mocap4r2_msgs/lib/python3.8/site-packages/mocap4r2_msgs/mocap4r2_msgs_s__rosidl_typesupport_fastrtps_c.cpython-38-aarch64-linux-gnu.so" to ""
[27.068s] -- Installing: /home/airlab/seed25/ros_packages/mocap4r2_ws/install/mocap4r2_msgs/lib/python3.8/site-packages/mocap4r2_msgs/mocap4r2_msgs_s__rosidl_typesupport_introspection_c.cpython-38-aarch64-linux-gnu.so
[27.069s] -- Set runtime path of "/home/airlab/seed25/ros_packages/mocap4r2_ws/install/mocap4r2_msgs/lib/python3.8/site-packages/mocap4r2_msgs/mocap4r2_msgs_s__rosidl_typesupport_introspection_c.cpython-38-aarch64-linux-gnu.so" to ""
[27.070s] -- Installing: /home/airlab/seed25/ros_packages/mocap4r2_ws/install/mocap4r2_msgs/lib/python3.8/site-packages/mocap4r2_msgs/mocap4r2_msgs_s__rosidl_typesupport_c.cpython-38-aarch64-linux-gnu.so
[27.071s] -- Set runtime path of "/home/airlab/seed25/ros_packages/mocap4r2_ws/install/mocap4r2_msgs/lib/python3.8/site-packages/mocap4r2_msgs/mocap4r2_msgs_s__rosidl_typesupport_c.cpython-38-aarch64-linux-gnu.so" to ""
[27.071s] -- Installing: /home/airlab/seed25/ros_packages/mocap4r2_ws/install/mocap4r2_msgs/lib/libmocap4r2_msgs__python.so
[27.072s] -- Set runtime path of "/home/airlab/seed25/ros_packages/mocap4r2_ws/install/mocap4r2_msgs/lib/libmocap4r2_msgs__python.so" to ""
[27.072s] -- Installing: /home/airlab/seed25/ros_packages/mocap4r2_ws/install/mocap4r2_msgs/share/mocap4r2_msgs/msg/Marker.idl
[27.072s] -- Installing: /home/airlab/seed25/ros_packages/mocap4r2_ws/install/mocap4r2_msgs/share/mocap4r2_msgs/msg/Markers.idl
[27.073s] -- Installing: /home/airlab/seed25/ros_packages/mocap4r2_ws/install/mocap4r2_msgs/share/mocap4r2_msgs/msg/ImusInfo.idl
[27.073s] -- Installing: /home/airlab/seed25/ros_packages/mocap4r2_ws/install/mocap4r2_msgs/share/mocap4r2_msgs/msg/RigidBody.idl
[27.073s] -- Installing: /home/airlab/seed25/ros_packages/mocap4r2_ws/install/mocap4r2_msgs/share/mocap4r2_msgs/msg/RigidBodies.idl
[27.074s] -- Installing: /home/airlab/seed25/ros_packages/mocap4r2_ws/install/mocap4r2_msgs/share/mocap4r2_msgs/msg/Marker.msg
[27.074s] -- Installing: /home/airlab/seed25/ros_packages/mocap4r2_ws/install/mocap4r2_msgs/share/mocap4r2_msgs/msg/Markers.msg
[27.074s] -- Installing: /home/airlab/seed25/ros_packages/mocap4r2_ws/install/mocap4r2_msgs/share/mocap4r2_msgs/msg/ImusInfo.msg
[27.074s] -- Installing: /home/airlab/seed25/ros_packages/mocap4r2_ws/install/mocap4r2_msgs/share/mocap4r2_msgs/msg/RigidBody.msg
[27.075s] -- Installing: /home/airlab/seed25/ros_packages/mocap4r2_ws/install/mocap4r2_msgs/share/mocap4r2_msgs/msg/RigidBodies.msg
[27.075s] -- Installing: /home/airlab/seed25/ros_packages/mocap4r2_ws/install/mocap4r2_msgs/share/mocap4r2_msgs/mocap4r2_bridge_mapping_rule.yaml
[27.075s] -- Installing: /home/airlab/seed25/ros_packages/mocap4r2_ws/install/mocap4r2_msgs/share/ament_index/resource_index/package_run_dependencies/mocap4r2_msgs
[27.076s] -- Installing: /home/airlab/seed25/ros_packages/mocap4r2_ws/install/mocap4r2_msgs/share/ament_index/resource_index/parent_prefix_path/mocap4r2_msgs
[27.076s] -- Installing: /home/airlab/seed25/ros_packages/mocap4r2_ws/install/mocap4r2_msgs/share/mocap4r2_msgs/environment/ament_prefix_path.sh
[27.077s] -- Installing: /home/airlab/seed25/ros_packages/mocap4r2_ws/install/mocap4r2_msgs/share/mocap4r2_msgs/environment/ament_prefix_path.dsv
[27.077s] -- Installing: /home/airlab/seed25/ros_packages/mocap4r2_ws/install/mocap4r2_msgs/share/mocap4r2_msgs/environment/path.sh
[27.077s] -- Installing: /home/airlab/seed25/ros_packages/mocap4r2_ws/install/mocap4r2_msgs/share/mocap4r2_msgs/environment/path.dsv
[27.078s] -- Installing: /home/airlab/seed25/ros_packages/mocap4r2_ws/install/mocap4r2_msgs/share/mocap4r2_msgs/local_setup.bash
[27.078s] -- Installing: /home/airlab/seed25/ros_packages/mocap4r2_ws/install/mocap4r2_msgs/share/mocap4r2_msgs/local_setup.sh
[27.078s] -- Installing: /home/airlab/seed25/ros_packages/mocap4r2_ws/install/mocap4r2_msgs/share/mocap4r2_msgs/local_setup.zsh
[27.078s] -- Installing: /home/airlab/seed25/ros_packages/mocap4r2_ws/install/mocap4r2_msgs/share/mocap4r2_msgs/local_setup.dsv
[27.079s] -- Installing: /home/airlab/seed25/ros_packages/mocap4r2_ws/install/mocap4r2_msgs/share/mocap4r2_msgs/package.dsv
[27.079s] -- Installing: /home/airlab/seed25/ros_packages/mocap4r2_ws/install/mocap4r2_msgs/share/ament_index/resource_index/packages/mocap4r2_msgs
[27.080s] -- Installing: /home/airlab/seed25/ros_packages/mocap4r2_ws/install/mocap4r2_msgs/share/mocap4r2_msgs/cmake/mocap4r2_msgs__rosidl_generator_cExport.cmake
[27.080s] -- Installing: /home/airlab/seed25/ros_packages/mocap4r2_ws/install/mocap4r2_msgs/share/mocap4r2_msgs/cmake/mocap4r2_msgs__rosidl_generator_cExport-noconfig.cmake
[27.080s] -- Installing: /home/airlab/seed25/ros_packages/mocap4r2_ws/install/mocap4r2_msgs/share/mocap4r2_msgs/cmake/mocap4r2_msgs__rosidl_typesupport_introspection_cExport.cmake
[27.081s] -- Installing: /home/airlab/seed25/ros_packages/mocap4r2_ws/install/mocap4r2_msgs/share/mocap4r2_msgs/cmake/mocap4r2_msgs__rosidl_typesupport_introspection_cExport-noconfig.cmake
[27.081s] -- Installing: /home/airlab/seed25/ros_packages/mocap4r2_ws/install/mocap4r2_msgs/share/mocap4r2_msgs/cmake/mocap4r2_msgs__rosidl_typesupport_cExport.cmake
[27.082s] -- Installing: /home/airlab/seed25/ros_packages/mocap4r2_ws/install/mocap4r2_msgs/share/mocap4r2_msgs/cmake/mocap4r2_msgs__rosidl_typesupport_cExport-noconfig.cmake
[27.082s] -- Installing: /home/airlab/seed25/ros_packages/mocap4r2_ws/install/mocap4r2_msgs/share/mocap4r2_msgs/cmake/mocap4r2_msgs__rosidl_generator_cppExport.cmake
[27.082s] -- Installing: /home/airlab/seed25/ros_packages/mocap4r2_ws/install/mocap4r2_msgs/share/mocap4r2_msgs/cmake/mocap4r2_msgs__rosidl_typesupport_introspection_cppExport.cmake
[27.083s] -- Installing: /home/airlab/seed25/ros_packages/mocap4r2_ws/install/mocap4r2_msgs/share/mocap4r2_msgs/cmake/mocap4r2_msgs__rosidl_typesupport_introspection_cppExport-noconfig.cmake
[27.083s] -- Installing: /home/airlab/seed25/ros_packages/mocap4r2_ws/install/mocap4r2_msgs/share/mocap4r2_msgs/cmake/mocap4r2_msgs__rosidl_typesupport_cppExport.cmake
[27.083s] -- Installing: /home/airlab/seed25/ros_packages/mocap4r2_ws/install/mocap4r2_msgs/share/mocap4r2_msgs/cmake/mocap4r2_msgs__rosidl_typesupport_cppExport-noconfig.cmake
[27.084s] -- Installing: /home/airlab/seed25/ros_packages/mocap4r2_ws/install/mocap4r2_msgs/share/mocap4r2_msgs/cmake/rosidl_cmake-extras.cmake
[27.084s] -- Installing: /home/airlab/seed25/ros_packages/mocap4r2_ws/install/mocap4r2_msgs/share/mocap4r2_msgs/cmake/ament_cmake_export_dependencies-extras.cmake
[27.084s] -- Installing: /home/airlab/seed25/ros_packages/mocap4r2_ws/install/mocap4r2_msgs/share/mocap4r2_msgs/cmake/ament_cmake_export_libraries-extras.cmake
[27.085s] -- Installing: /home/airlab/seed25/ros_packages/mocap4r2_ws/install/mocap4r2_msgs/share/mocap4r2_msgs/cmake/ament_cmake_export_targets-extras.cmake
[27.085s] -- Installing: /home/airlab/seed25/ros_packages/mocap4r2_ws/install/mocap4r2_msgs/share/mocap4r2_msgs/cmake/ament_cmake_export_include_directories-extras.cmake
[27.085s] -- Installing: /home/airlab/seed25/ros_packages/mocap4r2_ws/install/mocap4r2_msgs/share/mocap4r2_msgs/cmake/rosidl_cmake_export_typesupport_libraries-extras.cmake
[27.086s] -- Installing: /home/airlab/seed25/ros_packages/mocap4r2_ws/install/mocap4r2_msgs/share/mocap4r2_msgs/cmake/rosidl_cmake_export_typesupport_targets-extras.cmake
[27.086s] -- Installing: /home/airlab/seed25/ros_packages/mocap4r2_ws/install/mocap4r2_msgs/share/mocap4r2_msgs/cmake/mocap4r2_msgsConfig.cmake
[27.086s] -- Installing: /home/airlab/seed25/ros_packages/mocap4r2_ws/install/mocap4r2_msgs/share/mocap4r2_msgs/cmake/mocap4r2_msgsConfig-version.cmake
[27.087s] -- Installing: /home/airlab/seed25/ros_packages/mocap4r2_ws/install/mocap4r2_msgs/share/mocap4r2_msgs/package.xml
[27.093s] Invoked command in '/home/airlab/seed25/ros_packages/mocap4r2_ws/build/mocap4r2_msgs' returned '0': CMAKE_PREFIX_PATH=${CMAKE_PREFIX_PATH}:/home/airlab/seed25/ros_packages/mocap4r2_ws/install/mocap4r2cli:/opt/ros/foxy /usr/bin/cmake --install /home/airlab/seed25/ros_packages/mocap4r2_ws/build/mocap4r2_msgs
