[1.641s] Invoking command in '/home/airlab/seed25/ros_packages/mocap4r2_ws/src/mocap4r2/mocap4r2cli': AMENT_PREFIX_PATH=/home/airlab/seed25/install/mocap4r2_control_msgs:${AMENT_PREFIX_PATH} CMAKE_PREFIX_PATH=/home/airlab/seed25/install/mocap4r2_control_msgs:${CMAKE_PREFIX_PATH} LD_LIBRARY_PATH=/home/airlab/seed25/install/mocap4r2_control_msgs/lib:/usr/local/cuda-11.4/lib64:/usr/local/cuda-11.4/lib64:/usr/local/cuda-11.4/lib64:/home/airlab/seed25/ros_packages/mocap4r2_ws/install/mocap4r2_robot_gt_msgs/lib:/home/airlab/seed25/ros_packages/mocap4r2_ws/install/mocap4r2_msgs/lib:/home/airlab/seed25/ros_packages/mocap4r2_ws/install/mocap4r2_marker_viz_srvs/lib:/home/airlab/seed25/ros_packages/mocap4r2_ws/install/mocap4r2_control/lib:/home/airlab/seed25/ros_packages/mocap4r2_ws/install/mocap4r2_control_msgs/lib:/opt/ros/foxy/opt/yaml_cpp_vendor/lib:/opt/ros/foxy/opt/rviz_ogre_vendor/lib:/opt/ros/foxy/lib/aarch64-linux-gnu:/opt/ros/foxy/lib:/usr/local/cuda-11.4/lib64 PYTHONPATH=/home/airlab/seed25/build/mocap4r2cli/prefix_override:/usr/lib/python3/dist-packages/colcon_core/task/python/colcon_distutils_commands:/home/airlab/seed25/install/mocap4r2cli/lib/python3.8/site-packages:/home/airlab/seed25/install/mocap4r2_control_msgs/lib/python3.8/site-packages:${PYTHONPATH} /usr/bin/python3 -W ignore:setup.py install is deprecated -W ignore:easy_install command is deprecated setup.py egg_info --egg-base ../../../../../build/mocap4r2cli build --build-base /home/airlab/seed25/build/mocap4r2cli/build install --record /home/airlab/seed25/build/mocap4r2cli/install.log --single-version-externally-managed install_data
[2.147s] running egg_info
[2.148s] creating ../../../../../build/mocap4r2cli/mocap4r2cli.egg-info
[2.149s] writing ../../../../../build/mocap4r2cli/mocap4r2cli.egg-info/PKG-INFO
[2.149s] writing dependency_links to ../../../../../build/mocap4r2cli/mocap4r2cli.egg-info/dependency_links.txt
[2.150s] writing entry points to ../../../../../build/mocap4r2cli/mocap4r2cli.egg-info/entry_points.txt
[2.150s] writing requirements to ../../../../../build/mocap4r2cli/mocap4r2cli.egg-info/requires.txt
[2.150s] writing top-level names to ../../../../../build/mocap4r2cli/mocap4r2cli.egg-info/top_level.txt
[2.153s] writing manifest file '../../../../../build/mocap4r2cli/mocap4r2cli.egg-info/SOURCES.txt'
[2.223s] reading manifest file '../../../../../build/mocap4r2cli/mocap4r2cli.egg-info/SOURCES.txt'
[2.225s] writing manifest file '../../../../../build/mocap4r2cli/mocap4r2cli.egg-info/SOURCES.txt'
[2.225s] running build
[2.225s] running build_py
[2.225s] creating /home/airlab/seed25/build/mocap4r2cli/build
[2.226s] creating /home/airlab/seed25/build/mocap4r2cli/build/lib
[2.226s] creating /home/airlab/seed25/build/mocap4r2cli/build/lib/mocap4r2cli
[2.226s] copying mocap4r2cli/__init__.py -> /home/airlab/seed25/build/mocap4r2cli/build/lib/mocap4r2cli
[2.226s] creating /home/airlab/seed25/build/mocap4r2cli/build/lib/mocap4r2cli/verb
[2.226s] copying mocap4r2cli/verb/stop.py -> /home/airlab/seed25/build/mocap4r2cli/build/lib/mocap4r2cli/verb
[2.228s] copying mocap4r2cli/verb/__init__.py -> /home/airlab/seed25/build/mocap4r2cli/build/lib/mocap4r2cli/verb
[2.228s] copying mocap4r2cli/verb/start.py -> /home/airlab/seed25/build/mocap4r2cli/build/lib/mocap4r2cli/verb
[2.228s] copying mocap4r2cli/verb/status.py -> /home/airlab/seed25/build/mocap4r2cli/build/lib/mocap4r2cli/verb
[2.229s] creating /home/airlab/seed25/build/mocap4r2cli/build/lib/mocap4r2cli/command
[2.229s] copying mocap4r2cli/command/mocap4r2.py -> /home/airlab/seed25/build/mocap4r2cli/build/lib/mocap4r2cli/command
[2.230s] copying mocap4r2cli/command/__init__.py -> /home/airlab/seed25/build/mocap4r2cli/build/lib/mocap4r2cli/command
[2.230s] creating /home/airlab/seed25/build/mocap4r2cli/build/lib/mocap4r2cli/api
[2.230s] copying mocap4r2cli/api/__init__.py -> /home/airlab/seed25/build/mocap4r2cli/build/lib/mocap4r2cli/api
[2.231s] running install
[2.233s] running install_lib
[2.235s] creating /home/airlab/seed25/install/mocap4r2cli/lib/python3.8/site-packages/mocap4r2cli
[2.236s] creating /home/airlab/seed25/install/mocap4r2cli/lib/python3.8/site-packages/mocap4r2cli/verb
[2.236s] copying /home/airlab/seed25/build/mocap4r2cli/build/lib/mocap4r2cli/verb/stop.py -> /home/airlab/seed25/install/mocap4r2cli/lib/python3.8/site-packages/mocap4r2cli/verb
[2.236s] copying /home/airlab/seed25/build/mocap4r2cli/build/lib/mocap4r2cli/verb/__init__.py -> /home/airlab/seed25/install/mocap4r2cli/lib/python3.8/site-packages/mocap4r2cli/verb
[2.236s] copying /home/airlab/seed25/build/mocap4r2cli/build/lib/mocap4r2cli/verb/start.py -> /home/airlab/seed25/install/mocap4r2cli/lib/python3.8/site-packages/mocap4r2cli/verb
[2.237s] copying /home/airlab/seed25/build/mocap4r2cli/build/lib/mocap4r2cli/verb/status.py -> /home/airlab/seed25/install/mocap4r2cli/lib/python3.8/site-packages/mocap4r2cli/verb
[2.237s] copying /home/airlab/seed25/build/mocap4r2cli/build/lib/mocap4r2cli/__init__.py -> /home/airlab/seed25/install/mocap4r2cli/lib/python3.8/site-packages/mocap4r2cli
[2.237s] creating /home/airlab/seed25/install/mocap4r2cli/lib/python3.8/site-packages/mocap4r2cli/command
[2.237s] copying /home/airlab/seed25/build/mocap4r2cli/build/lib/mocap4r2cli/command/mocap4r2.py -> /home/airlab/seed25/install/mocap4r2cli/lib/python3.8/site-packages/mocap4r2cli/command
[2.238s] copying /home/airlab/seed25/build/mocap4r2cli/build/lib/mocap4r2cli/command/__init__.py -> /home/airlab/seed25/install/mocap4r2cli/lib/python3.8/site-packages/mocap4r2cli/command
[2.238s] creating /home/airlab/seed25/install/mocap4r2cli/lib/python3.8/site-packages/mocap4r2cli/api
[2.238s] copying /home/airlab/seed25/build/mocap4r2cli/build/lib/mocap4r2cli/api/__init__.py -> /home/airlab/seed25/install/mocap4r2cli/lib/python3.8/site-packages/mocap4r2cli/api
[2.240s] byte-compiling /home/airlab/seed25/install/mocap4r2cli/lib/python3.8/site-packages/mocap4r2cli/verb/stop.py to stop.cpython-38.pyc
[2.243s] byte-compiling /home/airlab/seed25/install/mocap4r2cli/lib/python3.8/site-packages/mocap4r2cli/verb/__init__.py to __init__.cpython-38.pyc
[2.244s] byte-compiling /home/airlab/seed25/install/mocap4r2cli/lib/python3.8/site-packages/mocap4r2cli/verb/start.py to start.cpython-38.pyc
[2.245s] byte-compiling /home/airlab/seed25/install/mocap4r2cli/lib/python3.8/site-packages/mocap4r2cli/verb/status.py to status.cpython-38.pyc
[2.246s] byte-compiling /home/airlab/seed25/install/mocap4r2cli/lib/python3.8/site-packages/mocap4r2cli/__init__.py to __init__.cpython-38.pyc
[2.246s] byte-compiling /home/airlab/seed25/install/mocap4r2cli/lib/python3.8/site-packages/mocap4r2cli/command/mocap4r2.py to mocap4r2.cpython-38.pyc
[2.247s] byte-compiling /home/airlab/seed25/install/mocap4r2cli/lib/python3.8/site-packages/mocap4r2cli/command/__init__.py to __init__.cpython-38.pyc
[2.247s] byte-compiling /home/airlab/seed25/install/mocap4r2cli/lib/python3.8/site-packages/mocap4r2cli/api/__init__.py to __init__.cpython-38.pyc
[2.248s] running install_data
[2.248s] copying package.xml -> /home/airlab/seed25/install/mocap4r2cli/share/mocap4r2cli
[2.249s] creating /home/airlab/seed25/install/mocap4r2cli/share/ament_index
[2.249s] creating /home/airlab/seed25/install/mocap4r2cli/share/ament_index/resource_index
[2.249s] creating /home/airlab/seed25/install/mocap4r2cli/share/ament_index/resource_index/packages
[2.249s] copying resource/mocap4r2cli -> /home/airlab/seed25/install/mocap4r2cli/share/ament_index/resource_index/packages
[2.249s] running install_egg_info
[2.255s] Copying ../../../../../build/mocap4r2cli/mocap4r2cli.egg-info to /home/airlab/seed25/install/mocap4r2cli/lib/python3.8/site-packages/mocap4r2cli-0.0.1-py3.8.egg-info
[2.257s] running install_scripts
[2.298s] writing list of installed files to '/home/airlab/seed25/build/mocap4r2cli/install.log'
[2.364s] Invoked command in '/home/airlab/seed25/ros_packages/mocap4r2_ws/src/mocap4r2/mocap4r2cli' returned '0': AMENT_PREFIX_PATH=/home/airlab/seed25/install/mocap4r2_control_msgs:${AMENT_PREFIX_PATH} CMAKE_PREFIX_PATH=/home/airlab/seed25/install/mocap4r2_control_msgs:${CMAKE_PREFIX_PATH} LD_LIBRARY_PATH=/home/airlab/seed25/install/mocap4r2_control_msgs/lib:/usr/local/cuda-11.4/lib64:/usr/local/cuda-11.4/lib64:/usr/local/cuda-11.4/lib64:/home/airlab/seed25/ros_packages/mocap4r2_ws/install/mocap4r2_robot_gt_msgs/lib:/home/airlab/seed25/ros_packages/mocap4r2_ws/install/mocap4r2_msgs/lib:/home/airlab/seed25/ros_packages/mocap4r2_ws/install/mocap4r2_marker_viz_srvs/lib:/home/airlab/seed25/ros_packages/mocap4r2_ws/install/mocap4r2_control/lib:/home/airlab/seed25/ros_packages/mocap4r2_ws/install/mocap4r2_control_msgs/lib:/opt/ros/foxy/opt/yaml_cpp_vendor/lib:/opt/ros/foxy/opt/rviz_ogre_vendor/lib:/opt/ros/foxy/lib/aarch64-linux-gnu:/opt/ros/foxy/lib:/usr/local/cuda-11.4/lib64 PYTHONPATH=/home/airlab/seed25/build/mocap4r2cli/prefix_override:/usr/lib/python3/dist-packages/colcon_core/task/python/colcon_distutils_commands:/home/airlab/seed25/install/mocap4r2cli/lib/python3.8/site-packages:/home/airlab/seed25/install/mocap4r2_control_msgs/lib/python3.8/site-packages:${PYTHONPATH} /usr/bin/python3 -W ignore:setup.py install is deprecated -W ignore:easy_install command is deprecated setup.py egg_info --egg-base ../../../../../build/mocap4r2cli build --build-base /home/airlab/seed25/build/mocap4r2cli/build install --record /home/airlab/seed25/build/mocap4r2cli/install.log --single-version-externally-managed install_data
