[1.457s] Invoking command in '/home/airlab/seed25/ros_packages/seed_controller_ws/src/mocap_listener': PYTHONPATH=/home/airlab/seed25/ros_packages/seed_controller_ws/build/mocap_listener/prefix_override:/usr/lib/python3/dist-packages/colcon_core/task/python/colcon_distutils_commands:/home/airlab/seed25/ros_packages/seed_controller_ws/install/mocap_listener/lib/python3.8/site-packages:${PYTHONPATH} /usr/bin/python3 -W ignore:setup.py install is deprecated -W ignore:easy_install command is deprecated setup.py egg_info --egg-base ../../build/mocap_listener build --build-base /home/airlab/seed25/ros_packages/seed_controller_ws/build/mocap_listener/build install --record /home/airlab/seed25/ros_packages/seed_controller_ws/build/mocap_listener/install.log --install-scripts $base/lib/mocap_listener --single-version-externally-managed install_data
[1.944s] running egg_info
[1.945s] writing ../../build/mocap_listener/mocap_listener.egg-info/PKG-INFO
[1.945s] writing dependency_links to ../../build/mocap_listener/mocap_listener.egg-info/dependency_links.txt
[1.946s] writing entry points to ../../build/mocap_listener/mocap_listener.egg-info/entry_points.txt
[1.946s] writing requirements to ../../build/mocap_listener/mocap_listener.egg-info/requires.txt
[1.946s] writing top-level names to ../../build/mocap_listener/mocap_listener.egg-info/top_level.txt
[2.013s] reading manifest file '../../build/mocap_listener/mocap_listener.egg-info/SOURCES.txt'
[2.015s] writing manifest file '../../build/mocap_listener/mocap_listener.egg-info/SOURCES.txt'
[2.015s] running build
[2.016s] running build_py
[2.016s] copying mocap_listener/gtg_node.py -> /home/airlab/seed25/ros_packages/seed_controller_ws/build/mocap_listener/build/lib/mocap_listener
[2.016s] running install
[2.018s] running install_lib
[2.020s] copying /home/airlab/seed25/ros_packages/seed_controller_ws/build/mocap_listener/build/lib/mocap_listener/gtg_node.py -> /home/airlab/seed25/ros_packages/seed_controller_ws/install/mocap_listener/lib/python3.8/site-packages/mocap_listener
[2.021s] byte-compiling /home/airlab/seed25/ros_packages/seed_controller_ws/install/mocap_listener/lib/python3.8/site-packages/mocap_listener/gtg_node.py to gtg_node.cpython-38.pyc
[2.024s] running install_data
[2.024s] running install_egg_info
[2.029s] removing '/home/airlab/seed25/ros_packages/seed_controller_ws/install/mocap_listener/lib/python3.8/site-packages/mocap_listener-0.0.0-py3.8.egg-info' (and everything under it)
[2.030s] Copying ../../build/mocap_listener/mocap_listener.egg-info to /home/airlab/seed25/ros_packages/seed_controller_ws/install/mocap_listener/lib/python3.8/site-packages/mocap_listener-0.0.0-py3.8.egg-info
[2.032s] running install_scripts
[2.067s] Installing controller_node script to /home/airlab/seed25/ros_packages/seed_controller_ws/install/mocap_listener/lib/mocap_listener
[2.068s] Installing rigid_listener script to /home/airlab/seed25/ros_packages/seed_controller_ws/install/mocap_listener/lib/mocap_listener
[2.068s] writing list of installed files to '/home/airlab/seed25/ros_packages/seed_controller_ws/build/mocap_listener/install.log'
[2.125s] Invoked command in '/home/airlab/seed25/ros_packages/seed_controller_ws/src/mocap_listener' returned '0': PYTHONPATH=/home/airlab/seed25/ros_packages/seed_controller_ws/build/mocap_listener/prefix_override:/usr/lib/python3/dist-packages/colcon_core/task/python/colcon_distutils_commands:/home/airlab/seed25/ros_packages/seed_controller_ws/install/mocap_listener/lib/python3.8/site-packages:${PYTHONPATH} /usr/bin/python3 -W ignore:setup.py install is deprecated -W ignore:easy_install command is deprecated setup.py egg_info --egg-base ../../build/mocap_listener build --build-base /home/airlab/seed25/ros_packages/seed_controller_ws/build/mocap_listener/build install --record /home/airlab/seed25/ros_packages/seed_controller_ws/build/mocap_listener/install.log --install-scripts $base/lib/mocap_listener --single-version-externally-managed install_data
