running egg_info
creating ../../build/mocap_listener/mocap_listener.egg-info
writing ../../build/mocap_listener/mocap_listener.egg-info/PKG-INFO
writing dependency_links to ../../build/mocap_listener/mocap_listener.egg-info/dependency_links.txt
writing entry points to ../../build/mocap_listener/mocap_listener.egg-info/entry_points.txt
writing requirements to ../../build/mocap_listener/mocap_listener.egg-info/requires.txt
writing top-level names to ../../build/mocap_listener/mocap_listener.egg-info/top_level.txt
writing manifest file '../../build/mocap_listener/mocap_listener.egg-info/SOURCES.txt'
reading manifest file '../../build/mocap_listener/mocap_listener.egg-info/SOURCES.txt'
writing manifest file '../../build/mocap_listener/mocap_listener.egg-info/SOURCES.txt'
running build
running build_py
creating /home/airlab/seed25/ros_packages/seed_controller_ws/build/mocap_listener/build
creating /home/airlab/seed25/ros_packages/seed_controller_ws/build/mocap_listener/build/lib
creating /home/airlab/seed25/ros_packages/seed_controller_ws/build/mocap_listener/build/lib/mocap_listener
copying mocap_listener/__init__.py -> /home/airlab/seed25/ros_packages/seed_controller_ws/build/mocap_listener/build/lib/mocap_listener
copying mocap_listener/rigid_listener.py -> /home/airlab/seed25/ros_packages/seed_controller_ws/build/mocap_listener/build/lib/mocap_listener
running install
running install_lib
creating /home/airlab/seed25/ros_packages/seed_controller_ws/install/mocap_listener/lib/python3.8/site-packages/mocap_listener
copying /home/airlab/seed25/ros_packages/seed_controller_ws/build/mocap_listener/build/lib/mocap_listener/__init__.py -> /home/airlab/seed25/ros_packages/seed_controller_ws/install/mocap_listener/lib/python3.8/site-packages/mocap_listener
copying /home/airlab/seed25/ros_packages/seed_controller_ws/build/mocap_listener/build/lib/mocap_listener/rigid_listener.py -> /home/airlab/seed25/ros_packages/seed_controller_ws/install/mocap_listener/lib/python3.8/site-packages/mocap_listener
byte-compiling /home/airlab/seed25/ros_packages/seed_controller_ws/install/mocap_listener/lib/python3.8/site-packages/mocap_listener/__init__.py to __init__.cpython-38.pyc
byte-compiling /home/airlab/seed25/ros_packages/seed_controller_ws/install/mocap_listener/lib/python3.8/site-packages/mocap_listener/rigid_listener.py to rigid_listener.cpython-38.pyc
running install_data
creating /home/airlab/seed25/ros_packages/seed_controller_ws/install/mocap_listener/share/ament_index
creating /home/airlab/seed25/ros_packages/seed_controller_ws/install/mocap_listener/share/ament_index/resource_index
creating /home/airlab/seed25/ros_packages/seed_controller_ws/install/mocap_listener/share/ament_index/resource_index/packages
copying resource/mocap_listener -> /home/airlab/seed25/ros_packages/seed_controller_ws/install/mocap_listener/share/ament_index/resource_index/packages
copying package.xml -> /home/airlab/seed25/ros_packages/seed_controller_ws/install/mocap_listener/share/mocap_listener
running install_egg_info
Copying ../../build/mocap_listener/mocap_listener.egg-info to /home/airlab/seed25/ros_packages/seed_controller_ws/install/mocap_listener/lib/python3.8/site-packages/mocap_listener-0.0.0-py3.8.egg-info
running install_scripts
Installing rigid_listener script to /home/airlab/seed25/ros_packages/seed_controller_ws/install/mocap_listener/lib/mocap_listener
writing list of installed files to '/home/airlab/seed25/ros_packages/seed_controller_ws/build/mocap_listener/install.log'
