[1.393s] Invoking command in '/home/airlab/seed25/ros_packages/seed_controller_ws/src/mocap_listener': PYTHONPATH=/home/airlab/seed25/ros_packages/seed_controller_ws/build/mocap_listener/prefix_override:/usr/lib/python3/dist-packages/colcon_core/task/python/colcon_distutils_commands:/home/airlab/seed25/ros_packages/seed_controller_ws/install/mocap_listener/lib/python3.8/site-packages:${PYTHONPATH} /usr/bin/python3 -W ignore:setup.py install is deprecated -W ignore:easy_install command is deprecated setup.py egg_info --egg-base ../../build/mocap_listener build --build-base /home/airlab/seed25/ros_packages/seed_controller_ws/build/mocap_listener/build install --record /home/airlab/seed25/ros_packages/seed_controller_ws/build/mocap_listener/install.log --install-scripts $base/lib/mocap_listener --single-version-externally-managed install_data
[1.877s] running egg_info
[1.878s] creating ../../build/mocap_listener/mocap_listener.egg-info
[1.878s] writing ../../build/mocap_listener/mocap_listener.egg-info/PKG-INFO
[1.879s] writing dependency_links to ../../build/mocap_listener/mocap_listener.egg-info/dependency_links.txt
[1.879s] writing entry points to ../../build/mocap_listener/mocap_listener.egg-info/entry_points.txt
[1.880s] writing requirements to ../../build/mocap_listener/mocap_listener.egg-info/requires.txt
[1.880s] writing top-level names to ../../build/mocap_listener/mocap_listener.egg-info/top_level.txt
[1.882s] writing manifest file '../../build/mocap_listener/mocap_listener.egg-info/SOURCES.txt'
[1.945s] reading manifest file '../../build/mocap_listener/mocap_listener.egg-info/SOURCES.txt'
[1.946s] writing manifest file '../../build/mocap_listener/mocap_listener.egg-info/SOURCES.txt'
[1.947s] running build
[1.947s] running build_py
[1.947s] creating /home/airlab/seed25/ros_packages/seed_controller_ws/build/mocap_listener/build
[1.947s] creating /home/airlab/seed25/ros_packages/seed_controller_ws/build/mocap_listener/build/lib
[1.948s] creating /home/airlab/seed25/ros_packages/seed_controller_ws/build/mocap_listener/build/lib/mocap_listener
[1.948s] copying mocap_listener/__init__.py -> /home/airlab/seed25/ros_packages/seed_controller_ws/build/mocap_listener/build/lib/mocap_listener
[1.948s] copying mocap_listener/rigid_listener.py -> /home/airlab/seed25/ros_packages/seed_controller_ws/build/mocap_listener/build/lib/mocap_listener
[1.948s] running install
[1.950s] running install_lib
[1.952s] creating /home/airlab/seed25/ros_packages/seed_controller_ws/install/mocap_listener/lib/python3.8/site-packages/mocap_listener
[1.952s] copying /home/airlab/seed25/ros_packages/seed_controller_ws/build/mocap_listener/build/lib/mocap_listener/__init__.py -> /home/airlab/seed25/ros_packages/seed_controller_ws/install/mocap_listener/lib/python3.8/site-packages/mocap_listener
[1.952s] copying /home/airlab/seed25/ros_packages/seed_controller_ws/build/mocap_listener/build/lib/mocap_listener/rigid_listener.py -> /home/airlab/seed25/ros_packages/seed_controller_ws/install/mocap_listener/lib/python3.8/site-packages/mocap_listener
[1.953s] byte-compiling /home/airlab/seed25/ros_packages/seed_controller_ws/install/mocap_listener/lib/python3.8/site-packages/mocap_listener/__init__.py to __init__.cpython-38.pyc
[1.956s] byte-compiling /home/airlab/seed25/ros_packages/seed_controller_ws/install/mocap_listener/lib/python3.8/site-packages/mocap_listener/rigid_listener.py to rigid_listener.cpython-38.pyc
[1.956s] running install_data
[1.957s] creating /home/airlab/seed25/ros_packages/seed_controller_ws/install/mocap_listener/share/ament_index
[1.957s] creating /home/airlab/seed25/ros_packages/seed_controller_ws/install/mocap_listener/share/ament_index/resource_index
[1.957s] creating /home/airlab/seed25/ros_packages/seed_controller_ws/install/mocap_listener/share/ament_index/resource_index/packages
[1.957s] copying resource/mocap_listener -> /home/airlab/seed25/ros_packages/seed_controller_ws/install/mocap_listener/share/ament_index/resource_index/packages
[1.957s] copying package.xml -> /home/airlab/seed25/ros_packages/seed_controller_ws/install/mocap_listener/share/mocap_listener
[1.958s] running install_egg_info
[1.962s] Copying ../../build/mocap_listener/mocap_listener.egg-info to /home/airlab/seed25/ros_packages/seed_controller_ws/install/mocap_listener/lib/python3.8/site-packages/mocap_listener-0.0.0-py3.8.egg-info
[1.964s] running install_scripts
[2.000s] Installing rigid_listener script to /home/airlab/seed25/ros_packages/seed_controller_ws/install/mocap_listener/lib/mocap_listener
[2.000s] writing list of installed files to '/home/airlab/seed25/ros_packages/seed_controller_ws/build/mocap_listener/install.log'
[2.057s] Invoked command in '/home/airlab/seed25/ros_packages/seed_controller_ws/src/mocap_listener' returned '0': PYTHONPATH=/home/airlab/seed25/ros_packages/seed_controller_ws/build/mocap_listener/prefix_override:/usr/lib/python3/dist-packages/colcon_core/task/python/colcon_distutils_commands:/home/airlab/seed25/ros_packages/seed_controller_ws/install/mocap_listener/lib/python3.8/site-packages:${PYTHONPATH} /usr/bin/python3 -W ignore:setup.py install is deprecated -W ignore:easy_install command is deprecated setup.py egg_info --egg-base ../../build/mocap_listener build --build-base /home/airlab/seed25/ros_packages/seed_controller_ws/build/mocap_listener/build install --record /home/airlab/seed25/ros_packages/seed_controller_ws/build/mocap_listener/install.log --install-scripts $base/lib/mocap_listener --single-version-externally-managed install_data
